[13:13:48.734] [INFO] [RomIdentifier] ECU Tanımlandı: P06 (Confidence: %45,7)
[13:13:48.737] [WARNING] [RomIdentifier] ROM imzası hiçbir ECU profiliyle eşleşmedi.
[13:13:48.738] [INFO] [RomPatchManager] Yama uygulandı: TEST_PATCH_1 @ 0x000A
[13:13:48.738] [INFO] [RomPatchManager] Yama uygulandı: TEST_PATCH_ROLLBACK @ 0x000A
[13:13:48.738] [INFO] [RomPatchManager] Yama geri alındı: TEST_PATCH_ROLLBACK
[13:13:48.739] [INFO] [InjectorManager] Fuel haritası ölçeklendi: 240cc → 440cc (oran: 0,545)
[13:13:48.739] [INFO] [InjectorManager] Fuel haritası ölçeklendi: 440cc → 240cc (oran: 1,833)
[13:13:48.747] [INFO] [CalibrationManager] Değişiklik kaydedildi: Fuel Cell [0,0] [50 -> 60]
[13:13:48.748] [INFO] [CalibrationManager] Değişiklik kaydedildi: Fuel Cell [0,0] [50 -> 60]
[13:13:48.749] [INFO] [CalibrationManager] Değişiklik kaydedildi: Fuel Cell [0,0] [50 -> 75]
[13:13:48.750] [INFO] [CalibrationManager] Değişiklik kaydedildi: FuelMapTest Hücre [4,5] [0 -> 123]
[13:13:48.751] [INFO] [CalibrationManager] Değişiklik kaydedildi: FuelMapTest Hücre [0,0] [0 -> 125]
[13:13:48.751] [INFO] [CalibrationManager] Değişiklik kaydedildi: FuelMapTest Hücre [1,1] [0 -> 150]
[13:13:48.752] [INFO] [CalibrationManager] Değişiklik kaydedildi: FuelMapTest Hücre [1,1] [0 -> 150]
[13:13:48.754] [DEBUG] [AutoTuneValidator] Reddedildi [ECT_LOW]: Motor sıcaklığı düşük: 50°C < 72°C
[13:13:48.754] [DEBUG] [AutoTuneValidator] Reddedildi [BATT_LOW]: Batarya düşük: 10,5V < 12V
[13:13:48.765] [INFO] [TestHarness] Test tamamlandı: 20 geçti, 4 kaldı
[13:13:48.766] [WARNING] [RomIdentifier] ROM imzası hiçbir ECU profiliyle eşleşmedi.
[13:13:48.766] [INFO] [Program] Test sonuçları:
═══════════════════════════════════════════════
  HONDATUNER — OTOMATİK TEST SÜİTİ
═══════════════════════════════════════════════

── ROM Testleri ──────────────────────────────
  ✅ ROM Identifier — 32KB boş ROM tanıma
  ✅ ROM Identifier — yanlış boyut reddi
  ✅ ROM Patch — doğrulama ve uygulama
  ✅ ROM Patch — rollback geri yükleme

── Kalibrasyon Testleri ───────────────────────
  ✅ Injector Scaling — 240→440cc
  ✅ Injector Scaling — clamp to 255
  ✅ Calibration Engine — Commit applies value to ROM buffer
  ✅ Calibration Engine — Rollback restores original values in ROM buffer
  ✅ Calibration Engine — Undo and Redo states are fully synchronized
  ✅ Calibration Engine — Safety validator rejects OOR Rev Limit changes

── Faz 4: Map Engine & Interpolation Testleri ──
  ✅ Map Engine — Cell write and read accuracy
  ✅ Map Engine — Scale factors conversion logic
  ✅ Map Engine — Invalid offset out-of-range bounds check
  ✅ Map Engine — Transaction commits, rollbacks, and Undo/Redo integration
  ✅ Interpolation — 4 neighbor bilinear cell weight sum equals exactly 1.0

── AutoTune Güvenlik Testleri ─────────────────
  ✅ AutoTune — düşük ECT reddi
  ✅ AutoTune — düşük batarya reddi
  ✅ AutoTune — düzeltme kırpma (±12%)

── Faz 5: Checksum Engine & Safety Layer Testleri ──
[FAIL] Checksum — Stock ROM: Object reference not set to an instance of an object.
[FAIL] Checksum — Corrupt: Object reference not set to an instance of an object.
[FAIL] Checksum — Map change: Could not find file 'C:\Users\ayhan\OneDrive\Desktop\Canlı OBD2 Araç Telemetri Ekranı\HondaTuner\test.bin'.
  ✅ Checksum — VerifyBeforeSave detects bad checksum and returns false
[FAIL] Checksum — Reload verification: Could not find file 'C:\Users\ayhan\OneDrive\Desktop\Canlı OBD2 Araç Telemetri Ekranı\HondaTuner\reload_test.bin'.
  ✅ Checksum — Multiple regions validation is successful

═══════════════════════════════════════════════
  SONUÇ: 20 başarılı, 4 başarısız
═══════════════════════════════════════════════
[13:13:48.766] [INFO] [Program] Örnek ROM test sonuçları:
── Örnek ROM Test Çerçevesi ───────────────────
  ✅ Checksum offset geçerli
  ✅ Bozuk ROM reddedildi
  ✅ Fuel map sınırları geçerli
  ✅ Ignition map sınırları geçerli
  ✅ Tüm profiller 32KB ROM boyutu

  Sonuç: 5 geçti, 0 kaldı
