[18:17:40.077] [INFO] [RomIdentifier] ECU Tanımlandı: P06 (Confidence: %45,7)
[18:17:40.081] [WARNING] [RomIdentifier] ROM imzası hiçbir ECU profiliyle eşleşmedi.
[18:17:40.082] [INFO] [RomPatchManager] Yama uygulandı: TEST_PATCH_1 @ 0x000A
[18:17:40.082] [INFO] [RomPatchManager] Yama uygulandı: TEST_PATCH_ROLLBACK @ 0x000A
[18:17:40.083] [INFO] [RomPatchManager] Yama geri alındı: TEST_PATCH_ROLLBACK
[18:17:40.084] [INFO] [InjectorManager] Fuel haritası ölçeklendi: 240cc → 440cc (oran: 0,545)
[18:17:40.084] [INFO] [InjectorManager] Fuel haritası ölçeklendi: 440cc → 240cc (oran: 1,833)
[18:17:40.141] [INFO] [CalibrationManager] Değişiklik kaydedildi: Fuel Cell [0,0] [50 -> 60]
[18:17:40.142] [INFO] [CalibrationManager] Değişiklik kaydedildi: Fuel Cell [0,0] [50 -> 60]
[18:17:40.143] [INFO] [CalibrationManager] Değişiklik kaydedildi: Fuel Cell [0,0] [50 -> 75]
[18:17:40.150] [INFO] [CalibrationManager] Değişiklik kaydedildi: FuelMapTest Hücre [4,5] [0 -> 123]
[18:17:40.162] [INFO] [CalibrationManager] Değişiklik kaydedildi: FuelMapTest Hücre [0,0] [0 -> 125]
[18:17:40.174] [INFO] [CalibrationManager] Değişiklik kaydedildi: FuelMapTest Hücre [1,1] [0 -> 150]
[18:17:40.180] [INFO] [CalibrationManager] Değişiklik kaydedildi: FuelMapTest Hücre [1,1] [0 -> 150]
[18:17:40.188] [DEBUG] [AutoTuneValidator] Reddedildi [ECT_LOW]: Motor sıcaklığı düşük: 50°C < 72°C
[18:17:40.189] [DEBUG] [AutoTuneValidator] Reddedildi [BATT_LOW]: Batarya düşük: 10,5V < 12V
[18:17:40.212] [INFO] [EcuDatabaseManager] Toplam 8 dinamik ECU profili yüklendi.
[18:17:40.230] [INFO] [ChecksumTest] [TRACE-1] romBuffer[0]=00
[18:17:40.239] [INFO] [ChecksumTest] [TRACE-2] tempFile[0]=00
[18:17:40.240] [INFO] [ChecksumTest] [TRACE-3] loadedBuffer[0]=00
[18:17:40.241] [INFO] [ChecksumTest] [TRACE-4] beforeSaveBuffer[0]=00
[18:17:40.245] [INFO] [ChecksumTest] [TRACE-5] afterSaveParserBuffer[0]=00
[18:17:40.254] [INFO] [ChecksumTest] [TRACE-6] reloadedFile[0]=00
[18:17:40.264] [INFO] [CalibrationManager] Değişiklik kaydedildi: Patch.LaunchControl.Byte0 [144 -> 205]
[18:17:40.272] [INFO] [CalibrationManager] Değişiklik kaydedildi: Patch.LaunchControl.Byte1 [144 -> 25]
[18:17:40.274] [INFO] [PatchEngine] Yama başarıyla uygulandı: LaunchControl @ 0x1FB0
[18:17:40.280] [INFO] [CalibrationManager] Değişiklik kaydedildi: Patch.LaunchControl.Byte0 [144 -> 205]
[18:17:40.290] [INFO] [CalibrationManager] Değişiklik kaydedildi: Patch.LaunchControl.Byte1 [144 -> 25]
[18:17:40.292] [INFO] [PatchEngine] Yama başarıyla uygulandı: LaunchControl @ 0x1FB0
[18:17:40.297] [INFO] [CalibrationManager] Değişiklik kaydedildi: Patch.LaunchControl.Byte0 [205 -> 144]
[18:17:40.303] [INFO] [CalibrationManager] Değişiklik kaydedildi: Patch.LaunchControl.Byte1 [25 -> 144]
[18:17:40.305] [INFO] [PatchEngine] Yama başarıyla geri alındı (Rollback): LaunchControl
[18:17:40.308] [INFO] [CalibrationManager] Değişiklik kaydedildi: Patch.LaunchControl.Byte0 [144 -> 205]
[18:17:40.320] [INFO] [CalibrationManager] Değişiklik kaydedildi: Patch.LaunchControl.Byte1 [144 -> 25]
[18:17:40.322] [INFO] [PatchEngine] Yama başarıyla uygulandı: LaunchControl @ 0x1FB0
[18:17:40.335] [INFO] [CalibrationManager] Değişiklik kaydedildi: Patch.LaunchControl.Byte0 [144 -> 205]
[18:17:40.345] [INFO] [CalibrationManager] Değişiklik kaydedildi: Patch.LaunchControl.Byte1 [144 -> 25]
[18:17:40.346] [INFO] [PatchEngine] Yama başarıyla uygulandı: LaunchControl @ 0x1FB0
[18:17:40.356] [INFO] [CalibrationManager] Değişiklik kaydedildi: Patch.LaunchControl.Byte0 [144 -> 205]
[18:17:40.361] [INFO] [CalibrationManager] Değişiklik kaydedildi: Patch.LaunchControl.Byte1 [144 -> 25]
[18:17:40.363] [INFO] [PatchEngine] Yama başarıyla uygulandı: LaunchControl @ 0x1FB0
[18:17:40.368] [INFO] [CalibrationManager] Değişiklik kaydedildi: Patch.LaunchControl.Byte0 [144 -> 205]
[18:17:40.373] [INFO] [CalibrationManager] Değişiklik kaydedildi: Patch.LaunchControl.Byte1 [144 -> 25]
[18:17:40.375] [INFO] [PatchEngine] Yama başarıyla uygulandı: LaunchControl @ 0x1FB0
[18:17:41.557] [INFO] [AutoTuneSafetyManager] Güvenlik limitleri yüklendi. Etkin kural sayısı: 4
[18:17:41.558] [INFO] [AutoTuneEventPublisher] Domain olayı yayınlandı: SessionCreated (Oturum: 7a162fe1-fe4c-4082-96b1-2faadc0ed2ac)
[18:17:41.558] [INFO] [AutoTuneEngine] Oturum başarıyla başlatıldı: 7a162fe1-fe4c-4082-96b1-2faadc0ed2ac
[18:17:41.558] [INFO] [AutoTuneEventPublisher] Domain olayı yayınlandı: SessionPaused (Oturum: 7a162fe1-fe4c-4082-96b1-2faadc0ed2ac)
[18:17:41.559] [INFO] [AutoTuneEventPublisher] Domain olayı yayınlandı: SessionResumed (Oturum: 7a162fe1-fe4c-4082-96b1-2faadc0ed2ac)
[18:17:41.559] [INFO] [AutoTuneEventPublisher] Domain olayı yayınlandı: SessionStopped (Oturum: 7a162fe1-fe4c-4082-96b1-2faadc0ed2ac)
[18:17:41.568] [INFO] [CalibrationRecoveryManager] Bekleyen işlem kaydedildi: TX-TEMP
[18:17:41.576] [INFO] [CalibrationRecoveryManager] Bekleyen işlem temizlendi (başarılı commit).
[18:17:41.577] [INFO] [CalibrationRecoveryManager] Bekleyen işlem kaydedildi: TX-TEMP2
[18:17:41.585] [INFO] [CalibrationRecoveryManager] Yarım kalmış işlem geri yükleniyor: TX-TEMP2
[18:17:41.586] [INFO] [CalibrationSnapshotManager] Snapshot geri yükleniyor: SNAP-TEMP2, Kurtarılacak hücre: 1
[18:17:41.586] [INFO] [CalibrationRecoveryManager] Bekleyen işlem temizlendi (başarılı commit).
[18:17:41.590] [INFO] [AutoTuneSafetyManager] Güvenlik limitleri yüklendi. Etkin kural sayısı: 4
[18:17:41.590] [INFO] [AutoTuneEventPublisher] Domain olayı yayınlandı: SessionCreated (Oturum: 0bb0a9cf-7cb9-4029-909a-766d70036d3a)
[18:17:41.591] [INFO] [AutoTuneEngine] Oturum başarıyla başlatıldı: 0bb0a9cf-7cb9-4029-909a-766d70036d3a
[18:17:41.591] [INFO] [AutoTuneEventPublisher] Domain olayı yayınlandı: SessionPaused (Oturum: 0bb0a9cf-7cb9-4029-909a-766d70036d3a)
[18:17:41.592] [INFO] [AutoTuneEventPublisher] Domain olayı yayınlandı: SessionResumed (Oturum: 0bb0a9cf-7cb9-4029-909a-766d70036d3a)
[18:17:41.592] [INFO] [AutoTuneEventPublisher] Domain olayı yayınlandı: SessionStopped (Oturum: 0bb0a9cf-7cb9-4029-909a-766d70036d3a)
[18:17:41.592] [INFO] [AutoTuneSafetyManager] Güvenlik limitleri yüklendi. Etkin kural sayısı: 4
[18:17:41.593] [INFO] [AutoTuneEventPublisher] Domain olayı yayınlandı: SessionCreated (Oturum: 1864a79e-d5a7-49e3-b47e-04f209ddb3ed)
[18:17:41.593] [INFO] [AutoTuneEngine] Oturum başarıyla başlatıldı: 1864a79e-d5a7-49e3-b47e-04f209ddb3ed
[18:17:41.593] [INFO] [AutoTuneEventPublisher] Domain olayı yayınlandı: SessionStopped (Oturum: 1864a79e-d5a7-49e3-b47e-04f209ddb3ed)
[18:17:41.594] [INFO] [AutoTuneSafetyManager] Güvenlik limitleri yüklendi. Etkin kural sayısı: 4
[18:17:41.594] [INFO] [AutoTuneEventPublisher] Domain olayı yayınlandı: SessionCreated (Oturum: fa3c0c39-f180-42fe-9a94-5663a01e8c48)
[18:17:41.594] [INFO] [AutoTuneEngine] Oturum başarıyla başlatıldı: fa3c0c39-f180-42fe-9a94-5663a01e8c48
[18:17:41.594] [INFO] [AutoTuneEventPublisher] Domain olayı yayınlandı: TelemetryWindowAccepted (Oturum: fa3c0c39-f180-42fe-9a94-5663a01e8c48)
[18:17:41.599] [INFO] [AutoTuneEventPublisher] Domain olayı yayınlandı: DecisionCreated (Oturum: fa3c0c39-f180-42fe-9a94-5663a01e8c48)
[18:17:41.600] [INFO] [CalibrationStreamPublisher] Uygulanan değişiklik yayınlandı: Fuel adres: FuelVETable[3,4]
[18:17:41.601] [INFO] [AutoTuneEventPublisher] Domain olayı yayınlandı: DecisionCreated (Oturum: fa3c0c39-f180-42fe-9a94-5663a01e8c48)
[18:17:41.602] [INFO] [CalibrationStreamPublisher] Uygulanan değişiklik yayınlandı: Lambda adres: AFRTargetTable[3,4]
[18:17:41.602] [INFO] [AutoTuneEventPublisher] Domain olayı yayınlandı: DecisionCreated (Oturum: fa3c0c39-f180-42fe-9a94-5663a01e8c48)
[18:17:41.602] [INFO] [CalibrationStreamPublisher] Uygulanan değişiklik yayınlandı: Ignition adres: IgnitionTable[3,4]
[18:17:41.603] [INFO] [AutoTuneEventPublisher] Domain olayı yayınlandı: DecisionCreated (Oturum: fa3c0c39-f180-42fe-9a94-5663a01e8c48)
[18:17:41.603] [INFO] [CalibrationStreamPublisher] Uygulanan değişiklik yayınlandı: VE adres: FuelVETable[3,4]
[18:17:41.603] [INFO] [AutoTuneEventPublisher] Domain olayı yayınlandı: TelemetryWindowAccepted (Oturum: fa3c0c39-f180-42fe-9a94-5663a01e8c48)
[18:17:41.604] [INFO] [AutoTuneEventPublisher] Domain olayı yayınlandı: DecisionCreated (Oturum: fa3c0c39-f180-42fe-9a94-5663a01e8c48)
[18:17:41.604] [INFO] [CalibrationStreamPublisher] Uygulanan değişiklik yayınlandı: Fuel adres: FuelVETable[3,4]
[18:17:41.604] [INFO] [AutoTuneEventPublisher] Domain olayı yayınlandı: DecisionCreated (Oturum: fa3c0c39-f180-42fe-9a94-5663a01e8c48)
[18:17:41.604] [INFO] [CalibrationStreamPublisher] Uygulanan değişiklik yayınlandı: Lambda adres: AFRTargetTable[3,4]
[18:17:41.604] [INFO] [AutoTuneEventPublisher] Domain olayı yayınlandı: DecisionCreated (Oturum: fa3c0c39-f180-42fe-9a94-5663a01e8c48)
[18:17:41.604] [INFO] [CalibrationStreamPublisher] Uygulanan değişiklik yayınlandı: Ignition adres: IgnitionTable[3,4]
[18:17:41.604] [INFO] [AutoTuneEventPublisher] Domain olayı yayınlandı: DecisionCreated (Oturum: fa3c0c39-f180-42fe-9a94-5663a01e8c48)
[18:17:41.605] [INFO] [CalibrationStreamPublisher] Uygulanan değişiklik yayınlandı: VE adres: FuelVETable[3,4]
[18:17:41.605] [INFO] [AutoTuneEventPublisher] Domain olayı yayınlandı: TelemetryWindowAccepted (Oturum: fa3c0c39-f180-42fe-9a94-5663a01e8c48)
[18:17:41.605] [INFO] [AutoTuneEventPublisher] Domain olayı yayınlandı: DecisionCreated (Oturum: fa3c0c39-f180-42fe-9a94-5663a01e8c48)
[18:17:41.605] [INFO] [CalibrationStreamPublisher] Uygulanan değişiklik yayınlandı: Fuel adres: FuelVETable[3,4]
[18:17:41.606] [INFO] [AutoTuneEventPublisher] Domain olayı yayınlandı: DecisionCreated (Oturum: fa3c0c39-f180-42fe-9a94-5663a01e8c48)
[18:17:41.606] [INFO] [CalibrationStreamPublisher] Uygulanan değişiklik yayınlandı: Lambda adres: AFRTargetTable[3,4]
[18:17:41.606] [INFO] [AutoTuneEventPublisher] Domain olayı yayınlandı: DecisionCreated (Oturum: fa3c0c39-f180-42fe-9a94-5663a01e8c48)
[18:17:41.606] [INFO] [CalibrationStreamPublisher] Uygulanan değişiklik yayınlandı: Ignition adres: IgnitionTable[3,4]
[18:17:41.606] [INFO] [AutoTuneEventPublisher] Domain olayı yayınlandı: DecisionCreated (Oturum: fa3c0c39-f180-42fe-9a94-5663a01e8c48)
[18:17:41.607] [INFO] [CalibrationStreamPublisher] Uygulanan değişiklik yayınlandı: VE adres: FuelVETable[3,4]
[18:17:41.607] [INFO] [AutoTuneEventPublisher] Domain olayı yayınlandı: TelemetryWindowAccepted (Oturum: fa3c0c39-f180-42fe-9a94-5663a01e8c48)
[18:17:41.607] [INFO] [AutoTuneEventPublisher] Domain olayı yayınlandı: DecisionCreated (Oturum: fa3c0c39-f180-42fe-9a94-5663a01e8c48)
[18:17:41.607] [INFO] [CalibrationStreamPublisher] Uygulanan değişiklik yayınlandı: Fuel adres: FuelVETable[3,4]
[18:17:41.607] [INFO] [AutoTuneEventPublisher] Domain olayı yayınlandı: DecisionCreated (Oturum: fa3c0c39-f180-42fe-9a94-5663a01e8c48)
[18:17:41.608] [INFO] [CalibrationStreamPublisher] Uygulanan değişiklik yayınlandı: Lambda adres: AFRTargetTable[3,4]
[18:17:41.608] [INFO] [AutoTuneEventPublisher] Domain olayı yayınlandı: DecisionCreated (Oturum: fa3c0c39-f180-42fe-9a94-5663a01e8c48)
[18:17:41.608] [INFO] [CalibrationStreamPublisher] Uygulanan değişiklik yayınlandı: Ignition adres: IgnitionTable[3,4]
[18:17:41.608] [INFO] [AutoTuneEventPublisher] Domain olayı yayınlandı: DecisionCreated (Oturum: fa3c0c39-f180-42fe-9a94-5663a01e8c48)
[18:17:41.608] [INFO] [CalibrationStreamPublisher] Uygulanan değişiklik yayınlandı: VE adres: FuelVETable[3,4]
[18:17:41.609] [INFO] [AutoTuneEventPublisher] Domain olayı yayınlandı: TelemetryWindowAccepted (Oturum: fa3c0c39-f180-42fe-9a94-5663a01e8c48)
[18:17:41.609] [INFO] [AutoTuneEventPublisher] Domain olayı yayınlandı: DecisionCreated (Oturum: fa3c0c39-f180-42fe-9a94-5663a01e8c48)
[18:17:41.609] [INFO] [CalibrationStreamPublisher] Uygulanan değişiklik yayınlandı: Fuel adres: FuelVETable[3,4]
[18:17:41.609] [INFO] [AutoTuneEventPublisher] Domain olayı yayınlandı: DecisionCreated (Oturum: fa3c0c39-f180-42fe-9a94-5663a01e8c48)
[18:17:41.609] [INFO] [CalibrationStreamPublisher] Uygulanan değişiklik yayınlandı: Lambda adres: AFRTargetTable[3,4]
[18:17:41.609] [INFO] [AutoTuneEventPublisher] Domain olayı yayınlandı: DecisionCreated (Oturum: fa3c0c39-f180-42fe-9a94-5663a01e8c48)
[18:17:41.610] [INFO] [CalibrationStreamPublisher] Uygulanan değişiklik yayınlandı: Ignition adres: IgnitionTable[3,4]
[18:17:41.610] [INFO] [AutoTuneEventPublisher] Domain olayı yayınlandı: DecisionCreated (Oturum: fa3c0c39-f180-42fe-9a94-5663a01e8c48)
[18:17:41.610] [INFO] [CalibrationStreamPublisher] Uygulanan değişiklik yayınlandı: VE adres: FuelVETable[3,4]
[18:17:41.610] [INFO] [AutoTuneEventPublisher] Domain olayı yayınlandı: TelemetryWindowAccepted (Oturum: fa3c0c39-f180-42fe-9a94-5663a01e8c48)
[18:17:41.610] [INFO] [AutoTuneEventPublisher] Domain olayı yayınlandı: DecisionCreated (Oturum: fa3c0c39-f180-42fe-9a94-5663a01e8c48)
[18:17:41.610] [INFO] [CalibrationStreamPublisher] Uygulanan değişiklik yayınlandı: Fuel adres: FuelVETable[3,4]
[18:17:41.611] [INFO] [AutoTuneEventPublisher] Domain olayı yayınlandı: DecisionCreated (Oturum: fa3c0c39-f180-42fe-9a94-5663a01e8c48)
[18:17:41.611] [INFO] [CalibrationStreamPublisher] Uygulanan değişiklik yayınlandı: Lambda adres: AFRTargetTable[3,4]
[18:17:41.611] [INFO] [AutoTuneEventPublisher] Domain olayı yayınlandı: DecisionCreated (Oturum: fa3c0c39-f180-42fe-9a94-5663a01e8c48)
[18:17:41.611] [INFO] [CalibrationStreamPublisher] Uygulanan değişiklik yayınlandı: Ignition adres: IgnitionTable[3,4]
[18:17:41.611] [INFO] [AutoTuneEventPublisher] Domain olayı yayınlandı: DecisionCreated (Oturum: fa3c0c39-f180-42fe-9a94-5663a01e8c48)
[18:17:41.611] [INFO] [CalibrationStreamPublisher] Uygulanan değişiklik yayınlandı: VE adres: FuelVETable[3,4]
[18:17:41.611] [INFO] [AutoTuneEventPublisher] Domain olayı yayınlandı: SessionStopped (Oturum: fa3c0c39-f180-42fe-9a94-5663a01e8c48)
[18:17:41.616] [INFO] [AdaptiveMemory] V1 hafıza verisi V2 şemasına başarıyla taşındı. Toplam kayıt: 1
[18:17:41.616] [INFO] [AutoTuneSafetyManager] Güvenlik limitleri yüklendi. Etkin kural sayısı: 4
[18:17:41.617] [INFO] [AutoTuneEventPublisher] Domain olayı yayınlandı: SessionCreated (Oturum: 7a51d287-922b-4a86-83c0-da1b97ea4915)
[18:17:41.617] [INFO] [AutoTuneEngine] Oturum başarıyla başlatıldı: 7a51d287-922b-4a86-83c0-da1b97ea4915
[18:17:41.617] [INFO] [AutoTuneEventPublisher] Domain olayı yayınlandı: SessionStopped (Oturum: 7a51d287-922b-4a86-83c0-da1b97ea4915)
[18:17:41.617] [INFO] [AutoTuneSafetyManager] Güvenlik limitleri yüklendi. Etkin kural sayısı: 4
[18:17:41.618] [INFO] [AutoTuneEventPublisher] Domain olayı yayınlandı: SessionCreated (Oturum: a5b2caab-5c26-4ef2-9b2e-9132ce438758)
[18:17:41.618] [INFO] [AutoTuneEngine] Oturum başarıyla başlatıldı: a5b2caab-5c26-4ef2-9b2e-9132ce438758
[18:17:41.618] [INFO] [AutoTuneEventPublisher] Domain olayı yayınlandı: SessionStopped (Oturum: a5b2caab-5c26-4ef2-9b2e-9132ce438758)
[18:17:41.620] [INFO] [RtpCalibrationEngine] Connecting to RTP emulator...
[18:17:41.620] [INFO] [RtpCalibrationEngine] RTP emulator connected successfully.
[18:17:41.621] [INFO] [RtpCalibrationEngine] Real-time synchronization active.
[18:17:41.621] [INFO] [RtpCalibrationEngine] Real-time synchronization paused.
[18:17:41.621] [INFO] [RtpCalibrationEngine] RTP Emulator disconnected.
[18:17:41.622] [INFO] [RtpCalibrationEngine] Connecting to RTP emulator...
[18:17:41.622] [INFO] [RtpCalibrationEngine] RTP emulator connected successfully.
[18:17:41.623] [INFO] [RtpCalibrationEngine] Real-time synchronization active.
[18:17:41.625] [INFO] [CalibrationManager] Değişiklik kaydedildi:  [ -> 99]
[18:17:41.842] [INFO] [RtpCalibrationEngine] Connecting to RTP emulator...
[18:17:41.842] [INFO] [RtpCalibrationEngine] RTP emulator connected successfully.
[18:17:41.845] [INFO] [CalibrationManager] Değişiklik kaydedildi:  [ -> 10]
[18:17:41.846] [INFO] [CalibrationManager] Değişiklik kaydedildi:  [ -> 11]
[18:17:41.848] [INFO] [CalibrationManager] Değişiklik kaydedildi:  [ -> 12]
[18:17:41.848] [INFO] [RtpCalibrationEngine] Real-time synchronization active.
[18:17:42.050] [INFO] [RtpCalibrationEngine] Connecting to RTP emulator...
[18:17:42.050] [INFO] [RtpCalibrationEngine] RTP emulator connected successfully.
[18:17:42.052] [INFO] [CalibrationManager] Değişiklik kaydedildi:  [ -> 1]
[18:17:42.062] [INFO] [CalibrationManager] Değişiklik kaydedildi:  [ -> 2]
[18:17:42.070] [INFO] [CalibrationManager] Değişiklik kaydedildi:  [ -> 3]
[18:17:42.070] [INFO] [RtpCalibrationEngine] Real-time synchronization active.
[18:17:42.273] [INFO] [RtpCalibrationEngine] Connecting to RTP emulator...
[18:17:42.273] [INFO] [RtpCalibrationEngine] RTP emulator connected successfully.
[18:17:42.273] [INFO] [RtpCalibrationEngine] Real-time synchronization active.
[18:17:42.276] [INFO] [CalibrationManager] Değişiklik kaydedildi:  [ -> 45]
[18:17:42.492] [INFO] [RtpCalibrationEngine] Connecting to RTP emulator...
[18:17:42.492] [INFO] [RtpCalibrationEngine] RTP emulator connected successfully.
[18:17:42.492] [INFO] [RtpCalibrationEngine] Real-time synchronization active.
[18:17:42.495] [INFO] [CalibrationManager] Değişiklik kaydedildi:  [ -> 5]
[18:17:42.496] [INFO] [CalibrationManager] Değişiklik kaydedildi:  [ -> 5]
[18:17:42.497] [INFO] [CalibrationManager] Değişiklik kaydedildi:  [ -> 5]
[18:17:42.498] [INFO] [CalibrationManager] Değişiklik kaydedildi:  [ -> 5]
[18:17:42.506] [INFO] [CalibrationManager] Değişiklik kaydedildi:  [ -> 5]
[18:17:42.507] [INFO] [CalibrationManager] Değişiklik kaydedildi:  [ -> 5]
[18:17:42.509] [INFO] [CalibrationManager] Değişiklik kaydedildi:  [ -> 5]
[18:17:42.510] [INFO] [CalibrationManager] Değişiklik kaydedildi:  [ -> 5]
[18:17:42.512] [INFO] [CalibrationManager] Değişiklik kaydedildi:  [ -> 5]
[18:17:42.513] [INFO] [CalibrationManager] Değişiklik kaydedildi:  [ -> 5]
[18:17:42.514] [INFO] [CalibrationManager] Değişiklik kaydedildi:  [ -> 5]
[18:17:42.515] [INFO] [CalibrationManager] Değişiklik kaydedildi:  [ -> 5]
[18:17:42.517] [INFO] [CalibrationManager] Değişiklik kaydedildi:  [ -> 5]
[18:17:42.523] [INFO] [CalibrationManager] Değişiklik kaydedildi:  [ -> 5]
[18:17:42.524] [INFO] [CalibrationManager] Değişiklik kaydedildi:  [ -> 5]
[18:17:42.525] [INFO] [CalibrationManager] Değişiklik kaydedildi:  [ -> 5]
[18:17:42.527] [INFO] [CalibrationManager] Değişiklik kaydedildi:  [ -> 5]
[18:17:42.528] [INFO] [CalibrationManager] Değişiklik kaydedildi:  [ -> 5]
[18:17:42.529] [INFO] [CalibrationManager] Değişiklik kaydedildi:  [ -> 5]
[18:17:42.531] [INFO] [CalibrationManager] Değişiklik kaydedildi:  [ -> 5]
[18:17:42.532] [INFO] [CalibrationManager] Değişiklik kaydedildi:  [ -> 5]
[18:17:42.533] [INFO] [CalibrationManager] Değişiklik kaydedildi:  [ -> 5]
[18:17:42.534] [INFO] [CalibrationManager] Değişiklik kaydedildi:  [ -> 5]
[18:17:42.535] [INFO] [CalibrationManager] Değişiklik kaydedildi:  [ -> 5]
[18:17:42.537] [INFO] [CalibrationManager] Değişiklik kaydedildi:  [ -> 5]
[18:17:42.538] [INFO] [CalibrationManager] Değişiklik kaydedildi:  [ -> 5]
[18:17:42.539] [INFO] [CalibrationManager] Değişiklik kaydedildi:  [ -> 5]
[18:17:42.540] [INFO] [CalibrationManager] Değişiklik kaydedildi:  [ -> 5]
[18:17:42.542] [INFO] [CalibrationManager] Değişiklik kaydedildi:  [ -> 5]
[18:17:42.543] [INFO] [CalibrationManager] Değişiklik kaydedildi:  [ -> 5]
[18:17:42.544] [INFO] [CalibrationManager] Değişiklik kaydedildi:  [ -> 5]
[18:17:42.545] [INFO] [CalibrationManager] Değişiklik kaydedildi:  [ -> 5]
[18:17:42.546] [INFO] [CalibrationManager] Değişiklik kaydedildi:  [ -> 5]
[18:17:42.548] [INFO] [CalibrationManager] Değişiklik kaydedildi:  [ -> 5]
[18:17:42.549] [INFO] [CalibrationManager] Değişiklik kaydedildi:  [ -> 5]
[18:17:42.550] [INFO] [CalibrationManager] Değişiklik kaydedildi:  [ -> 5]
[18:17:42.551] [INFO] [CalibrationManager] Değişiklik kaydedildi:  [ -> 5]
[18:17:42.552] [INFO] [CalibrationManager] Değişiklik kaydedildi:  [ -> 5]
[18:17:42.553] [INFO] [CalibrationManager] Değişiklik kaydedildi:  [ -> 5]
[18:17:42.555] [INFO] [CalibrationManager] Değişiklik kaydedildi:  [ -> 5]
[18:17:42.556] [INFO] [CalibrationManager] Değişiklik kaydedildi:  [ -> 5]
[18:17:42.557] [INFO] [CalibrationManager] Değişiklik kaydedildi:  [ -> 5]
[18:17:42.558] [INFO] [CalibrationManager] Değişiklik kaydedildi:  [ -> 5]
[18:17:42.560] [INFO] [CalibrationManager] Değişiklik kaydedildi:  [ -> 5]
[18:17:42.561] [INFO] [CalibrationManager] Değişiklik kaydedildi:  [ -> 5]
[18:17:42.562] [INFO] [CalibrationManager] Değişiklik kaydedildi:  [ -> 5]
[18:17:42.565] [INFO] [CalibrationManager] Değişiklik kaydedildi:  [ -> 5]
[18:17:42.575] [INFO] [CalibrationManager] Değişiklik kaydedildi:  [ -> 5]
[18:17:42.576] [INFO] [CalibrationManager] Değişiklik kaydedildi:  [ -> 5]
[18:17:42.578] [INFO] [CalibrationManager] Değişiklik kaydedildi:  [ -> 5]
[18:17:42.579] [INFO] [CalibrationManager] Değişiklik kaydedildi:  [ -> 5]
[18:17:42.580] [INFO] [CalibrationManager] Değişiklik kaydedildi:  [ -> 5]
[18:17:42.581] [INFO] [CalibrationManager] Değişiklik kaydedildi:  [ -> 5]
[18:17:42.583] [INFO] [CalibrationManager] Değişiklik kaydedildi:  [ -> 5]
[18:17:42.584] [INFO] [CalibrationManager] Değişiklik kaydedildi:  [ -> 5]
[18:17:42.585] [INFO] [CalibrationManager] Değişiklik kaydedildi:  [ -> 5]
[18:17:42.586] [INFO] [CalibrationManager] Değişiklik kaydedildi:  [ -> 5]
[18:17:42.587] [INFO] [CalibrationManager] Değişiklik kaydedildi:  [ -> 5]
[18:17:42.589] [INFO] [CalibrationManager] Değişiklik kaydedildi:  [ -> 5]
[18:17:42.590] [INFO] [CalibrationManager] Değişiklik kaydedildi:  [ -> 5]
[18:17:42.591] [INFO] [CalibrationManager] Değişiklik kaydedildi:  [ -> 5]
[18:17:42.593] [INFO] [CalibrationManager] Değişiklik kaydedildi:  [ -> 5]
[18:17:42.594] [INFO] [CalibrationManager] Değişiklik kaydedildi:  [ -> 5]
[18:17:42.595] [INFO] [CalibrationManager] Değişiklik kaydedildi:  [ -> 5]
[18:17:42.597] [INFO] [CalibrationManager] Değişiklik kaydedildi:  [ -> 5]
[18:17:42.598] [INFO] [CalibrationManager] Değişiklik kaydedildi:  [ -> 5]
[18:17:42.599] [INFO] [CalibrationManager] Değişiklik kaydedildi:  [ -> 5]
[18:17:42.600] [INFO] [CalibrationManager] Değişiklik kaydedildi:  [ -> 5]
[18:17:42.602] [INFO] [CalibrationManager] Değişiklik kaydedildi:  [ -> 5]
[18:17:42.603] [INFO] [CalibrationManager] Değişiklik kaydedildi:  [ -> 5]
[18:17:42.604] [INFO] [CalibrationManager] Değişiklik kaydedildi:  [ -> 5]
[18:17:42.606] [INFO] [CalibrationManager] Değişiklik kaydedildi:  [ -> 5]
[18:17:42.607] [INFO] [CalibrationManager] Değişiklik kaydedildi:  [ -> 5]
[18:17:42.608] [INFO] [CalibrationManager] Değişiklik kaydedildi:  [ -> 5]
[18:17:42.609] [INFO] [CalibrationManager] Değişiklik kaydedildi:  [ -> 5]
[18:17:42.610] [INFO] [CalibrationManager] Değişiklik kaydedildi:  [ -> 5]
[18:17:42.612] [INFO] [CalibrationManager] Değişiklik kaydedildi:  [ -> 5]
[18:17:42.613] [INFO] [CalibrationManager] Değişiklik kaydedildi:  [ -> 5]
[18:17:42.615] [INFO] [CalibrationManager] Değişiklik kaydedildi:  [ -> 5]
[18:17:42.616] [INFO] [CalibrationManager] Değişiklik kaydedildi:  [ -> 5]
[18:17:42.617] [INFO] [CalibrationManager] Değişiklik kaydedildi:  [ -> 5]
[18:17:42.619] [INFO] [CalibrationManager] Değişiklik kaydedildi:  [ -> 5]
[18:17:42.620] [INFO] [CalibrationManager] Değişiklik kaydedildi:  [ -> 5]
[18:17:42.621] [INFO] [CalibrationManager] Değişiklik kaydedildi:  [ -> 5]
[18:17:42.622] [INFO] [CalibrationManager] Değişiklik kaydedildi:  [ -> 5]
[18:17:42.624] [INFO] [CalibrationManager] Değişiklik kaydedildi:  [ -> 5]
[18:17:42.625] [INFO] [CalibrationManager] Değişiklik kaydedildi:  [ -> 5]
[18:17:42.626] [INFO] [CalibrationManager] Değişiklik kaydedildi:  [ -> 5]
[18:17:42.627] [INFO] [CalibrationManager] Değişiklik kaydedildi:  [ -> 5]
[18:17:42.629] [INFO] [CalibrationManager] Değişiklik kaydedildi:  [ -> 5]
[18:17:42.630] [INFO] [CalibrationManager] Değişiklik kaydedildi:  [ -> 5]
[18:17:42.631] [INFO] [CalibrationManager] Değişiklik kaydedildi:  [ -> 5]
[18:17:42.633] [INFO] [CalibrationManager] Değişiklik kaydedildi:  [ -> 5]
[18:17:42.634] [INFO] [CalibrationManager] Değişiklik kaydedildi:  [ -> 5]
[18:17:42.635] [INFO] [CalibrationManager] Değişiklik kaydedildi:  [ -> 5]
[18:17:42.636] [INFO] [CalibrationManager] Değişiklik kaydedildi:  [ -> 5]
[18:17:42.638] [INFO] [CalibrationManager] Değişiklik kaydedildi:  [ -> 5]
[18:17:42.639] [INFO] [CalibrationManager] Değişiklik kaydedildi:  [ -> 5]
[18:17:42.640] [INFO] [CalibrationManager] Değişiklik kaydedildi:  [ -> 5]
[18:17:42.642] [INFO] [CalibrationManager] Değişiklik kaydedildi:  [ -> 5]
[18:17:42.643] [INFO] [CalibrationManager] Değişiklik kaydedildi:  [ -> 5]
[18:17:42.644] [INFO] [CalibrationManager] Değişiklik kaydedildi:  [ -> 5]
[18:17:42.646] [INFO] [CalibrationManager] Değişiklik kaydedildi:  [ -> 5]
[18:17:42.648] [INFO] [CalibrationManager] Değişiklik kaydedildi:  [ -> 5]
[18:17:42.650] [INFO] [CalibrationManager] Değişiklik kaydedildi:  [ -> 5]
[18:17:42.651] [INFO] [CalibrationManager] Değişiklik kaydedildi:  [ -> 5]
[18:17:42.652] [INFO] [CalibrationManager] Değişiklik kaydedildi:  [ -> 5]
[18:17:42.653] [INFO] [CalibrationManager] Değişiklik kaydedildi:  [ -> 5]
[18:17:42.654] [INFO] [CalibrationManager] Değişiklik kaydedildi:  [ -> 5]
[18:17:42.656] [INFO] [CalibrationManager] Değişiklik kaydedildi:  [ -> 5]
[18:17:42.657] [INFO] [CalibrationManager] Değişiklik kaydedildi:  [ -> 5]
[18:17:42.658] [INFO] [CalibrationManager] Değişiklik kaydedildi:  [ -> 5]
[18:17:42.660] [INFO] [CalibrationManager] Değişiklik kaydedildi:  [ -> 5]
[18:17:42.661] [INFO] [CalibrationManager] Değişiklik kaydedildi:  [ -> 5]
[18:17:42.662] [INFO] [CalibrationManager] Değişiklik kaydedildi:  [ -> 5]
[18:17:42.663] [INFO] [CalibrationManager] Değişiklik kaydedildi:  [ -> 5]
[18:17:42.664] [INFO] [CalibrationManager] Değişiklik kaydedildi:  [ -> 5]
[18:17:42.666] [INFO] [CalibrationManager] Değişiklik kaydedildi:  [ -> 5]
[18:17:42.667] [INFO] [CalibrationManager] Değişiklik kaydedildi:  [ -> 5]
[18:17:42.668] [INFO] [CalibrationManager] Değişiklik kaydedildi:  [ -> 5]
[18:17:42.670] [INFO] [CalibrationManager] Değişiklik kaydedildi:  [ -> 5]
[18:17:42.671] [INFO] [CalibrationManager] Değişiklik kaydedildi:  [ -> 5]
[18:17:42.672] [INFO] [CalibrationManager] Değişiklik kaydedildi:  [ -> 5]
[18:17:42.673] [INFO] [CalibrationManager] Değişiklik kaydedildi:  [ -> 5]
[18:17:42.675] [INFO] [CalibrationManager] Değişiklik kaydedildi:  [ -> 5]
[18:17:42.676] [INFO] [CalibrationManager] Değişiklik kaydedildi:  [ -> 5]
[18:17:42.677] [INFO] [CalibrationManager] Değişiklik kaydedildi:  [ -> 5]
[18:17:42.678] [INFO] [CalibrationManager] Değişiklik kaydedildi:  [ -> 5]
[18:17:42.679] [INFO] [CalibrationManager] Değişiklik kaydedildi:  [ -> 5]
[18:17:42.681] [INFO] [CalibrationManager] Değişiklik kaydedildi:  [ -> 5]
[18:17:42.684] [INFO] [CalibrationManager] Değişiklik kaydedildi:  [ -> 5]
[18:17:42.685] [INFO] [CalibrationManager] Değişiklik kaydedildi:  [ -> 5]
[18:17:42.686] [INFO] [CalibrationManager] Değişiklik kaydedildi:  [ -> 5]
[18:17:42.688] [INFO] [CalibrationManager] Değişiklik kaydedildi:  [ -> 5]
[18:17:42.689] [INFO] [CalibrationManager] Değişiklik kaydedildi:  [ -> 5]
[18:17:42.690] [INFO] [CalibrationManager] Değişiklik kaydedildi:  [ -> 5]
[18:17:42.691] [INFO] [CalibrationManager] Değişiklik kaydedildi:  [ -> 5]
[18:17:42.693] [INFO] [CalibrationManager] Değişiklik kaydedildi:  [ -> 5]
[18:17:42.694] [INFO] [CalibrationManager] Değişiklik kaydedildi:  [ -> 5]
[18:17:42.695] [INFO] [CalibrationManager] Değişiklik kaydedildi:  [ -> 5]
[18:17:42.697] [INFO] [CalibrationManager] Değişiklik kaydedildi:  [ -> 5]
[18:17:42.698] [INFO] [CalibrationManager] Değişiklik kaydedildi:  [ -> 5]
[18:17:42.700] [INFO] [CalibrationManager] Değişiklik kaydedildi:  [ -> 5]
[18:17:42.701] [INFO] [CalibrationManager] Değişiklik kaydedildi:  [ -> 5]
[18:17:42.702] [INFO] [CalibrationManager] Değişiklik kaydedildi:  [ -> 5]
[18:17:42.704] [INFO] [CalibrationManager] Değişiklik kaydedildi:  [ -> 5]
[18:17:42.705] [INFO] [CalibrationManager] Değişiklik kaydedildi:  [ -> 5]
[18:17:42.706] [INFO] [CalibrationManager] Değişiklik kaydedildi:  [ -> 5]
[18:17:42.708] [INFO] [CalibrationManager] Değişiklik kaydedildi:  [ -> 5]
[18:17:42.709] [INFO] [CalibrationManager] Değişiklik kaydedildi:  [ -> 5]
[18:17:42.710] [INFO] [CalibrationManager] Değişiklik kaydedildi:  [ -> 5]
[18:17:42.712] [INFO] [CalibrationManager] Değişiklik kaydedildi:  [ -> 5]
[18:17:42.713] [INFO] [CalibrationManager] Değişiklik kaydedildi:  [ -> 5]
[18:17:42.715] [INFO] [CalibrationManager] Değişiklik kaydedildi:  [ -> 5]
[18:17:42.716] [INFO] [CalibrationManager] Değişiklik kaydedildi:  [ -> 5]
[18:17:42.718] [INFO] [CalibrationManager] Değişiklik kaydedildi:  [ -> 5]
[18:17:42.719] [INFO] [CalibrationManager] Değişiklik kaydedildi:  [ -> 5]
[18:17:42.720] [INFO] [CalibrationManager] Değişiklik kaydedildi:  [ -> 5]
[18:17:42.722] [INFO] [CalibrationManager] Değişiklik kaydedildi:  [ -> 5]
[18:17:42.723] [INFO] [CalibrationManager] Değişiklik kaydedildi:  [ -> 5]
[18:17:42.724] [INFO] [CalibrationManager] Değişiklik kaydedildi:  [ -> 5]
[18:17:42.725] [INFO] [CalibrationManager] Değişiklik kaydedildi:  [ -> 5]
[18:17:42.727] [INFO] [CalibrationManager] Değişiklik kaydedildi:  [ -> 5]
[18:17:42.728] [INFO] [CalibrationManager] Değişiklik kaydedildi:  [ -> 5]
[18:17:42.729] [INFO] [CalibrationManager] Değişiklik kaydedildi:  [ -> 5]
[18:17:42.731] [INFO] [CalibrationManager] Değişiklik kaydedildi:  [ -> 5]
[18:17:42.732] [INFO] [CalibrationManager] Değişiklik kaydedildi:  [ -> 5]
[18:17:42.733] [INFO] [CalibrationManager] Değişiklik kaydedildi:  [ -> 5]
[18:17:42.735] [INFO] [CalibrationManager] Değişiklik kaydedildi:  [ -> 5]
[18:17:42.736] [INFO] [CalibrationManager] Değişiklik kaydedildi:  [ -> 5]
[18:17:42.737] [INFO] [CalibrationManager] Değişiklik kaydedildi:  [ -> 5]
[18:17:42.739] [INFO] [CalibrationManager] Değişiklik kaydedildi:  [ -> 5]
[18:17:42.740] [INFO] [CalibrationManager] Değişiklik kaydedildi:  [ -> 5]
[18:17:42.742] [INFO] [CalibrationManager] Değişiklik kaydedildi:  [ -> 5]
[18:17:42.743] [INFO] [CalibrationManager] Değişiklik kaydedildi:  [ -> 5]
[18:17:42.744] [INFO] [CalibrationManager] Değişiklik kaydedildi:  [ -> 5]
[18:17:42.746] [INFO] [CalibrationManager] Değişiklik kaydedildi:  [ -> 5]
[18:17:42.747] [INFO] [CalibrationManager] Değişiklik kaydedildi:  [ -> 5]
[18:17:42.748] [INFO] [CalibrationManager] Değişiklik kaydedildi:  [ -> 5]
[18:17:42.750] [INFO] [CalibrationManager] Değişiklik kaydedildi:  [ -> 5]
[18:17:42.751] [INFO] [CalibrationManager] Değişiklik kaydedildi:  [ -> 5]
[18:17:42.753] [INFO] [CalibrationManager] Değişiklik kaydedildi:  [ -> 5]
[18:17:42.754] [INFO] [CalibrationManager] Değişiklik kaydedildi:  [ -> 5]
[18:17:42.755] [INFO] [CalibrationManager] Değişiklik kaydedildi:  [ -> 5]
[18:17:42.756] [INFO] [CalibrationManager] Değişiklik kaydedildi:  [ -> 5]
[18:17:42.758] [INFO] [CalibrationManager] Değişiklik kaydedildi:  [ -> 5]
[18:17:42.759] [INFO] [CalibrationManager] Değişiklik kaydedildi:  [ -> 5]
[18:17:42.760] [INFO] [CalibrationManager] Değişiklik kaydedildi:  [ -> 5]
[18:17:42.762] [INFO] [CalibrationManager] Değişiklik kaydedildi:  [ -> 5]
[18:17:42.763] [INFO] [CalibrationManager] Değişiklik kaydedildi:  [ -> 5]
[18:17:42.765] [INFO] [CalibrationManager] Değişiklik kaydedildi:  [ -> 5]
[18:17:42.766] [INFO] [CalibrationManager] Değişiklik kaydedildi:  [ -> 5]
[18:17:42.768] [INFO] [CalibrationManager] Değişiklik kaydedildi:  [ -> 5]
[18:17:42.769] [INFO] [CalibrationManager] Değişiklik kaydedildi:  [ -> 5]
[18:17:42.770] [INFO] [CalibrationManager] Değişiklik kaydedildi:  [ -> 5]
[18:17:42.772] [INFO] [CalibrationManager] Değişiklik kaydedildi:  [ -> 5]
[18:17:42.773] [INFO] [CalibrationManager] Değişiklik kaydedildi:  [ -> 5]
[18:17:42.775] [INFO] [CalibrationManager] Değişiklik kaydedildi:  [ -> 5]
[18:17:42.776] [INFO] [CalibrationManager] Değişiklik kaydedildi:  [ -> 5]
[18:17:42.777] [INFO] [CalibrationManager] Değişiklik kaydedildi:  [ -> 5]
[18:17:42.779] [INFO] [CalibrationManager] Değişiklik kaydedildi:  [ -> 5]
[18:17:42.780] [INFO] [CalibrationManager] Değişiklik kaydedildi:  [ -> 5]
[18:17:42.782] [INFO] [CalibrationManager] Değişiklik kaydedildi:  [ -> 5]
[18:17:42.783] [INFO] [CalibrationManager] Değişiklik kaydedildi:  [ -> 5]
[18:17:42.784] [INFO] [CalibrationManager] Değişiklik kaydedildi:  [ -> 5]
[18:17:42.786] [INFO] [CalibrationManager] Değişiklik kaydedildi:  [ -> 5]
[18:17:42.787] [INFO] [CalibrationManager] Değişiklik kaydedildi:  [ -> 5]
[18:17:42.789] [INFO] [CalibrationManager] Değişiklik kaydedildi:  [ -> 5]
[18:17:42.790] [INFO] [CalibrationManager] Değişiklik kaydedildi:  [ -> 5]
[18:17:42.792] [INFO] [CalibrationManager] Değişiklik kaydedildi:  [ -> 5]
[18:17:42.793] [INFO] [CalibrationManager] Değişiklik kaydedildi:  [ -> 5]
[18:17:42.794] [INFO] [CalibrationManager] Değişiklik kaydedildi:  [ -> 5]
[18:17:42.797] [INFO] [CalibrationManager] Değişiklik kaydedildi:  [ -> 5]
[18:17:42.798] [INFO] [CalibrationManager] Değişiklik kaydedildi:  [ -> 5]
[18:17:42.800] [INFO] [CalibrationManager] Değişiklik kaydedildi:  [ -> 5]
[18:17:42.801] [INFO] [CalibrationManager] Değişiklik kaydedildi:  [ -> 5]
[18:17:42.802] [INFO] [CalibrationManager] Değişiklik kaydedildi:  [ -> 5]
[18:17:42.804] [INFO] [CalibrationManager] Değişiklik kaydedildi:  [ -> 5]
[18:17:42.805] [INFO] [CalibrationManager] Değişiklik kaydedildi:  [ -> 5]
[18:17:42.807] [INFO] [CalibrationManager] Değişiklik kaydedildi:  [ -> 5]
[18:17:42.808] [INFO] [CalibrationManager] Değişiklik kaydedildi:  [ -> 5]
[18:17:42.809] [INFO] [CalibrationManager] Değişiklik kaydedildi:  [ -> 5]
[18:17:42.811] [INFO] [CalibrationManager] Değişiklik kaydedildi:  [ -> 5]
[18:17:42.814] [INFO] [CalibrationManager] Değişiklik kaydedildi:  [ -> 5]
[18:17:42.816] [INFO] [CalibrationManager] Değişiklik kaydedildi:  [ -> 5]
[18:17:42.817] [INFO] [CalibrationManager] Değişiklik kaydedildi:  [ -> 5]
[18:17:42.818] [INFO] [CalibrationManager] Değişiklik kaydedildi:  [ -> 5]
[18:17:42.820] [INFO] [CalibrationManager] Değişiklik kaydedildi:  [ -> 5]
[18:17:42.821] [INFO] [CalibrationManager] Değişiklik kaydedildi:  [ -> 5]
[18:17:42.823] [INFO] [CalibrationManager] Değişiklik kaydedildi:  [ -> 5]
[18:17:42.824] [INFO] [CalibrationManager] Değişiklik kaydedildi:  [ -> 5]
[18:17:42.826] [INFO] [CalibrationManager] Değişiklik kaydedildi:  [ -> 5]
[18:17:42.827] [INFO] [CalibrationManager] Değişiklik kaydedildi:  [ -> 5]
[18:17:42.829] [INFO] [CalibrationManager] Değişiklik kaydedildi:  [ -> 5]
[18:17:42.830] [INFO] [CalibrationManager] Değişiklik kaydedildi:  [ -> 5]
[18:17:42.832] [INFO] [CalibrationManager] Değişiklik kaydedildi:  [ -> 5]
[18:17:42.833] [INFO] [CalibrationManager] Değişiklik kaydedildi:  [ -> 5]
[18:17:42.834] [INFO] [CalibrationManager] Değişiklik kaydedildi:  [ -> 5]
[18:17:42.836] [INFO] [CalibrationManager] Değişiklik kaydedildi:  [ -> 5]
[18:17:42.837] [INFO] [CalibrationManager] Değişiklik kaydedildi:  [ -> 5]
[18:17:42.839] [INFO] [CalibrationManager] Değişiklik kaydedildi:  [ -> 5]
[18:17:42.840] [INFO] [CalibrationManager] Değişiklik kaydedildi:  [ -> 5]
[18:17:42.843] [INFO] [CalibrationManager] Değişiklik kaydedildi:  [ -> 5]
[18:17:42.844] [INFO] [CalibrationManager] Değişiklik kaydedildi:  [ -> 5]
[18:17:42.845] [INFO] [CalibrationManager] Değişiklik kaydedildi:  [ -> 5]
[18:17:42.847] [INFO] [CalibrationManager] Değişiklik kaydedildi:  [ -> 5]
[18:17:42.848] [INFO] [CalibrationManager] Değişiklik kaydedildi:  [ -> 5]
[18:17:42.850] [INFO] [CalibrationManager] Değişiklik kaydedildi:  [ -> 5]
[18:17:42.851] [INFO] [CalibrationManager] Değişiklik kaydedildi:  [ -> 5]
[18:17:42.853] [INFO] [CalibrationManager] Değişiklik kaydedildi:  [ -> 5]
[18:17:42.854] [INFO] [CalibrationManager] Değişiklik kaydedildi:  [ -> 5]
[18:17:42.855] [INFO] [CalibrationManager] Değişiklik kaydedildi:  [ -> 5]
[18:17:42.857] [INFO] [CalibrationManager] Değişiklik kaydedildi:  [ -> 5]
[18:17:42.858] [INFO] [CalibrationManager] Değişiklik kaydedildi:  [ -> 5]
[18:17:42.859] [INFO] [CalibrationManager] Değişiklik kaydedildi:  [ -> 5]
[18:17:42.861] [INFO] [CalibrationManager] Değişiklik kaydedildi:  [ -> 5]
[18:17:42.862] [INFO] [CalibrationManager] Değişiklik kaydedildi:  [ -> 5]
[18:17:42.864] [INFO] [CalibrationManager] Değişiklik kaydedildi:  [ -> 5]
[18:17:42.865] [INFO] [CalibrationManager] Değişiklik kaydedildi:  [ -> 5]
[18:17:42.867] [INFO] [CalibrationManager] Değişiklik kaydedildi:  [ -> 5]
[18:17:42.868] [INFO] [CalibrationManager] Değişiklik kaydedildi:  [ -> 5]
[18:17:42.870] [INFO] [CalibrationManager] Değişiklik kaydedildi:  [ -> 5]
[18:17:42.871] [INFO] [CalibrationManager] Değişiklik kaydedildi:  [ -> 5]
[18:17:42.872] [INFO] [CalibrationManager] Değişiklik kaydedildi:  [ -> 5]
[18:17:42.874] [INFO] [CalibrationManager] Değişiklik kaydedildi:  [ -> 5]
[18:17:42.875] [INFO] [CalibrationManager] Değişiklik kaydedildi:  [ -> 5]
[18:17:42.877] [INFO] [CalibrationManager] Değişiklik kaydedildi:  [ -> 5]
[18:17:42.878] [INFO] [CalibrationManager] Değişiklik kaydedildi:  [ -> 5]
[18:17:42.879] [INFO] [CalibrationManager] Değişiklik kaydedildi:  [ -> 5]
[18:17:42.882] [INFO] [CalibrationManager] Değişiklik kaydedildi:  [ -> 5]
[18:17:42.883] [INFO] [CalibrationManager] Değişiklik kaydedildi:  [ -> 5]
[18:17:42.884] [INFO] [CalibrationManager] Değişiklik kaydedildi:  [ -> 5]
[18:17:42.886] [INFO] [CalibrationManager] Değişiklik kaydedildi:  [ -> 5]
[18:17:42.887] [INFO] [CalibrationManager] Değişiklik kaydedildi:  [ -> 5]
[18:17:42.889] [INFO] [CalibrationManager] Değişiklik kaydedildi:  [ -> 5]
[18:17:42.890] [INFO] [CalibrationManager] Değişiklik kaydedildi:  [ -> 5]
[18:17:42.891] [INFO] [CalibrationManager] Değişiklik kaydedildi:  [ -> 5]
[18:17:42.893] [INFO] [CalibrationManager] Değişiklik kaydedildi:  [ -> 5]
[18:17:42.894] [INFO] [CalibrationManager] Değişiklik kaydedildi:  [ -> 5]
[18:17:42.896] [INFO] [CalibrationManager] Değişiklik kaydedildi:  [ -> 5]
[18:17:42.897] [INFO] [CalibrationManager] Değişiklik kaydedildi:  [ -> 5]
[18:17:42.899] [INFO] [CalibrationManager] Değişiklik kaydedildi:  [ -> 5]
[18:17:42.900] [INFO] [CalibrationManager] Değişiklik kaydedildi:  [ -> 5]
[18:17:42.901] [INFO] [CalibrationManager] Değişiklik kaydedildi:  [ -> 5]
[18:17:42.903] [INFO] [CalibrationManager] Değişiklik kaydedildi:  [ -> 5]
[18:17:42.904] [INFO] [CalibrationManager] Değişiklik kaydedildi:  [ -> 5]
[18:17:42.906] [INFO] [CalibrationManager] Değişiklik kaydedildi:  [ -> 5]
[18:17:42.907] [INFO] [CalibrationManager] Değişiklik kaydedildi:  [ -> 5]
[18:17:42.909] [INFO] [CalibrationManager] Değişiklik kaydedildi:  [ -> 5]
[18:17:42.910] [INFO] [CalibrationManager] Değişiklik kaydedildi:  [ -> 5]
[18:17:42.911] [INFO] [CalibrationManager] Değişiklik kaydedildi:  [ -> 5]
[18:17:42.913] [INFO] [CalibrationManager] Değişiklik kaydedildi:  [ -> 5]
[18:17:42.915] [INFO] [CalibrationManager] Değişiklik kaydedildi:  [ -> 5]
[18:17:42.917] [INFO] [CalibrationManager] Değişiklik kaydedildi:  [ -> 5]
[18:17:42.918] [INFO] [CalibrationManager] Değişiklik kaydedildi:  [ -> 5]
[18:17:42.920] [INFO] [CalibrationManager] Değişiklik kaydedildi:  [ -> 5]
[18:17:42.921] [INFO] [CalibrationManager] Değişiklik kaydedildi:  [ -> 5]
[18:17:42.931] [INFO] [CalibrationManager] Değişiklik kaydedildi:  [ -> 5]
[18:17:42.932] [INFO] [CalibrationManager] Değişiklik kaydedildi:  [ -> 5]
[18:17:42.934] [INFO] [CalibrationManager] Değişiklik kaydedildi:  [ -> 5]
[18:17:42.935] [INFO] [CalibrationManager] Değişiklik kaydedildi:  [ -> 5]
[18:17:42.936] [INFO] [CalibrationManager] Değişiklik kaydedildi:  [ -> 5]
[18:17:42.938] [INFO] [CalibrationManager] Değişiklik kaydedildi:  [ -> 5]
[18:17:42.940] [INFO] [CalibrationManager] Değişiklik kaydedildi:  [ -> 5]
[18:17:42.941] [INFO] [CalibrationManager] Değişiklik kaydedildi:  [ -> 5]
[18:17:42.943] [INFO] [CalibrationManager] Değişiklik kaydedildi:  [ -> 5]
[18:17:42.944] [INFO] [CalibrationManager] Değişiklik kaydedildi:  [ -> 5]
[18:17:42.946] [INFO] [CalibrationManager] Değişiklik kaydedildi:  [ -> 5]
[18:17:42.947] [INFO] [CalibrationManager] Değişiklik kaydedildi:  [ -> 5]
[18:17:42.949] [INFO] [CalibrationManager] Değişiklik kaydedildi:  [ -> 5]
[18:17:42.950] [INFO] [CalibrationManager] Değişiklik kaydedildi:  [ -> 5]
[18:17:42.952] [INFO] [CalibrationManager] Değişiklik kaydedildi:  [ -> 5]
[18:17:42.953] [INFO] [CalibrationManager] Değişiklik kaydedildi:  [ -> 5]
[18:17:42.955] [INFO] [CalibrationManager] Değişiklik kaydedildi:  [ -> 5]
[18:17:42.957] [INFO] [CalibrationManager] Değişiklik kaydedildi:  [ -> 5]
[18:17:42.958] [INFO] [CalibrationManager] Değişiklik kaydedildi:  [ -> 5]
[18:17:42.960] [INFO] [CalibrationManager] Değişiklik kaydedildi:  [ -> 5]
[18:17:42.962] [INFO] [CalibrationManager] Değişiklik kaydedildi:  [ -> 5]
[18:17:42.964] [INFO] [CalibrationManager] Değişiklik kaydedildi:  [ -> 5]
[18:17:42.965] [INFO] [CalibrationManager] Değişiklik kaydedildi:  [ -> 5]
[18:17:42.967] [INFO] [CalibrationManager] Değişiklik kaydedildi:  [ -> 5]
[18:17:42.968] [INFO] [CalibrationManager] Değişiklik kaydedildi:  [ -> 5]
[18:17:42.970] [INFO] [CalibrationManager] Değişiklik kaydedildi:  [ -> 5]
[18:17:42.971] [INFO] [CalibrationManager] Değişiklik kaydedildi:  [ -> 5]
[18:17:42.973] [INFO] [CalibrationManager] Değişiklik kaydedildi:  [ -> 5]
[18:17:42.974] [INFO] [CalibrationManager] Değişiklik kaydedildi:  [ -> 5]
[18:17:42.975] [INFO] [CalibrationManager] Değişiklik kaydedildi:  [ -> 5]
[18:17:42.977] [INFO] [CalibrationManager] Değişiklik kaydedildi:  [ -> 5]
[18:17:42.978] [INFO] [CalibrationManager] Değişiklik kaydedildi:  [ -> 5]
[18:17:42.980] [INFO] [CalibrationManager] Değişiklik kaydedildi:  [ -> 5]
[18:17:42.981] [INFO] [CalibrationManager] Değişiklik kaydedildi:  [ -> 5]
[18:17:42.982] [INFO] [CalibrationManager] Değişiklik kaydedildi:  [ -> 5]
[18:17:42.984] [INFO] [CalibrationManager] Değişiklik kaydedildi:  [ -> 5]
[18:17:42.985] [INFO] [CalibrationManager] Değişiklik kaydedildi:  [ -> 5]
[18:17:42.987] [INFO] [CalibrationManager] Değişiklik kaydedildi:  [ -> 5]
[18:17:42.988] [INFO] [CalibrationManager] Değişiklik kaydedildi:  [ -> 5]
[18:17:42.989] [INFO] [CalibrationManager] Değişiklik kaydedildi:  [ -> 5]
[18:17:42.991] [INFO] [CalibrationManager] Değişiklik kaydedildi:  [ -> 5]
[18:17:42.992] [INFO] [CalibrationManager] Değişiklik kaydedildi:  [ -> 5]
[18:17:42.994] [INFO] [CalibrationManager] Değişiklik kaydedildi:  [ -> 5]
[18:17:42.996] [INFO] [CalibrationManager] Değişiklik kaydedildi:  [ -> 5]
[18:17:42.997] [INFO] [CalibrationManager] Değişiklik kaydedildi:  [ -> 5]
[18:17:42.999] [INFO] [CalibrationManager] Değişiklik kaydedildi:  [ -> 5]
[18:17:43.000] [INFO] [CalibrationManager] Değişiklik kaydedildi:  [ -> 5]
[18:17:43.002] [INFO] [CalibrationManager] Değişiklik kaydedildi:  [ -> 5]
[18:17:43.003] [INFO] [CalibrationManager] Değişiklik kaydedildi:  [ -> 5]
[18:17:43.005] [INFO] [CalibrationManager] Değişiklik kaydedildi:  [ -> 5]
[18:17:43.006] [INFO] [CalibrationManager] Değişiklik kaydedildi:  [ -> 5]
[18:17:43.007] [INFO] [CalibrationManager] Değişiklik kaydedildi:  [ -> 5]
[18:17:43.009] [INFO] [CalibrationManager] Değişiklik kaydedildi:  [ -> 5]
[18:17:43.010] [INFO] [CalibrationManager] Değişiklik kaydedildi:  [ -> 5]
[18:17:43.012] [INFO] [CalibrationManager] Değişiklik kaydedildi:  [ -> 5]
[18:17:43.013] [INFO] [CalibrationManager] Değişiklik kaydedildi:  [ -> 5]
[18:17:43.015] [INFO] [CalibrationManager] Değişiklik kaydedildi:  [ -> 5]
[18:17:43.016] [INFO] [CalibrationManager] Değişiklik kaydedildi:  [ -> 5]
[18:17:43.018] [INFO] [CalibrationManager] Değişiklik kaydedildi:  [ -> 5]
[18:17:43.019] [INFO] [CalibrationManager] Değişiklik kaydedildi:  [ -> 5]
[18:17:43.021] [INFO] [CalibrationManager] Değişiklik kaydedildi:  [ -> 5]
[18:17:43.022] [INFO] [CalibrationManager] Değişiklik kaydedildi:  [ -> 5]
[18:17:43.024] [INFO] [CalibrationManager] Değişiklik kaydedildi:  [ -> 5]
[18:17:43.026] [INFO] [CalibrationManager] Değişiklik kaydedildi:  [ -> 5]
[18:17:43.027] [INFO] [CalibrationManager] Değişiklik kaydedildi:  [ -> 5]
[18:17:43.029] [INFO] [CalibrationManager] Değişiklik kaydedildi:  [ -> 5]
[18:17:43.030] [INFO] [CalibrationManager] Değişiklik kaydedildi:  [ -> 5]
[18:17:43.032] [INFO] [CalibrationManager] Değişiklik kaydedildi:  [ -> 5]
[18:17:43.033] [INFO] [CalibrationManager] Değişiklik kaydedildi:  [ -> 5]
[18:17:43.035] [INFO] [CalibrationManager] Değişiklik kaydedildi:  [ -> 5]
[18:17:43.036] [INFO] [CalibrationManager] Değişiklik kaydedildi:  [ -> 5]
[18:17:43.037] [INFO] [CalibrationManager] Değişiklik kaydedildi:  [ -> 5]
[18:17:43.039] [INFO] [CalibrationManager] Değişiklik kaydedildi:  [ -> 5]
[18:17:43.040] [INFO] [CalibrationManager] Değişiklik kaydedildi:  [ -> 5]
[18:17:43.042] [INFO] [CalibrationManager] Değişiklik kaydedildi:  [ -> 5]
[18:17:43.043] [INFO] [CalibrationManager] Değişiklik kaydedildi:  [ -> 5]
[18:17:43.045] [INFO] [CalibrationManager] Değişiklik kaydedildi:  [ -> 5]
[18:17:43.046] [INFO] [CalibrationManager] Değişiklik kaydedildi:  [ -> 5]
[18:17:43.048] [INFO] [CalibrationManager] Değişiklik kaydedildi:  [ -> 5]
[18:17:43.051] [INFO] [CalibrationManager] Değişiklik kaydedildi:  [ -> 5]
[18:17:43.052] [INFO] [CalibrationManager] Değişiklik kaydedildi:  [ -> 5]
[18:17:43.054] [INFO] [CalibrationManager] Değişiklik kaydedildi:  [ -> 5]
[18:17:43.055] [INFO] [CalibrationManager] Değişiklik kaydedildi:  [ -> 5]
[18:17:43.058] [INFO] [CalibrationManager] Değişiklik kaydedildi:  [ -> 5]
[18:17:43.059] [INFO] [CalibrationManager] Değişiklik kaydedildi:  [ -> 5]
[18:17:43.061] [INFO] [CalibrationManager] Değişiklik kaydedildi:  [ -> 5]
[18:17:43.062] [INFO] [CalibrationManager] Değişiklik kaydedildi:  [ -> 5]
[18:17:43.064] [INFO] [CalibrationManager] Değişiklik kaydedildi:  [ -> 5]
[18:17:43.065] [INFO] [CalibrationManager] Değişiklik kaydedildi:  [ -> 5]
[18:17:43.067] [INFO] [CalibrationManager] Değişiklik kaydedildi:  [ -> 5]
[18:17:43.068] [INFO] [CalibrationManager] Değişiklik kaydedildi:  [ -> 5]
[18:17:43.070] [INFO] [CalibrationManager] Değişiklik kaydedildi:  [ -> 5]
[18:17:43.071] [INFO] [CalibrationManager] Değişiklik kaydedildi:  [ -> 5]
[18:17:43.073] [INFO] [CalibrationManager] Değişiklik kaydedildi:  [ -> 5]
[18:17:43.074] [INFO] [CalibrationManager] Değişiklik kaydedildi:  [ -> 5]
[18:17:43.076] [INFO] [CalibrationManager] Değişiklik kaydedildi:  [ -> 5]
[18:17:43.077] [INFO] [CalibrationManager] Değişiklik kaydedildi:  [ -> 5]
[18:17:43.079] [INFO] [CalibrationManager] Değişiklik kaydedildi:  [ -> 5]
[18:17:43.080] [INFO] [CalibrationManager] Değişiklik kaydedildi:  [ -> 5]
[18:17:43.082] [INFO] [CalibrationManager] Değişiklik kaydedildi:  [ -> 5]
[18:17:43.083] [INFO] [CalibrationManager] Değişiklik kaydedildi:  [ -> 5]
[18:17:43.085] [INFO] [CalibrationManager] Değişiklik kaydedildi:  [ -> 5]
[18:17:43.087] [INFO] [CalibrationManager] Değişiklik kaydedildi:  [ -> 5]
[18:17:43.088] [INFO] [CalibrationManager] Değişiklik kaydedildi:  [ -> 5]
[18:17:43.090] [INFO] [CalibrationManager] Değişiklik kaydedildi:  [ -> 5]
[18:17:43.091] [INFO] [CalibrationManager] Değişiklik kaydedildi:  [ -> 5]
[18:17:43.093] [INFO] [CalibrationManager] Değişiklik kaydedildi:  [ -> 5]
[18:17:43.094] [INFO] [CalibrationManager] Değişiklik kaydedildi:  [ -> 5]
[18:17:43.096] [INFO] [CalibrationManager] Değişiklik kaydedildi:  [ -> 5]
[18:17:43.097] [INFO] [CalibrationManager] Değişiklik kaydedildi:  [ -> 5]
[18:17:43.099] [INFO] [CalibrationManager] Değişiklik kaydedildi:  [ -> 5]
[18:17:43.100] [INFO] [CalibrationManager] Değişiklik kaydedildi:  [ -> 5]
[18:17:43.101] [INFO] [CalibrationManager] Değişiklik kaydedildi:  [ -> 5]
[18:17:43.103] [INFO] [CalibrationManager] Değişiklik kaydedildi:  [ -> 5]
[18:17:43.104] [INFO] [CalibrationManager] Değişiklik kaydedildi:  [ -> 5]
[18:17:43.106] [INFO] [CalibrationManager] Değişiklik kaydedildi:  [ -> 5]
[18:17:43.107] [INFO] [CalibrationManager] Değişiklik kaydedildi:  [ -> 5]
[18:17:43.109] [INFO] [CalibrationManager] Değişiklik kaydedildi:  [ -> 5]
[18:17:43.127] [INFO] [CalibrationManager] Değişiklik kaydedildi:  [ -> 5]
[18:17:43.129] [INFO] [CalibrationManager] Değişiklik kaydedildi:  [ -> 5]
[18:17:43.132] [INFO] [CalibrationManager] Değişiklik kaydedildi:  [ -> 5]
[18:17:43.133] [INFO] [CalibrationManager] Değişiklik kaydedildi:  [ -> 5]
[18:17:43.135] [INFO] [CalibrationManager] Değişiklik kaydedildi:  [ -> 5]
[18:17:43.137] [INFO] [CalibrationManager] Değişiklik kaydedildi:  [ -> 5]
[18:17:43.147] [INFO] [CalibrationManager] Değişiklik kaydedildi:  [ -> 5]
[18:17:43.149] [INFO] [CalibrationManager] Değişiklik kaydedildi:  [ -> 5]
[18:17:43.150] [INFO] [CalibrationManager] Değişiklik kaydedildi:  [ -> 5]
[18:17:43.152] [INFO] [CalibrationManager] Değişiklik kaydedildi:  [ -> 5]
[18:17:43.154] [INFO] [CalibrationManager] Değişiklik kaydedildi:  [ -> 5]
[18:17:43.155] [INFO] [CalibrationManager] Değişiklik kaydedildi:  [ -> 5]
[18:17:43.157] [INFO] [CalibrationManager] Değişiklik kaydedildi:  [ -> 5]
[18:17:43.159] [INFO] [CalibrationManager] Değişiklik kaydedildi:  [ -> 5]
[18:17:43.160] [INFO] [CalibrationManager] Değişiklik kaydedildi:  [ -> 5]
[18:17:43.162] [INFO] [CalibrationManager] Değişiklik kaydedildi:  [ -> 5]
[18:17:43.163] [INFO] [CalibrationManager] Değişiklik kaydedildi:  [ -> 5]
[18:17:43.165] [INFO] [CalibrationManager] Değişiklik kaydedildi:  [ -> 5]
[18:17:43.166] [INFO] [CalibrationManager] Değişiklik kaydedildi:  [ -> 5]
[18:17:43.168] [INFO] [CalibrationManager] Değişiklik kaydedildi:  [ -> 5]
[18:17:43.170] [INFO] [CalibrationManager] Değişiklik kaydedildi:  [ -> 5]
[18:17:43.172] [INFO] [CalibrationManager] Değişiklik kaydedildi:  [ -> 5]
[18:17:43.173] [INFO] [CalibrationManager] Değişiklik kaydedildi:  [ -> 5]
[18:17:43.175] [INFO] [CalibrationManager] Değişiklik kaydedildi:  [ -> 5]
[18:17:43.177] [INFO] [CalibrationManager] Değişiklik kaydedildi:  [ -> 5]
[18:17:43.178] [INFO] [CalibrationManager] Değişiklik kaydedildi:  [ -> 5]
[18:17:43.180] [INFO] [CalibrationManager] Değişiklik kaydedildi:  [ -> 5]
[18:17:43.181] [INFO] [CalibrationManager] Değişiklik kaydedildi:  [ -> 5]
[18:17:43.183] [INFO] [CalibrationManager] Değişiklik kaydedildi:  [ -> 5]
[18:17:43.184] [INFO] [CalibrationManager] Değişiklik kaydedildi:  [ -> 5]
[18:17:43.186] [INFO] [CalibrationManager] Değişiklik kaydedildi:  [ -> 5]
[18:17:43.187] [INFO] [CalibrationManager] Değişiklik kaydedildi:  [ -> 5]
[18:17:43.189] [INFO] [CalibrationManager] Değişiklik kaydedildi:  [ -> 5]
[18:17:43.190] [INFO] [CalibrationManager] Değişiklik kaydedildi:  [ -> 5]
[18:17:43.192] [INFO] [CalibrationManager] Değişiklik kaydedildi:  [ -> 5]
[18:17:43.193] [INFO] [CalibrationManager] Değişiklik kaydedildi:  [ -> 5]
[18:17:43.195] [INFO] [CalibrationManager] Değişiklik kaydedildi:  [ -> 5]
[18:17:43.197] [INFO] [CalibrationManager] Değişiklik kaydedildi:  [ -> 5]
[18:17:43.199] [INFO] [CalibrationManager] Değişiklik kaydedildi:  [ -> 5]
[18:17:43.200] [INFO] [CalibrationManager] Değişiklik kaydedildi:  [ -> 5]
[18:17:43.202] [INFO] [CalibrationManager] Değişiklik kaydedildi:  [ -> 5]
[18:17:43.204] [INFO] [CalibrationManager] Değişiklik kaydedildi:  [ -> 5]
[18:17:43.205] [INFO] [CalibrationManager] Değişiklik kaydedildi:  [ -> 5]
[18:17:43.206] [INFO] [CalibrationManager] Değişiklik kaydedildi:  [ -> 5]
[18:17:43.208] [INFO] [CalibrationManager] Değişiklik kaydedildi:  [ -> 5]
[18:17:43.210] [INFO] [CalibrationManager] Değişiklik kaydedildi:  [ -> 5]
[18:17:43.211] [INFO] [CalibrationManager] Değişiklik kaydedildi:  [ -> 5]
[18:17:43.212] [INFO] [CalibrationManager] Değişiklik kaydedildi:  [ -> 5]
[18:17:43.214] [INFO] [CalibrationManager] Değişiklik kaydedildi:  [ -> 5]
[18:17:43.215] [INFO] [CalibrationManager] Değişiklik kaydedildi:  [ -> 5]
[18:17:43.217] [INFO] [CalibrationManager] Değişiklik kaydedildi:  [ -> 5]
[18:17:43.218] [INFO] [CalibrationManager] Değişiklik kaydedildi:  [ -> 5]
[18:17:43.220] [INFO] [CalibrationManager] Değişiklik kaydedildi:  [ -> 5]
[18:17:43.222] [INFO] [CalibrationManager] Değişiklik kaydedildi:  [ -> 5]
[18:17:43.224] [INFO] [CalibrationManager] Değişiklik kaydedildi:  [ -> 5]
[18:17:43.226] [INFO] [CalibrationManager] Değişiklik kaydedildi:  [ -> 5]
[18:17:43.227] [INFO] [CalibrationManager] Değişiklik kaydedildi:  [ -> 5]
[18:17:43.229] [INFO] [CalibrationManager] Değişiklik kaydedildi:  [ -> 5]
[18:17:43.230] [INFO] [CalibrationManager] Değişiklik kaydedildi:  [ -> 5]
[18:17:43.231] [INFO] [CalibrationManager] Değişiklik kaydedildi:  [ -> 5]
[18:17:43.233] [INFO] [CalibrationManager] Değişiklik kaydedildi:  [ -> 5]
[18:17:43.234] [INFO] [CalibrationManager] Değişiklik kaydedildi:  [ -> 5]
[18:17:43.236] [INFO] [CalibrationManager] Değişiklik kaydedildi:  [ -> 5]
[18:17:43.239] [INFO] [CalibrationManager] Değişiklik kaydedildi:  [ -> 5]
[18:17:43.241] [INFO] [CalibrationManager] Değişiklik kaydedildi:  [ -> 5]
[18:17:43.242] [INFO] [CalibrationManager] Değişiklik kaydedildi:  [ -> 5]
[18:17:43.244] [INFO] [CalibrationManager] Değişiklik kaydedildi:  [ -> 5]
[18:17:43.246] [INFO] [CalibrationManager] Değişiklik kaydedildi:  [ -> 5]
[18:17:43.247] [INFO] [CalibrationManager] Değişiklik kaydedildi:  [ -> 5]
[18:17:43.250] [INFO] [CalibrationManager] Değişiklik kaydedildi:  [ -> 5]
[18:17:43.251] [INFO] [CalibrationManager] Değişiklik kaydedildi:  [ -> 5]
[18:17:43.253] [INFO] [CalibrationManager] Değişiklik kaydedildi:  [ -> 5]
[18:17:43.254] [INFO] [CalibrationManager] Değişiklik kaydedildi:  [ -> 5]
[18:17:43.256] [INFO] [CalibrationManager] Değişiklik kaydedildi:  [ -> 5]
[18:17:43.258] [INFO] [CalibrationManager] Değişiklik kaydedildi:  [ -> 5]
[18:17:43.259] [INFO] [CalibrationManager] Değişiklik kaydedildi:  [ -> 5]
[18:17:43.261] [INFO] [CalibrationManager] Değişiklik kaydedildi:  [ -> 5]
[18:17:43.263] [INFO] [CalibrationManager] Değişiklik kaydedildi:  [ -> 5]
[18:17:43.264] [INFO] [CalibrationManager] Değişiklik kaydedildi:  [ -> 5]
[18:17:43.266] [INFO] [CalibrationManager] Değişiklik kaydedildi:  [ -> 5]
[18:17:43.267] [INFO] [CalibrationManager] Değişiklik kaydedildi:  [ -> 5]
[18:17:43.269] [INFO] [CalibrationManager] Değişiklik kaydedildi:  [ -> 5]
[18:17:43.271] [INFO] [CalibrationManager] Değişiklik kaydedildi:  [ -> 5]
[18:17:43.273] [INFO] [CalibrationManager] Değişiklik kaydedildi:  [ -> 5]
[18:17:43.275] [INFO] [CalibrationManager] Değişiklik kaydedildi:  [ -> 5]
[18:17:43.686] [INFO] [RtpCalibrationEngine] Connecting to RTP emulator...
[18:17:43.686] [INFO] [RtpCalibrationEngine] RTP emulator connected successfully.
[18:17:43.687] [INFO] [RtpCalibrationEngine] Real-time synchronization active.
[18:17:43.687] [INFO] [RtpCalibrationEngine] Connecting to RTP emulator...
[18:17:43.687] [INFO] [RtpCalibrationEngine] RTP emulator connected successfully.
[18:17:43.687] [INFO] [RtpCalibrationEngine] Real-time synchronization active.
[18:17:43.690] [INFO] [CalibrationManager] Değişiklik kaydedildi:  [ -> 55]
[18:17:43.765] [ERROR] [RtpCalibrationEngine] Batch write execution failed: Batch block verification write failed: Simulated block write exception
[18:17:43.892] [INFO] [RtpCalibrationEngine] Connecting to RTP emulator...
[18:17:43.892] [INFO] [RtpCalibrationEngine] RTP emulator connected successfully.
[18:17:43.892] [INFO] [RtpCalibrationEngine] Real-time synchronization active.
[18:17:43.895] [INFO] [CalibrationManager] Değişiklik kaydedildi:  [ -> 88]
[18:17:43.962] [ERROR] [RtpCalibrationEngine] Batch write execution failed: Batch block verification write failed: Batch block verify mismatch at relative index 0. Expected: 88, Actual: 167
[18:17:44.104] [INFO] [RtpCalibrationEngine] Connecting to RTP emulator...
[18:17:44.104] [INFO] [RtpCalibrationEngine] RTP emulator connected successfully.
[18:17:44.104] [INFO] [RtpCalibrationEngine] Real-time synchronization active.
[18:17:44.107] [INFO] [CalibrationManager] Değişiklik kaydedildi:  [ -> 22]
[18:17:44.211] [INFO] [CalibrationManager] Değişiklik kaydedildi:  [ -> 22]
[18:17:44.319] [INFO] [CalibrationManager] Değişiklik kaydedildi:  [ -> 0]
[18:17:44.321] [INFO] [CalibrationManager] Değişiklik kaydedildi:  [ -> 1]
[18:17:44.341] [INFO] [CalibrationManager] Değişiklik kaydedildi:  [ -> 2]
[18:17:44.350] [INFO] [CalibrationManager] Değişiklik kaydedildi:  [ -> 3]
[18:17:44.355] [INFO] [CalibrationManager] Değişiklik kaydedildi:  [ -> 4]
[18:17:44.376] [INFO] [CalibrationManager] Değişiklik kaydedildi:  [ -> 5]
[18:17:44.384] [INFO] [CalibrationManager] Değişiklik kaydedildi:  [ -> 6]
[18:17:44.396] [INFO] [CalibrationManager] Değişiklik kaydedildi:  [ -> 0]
[18:17:44.407] [INFO] [CalibrationManager] Değişiklik kaydedildi:  [ -> 1]
[18:17:44.415] [INFO] [CalibrationManager] Değişiklik kaydedildi:  [ -> 2]
[18:17:44.423] [INFO] [CalibrationManager] Değişiklik kaydedildi:  [ -> 3]
[18:17:44.433] [INFO] [CalibrationManager] Değişiklik kaydedildi:  [ -> 4]
[18:17:44.441] [INFO] [CalibrationManager] Değişiklik kaydedildi:  [ -> 5]
[18:17:44.443] [INFO] [CalibrationManager] Değişiklik kaydedildi:  [ -> 6]
[18:17:44.447] [INFO] [CalibrationManager] Değişiklik kaydedildi:  [ -> 0]
[18:17:44.453] [INFO] [CalibrationManager] Değişiklik kaydedildi:  [ -> 1]
[18:17:44.459] [INFO] [CalibrationManager] Değişiklik kaydedildi:  [ -> 2]
[18:17:44.465] [INFO] [CalibrationManager] Değişiklik kaydedildi:  [ -> 3]
[18:17:44.477] [INFO] [CalibrationManager] Değişiklik kaydedildi:  [ -> 4]
[18:17:44.599] [INFO] [CalibrationManager] Değişiklik kaydedildi:  [ -> 5]
[18:17:44.710] [INFO] [CalibrationManager] Değişiklik kaydedildi:  [ -> 6]
[18:17:44.712] [ERROR] [RtpCalibrationEngine] RTP Configuration validation failed: Retry count must be between 0 and 10. (Parameter 'RetryCount')
[18:17:44.714] [INFO] [RtpCalibrationEngine] Recovered 1 pending changes from persistent queue on disk.
[18:17:44.731] [INFO] [RtpCalibrationEngine] Connecting to RTP emulator...
[18:17:44.731] [INFO] [RtpCalibrationEngine] RTP emulator connected successfully.
[18:17:44.731] [INFO] [RtpCalibrationEngine] Real-time synchronization active.
[18:17:44.740] [INFO] [AutoTuneSafetyManager] Güvenlik limitleri yüklendi. Etkin kural sayısı: 4
[18:17:44.740] [INFO] [AutoTuneEventPublisher] Domain olayı yayınlandı: SessionCreated (Oturum: 221c9e7b-804f-4e47-bb91-28cf50af3d0f)
[18:17:44.741] [INFO] [AutoTuneEngine] Oturum başarıyla başlatıldı: 221c9e7b-804f-4e47-bb91-28cf50af3d0f
[18:17:44.886] [INFO] [AutoTuneEventPublisher] Domain olayı yayınlandı: TelemetryWindowAccepted (Oturum: 221c9e7b-804f-4e47-bb91-28cf50af3d0f)
[18:17:44.887] [INFO] [AutoTuneEventPublisher] Domain olayı yayınlandı: SafetyViolation (Oturum: 221c9e7b-804f-4e47-bb91-28cf50af3d0f)
[18:17:44.887] [INFO] [AutoTuneEventPublisher] Domain olayı yayınlandı: DecisionCreated (Oturum: 221c9e7b-804f-4e47-bb91-28cf50af3d0f)
[18:17:44.888] [INFO] [CalibrationSnapshotManager] Snapshot oluşturuldu: 45c9cbe6-0ebf-496b-b3cd-1608d9ef2a5d, Hücre sayısı: 1
[18:17:44.890] [INFO] [CalibrationRecoveryManager] Bekleyen işlem kaydedildi: e22d2417-b15e-42fe-ba13-ddb3d4ad9e62
[18:17:44.891] [INFO] [CalibrationManager] Değişiklik kaydedildi: AFRTargetTable Hücre [3,4] [0 -> 15]
[18:17:44.892] [INFO] [CalibrationRecoveryManager] Bekleyen işlem temizlendi (başarılı commit).
[18:17:44.892] [INFO] [CalibrationStreamPublisher] Uygulanan değişiklik yayınlandı: Lambda adres: AFRTargetTable[3,4]
[18:17:44.893] [INFO] [AutoTuneEventPublisher] Domain olayı yayınlandı: MapChangeApplied (Oturum: 221c9e7b-804f-4e47-bb91-28cf50af3d0f)
[18:17:44.893] [INFO] [AutoTuneEventPublisher] Domain olayı yayınlandı: DecisionCreated (Oturum: 221c9e7b-804f-4e47-bb91-28cf50af3d0f)
[18:17:44.893] [INFO] [CalibrationSnapshotManager] Snapshot oluşturuldu: 7a12aa3e-7a9b-4b0c-b382-df5c7059bb5e, Hücre sayısı: 1
[18:17:44.894] [INFO] [CalibrationRecoveryManager] Bekleyen işlem kaydedildi: 0aee3ad3-2803-474f-a8e5-df9d113d632c
[18:17:44.896] [INFO] [CalibrationManager] Değişiklik kaydedildi: IgnitionTable Hücre [3,4] [15 -> 16]
[18:17:44.896] [INFO] [CalibrationRecoveryManager] Bekleyen işlem temizlendi (başarılı commit).
[18:17:44.896] [INFO] [CalibrationStreamPublisher] Uygulanan değişiklik yayınlandı: Ignition adres: IgnitionTable[3,4]
[18:17:44.897] [INFO] [AutoTuneEventPublisher] Domain olayı yayınlandı: MapChangeApplied (Oturum: 221c9e7b-804f-4e47-bb91-28cf50af3d0f)
[18:17:44.897] [INFO] [AutoTuneEventPublisher] Domain olayı yayınlandı: DecisionCreated (Oturum: 221c9e7b-804f-4e47-bb91-28cf50af3d0f)
[18:17:44.897] [INFO] [CalibrationSnapshotManager] Snapshot oluşturuldu: 0a1d9f00-4225-4c9e-8a84-ef0385467982, Hücre sayısı: 1
[18:17:44.898] [INFO] [CalibrationRecoveryManager] Bekleyen işlem kaydedildi: 143f7829-2030-47d6-b72a-65625df279b3
[18:17:44.899] [INFO] [CalibrationManager] Değişiklik kaydedildi: FuelVETable Hücre [3,4] [16 -> 60]
[18:17:44.900] [INFO] [CalibrationRecoveryManager] Bekleyen işlem temizlendi (başarılı commit).
[18:17:44.900] [INFO] [CalibrationStreamPublisher] Uygulanan değişiklik yayınlandı: VE adres: FuelVETable[3,4]
[18:17:44.900] [INFO] [AutoTuneEventPublisher] Domain olayı yayınlandı: MapChangeApplied (Oturum: 221c9e7b-804f-4e47-bb91-28cf50af3d0f)
[18:17:44.917] [INFO] [AutoTuneEventPublisher] Domain olayı yayınlandı: TelemetryWindowAccepted (Oturum: 221c9e7b-804f-4e47-bb91-28cf50af3d0f)
[18:17:44.917] [INFO] [AutoTuneEventPublisher] Domain olayı yayınlandı: SafetyViolation (Oturum: 221c9e7b-804f-4e47-bb91-28cf50af3d0f)
[18:17:44.917] [INFO] [AutoTuneEventPublisher] Domain olayı yayınlandı: DecisionCreated (Oturum: 221c9e7b-804f-4e47-bb91-28cf50af3d0f)
[18:17:44.917] [INFO] [CalibrationSnapshotManager] Snapshot oluşturuldu: 6b7b5dd0-b884-4d42-aa86-bd3e64675497, Hücre sayısı: 1
[18:17:44.918] [INFO] [CalibrationRecoveryManager] Bekleyen işlem kaydedildi: f03a29aa-5e0d-4e96-a794-8a8f5532b50e
[18:17:44.920] [INFO] [CalibrationManager] Değişiklik kaydedildi: AFRTargetTable Hücre [3,4] [60 -> 15]
[18:17:44.921] [INFO] [CalibrationRecoveryManager] Bekleyen işlem temizlendi (başarılı commit).
[18:17:44.921] [INFO] [CalibrationStreamPublisher] Uygulanan değişiklik yayınlandı: Lambda adres: AFRTargetTable[3,4]
[18:17:44.922] [INFO] [AutoTuneEventPublisher] Domain olayı yayınlandı: MapChangeApplied (Oturum: 221c9e7b-804f-4e47-bb91-28cf50af3d0f)
[18:17:44.922] [INFO] [AutoTuneEventPublisher] Domain olayı yayınlandı: DecisionCreated (Oturum: 221c9e7b-804f-4e47-bb91-28cf50af3d0f)
[18:17:44.922] [INFO] [CalibrationSnapshotManager] Snapshot oluşturuldu: a49d9025-47c4-4916-8ea2-7013a301cce5, Hücre sayısı: 1
[18:17:44.923] [INFO] [CalibrationRecoveryManager] Bekleyen işlem kaydedildi: cd9b70ea-a7c8-44ee-af0b-00b93c3757d6
[18:17:44.926] [INFO] [CalibrationManager] Değişiklik kaydedildi: IgnitionTable Hücre [3,4] [15 -> 16]
[18:17:44.928] [INFO] [CalibrationRecoveryManager] Bekleyen işlem temizlendi (başarılı commit).
[18:17:44.928] [INFO] [CalibrationStreamPublisher] Uygulanan değişiklik yayınlandı: Ignition adres: IgnitionTable[3,4]
[18:17:44.928] [INFO] [AutoTuneEventPublisher] Domain olayı yayınlandı: MapChangeApplied (Oturum: 221c9e7b-804f-4e47-bb91-28cf50af3d0f)
[18:17:44.928] [INFO] [AutoTuneEventPublisher] Domain olayı yayınlandı: DecisionCreated (Oturum: 221c9e7b-804f-4e47-bb91-28cf50af3d0f)
[18:17:44.928] [INFO] [CalibrationSnapshotManager] Snapshot oluşturuldu: 685faa18-4d3d-4ac9-8163-0debaa9b5ba7, Hücre sayısı: 1
[18:17:44.929] [INFO] [CalibrationRecoveryManager] Bekleyen işlem kaydedildi: a93c4b0e-b0e6-491d-bc66-d00b270ee87d
[18:17:44.936] [WARNING] [RtpCalibrationEngine] Could not save persistent sync queue: The process cannot access the file 'C:\Users\ayhan\OneDrive\Desktop\Canlı OBD2 Araç Telemetri Ekranı\HondaTuner\bin\Debug\net6.0-windows\Database\pending_rtp_queue.json' because it is being used by another process.
[18:17:44.936] [INFO] [CalibrationManager] Değişiklik kaydedildi: FuelVETable Hücre [3,4] [16 -> 60]
[18:17:44.937] [INFO] [CalibrationRecoveryManager] Bekleyen işlem temizlendi (başarılı commit).
[18:17:44.937] [INFO] [CalibrationStreamPublisher] Uygulanan değişiklik yayınlandı: VE adres: FuelVETable[3,4]
[18:17:44.938] [INFO] [AutoTuneEventPublisher] Domain olayı yayınlandı: MapChangeApplied (Oturum: 221c9e7b-804f-4e47-bb91-28cf50af3d0f)
[18:17:44.948] [INFO] [AutoTuneEventPublisher] Domain olayı yayınlandı: TelemetryWindowAccepted (Oturum: 221c9e7b-804f-4e47-bb91-28cf50af3d0f)
[18:17:44.948] [INFO] [AutoTuneEventPublisher] Domain olayı yayınlandı: SafetyViolation (Oturum: 221c9e7b-804f-4e47-bb91-28cf50af3d0f)
[18:17:44.948] [INFO] [AutoTuneEventPublisher] Domain olayı yayınlandı: DecisionCreated (Oturum: 221c9e7b-804f-4e47-bb91-28cf50af3d0f)
[18:17:44.948] [INFO] [CalibrationSnapshotManager] Snapshot oluşturuldu: c3e3ecc3-98a0-4e8f-9148-e0af613254d7, Hücre sayısı: 1
[18:17:44.949] [INFO] [CalibrationRecoveryManager] Bekleyen işlem kaydedildi: e03507de-3842-4ec9-b595-47706397fbf2
[18:17:44.951] [INFO] [CalibrationManager] Değişiklik kaydedildi: AFRTargetTable Hücre [3,4] [60 -> 15]
[18:17:44.952] [INFO] [CalibrationRecoveryManager] Bekleyen işlem temizlendi (başarılı commit).
[18:17:44.953] [INFO] [CalibrationStreamPublisher] Uygulanan değişiklik yayınlandı: Lambda adres: AFRTargetTable[3,4]
[18:17:44.953] [INFO] [AutoTuneEventPublisher] Domain olayı yayınlandı: MapChangeApplied (Oturum: 221c9e7b-804f-4e47-bb91-28cf50af3d0f)
[18:17:44.953] [INFO] [AutoTuneEventPublisher] Domain olayı yayınlandı: DecisionCreated (Oturum: 221c9e7b-804f-4e47-bb91-28cf50af3d0f)
[18:17:44.953] [INFO] [CalibrationSnapshotManager] Snapshot oluşturuldu: 9ab8f55d-fe3b-46c4-ac93-3668fd915b71, Hücre sayısı: 1
[18:17:44.954] [INFO] [CalibrationRecoveryManager] Bekleyen işlem kaydedildi: baaed99c-a29b-4373-b9c2-1743fe3e6827
[18:17:44.956] [INFO] [CalibrationManager] Değişiklik kaydedildi: IgnitionTable Hücre [3,4] [15 -> 16]
[18:17:44.957] [INFO] [CalibrationRecoveryManager] Bekleyen işlem temizlendi (başarılı commit).
[18:17:44.957] [INFO] [CalibrationStreamPublisher] Uygulanan değişiklik yayınlandı: Ignition adres: IgnitionTable[3,4]
[18:17:44.957] [INFO] [AutoTuneEventPublisher] Domain olayı yayınlandı: MapChangeApplied (Oturum: 221c9e7b-804f-4e47-bb91-28cf50af3d0f)
[18:17:44.957] [INFO] [AutoTuneEventPublisher] Domain olayı yayınlandı: DecisionCreated (Oturum: 221c9e7b-804f-4e47-bb91-28cf50af3d0f)
[18:17:44.958] [INFO] [CalibrationSnapshotManager] Snapshot oluşturuldu: 70911b0b-de4f-42a0-89ef-4c99cbd9f403, Hücre sayısı: 1
[18:17:44.959] [INFO] [CalibrationRecoveryManager] Bekleyen işlem kaydedildi: bcba6e3e-dc1a-4ba9-8cef-8147e30ec3f8
[18:17:44.960] [INFO] [CalibrationManager] Değişiklik kaydedildi: FuelVETable Hücre [3,4] [16 -> 60]
[18:17:44.961] [INFO] [CalibrationRecoveryManager] Bekleyen işlem temizlendi (başarılı commit).
[18:17:44.961] [INFO] [CalibrationStreamPublisher] Uygulanan değişiklik yayınlandı: VE adres: FuelVETable[3,4]
[18:17:44.961] [INFO] [AutoTuneEventPublisher] Domain olayı yayınlandı: MapChangeApplied (Oturum: 221c9e7b-804f-4e47-bb91-28cf50af3d0f)
[18:17:44.980] [INFO] [AutoTuneEventPublisher] Domain olayı yayınlandı: TelemetryWindowAccepted (Oturum: 221c9e7b-804f-4e47-bb91-28cf50af3d0f)
[18:17:44.981] [INFO] [AutoTuneEventPublisher] Domain olayı yayınlandı: SafetyViolation (Oturum: 221c9e7b-804f-4e47-bb91-28cf50af3d0f)
[18:17:44.981] [INFO] [AutoTuneEventPublisher] Domain olayı yayınlandı: DecisionCreated (Oturum: 221c9e7b-804f-4e47-bb91-28cf50af3d0f)
[18:17:44.981] [INFO] [CalibrationSnapshotManager] Snapshot oluşturuldu: 32893258-ddb6-437c-9eb0-956c1c26aea4, Hücre sayısı: 1
[18:17:44.982] [INFO] [CalibrationRecoveryManager] Bekleyen işlem kaydedildi: 81ccce2b-02a0-41c0-9c69-aeeeacd38cba
[18:17:44.984] [INFO] [CalibrationManager] Değişiklik kaydedildi: AFRTargetTable Hücre [3,4] [60 -> 15]
[18:17:44.985] [INFO] [CalibrationRecoveryManager] Bekleyen işlem temizlendi (başarılı commit).
[18:17:44.985] [INFO] [CalibrationStreamPublisher] Uygulanan değişiklik yayınlandı: Lambda adres: AFRTargetTable[3,4]
[18:17:44.985] [INFO] [AutoTuneEventPublisher] Domain olayı yayınlandı: MapChangeApplied (Oturum: 221c9e7b-804f-4e47-bb91-28cf50af3d0f)
[18:17:44.985] [INFO] [AutoTuneEventPublisher] Domain olayı yayınlandı: DecisionCreated (Oturum: 221c9e7b-804f-4e47-bb91-28cf50af3d0f)
[18:17:44.985] [INFO] [CalibrationSnapshotManager] Snapshot oluşturuldu: be2162ae-001b-47b6-a3d2-917be581666b, Hücre sayısı: 1
[18:17:44.986] [INFO] [CalibrationRecoveryManager] Bekleyen işlem kaydedildi: 8481b80e-7728-41e4-8ca4-a4d7289aefd2
[18:17:44.988] [INFO] [CalibrationManager] Değişiklik kaydedildi: IgnitionTable Hücre [3,4] [15 -> 16]
[18:17:44.989] [INFO] [CalibrationRecoveryManager] Bekleyen işlem temizlendi (başarılı commit).
[18:17:44.989] [INFO] [CalibrationStreamPublisher] Uygulanan değişiklik yayınlandı: Ignition adres: IgnitionTable[3,4]
[18:17:44.989] [INFO] [AutoTuneEventPublisher] Domain olayı yayınlandı: MapChangeApplied (Oturum: 221c9e7b-804f-4e47-bb91-28cf50af3d0f)
[18:17:44.989] [INFO] [AutoTuneEventPublisher] Domain olayı yayınlandı: DecisionCreated (Oturum: 221c9e7b-804f-4e47-bb91-28cf50af3d0f)
[18:17:44.989] [INFO] [CalibrationSnapshotManager] Snapshot oluşturuldu: 136f5ce3-efd6-4099-982e-b67a18fcd18d, Hücre sayısı: 1
[18:17:44.990] [INFO] [CalibrationRecoveryManager] Bekleyen işlem kaydedildi: 82c76728-db8c-4d39-8d9a-37c29b79b67a
[18:17:44.992] [INFO] [CalibrationManager] Değişiklik kaydedildi: FuelVETable Hücre [3,4] [16 -> 60]
[18:17:44.993] [INFO] [CalibrationRecoveryManager] Bekleyen işlem temizlendi (başarılı commit).
[18:17:44.993] [INFO] [CalibrationStreamPublisher] Uygulanan değişiklik yayınlandı: VE adres: FuelVETable[3,4]
[18:17:44.993] [INFO] [AutoTuneEventPublisher] Domain olayı yayınlandı: MapChangeApplied (Oturum: 221c9e7b-804f-4e47-bb91-28cf50af3d0f)
[18:17:45.011] [INFO] [AutoTuneEventPublisher] Domain olayı yayınlandı: TelemetryWindowAccepted (Oturum: 221c9e7b-804f-4e47-bb91-28cf50af3d0f)
[18:17:45.012] [INFO] [AutoTuneEventPublisher] Domain olayı yayınlandı: SafetyViolation (Oturum: 221c9e7b-804f-4e47-bb91-28cf50af3d0f)
[18:17:45.012] [INFO] [AutoTuneEventPublisher] Domain olayı yayınlandı: DecisionCreated (Oturum: 221c9e7b-804f-4e47-bb91-28cf50af3d0f)
[18:17:45.012] [INFO] [CalibrationSnapshotManager] Snapshot oluşturuldu: bcfd4a47-c82c-40d3-94a1-b3d3a20bf156, Hücre sayısı: 1
[18:17:45.013] [INFO] [CalibrationRecoveryManager] Bekleyen işlem kaydedildi: 50fb3d89-da24-4b34-8fc9-62778c4c29f7
[18:17:45.015] [INFO] [CalibrationManager] Değişiklik kaydedildi: AFRTargetTable Hücre [3,4] [60 -> 15]
[18:17:45.016] [INFO] [CalibrationRecoveryManager] Bekleyen işlem temizlendi (başarılı commit).
[18:17:45.016] [INFO] [CalibrationStreamPublisher] Uygulanan değişiklik yayınlandı: Lambda adres: AFRTargetTable[3,4]
[18:17:45.016] [INFO] [AutoTuneEventPublisher] Domain olayı yayınlandı: MapChangeApplied (Oturum: 221c9e7b-804f-4e47-bb91-28cf50af3d0f)
[18:17:45.016] [INFO] [AutoTuneEventPublisher] Domain olayı yayınlandı: DecisionCreated (Oturum: 221c9e7b-804f-4e47-bb91-28cf50af3d0f)
[18:17:45.016] [INFO] [CalibrationSnapshotManager] Snapshot oluşturuldu: 6a8435ed-204a-440d-ae82-ff58fcc1922f, Hücre sayısı: 1
[18:17:45.017] [INFO] [CalibrationRecoveryManager] Bekleyen işlem kaydedildi: e26c3908-0758-4d0e-908b-8d7c76402f8b
[18:17:45.019] [INFO] [CalibrationManager] Değişiklik kaydedildi: IgnitionTable Hücre [3,4] [15 -> 16]
[18:17:45.020] [INFO] [CalibrationRecoveryManager] Bekleyen işlem temizlendi (başarılı commit).
[18:17:45.020] [INFO] [CalibrationStreamPublisher] Uygulanan değişiklik yayınlandı: Ignition adres: IgnitionTable[3,4]
[18:17:45.020] [INFO] [AutoTuneEventPublisher] Domain olayı yayınlandı: MapChangeApplied (Oturum: 221c9e7b-804f-4e47-bb91-28cf50af3d0f)
[18:17:45.020] [INFO] [AutoTuneEventPublisher] Domain olayı yayınlandı: DecisionCreated (Oturum: 221c9e7b-804f-4e47-bb91-28cf50af3d0f)
[18:17:45.020] [INFO] [CalibrationSnapshotManager] Snapshot oluşturuldu: eef5abdd-494a-45eb-a76f-0d45a524a00b, Hücre sayısı: 1
[18:17:45.021] [INFO] [CalibrationRecoveryManager] Bekleyen işlem kaydedildi: bc12677b-38b3-4c05-a6b3-d62c52d49ad0
[18:17:45.023] [INFO] [CalibrationManager] Değişiklik kaydedildi: FuelVETable Hücre [3,4] [16 -> 60]
[18:17:45.024] [INFO] [CalibrationRecoveryManager] Bekleyen işlem temizlendi (başarılı commit).
[18:17:45.024] [INFO] [CalibrationStreamPublisher] Uygulanan değişiklik yayınlandı: VE adres: FuelVETable[3,4]
[18:17:45.024] [INFO] [AutoTuneEventPublisher] Domain olayı yayınlandı: MapChangeApplied (Oturum: 221c9e7b-804f-4e47-bb91-28cf50af3d0f)
[18:17:45.043] [INFO] [AutoTuneEventPublisher] Domain olayı yayınlandı: TelemetryWindowAccepted (Oturum: 221c9e7b-804f-4e47-bb91-28cf50af3d0f)
[18:17:45.043] [INFO] [AutoTuneEventPublisher] Domain olayı yayınlandı: SafetyViolation (Oturum: 221c9e7b-804f-4e47-bb91-28cf50af3d0f)
[18:17:45.043] [INFO] [AutoTuneEventPublisher] Domain olayı yayınlandı: DecisionCreated (Oturum: 221c9e7b-804f-4e47-bb91-28cf50af3d0f)
[18:17:45.043] [INFO] [CalibrationSnapshotManager] Snapshot oluşturuldu: 73e27065-f5cd-4f80-b4e1-7a4bfe3794f4, Hücre sayısı: 1
[18:17:45.045] [INFO] [CalibrationRecoveryManager] Bekleyen işlem kaydedildi: 9f052848-b262-4178-8909-8c932145b740
[18:17:45.046] [INFO] [CalibrationManager] Değişiklik kaydedildi: AFRTargetTable Hücre [3,4] [60 -> 15]
[18:17:45.047] [INFO] [CalibrationRecoveryManager] Bekleyen işlem temizlendi (başarılı commit).
[18:17:45.047] [INFO] [CalibrationStreamPublisher] Uygulanan değişiklik yayınlandı: Lambda adres: AFRTargetTable[3,4]
[18:17:45.048] [INFO] [AutoTuneEventPublisher] Domain olayı yayınlandı: MapChangeApplied (Oturum: 221c9e7b-804f-4e47-bb91-28cf50af3d0f)
[18:17:45.048] [INFO] [AutoTuneEventPublisher] Domain olayı yayınlandı: DecisionCreated (Oturum: 221c9e7b-804f-4e47-bb91-28cf50af3d0f)
[18:17:45.048] [INFO] [CalibrationSnapshotManager] Snapshot oluşturuldu: 6249a954-4d4a-4cb5-8dc2-8ee205a69884, Hücre sayısı: 1
[18:17:45.049] [INFO] [CalibrationRecoveryManager] Bekleyen işlem kaydedildi: 2dfd4ecb-74ab-4802-95b8-f4608d7e8820
[18:17:45.050] [INFO] [CalibrationManager] Değişiklik kaydedildi: IgnitionTable Hücre [3,4] [15 -> 16]
[18:17:45.051] [INFO] [CalibrationRecoveryManager] Bekleyen işlem temizlendi (başarılı commit).
[18:17:45.051] [INFO] [CalibrationStreamPublisher] Uygulanan değişiklik yayınlandı: Ignition adres: IgnitionTable[3,4]
[18:17:45.052] [INFO] [AutoTuneEventPublisher] Domain olayı yayınlandı: MapChangeApplied (Oturum: 221c9e7b-804f-4e47-bb91-28cf50af3d0f)
[18:17:45.052] [INFO] [AutoTuneEventPublisher] Domain olayı yayınlandı: DecisionCreated (Oturum: 221c9e7b-804f-4e47-bb91-28cf50af3d0f)
[18:17:45.052] [INFO] [CalibrationSnapshotManager] Snapshot oluşturuldu: 0dbfb8f3-724b-4e99-a70e-bab69ae439e9, Hücre sayısı: 1
[18:17:45.053] [INFO] [CalibrationRecoveryManager] Bekleyen işlem kaydedildi: 912a6598-0e64-41d9-883f-09868ef98597
[18:17:45.055] [INFO] [CalibrationManager] Değişiklik kaydedildi: FuelVETable Hücre [3,4] [16 -> 60]
[18:17:45.056] [INFO] [CalibrationRecoveryManager] Bekleyen işlem temizlendi (başarılı commit).
[18:17:45.056] [INFO] [CalibrationStreamPublisher] Uygulanan değişiklik yayınlandı: VE adres: FuelVETable[3,4]
[18:17:45.056] [INFO] [AutoTuneEventPublisher] Domain olayı yayınlandı: MapChangeApplied (Oturum: 221c9e7b-804f-4e47-bb91-28cf50af3d0f)
[18:17:45.383] [INFO] [AutoTuneEventPublisher] Domain olayı yayınlandı: SessionStopped (Oturum: 221c9e7b-804f-4e47-bb91-28cf50af3d0f)
[18:17:45.579] [INFO] [TestHarness] Test tamamlandÄ±: 110 geÃ§ti, 0 kaldÄ±
[18:17:45.579] [WARNING] [RomIdentifier] ROM imzası hiçbir ECU profiliyle eşleşmedi.
[18:17:45.579] [INFO] [Program] Test sonuçları:
â•â•â•â•â•â•â•â•â•â•â•â•â•â•â•â•â•â•â•â•â•â•â•â•â•â•â•â•â•â•â•â•â•â•â•â•â•â•â•â•â•â•â•â•â•â•â•
  HONDATUNER â€” OTOMATÄ°K TEST SÃœÄ°TÄ°
â•â•â•â•â•â•â•â•â•â•â•â•â•â•â•â•â•â•â•â•â•â•â•â•â•â•â•â•â•â•â•â•â•â•â•â•â•â•â•â•â•â•â•â•â•â•â•

â”€â”€ ROM Testleri â”€â”€â”€â”€â”€â”€â”€â”€â”€â”€â”€â”€â”€â”€â”€â”€â”€â”€â”€â”€â”€â”€â”€â”€â”€â”€â”€â”€â”€â”€
  ✅ ROM Identifier â€” 32KB boÅŸ ROM tanÄ±ma
  ✅ ROM Identifier â€” yanlÄ±ÅŸ boyut reddi
  ✅ ROM Patch â€” doÄŸrulama ve uygulama
  ✅ ROM Patch â€” rollback geri yÃ¼kleme

â”€â”€ Kalibrasyon Testleri â”€â”€â”€â”€â”€â”€â”€â”€â”€â”€â”€â”€â”€â”€â”€â”€â”€â”€â”€â”€â”€â”€â”€
  ✅ Injector Scaling â€” 240â†’440cc
  ✅ Injector Scaling â€” clamp to 255
  ✅ Calibration Engine â€” Commit applies value to ROM buffer
  ✅ Calibration Engine â€” Rollback restores original values in ROM buffer
  ✅ Calibration Engine â€” Undo and Redo states are fully synchronized
  ✅ Calibration Engine â€” Safety validator rejects OOR Rev Limit changes

â”€â”€ Faz 4: Map Engine & Interpolation Testleri â”€â”€
  ✅ Map Engine â€” Cell write and read accuracy
  ✅ Map Engine â€” Scale factors conversion logic
  ✅ Map Engine â€” Invalid offset out-of-range bounds check
  ✅ Map Engine â€” Transaction commits, rollbacks, and Undo/Redo integration
  ✅ Interpolation â€” 4 neighbor bilinear cell weight sum equals exactly 1.0

â”€â”€ AutoTune GÃ¼venlik Testleri â”€â”€â”€â”€â”€â”€â”€â”€â”€â”€â”€â”€â”€â”€â”€â”€â”€
  ✅ AutoTune â€” dÃ¼ÅŸÃ¼k ECT reddi
  ✅ AutoTune â€” dÃ¼ÅŸÃ¼k batarya reddi
  ✅ AutoTune â€” dÃ¼zeltme kÄ±rpma (Â±12%)

── Faz 5: Checksum Engine & Safety Layer Testleri ──
  ✅ Checksum â€” Stock ROM passes validation
  ✅ Checksum â€” Corrupt byte fails validation
  ✅ Checksum â€” Map change updates checksum successfully
  ✅ Checksum â€” VerifyBeforeSave detects bad checksum and returns false
  ✅ Checksum â€” Reloaded ROM checksum is valid
  ✅ Checksum â€” Multiple regions validation is successful

── ROM Patch Engine v2 Testleri ──
  ✅ PatchEngine — Başarılı Yama Uygulama
  ✅ PatchEngine — Yanlış ExpectedBytes Koruması
  ✅ PatchEngine — Uyumsuz ECU Koruması
  ✅ PatchEngine — ROM Boyut Limiti Koruması
  ✅ PatchEngine — Yamayı Geri Alma (Rollback)
  ✅ PatchEngine — İşlem (Transaction) Commit Entegrasyonu
  ✅ PatchEngine — İşlem Geri Alma (Transaction Rollback)
  ✅ PatchEngine — Otomatik Checksum Güncelleme
  ✅ PatchEngine — Audit Loglama Kontrolü
  ✅ PatchEngine — Profil Destekli Yamaları Bulma

── Phase 7: Telemetry & Live Datalog Bus Engine Testleri ──
  ✅ Telemetry - Event Bus Publish & Subscribe
  ✅ Telemetry - Event Bus Metrics Kontrolü
  ✅ Telemetry - Kanalsal Matematiksel Formül Çözümleme
  ✅ Telemetry - Backpressure DropOldest Politikası
  ✅ Telemetry - Backpressure DropNewest Politikası
  ✅ Telemetry - Backpressure BlockPublisher Politikası
  ✅ Telemetry - Yapılandırma Dosya İzleyicisi (Hot Reload)
  ✅ Telemetry - Erişim Kontrolü Yetkilendirme Hiyerarşisi
  ✅ Telemetry - SystemClock Monotonic Ticks
  ✅ Telemetry - HighResolutionClock Performance Ticks
  ✅ Telemetry - ReplayClock Geri Oynatıcı Zaman Akışı
  ✅ Telemetry - Dairesel Bellek (RingBuffer) Kapasite Tanımı
  ✅ Telemetry - RingBuffer Aşımında Overwrite (FIFO Overlay)
  ✅ Telemetry - Moving Average Gürültü Azaltma Filtresi
  ✅ Telemetry - Median (Ortanca) Filtreleme
  ✅ Telemetry - LowPass Üstel Sinyal Yumuşatma
  ✅ Telemetry - HighPass Dalgalanma Odaklı Sinyal Filtresi
  ✅ Telemetry - MockProvider Canlı Veri Akış Simülasyonu
  ✅ Telemetry - Sağlık İzleme (HealthMonitor) Parametreleri
  ✅ Telemetry - HealthMonitor Bağlantı Kaybı Anomali Algılama
  ✅ Telemetry - Analiz Hattı (AnalyzerPipeline) Sıralı Çalışma
  ✅ Telemetry - Engine Profil Geçiş Yönetimi (Street -> Dyno)
  ✅ Telemetry - Engine Canlı Datalogging Yaşam Döngüsü
  ✅ Telemetry - GC Basıncını Azaltan Frame Nesne Havuzu
  ✅ Telemetry - Salt-Okunur (Immutable) Snaphsot Yapısı
  ✅ Telemetry - Multi-Thread Veri Giriş Stress Testi

── Phase 8: AutoTune Closed Loop Engine Testleri ──
  ✅ AutoTune - State transitions (Start, Pause, Resume, Stop) lifecycle verification
  ✅ AutoTune - Confidence score calculation under low deviation is high
  ✅ AutoTune - Confidence score calculation under high deviation is low
  ✅ AutoTune - Stable window filter standard deviation and length checks
  ✅ AutoTune - Config validator rejects JSON with missing target attributes
  ✅ AutoTune - Config validator rejects out of bounds parameter variables
  ✅ AutoTune - ParameterType safety enum structure check
  ✅ AutoTune - Session manager multi session conflict prevention
  ✅ AutoTune - Session manager releases lock and allows new allocation
  ✅ AutoTune - Recovery manager logs interrupt trace successfully to file
  ✅ AutoTune - Recovery manager restores trace and validates details
  ✅ AutoTune - Diff engine returns detailed comparison matrix values
  ✅ AutoTune - CSV Package export contains session identity and values
  ✅ AutoTune - Replay simulator matches telemetry lists deterministically
  ✅ AutoTune - SafetyRuleProvider loads dynamic rules successfully
  ✅ AutoTune - QualityScoreCalculator rates stoichiometric history cleanly near 100
  ✅ AutoTune - Telemetry loss pause and reconnect validation cycle
  ✅ AutoTune - Domain event emitter publishes valid structured transition events
  ✅ AutoTune - Calibration RTP stream publishing streams virtual changes
  ✅ AutoTune - Replay validation checks run determinism bounds
  ✅ AutoTune - Persistence layer correctly serializes state machine records and migrates schema V1 to V2
  ✅ AutoTune - Query service retrieves session lists correctly
  ✅ AutoTune - Command service issues control triggers successfully
  ✅ AutoTune - Hardware checks and SafeMode blocks writing calibrations
  ✅ AutoTune - Cell lock manager acquires, releases and traps conflicts

── Faz 9: RTP Emulator & Real-Time Calibration Engine Testleri ──
  ✅ RTP - Engine correctly registers and resolves from DI ServiceContainer
  ✅ RTP - Connection state machine cycles correctly through all states
  ✅ RTP - Transient write failures trigger automatic retries and recover successfully
  ✅ RTP - Consecutive calibration edits coalesce into a single block write
  ✅ RTP - Multi-threaded queue guarantees strict sequential write ordering
  ✅ RTP - Execution latency benchmark tracking meets target limits
  ✅ RTP - Engine sustains high-frequency (500+) update throughput stress
  ✅ RTP - Background sync worker terminates cleanly on CancellationToken request
  ✅ RTP - Hardware disconnect automatically halts sync and raises Faulted event
  ✅ RTP - Enforces read-back verification after writing values to emulator
  ✅ RTP - Idempotent synchronization ignores duplicate writes to target cells
  ✅ RTP - Backpressure policy DropOldest purges oldest queued changes under load
  ✅ RTP - Backpressure policy RejectNewest drops new updates under queue overflow
  ✅ RTP - Backpressure policy BlockProducer controls producer rates correctly
  ✅ RTP - Validation layer rejects bad config schema values at initialization
  ✅ RTP - Restores un-synced calibration state queue records on startup
  ✅ RTP - Synchronizes concurrently applied AutoTune decisions to hardware
  ✅ TestMetadata_SerializationAndValidation
  ✅ TestReverseEngineering_ExtractionAndDecompilation
  ✅ TestAdvancedFuelCorrections
  ✅ TestAdvancedIgnition_DecodingAndCalibration
  ✅ TestVtecAndBoostControl_LogicAndAlarms
  ✅ TestEngineProtection_SafetiesAndAlarms
  ✅ TestDiagnosticsAndProtocols_A2LAndFreezeFrames
  ✅ TestDynoLogsAndVersions_EstimationAndBranches

â•â•â•â•â•â•â•â•â•â•â•â•â•â•â•â•â•â•â•â•â•â•â•â•â•â•â•â•â•â•â•â•â•â•â•â•â•â•â•â•â•â•â•â•â•â•â•
  SONUÃ‡: 110 baÅŸarÄ±lÄ±, 0 baÅŸarÄ±sÄ±z
â•â•â•â•â•â•â•â•â•â•â•â•â•â•â•â•â•â•â•â•â•â•â•â•â•â•â•â•â•â•â•â•â•â•â•â•â•â•â•â•â•â•â•â•â•â•â•
[18:17:45.580] [INFO] [Program] Örnek ROM test sonuçları:
── Örnek ROM Test Çerçevesi ───────────────────
  ✅ Checksum offset geçerli
  ✅ Bozuk ROM reddedildi
  ✅ Fuel map sınırları geçerli
  ✅ Ignition map sınırları geçerli
  ✅ Tüm profiller 32KB ROM boyutu

  Sonuç: 5 geçti, 0 kaldı
[18:17:45.679] [INFO] [EcuPinoutManager] 24 OBD1 ECU pin tanımlaması başarıyla yüklendi.
[18:17:57.270] [WARNING] [RomIdentifier] ROM imzası hiçbir ECU profiliyle eşleşmedi.
[18:24:49.907] [INFO] [AutoTuneSafetyManager] Güvenlik limitleri yüklendi. Etkin kural sayısı: 4
[18:24:49.908] [INFO] [AutoTuneEventPublisher] Domain olayı yayınlandı: SessionCreated (Oturum: f0e47a09-14ee-48e4-89f5-b2617622f7c3)
[18:24:49.910] [INFO] [AutoTuneEngine] Oturum başarıyla başlatıldı: f0e47a09-14ee-48e4-89f5-b2617622f7c3
[18:24:59.229] [INFO] [AutoTuneEventPublisher] Domain olayı yayınlandı: SessionStopped (Oturum: f0e47a09-14ee-48e4-89f5-b2617622f7c3)
[18:25:02.148] [INFO] [AutoTuneSafetyManager] Güvenlik limitleri yüklendi. Etkin kural sayısı: 4
[18:25:02.148] [INFO] [AutoTuneEventPublisher] Domain olayı yayınlandı: SessionCreated (Oturum: f8da9a92-5689-4a4e-84b9-1cdddaa20d09)
[18:25:02.151] [INFO] [AutoTuneEngine] Oturum başarıyla başlatıldı: f8da9a92-5689-4a4e-84b9-1cdddaa20d09
