[00:39:41.461] [INFO] [RomIdentifier] ECU Tanımlandı: P06 (Confidence: %45,7)
[00:39:41.465] [WARNING] [RomIdentifier] ROM imzası hiçbir ECU profiliyle eşleşmedi.
[00:39:41.466] [INFO] [RomPatchManager] Yama uygulandı: TEST_PATCH_1 @ 0x000A
[00:39:41.466] [INFO] [RomPatchManager] Yama uygulandı: TEST_PATCH_ROLLBACK @ 0x000A
[00:39:41.466] [INFO] [RomPatchManager] Yama geri alındı: TEST_PATCH_ROLLBACK
[00:39:41.467] [INFO] [InjectorManager] Fuel haritası ölçeklendi: 240cc → 440cc (oran: 0,545)
[00:39:41.468] [INFO] [InjectorManager] Fuel haritası ölçeklendi: 440cc → 240cc (oran: 1,833)
[00:39:41.525] [INFO] [CalibrationManager] Değişiklik kaydedildi: Fuel Cell [0,0] [50 -> 60]
[00:39:41.527] [INFO] [CalibrationManager] Değişiklik kaydedildi: Fuel Cell [0,0] [50 -> 60]
[00:39:41.528] [INFO] [CalibrationManager] Değişiklik kaydedildi: Fuel Cell [0,0] [50 -> 75]
[00:39:41.536] [INFO] [CalibrationManager] Değişiklik kaydedildi: FuelMapTest Hücre [4,5] [0 -> 123]
[00:39:41.547] [INFO] [CalibrationManager] Değişiklik kaydedildi: FuelMapTest Hücre [0,0] [0 -> 125]
[00:39:41.557] [INFO] [CalibrationManager] Değişiklik kaydedildi: FuelMapTest Hücre [1,1] [0 -> 150]
[00:39:41.569] [INFO] [CalibrationManager] Değişiklik kaydedildi: FuelMapTest Hücre [1,1] [0 -> 150]
[00:39:41.587] [DEBUG] [AutoTuneValidator] Reddedildi [ECT_LOW]: Motor sıcaklığı düşük: 50°C < 72°C
[00:39:41.587] [DEBUG] [AutoTuneValidator] Reddedildi [BATT_LOW]: Batarya düşük: 10,5V < 12V
[00:39:41.611] [INFO] [EcuDatabaseManager] Toplam 8 dinamik ECU profili yüklendi.
[00:39:41.626] [INFO] [ChecksumTest] [TRACE-1] romBuffer[0]=00
[00:39:41.635] [INFO] [ChecksumTest] [TRACE-2] tempFile[0]=00
[00:39:41.636] [INFO] [ChecksumTest] [TRACE-3] loadedBuffer[0]=00
[00:39:41.636] [INFO] [ChecksumTest] [TRACE-4] beforeSaveBuffer[0]=00
[00:39:41.640] [INFO] [ChecksumTest] [TRACE-5] afterSaveParserBuffer[0]=00
[00:39:41.646] [INFO] [ChecksumTest] [TRACE-6] reloadedFile[0]=00
[00:39:41.654] [INFO] [CalibrationManager] Değişiklik kaydedildi: Patch.LaunchControl.Byte0 [144 -> 205]
[00:39:41.664] [INFO] [CalibrationManager] Değişiklik kaydedildi: Patch.LaunchControl.Byte1 [144 -> 25]
[00:39:41.667] [INFO] [PatchEngine] Yama başarıyla uygulandı: LaunchControl @ 0x1FB0
[00:39:41.674] [INFO] [CalibrationManager] Değişiklik kaydedildi: Patch.LaunchControl.Byte0 [144 -> 205]
[00:39:41.686] [INFO] [CalibrationManager] Değişiklik kaydedildi: Patch.LaunchControl.Byte1 [144 -> 25]
[00:39:41.688] [INFO] [PatchEngine] Yama başarıyla uygulandı: LaunchControl @ 0x1FB0
[00:39:41.694] [INFO] [CalibrationManager] Değişiklik kaydedildi: Patch.LaunchControl.Byte0 [205 -> 144]
[00:39:41.704] [INFO] [CalibrationManager] Değişiklik kaydedildi: Patch.LaunchControl.Byte1 [25 -> 144]
[00:39:41.706] [INFO] [PatchEngine] Yama başarıyla geri alındı (Rollback): LaunchControl
[00:39:41.712] [INFO] [CalibrationManager] Değişiklik kaydedildi: Patch.LaunchControl.Byte0 [144 -> 205]
[00:39:41.721] [INFO] [CalibrationManager] Değişiklik kaydedildi: Patch.LaunchControl.Byte1 [144 -> 25]
[00:39:41.723] [INFO] [PatchEngine] Yama başarıyla uygulandı: LaunchControl @ 0x1FB0
[00:39:41.734] [INFO] [CalibrationManager] Değişiklik kaydedildi: Patch.LaunchControl.Byte0 [144 -> 205]
[00:39:41.744] [INFO] [CalibrationManager] Değişiklik kaydedildi: Patch.LaunchControl.Byte1 [144 -> 25]
[00:39:41.746] [INFO] [PatchEngine] Yama başarıyla uygulandı: LaunchControl @ 0x1FB0
[00:39:41.764] [INFO] [CalibrationManager] Değişiklik kaydedildi: Patch.LaunchControl.Byte0 [144 -> 205]
[00:39:41.774] [INFO] [CalibrationManager] Değişiklik kaydedildi: Patch.LaunchControl.Byte1 [144 -> 25]
[00:39:41.776] [INFO] [PatchEngine] Yama başarıyla uygulandı: LaunchControl @ 0x1FB0
[00:39:41.786] [INFO] [CalibrationManager] Değişiklik kaydedildi: Patch.LaunchControl.Byte0 [144 -> 205]
[00:39:41.795] [INFO] [CalibrationManager] Değişiklik kaydedildi: Patch.LaunchControl.Byte1 [144 -> 25]
[00:39:41.797] [INFO] [PatchEngine] Yama başarıyla uygulandı: LaunchControl @ 0x1FB0
[00:39:43.499] [INFO] [AutoTuneSafetyManager] Güvenlik limitleri yüklendi. Etkin kural sayısı: 4
[00:39:43.499] [INFO] [AutoTuneEventPublisher] Domain olayı yayınlandı: SessionCreated (Oturum: e1e7dda1-1929-452c-9fc6-7157c7f417e4)
[00:39:43.499] [INFO] [AutoTuneEngine] Oturum başarıyla başlatıldı: e1e7dda1-1929-452c-9fc6-7157c7f417e4
[00:39:43.500] [INFO] [AutoTuneEventPublisher] Domain olayı yayınlandı: SessionPaused (Oturum: e1e7dda1-1929-452c-9fc6-7157c7f417e4)
[00:39:43.501] [INFO] [AutoTuneEventPublisher] Domain olayı yayınlandı: SessionResumed (Oturum: e1e7dda1-1929-452c-9fc6-7157c7f417e4)
[00:39:43.501] [INFO] [AutoTuneEventPublisher] Domain olayı yayınlandı: SessionStopped (Oturum: e1e7dda1-1929-452c-9fc6-7157c7f417e4)
[00:39:43.510] [INFO] [CalibrationRecoveryManager] Bekleyen işlem kaydedildi: TX-TEMP
[00:39:43.520] [INFO] [CalibrationRecoveryManager] Bekleyen işlem temizlendi (başarılı commit).
[00:39:43.522] [INFO] [CalibrationRecoveryManager] Bekleyen işlem kaydedildi: TX-TEMP2
[00:39:43.530] [INFO] [CalibrationRecoveryManager] Yarım kalmış işlem geri yükleniyor: TX-TEMP2
[00:39:43.531] [INFO] [CalibrationSnapshotManager] Snapshot geri yükleniyor: SNAP-TEMP2, Kurtarılacak hücre: 1
[00:39:43.532] [INFO] [CalibrationRecoveryManager] Bekleyen işlem temizlendi (başarılı commit).
[00:39:43.536] [INFO] [AutoTuneSafetyManager] Güvenlik limitleri yüklendi. Etkin kural sayısı: 4
[00:39:43.536] [INFO] [AutoTuneEventPublisher] Domain olayı yayınlandı: SessionCreated (Oturum: 677153ec-38d1-4d48-891d-0f71402b5274)
[00:39:43.536] [INFO] [AutoTuneEngine] Oturum başarıyla başlatıldı: 677153ec-38d1-4d48-891d-0f71402b5274
[00:39:43.537] [INFO] [AutoTuneEventPublisher] Domain olayı yayınlandı: SessionPaused (Oturum: 677153ec-38d1-4d48-891d-0f71402b5274)
[00:39:43.537] [INFO] [AutoTuneEventPublisher] Domain olayı yayınlandı: SessionResumed (Oturum: 677153ec-38d1-4d48-891d-0f71402b5274)
[00:39:43.537] [INFO] [AutoTuneEventPublisher] Domain olayı yayınlandı: SessionStopped (Oturum: 677153ec-38d1-4d48-891d-0f71402b5274)
[00:39:43.538] [INFO] [AutoTuneSafetyManager] Güvenlik limitleri yüklendi. Etkin kural sayısı: 4
[00:39:43.538] [INFO] [AutoTuneEventPublisher] Domain olayı yayınlandı: SessionCreated (Oturum: d5e94ce2-c0f5-41fc-a6d9-9502e983eee2)
[00:39:43.538] [INFO] [AutoTuneEngine] Oturum başarıyla başlatıldı: d5e94ce2-c0f5-41fc-a6d9-9502e983eee2
[00:39:43.538] [INFO] [AutoTuneEventPublisher] Domain olayı yayınlandı: SessionStopped (Oturum: d5e94ce2-c0f5-41fc-a6d9-9502e983eee2)
[00:39:43.539] [INFO] [AutoTuneSafetyManager] Güvenlik limitleri yüklendi. Etkin kural sayısı: 4
[00:39:43.539] [INFO] [AutoTuneEventPublisher] Domain olayı yayınlandı: SessionCreated (Oturum: bde892ea-dd53-49ac-a786-c07e10b79c15)
[00:39:43.540] [INFO] [AutoTuneEngine] Oturum başarıyla başlatıldı: bde892ea-dd53-49ac-a786-c07e10b79c15
[00:39:43.540] [INFO] [AutoTuneEventPublisher] Domain olayı yayınlandı: TelemetryWindowAccepted (Oturum: bde892ea-dd53-49ac-a786-c07e10b79c15)
[00:39:43.544] [INFO] [AutoTuneEventPublisher] Domain olayı yayınlandı: DecisionCreated (Oturum: bde892ea-dd53-49ac-a786-c07e10b79c15)
[00:39:43.546] [INFO] [CalibrationStreamPublisher] Uygulanan değişiklik yayınlandı: Fuel adres: FuelVETable[3,4]
[00:39:43.548] [INFO] [AutoTuneEventPublisher] Domain olayı yayınlandı: DecisionCreated (Oturum: bde892ea-dd53-49ac-a786-c07e10b79c15)
[00:39:43.548] [INFO] [CalibrationStreamPublisher] Uygulanan değişiklik yayınlandı: Lambda adres: AFRTargetTable[3,4]
[00:39:43.548] [INFO] [AutoTuneEventPublisher] Domain olayı yayınlandı: DecisionCreated (Oturum: bde892ea-dd53-49ac-a786-c07e10b79c15)
[00:39:43.548] [INFO] [CalibrationStreamPublisher] Uygulanan değişiklik yayınlandı: Ignition adres: IgnitionTable[3,4]
[00:39:43.549] [INFO] [AutoTuneEventPublisher] Domain olayı yayınlandı: DecisionCreated (Oturum: bde892ea-dd53-49ac-a786-c07e10b79c15)
[00:39:43.549] [INFO] [CalibrationStreamPublisher] Uygulanan değişiklik yayınlandı: VE adres: FuelVETable[3,4]
[00:39:43.550] [INFO] [AutoTuneEventPublisher] Domain olayı yayınlandı: TelemetryWindowAccepted (Oturum: bde892ea-dd53-49ac-a786-c07e10b79c15)
[00:39:43.550] [INFO] [AutoTuneEventPublisher] Domain olayı yayınlandı: DecisionCreated (Oturum: bde892ea-dd53-49ac-a786-c07e10b79c15)
[00:39:43.551] [INFO] [CalibrationStreamPublisher] Uygulanan değişiklik yayınlandı: Fuel adres: FuelVETable[3,4]
[00:39:43.551] [INFO] [AutoTuneEventPublisher] Domain olayı yayınlandı: DecisionCreated (Oturum: bde892ea-dd53-49ac-a786-c07e10b79c15)
[00:39:43.551] [INFO] [CalibrationStreamPublisher] Uygulanan değişiklik yayınlandı: Lambda adres: AFRTargetTable[3,4]
[00:39:43.551] [INFO] [AutoTuneEventPublisher] Domain olayı yayınlandı: DecisionCreated (Oturum: bde892ea-dd53-49ac-a786-c07e10b79c15)
[00:39:43.551] [INFO] [CalibrationStreamPublisher] Uygulanan değişiklik yayınlandı: Ignition adres: IgnitionTable[3,4]
[00:39:43.551] [INFO] [AutoTuneEventPublisher] Domain olayı yayınlandı: DecisionCreated (Oturum: bde892ea-dd53-49ac-a786-c07e10b79c15)
[00:39:43.552] [INFO] [CalibrationStreamPublisher] Uygulanan değişiklik yayınlandı: VE adres: FuelVETable[3,4]
[00:39:43.552] [INFO] [AutoTuneEventPublisher] Domain olayı yayınlandı: TelemetryWindowAccepted (Oturum: bde892ea-dd53-49ac-a786-c07e10b79c15)
[00:39:43.552] [INFO] [AutoTuneEventPublisher] Domain olayı yayınlandı: DecisionCreated (Oturum: bde892ea-dd53-49ac-a786-c07e10b79c15)
[00:39:43.552] [INFO] [CalibrationStreamPublisher] Uygulanan değişiklik yayınlandı: Fuel adres: FuelVETable[3,4]
[00:39:43.552] [INFO] [AutoTuneEventPublisher] Domain olayı yayınlandı: DecisionCreated (Oturum: bde892ea-dd53-49ac-a786-c07e10b79c15)
[00:39:43.552] [INFO] [CalibrationStreamPublisher] Uygulanan değişiklik yayınlandı: Lambda adres: AFRTargetTable[3,4]
[00:39:43.552] [INFO] [AutoTuneEventPublisher] Domain olayı yayınlandı: DecisionCreated (Oturum: bde892ea-dd53-49ac-a786-c07e10b79c15)
[00:39:43.552] [INFO] [CalibrationStreamPublisher] Uygulanan değişiklik yayınlandı: Ignition adres: IgnitionTable[3,4]
[00:39:43.553] [INFO] [AutoTuneEventPublisher] Domain olayı yayınlandı: DecisionCreated (Oturum: bde892ea-dd53-49ac-a786-c07e10b79c15)
[00:39:43.553] [INFO] [CalibrationStreamPublisher] Uygulanan değişiklik yayınlandı: VE adres: FuelVETable[3,4]
[00:39:43.553] [INFO] [AutoTuneEventPublisher] Domain olayı yayınlandı: TelemetryWindowAccepted (Oturum: bde892ea-dd53-49ac-a786-c07e10b79c15)
[00:39:43.553] [INFO] [AutoTuneEventPublisher] Domain olayı yayınlandı: DecisionCreated (Oturum: bde892ea-dd53-49ac-a786-c07e10b79c15)
[00:39:43.553] [INFO] [CalibrationStreamPublisher] Uygulanan değişiklik yayınlandı: Fuel adres: FuelVETable[3,4]
[00:39:43.553] [INFO] [AutoTuneEventPublisher] Domain olayı yayınlandı: DecisionCreated (Oturum: bde892ea-dd53-49ac-a786-c07e10b79c15)
[00:39:43.553] [INFO] [CalibrationStreamPublisher] Uygulanan değişiklik yayınlandı: Lambda adres: AFRTargetTable[3,4]
[00:39:43.554] [INFO] [AutoTuneEventPublisher] Domain olayı yayınlandı: DecisionCreated (Oturum: bde892ea-dd53-49ac-a786-c07e10b79c15)
[00:39:43.554] [INFO] [CalibrationStreamPublisher] Uygulanan değişiklik yayınlandı: Ignition adres: IgnitionTable[3,4]
[00:39:43.554] [INFO] [AutoTuneEventPublisher] Domain olayı yayınlandı: DecisionCreated (Oturum: bde892ea-dd53-49ac-a786-c07e10b79c15)
[00:39:43.554] [INFO] [CalibrationStreamPublisher] Uygulanan değişiklik yayınlandı: VE adres: FuelVETable[3,4]
[00:39:43.554] [INFO] [AutoTuneEventPublisher] Domain olayı yayınlandı: TelemetryWindowAccepted (Oturum: bde892ea-dd53-49ac-a786-c07e10b79c15)
[00:39:43.554] [INFO] [AutoTuneEventPublisher] Domain olayı yayınlandı: DecisionCreated (Oturum: bde892ea-dd53-49ac-a786-c07e10b79c15)
[00:39:43.554] [INFO] [CalibrationStreamPublisher] Uygulanan değişiklik yayınlandı: Fuel adres: FuelVETable[3,4]
[00:39:43.554] [INFO] [AutoTuneEventPublisher] Domain olayı yayınlandı: DecisionCreated (Oturum: bde892ea-dd53-49ac-a786-c07e10b79c15)
[00:39:43.555] [INFO] [CalibrationStreamPublisher] Uygulanan değişiklik yayınlandı: Lambda adres: AFRTargetTable[3,4]
[00:39:43.555] [INFO] [AutoTuneEventPublisher] Domain olayı yayınlandı: DecisionCreated (Oturum: bde892ea-dd53-49ac-a786-c07e10b79c15)
[00:39:43.555] [INFO] [CalibrationStreamPublisher] Uygulanan değişiklik yayınlandı: Ignition adres: IgnitionTable[3,4]
[00:39:43.555] [INFO] [AutoTuneEventPublisher] Domain olayı yayınlandı: DecisionCreated (Oturum: bde892ea-dd53-49ac-a786-c07e10b79c15)
[00:39:43.555] [INFO] [CalibrationStreamPublisher] Uygulanan değişiklik yayınlandı: VE adres: FuelVETable[3,4]
[00:39:43.555] [INFO] [AutoTuneEventPublisher] Domain olayı yayınlandı: TelemetryWindowAccepted (Oturum: bde892ea-dd53-49ac-a786-c07e10b79c15)
[00:39:43.555] [INFO] [AutoTuneEventPublisher] Domain olayı yayınlandı: DecisionCreated (Oturum: bde892ea-dd53-49ac-a786-c07e10b79c15)
[00:39:43.556] [INFO] [CalibrationStreamPublisher] Uygulanan değişiklik yayınlandı: Fuel adres: FuelVETable[3,4]
[00:39:43.556] [INFO] [AutoTuneEventPublisher] Domain olayı yayınlandı: DecisionCreated (Oturum: bde892ea-dd53-49ac-a786-c07e10b79c15)
[00:39:43.556] [INFO] [CalibrationStreamPublisher] Uygulanan değişiklik yayınlandı: Lambda adres: AFRTargetTable[3,4]
[00:39:43.556] [INFO] [AutoTuneEventPublisher] Domain olayı yayınlandı: DecisionCreated (Oturum: bde892ea-dd53-49ac-a786-c07e10b79c15)
[00:39:43.557] [INFO] [CalibrationStreamPublisher] Uygulanan değişiklik yayınlandı: Ignition adres: IgnitionTable[3,4]
[00:39:43.557] [INFO] [AutoTuneEventPublisher] Domain olayı yayınlandı: DecisionCreated (Oturum: bde892ea-dd53-49ac-a786-c07e10b79c15)
[00:39:43.557] [INFO] [CalibrationStreamPublisher] Uygulanan değişiklik yayınlandı: VE adres: FuelVETable[3,4]
[00:39:43.557] [INFO] [AutoTuneEventPublisher] Domain olayı yayınlandı: SessionStopped (Oturum: bde892ea-dd53-49ac-a786-c07e10b79c15)
[00:39:43.562] [INFO] [AdaptiveMemory] V1 hafıza verisi V2 şemasına başarıyla taşındı. Toplam kayıt: 1
[00:39:43.563] [INFO] [AutoTuneSafetyManager] Güvenlik limitleri yüklendi. Etkin kural sayısı: 4
[00:39:43.563] [INFO] [AutoTuneEventPublisher] Domain olayı yayınlandı: SessionCreated (Oturum: d3f32533-8da8-4fe4-8842-c693d20455c5)
[00:39:43.563] [INFO] [AutoTuneEngine] Oturum başarıyla başlatıldı: d3f32533-8da8-4fe4-8842-c693d20455c5
[00:39:43.564] [INFO] [AutoTuneEventPublisher] Domain olayı yayınlandı: SessionStopped (Oturum: d3f32533-8da8-4fe4-8842-c693d20455c5)
[00:39:43.564] [INFO] [AutoTuneSafetyManager] Güvenlik limitleri yüklendi. Etkin kural sayısı: 4
[00:39:43.564] [INFO] [AutoTuneEventPublisher] Domain olayı yayınlandı: SessionCreated (Oturum: 117d3fd2-26a9-4f1b-ae95-954210053d03)
[00:39:43.564] [INFO] [AutoTuneEngine] Oturum başarıyla başlatıldı: 117d3fd2-26a9-4f1b-ae95-954210053d03
[00:39:43.564] [INFO] [AutoTuneEventPublisher] Domain olayı yayınlandı: SessionStopped (Oturum: 117d3fd2-26a9-4f1b-ae95-954210053d03)
[00:39:43.566] [INFO] [RtpCalibrationEngine] Connecting to RTP emulator...
[00:39:43.566] [INFO] [RtpCalibrationEngine] RTP emulator connected successfully.
[00:39:43.567] [INFO] [RtpCalibrationEngine] Real-time synchronization active.
[00:39:43.567] [INFO] [RtpCalibrationEngine] Real-time synchronization paused.
[00:39:43.568] [INFO] [RtpCalibrationEngine] RTP Emulator disconnected.
[00:39:43.568] [INFO] [RtpCalibrationEngine] Connecting to RTP emulator...
[00:39:43.569] [INFO] [RtpCalibrationEngine] RTP emulator connected successfully.
[00:39:43.569] [INFO] [RtpCalibrationEngine] Real-time synchronization active.
[00:39:43.571] [INFO] [CalibrationManager] Değişiklik kaydedildi:  [ -> 99]
[00:39:43.775] [INFO] [RtpCalibrationEngine] Connecting to RTP emulator...
[00:39:43.775] [INFO] [RtpCalibrationEngine] RTP emulator connected successfully.
[00:39:43.777] [INFO] [CalibrationManager] Değişiklik kaydedildi:  [ -> 10]
[00:39:43.783] [INFO] [CalibrationManager] Değişiklik kaydedildi:  [ -> 11]
[00:39:43.793] [INFO] [CalibrationManager] Değişiklik kaydedildi:  [ -> 12]
[00:39:43.793] [INFO] [RtpCalibrationEngine] Real-time synchronization active.
[00:39:43.994] [INFO] [RtpCalibrationEngine] Connecting to RTP emulator...
[00:39:43.994] [INFO] [RtpCalibrationEngine] RTP emulator connected successfully.
[00:39:43.996] [INFO] [CalibrationManager] Değişiklik kaydedildi:  [ -> 1]
[00:39:44.005] [INFO] [CalibrationManager] Değişiklik kaydedildi:  [ -> 2]
[00:39:44.013] [INFO] [CalibrationManager] Değişiklik kaydedildi:  [ -> 3]
[00:39:44.013] [INFO] [RtpCalibrationEngine] Real-time synchronization active.
[00:39:44.227] [INFO] [RtpCalibrationEngine] Connecting to RTP emulator...
[00:39:44.227] [INFO] [RtpCalibrationEngine] RTP emulator connected successfully.
[00:39:44.227] [INFO] [RtpCalibrationEngine] Real-time synchronization active.
[00:39:44.229] [INFO] [CalibrationManager] Değişiklik kaydedildi:  [ -> 45]
[00:39:44.442] [INFO] [RtpCalibrationEngine] Connecting to RTP emulator...
[00:39:44.442] [INFO] [RtpCalibrationEngine] RTP emulator connected successfully.
[00:39:44.442] [INFO] [RtpCalibrationEngine] Real-time synchronization active.
[00:39:44.444] [INFO] [CalibrationManager] Değişiklik kaydedildi:  [ -> 5]
[00:39:44.446] [INFO] [CalibrationManager] Değişiklik kaydedildi:  [ -> 5]
[00:39:44.447] [INFO] [CalibrationManager] Değişiklik kaydedildi:  [ -> 5]
[00:39:44.448] [INFO] [CalibrationManager] Değişiklik kaydedildi:  [ -> 5]
[00:39:44.459] [WARNING] [RtpCalibrationEngine] Could not save persistent sync queue: The process cannot access the file 'C:\Users\ayhan\OneDrive\Desktop\Canlı OBD2 Araç Telemetri Ekranı\HondaTuner\bin\Debug\net6.0-windows\Database\pending_rtp_queue.json' because it is being used by another process.
[00:39:44.465] [INFO] [CalibrationManager] Değişiklik kaydedildi:  [ -> 5]
[00:39:44.466] [INFO] [CalibrationManager] Değişiklik kaydedildi:  [ -> 5]
[00:39:44.467] [INFO] [CalibrationManager] Değişiklik kaydedildi:  [ -> 5]
[00:39:44.469] [INFO] [CalibrationManager] Değişiklik kaydedildi:  [ -> 5]
[00:39:44.470] [INFO] [CalibrationManager] Değişiklik kaydedildi:  [ -> 5]
[00:39:44.471] [INFO] [CalibrationManager] Değişiklik kaydedildi:  [ -> 5]
[00:39:44.472] [INFO] [CalibrationManager] Değişiklik kaydedildi:  [ -> 5]
[00:39:44.474] [INFO] [CalibrationManager] Değişiklik kaydedildi:  [ -> 5]
[00:39:44.475] [INFO] [CalibrationManager] Değişiklik kaydedildi:  [ -> 5]
[00:39:44.480] [INFO] [CalibrationManager] Değişiklik kaydedildi:  [ -> 5]
[00:39:44.482] [INFO] [CalibrationManager] Değişiklik kaydedildi:  [ -> 5]
[00:39:44.483] [INFO] [CalibrationManager] Değişiklik kaydedildi:  [ -> 5]
[00:39:44.485] [INFO] [CalibrationManager] Değişiklik kaydedildi:  [ -> 5]
[00:39:44.486] [INFO] [CalibrationManager] Değişiklik kaydedildi:  [ -> 5]
[00:39:44.487] [INFO] [CalibrationManager] Değişiklik kaydedildi:  [ -> 5]
[00:39:44.488] [INFO] [CalibrationManager] Değişiklik kaydedildi:  [ -> 5]
[00:39:44.489] [INFO] [CalibrationManager] Değişiklik kaydedildi:  [ -> 5]
[00:39:44.490] [INFO] [CalibrationManager] Değişiklik kaydedildi:  [ -> 5]
[00:39:44.492] [INFO] [CalibrationManager] Değişiklik kaydedildi:  [ -> 5]
[00:39:44.493] [INFO] [CalibrationManager] Değişiklik kaydedildi:  [ -> 5]
[00:39:44.494] [INFO] [CalibrationManager] Değişiklik kaydedildi:  [ -> 5]
[00:39:44.495] [INFO] [CalibrationManager] Değişiklik kaydedildi:  [ -> 5]
[00:39:44.496] [INFO] [CalibrationManager] Değişiklik kaydedildi:  [ -> 5]
[00:39:44.497] [INFO] [CalibrationManager] Değişiklik kaydedildi:  [ -> 5]
[00:39:44.498] [INFO] [CalibrationManager] Değişiklik kaydedildi:  [ -> 5]
[00:39:44.499] [INFO] [CalibrationManager] Değişiklik kaydedildi:  [ -> 5]
[00:39:44.500] [INFO] [CalibrationManager] Değişiklik kaydedildi:  [ -> 5]
[00:39:44.502] [INFO] [CalibrationManager] Değişiklik kaydedildi:  [ -> 5]
[00:39:44.503] [INFO] [CalibrationManager] Değişiklik kaydedildi:  [ -> 5]
[00:39:44.504] [INFO] [CalibrationManager] Değişiklik kaydedildi:  [ -> 5]
[00:39:44.505] [INFO] [CalibrationManager] Değişiklik kaydedildi:  [ -> 5]
[00:39:44.506] [INFO] [CalibrationManager] Değişiklik kaydedildi:  [ -> 5]
[00:39:44.507] [INFO] [CalibrationManager] Değişiklik kaydedildi:  [ -> 5]
[00:39:44.508] [INFO] [CalibrationManager] Değişiklik kaydedildi:  [ -> 5]
[00:39:44.510] [INFO] [CalibrationManager] Değişiklik kaydedildi:  [ -> 5]
[00:39:44.511] [INFO] [CalibrationManager] Değişiklik kaydedildi:  [ -> 5]
[00:39:44.512] [INFO] [CalibrationManager] Değişiklik kaydedildi:  [ -> 5]
[00:39:44.513] [INFO] [CalibrationManager] Değişiklik kaydedildi:  [ -> 5]
[00:39:44.514] [INFO] [CalibrationManager] Değişiklik kaydedildi:  [ -> 5]
[00:39:44.516] [INFO] [CalibrationManager] Değişiklik kaydedildi:  [ -> 5]
[00:39:44.517] [INFO] [CalibrationManager] Değişiklik kaydedildi:  [ -> 5]
[00:39:44.518] [INFO] [CalibrationManager] Değişiklik kaydedildi:  [ -> 5]
[00:39:44.520] [INFO] [CalibrationManager] Değişiklik kaydedildi:  [ -> 5]
[00:39:44.521] [INFO] [CalibrationManager] Değişiklik kaydedildi:  [ -> 5]
[00:39:44.522] [INFO] [CalibrationManager] Değişiklik kaydedildi:  [ -> 5]
[00:39:44.523] [INFO] [CalibrationManager] Değişiklik kaydedildi:  [ -> 5]
[00:39:44.524] [INFO] [CalibrationManager] Değişiklik kaydedildi:  [ -> 5]
[00:39:44.526] [INFO] [CalibrationManager] Değişiklik kaydedildi:  [ -> 5]
[00:39:44.527] [INFO] [CalibrationManager] Değişiklik kaydedildi:  [ -> 5]
[00:39:44.528] [INFO] [CalibrationManager] Değişiklik kaydedildi:  [ -> 5]
[00:39:44.529] [INFO] [CalibrationManager] Değişiklik kaydedildi:  [ -> 5]
[00:39:44.531] [INFO] [CalibrationManager] Değişiklik kaydedildi:  [ -> 5]
[00:39:44.532] [INFO] [CalibrationManager] Değişiklik kaydedildi:  [ -> 5]
[00:39:44.533] [INFO] [CalibrationManager] Değişiklik kaydedildi:  [ -> 5]
[00:39:44.534] [INFO] [CalibrationManager] Değişiklik kaydedildi:  [ -> 5]
[00:39:44.536] [INFO] [CalibrationManager] Değişiklik kaydedildi:  [ -> 5]
[00:39:44.537] [INFO] [CalibrationManager] Değişiklik kaydedildi:  [ -> 5]
[00:39:44.548] [INFO] [CalibrationManager] Değişiklik kaydedildi:  [ -> 5]
[00:39:44.549] [INFO] [CalibrationManager] Değişiklik kaydedildi:  [ -> 5]
[00:39:44.551] [INFO] [CalibrationManager] Değişiklik kaydedildi:  [ -> 5]
[00:39:44.552] [INFO] [CalibrationManager] Değişiklik kaydedildi:  [ -> 5]
[00:39:44.553] [INFO] [CalibrationManager] Değişiklik kaydedildi:  [ -> 5]
[00:39:44.554] [INFO] [CalibrationManager] Değişiklik kaydedildi:  [ -> 5]
[00:39:44.555] [INFO] [CalibrationManager] Değişiklik kaydedildi:  [ -> 5]
[00:39:44.557] [INFO] [CalibrationManager] Değişiklik kaydedildi:  [ -> 5]
[00:39:44.558] [INFO] [CalibrationManager] Değişiklik kaydedildi:  [ -> 5]
[00:39:44.559] [INFO] [CalibrationManager] Değişiklik kaydedildi:  [ -> 5]
[00:39:44.560] [INFO] [CalibrationManager] Değişiklik kaydedildi:  [ -> 5]
[00:39:44.561] [INFO] [CalibrationManager] Değişiklik kaydedildi:  [ -> 5]
[00:39:44.563] [INFO] [CalibrationManager] Değişiklik kaydedildi:  [ -> 5]
[00:39:44.564] [INFO] [CalibrationManager] Değişiklik kaydedildi:  [ -> 5]
[00:39:44.565] [INFO] [CalibrationManager] Değişiklik kaydedildi:  [ -> 5]
[00:39:44.567] [INFO] [CalibrationManager] Değişiklik kaydedildi:  [ -> 5]
[00:39:44.568] [INFO] [CalibrationManager] Değişiklik kaydedildi:  [ -> 5]
[00:39:44.569] [INFO] [CalibrationManager] Değişiklik kaydedildi:  [ -> 5]
[00:39:44.570] [INFO] [CalibrationManager] Değişiklik kaydedildi:  [ -> 5]
[00:39:44.571] [INFO] [CalibrationManager] Değişiklik kaydedildi:  [ -> 5]
[00:39:44.573] [INFO] [CalibrationManager] Değişiklik kaydedildi:  [ -> 5]
[00:39:44.574] [INFO] [CalibrationManager] Değişiklik kaydedildi:  [ -> 5]
[00:39:44.575] [INFO] [CalibrationManager] Değişiklik kaydedildi:  [ -> 5]
[00:39:44.576] [INFO] [CalibrationManager] Değişiklik kaydedildi:  [ -> 5]
[00:39:44.578] [INFO] [CalibrationManager] Değişiklik kaydedildi:  [ -> 5]
[00:39:44.579] [INFO] [CalibrationManager] Değişiklik kaydedildi:  [ -> 5]
[00:39:44.580] [INFO] [CalibrationManager] Değişiklik kaydedildi:  [ -> 5]
[00:39:44.582] [INFO] [CalibrationManager] Değişiklik kaydedildi:  [ -> 5]
[00:39:44.583] [INFO] [CalibrationManager] Değişiklik kaydedildi:  [ -> 5]
[00:39:44.584] [INFO] [CalibrationManager] Değişiklik kaydedildi:  [ -> 5]
[00:39:44.594] [INFO] [CalibrationManager] Değişiklik kaydedildi:  [ -> 5]
[00:39:44.602] [WARNING] [RtpCalibrationEngine] Could not save persistent sync queue: The process cannot access the file 'C:\Users\ayhan\OneDrive\Desktop\Canlı OBD2 Araç Telemetri Ekranı\HondaTuner\bin\Debug\net6.0-windows\Database\pending_rtp_queue.json' because it is being used by another process.
[00:39:44.602] [INFO] [CalibrationManager] Değişiklik kaydedildi:  [ -> 5]
[00:39:44.603] [INFO] [CalibrationManager] Değişiklik kaydedildi:  [ -> 5]
[00:39:44.604] [INFO] [CalibrationManager] Değişiklik kaydedildi:  [ -> 5]
[00:39:44.606] [INFO] [CalibrationManager] Değişiklik kaydedildi:  [ -> 5]
[00:39:44.607] [INFO] [CalibrationManager] Değişiklik kaydedildi:  [ -> 5]
[00:39:44.608] [INFO] [CalibrationManager] Değişiklik kaydedildi:  [ -> 5]
[00:39:44.610] [INFO] [CalibrationManager] Değişiklik kaydedildi:  [ -> 5]
[00:39:44.611] [INFO] [CalibrationManager] Değişiklik kaydedildi:  [ -> 5]
[00:39:44.613] [INFO] [CalibrationManager] Değişiklik kaydedildi:  [ -> 5]
[00:39:44.614] [INFO] [CalibrationManager] Değişiklik kaydedildi:  [ -> 5]
[00:39:44.615] [INFO] [CalibrationManager] Değişiklik kaydedildi:  [ -> 5]
[00:39:44.616] [INFO] [CalibrationManager] Değişiklik kaydedildi:  [ -> 5]
[00:39:44.619] [INFO] [CalibrationManager] Değişiklik kaydedildi:  [ -> 5]
[00:39:44.620] [INFO] [CalibrationManager] Değişiklik kaydedildi:  [ -> 5]
[00:39:44.622] [INFO] [CalibrationManager] Değişiklik kaydedildi:  [ -> 5]
[00:39:44.623] [INFO] [CalibrationManager] Değişiklik kaydedildi:  [ -> 5]
[00:39:44.624] [INFO] [CalibrationManager] Değişiklik kaydedildi:  [ -> 5]
[00:39:44.625] [INFO] [CalibrationManager] Değişiklik kaydedildi:  [ -> 5]
[00:39:44.626] [INFO] [CalibrationManager] Değişiklik kaydedildi:  [ -> 5]
[00:39:44.639] [INFO] [CalibrationManager] Değişiklik kaydedildi:  [ -> 5]
[00:39:44.640] [INFO] [CalibrationManager] Değişiklik kaydedildi:  [ -> 5]
[00:39:44.641] [INFO] [CalibrationManager] Değişiklik kaydedildi:  [ -> 5]
[00:39:44.643] [INFO] [CalibrationManager] Değişiklik kaydedildi:  [ -> 5]
[00:39:44.644] [INFO] [CalibrationManager] Değişiklik kaydedildi:  [ -> 5]
[00:39:44.645] [INFO] [CalibrationManager] Değişiklik kaydedildi:  [ -> 5]
[00:39:44.646] [INFO] [CalibrationManager] Değişiklik kaydedildi:  [ -> 5]
[00:39:44.652] [INFO] [CalibrationManager] Değişiklik kaydedildi:  [ -> 5]
[00:39:44.653] [INFO] [CalibrationManager] Değişiklik kaydedildi:  [ -> 5]
[00:39:44.655] [INFO] [CalibrationManager] Değişiklik kaydedildi:  [ -> 5]
[00:39:44.656] [INFO] [CalibrationManager] Değişiklik kaydedildi:  [ -> 5]
[00:39:44.657] [INFO] [CalibrationManager] Değişiklik kaydedildi:  [ -> 5]
[00:39:44.659] [INFO] [CalibrationManager] Değişiklik kaydedildi:  [ -> 5]
[00:39:44.660] [INFO] [CalibrationManager] Değişiklik kaydedildi:  [ -> 5]
[00:39:44.661] [INFO] [CalibrationManager] Değişiklik kaydedildi:  [ -> 5]
[00:39:44.662] [INFO] [CalibrationManager] Değişiklik kaydedildi:  [ -> 5]
[00:39:44.663] [INFO] [CalibrationManager] Değişiklik kaydedildi:  [ -> 5]
[00:39:44.664] [INFO] [CalibrationManager] Değişiklik kaydedildi:  [ -> 5]
[00:39:44.666] [INFO] [CalibrationManager] Değişiklik kaydedildi:  [ -> 5]
[00:39:44.667] [INFO] [CalibrationManager] Değişiklik kaydedildi:  [ -> 5]
[00:39:44.668] [INFO] [CalibrationManager] Değişiklik kaydedildi:  [ -> 5]
[00:39:44.669] [INFO] [CalibrationManager] Değişiklik kaydedildi:  [ -> 5]
[00:39:44.670] [INFO] [CalibrationManager] Değişiklik kaydedildi:  [ -> 5]
[00:39:44.672] [INFO] [CalibrationManager] Değişiklik kaydedildi:  [ -> 5]
[00:39:44.673] [INFO] [CalibrationManager] Değişiklik kaydedildi:  [ -> 5]
[00:39:44.674] [INFO] [CalibrationManager] Değişiklik kaydedildi:  [ -> 5]
[00:39:44.676] [INFO] [CalibrationManager] Değişiklik kaydedildi:  [ -> 5]
[00:39:44.677] [INFO] [CalibrationManager] Değişiklik kaydedildi:  [ -> 5]
[00:39:44.678] [INFO] [CalibrationManager] Değişiklik kaydedildi:  [ -> 5]
[00:39:44.679] [INFO] [CalibrationManager] Değişiklik kaydedildi:  [ -> 5]
[00:39:44.681] [INFO] [CalibrationManager] Değişiklik kaydedildi:  [ -> 5]
[00:39:44.682] [INFO] [CalibrationManager] Değişiklik kaydedildi:  [ -> 5]
[00:39:44.683] [INFO] [CalibrationManager] Değişiklik kaydedildi:  [ -> 5]
[00:39:44.684] [INFO] [CalibrationManager] Değişiklik kaydedildi:  [ -> 5]
[00:39:44.686] [INFO] [CalibrationManager] Değişiklik kaydedildi:  [ -> 5]
[00:39:44.687] [INFO] [CalibrationManager] Değişiklik kaydedildi:  [ -> 5]
[00:39:44.688] [INFO] [CalibrationManager] Değişiklik kaydedildi:  [ -> 5]
[00:39:44.689] [INFO] [CalibrationManager] Değişiklik kaydedildi:  [ -> 5]
[00:39:44.691] [INFO] [CalibrationManager] Değişiklik kaydedildi:  [ -> 5]
[00:39:44.692] [INFO] [CalibrationManager] Değişiklik kaydedildi:  [ -> 5]
[00:39:44.693] [INFO] [CalibrationManager] Değişiklik kaydedildi:  [ -> 5]
[00:39:44.694] [INFO] [CalibrationManager] Değişiklik kaydedildi:  [ -> 5]
[00:39:44.696] [INFO] [CalibrationManager] Değişiklik kaydedildi:  [ -> 5]
[00:39:44.697] [INFO] [CalibrationManager] Değişiklik kaydedildi:  [ -> 5]
[00:39:44.698] [INFO] [CalibrationManager] Değişiklik kaydedildi:  [ -> 5]
[00:39:44.699] [INFO] [CalibrationManager] Değişiklik kaydedildi:  [ -> 5]
[00:39:44.701] [INFO] [CalibrationManager] Değişiklik kaydedildi:  [ -> 5]
[00:39:44.702] [INFO] [CalibrationManager] Değişiklik kaydedildi:  [ -> 5]
[00:39:44.703] [INFO] [CalibrationManager] Değişiklik kaydedildi:  [ -> 5]
[00:39:44.705] [INFO] [CalibrationManager] Değişiklik kaydedildi:  [ -> 5]
[00:39:44.706] [INFO] [CalibrationManager] Değişiklik kaydedildi:  [ -> 5]
[00:39:44.707] [INFO] [CalibrationManager] Değişiklik kaydedildi:  [ -> 5]
[00:39:44.708] [INFO] [CalibrationManager] Değişiklik kaydedildi:  [ -> 5]
[00:39:44.710] [INFO] [CalibrationManager] Değişiklik kaydedildi:  [ -> 5]
[00:39:44.711] [INFO] [CalibrationManager] Değişiklik kaydedildi:  [ -> 5]
[00:39:44.712] [INFO] [CalibrationManager] Değişiklik kaydedildi:  [ -> 5]
[00:39:44.714] [INFO] [CalibrationManager] Değişiklik kaydedildi:  [ -> 5]
[00:39:44.715] [INFO] [CalibrationManager] Değişiklik kaydedildi:  [ -> 5]
[00:39:44.716] [INFO] [CalibrationManager] Değişiklik kaydedildi:  [ -> 5]
[00:39:44.717] [INFO] [CalibrationManager] Değişiklik kaydedildi:  [ -> 5]
[00:39:44.719] [INFO] [CalibrationManager] Değişiklik kaydedildi:  [ -> 5]
[00:39:44.720] [INFO] [CalibrationManager] Değişiklik kaydedildi:  [ -> 5]
[00:39:44.721] [INFO] [CalibrationManager] Değişiklik kaydedildi:  [ -> 5]
[00:39:44.722] [INFO] [CalibrationManager] Değişiklik kaydedildi:  [ -> 5]
[00:39:44.724] [INFO] [CalibrationManager] Değişiklik kaydedildi:  [ -> 5]
[00:39:44.725] [INFO] [CalibrationManager] Değişiklik kaydedildi:  [ -> 5]
[00:39:44.726] [INFO] [CalibrationManager] Değişiklik kaydedildi:  [ -> 5]
[00:39:44.728] [INFO] [CalibrationManager] Değişiklik kaydedildi:  [ -> 5]
[00:39:44.729] [INFO] [CalibrationManager] Değişiklik kaydedildi:  [ -> 5]
[00:39:44.730] [INFO] [CalibrationManager] Değişiklik kaydedildi:  [ -> 5]
[00:39:44.732] [INFO] [CalibrationManager] Değişiklik kaydedildi:  [ -> 5]
[00:39:44.733] [INFO] [CalibrationManager] Değişiklik kaydedildi:  [ -> 5]
[00:39:44.735] [INFO] [CalibrationManager] Değişiklik kaydedildi:  [ -> 5]
[00:39:44.736] [INFO] [CalibrationManager] Değişiklik kaydedildi:  [ -> 5]
[00:39:44.737] [INFO] [CalibrationManager] Değişiklik kaydedildi:  [ -> 5]
[00:39:44.738] [INFO] [CalibrationManager] Değişiklik kaydedildi:  [ -> 5]
[00:39:44.740] [INFO] [CalibrationManager] Değişiklik kaydedildi:  [ -> 5]
[00:39:44.741] [INFO] [CalibrationManager] Değişiklik kaydedildi:  [ -> 5]
[00:39:44.742] [INFO] [CalibrationManager] Değişiklik kaydedildi:  [ -> 5]
[00:39:44.744] [INFO] [CalibrationManager] Değişiklik kaydedildi:  [ -> 5]
[00:39:44.745] [INFO] [CalibrationManager] Değişiklik kaydedildi:  [ -> 5]
[00:39:44.746] [INFO] [CalibrationManager] Değişiklik kaydedildi:  [ -> 5]
[00:39:44.748] [INFO] [CalibrationManager] Değişiklik kaydedildi:  [ -> 5]
[00:39:44.749] [INFO] [CalibrationManager] Değişiklik kaydedildi:  [ -> 5]
[00:39:44.750] [INFO] [CalibrationManager] Değişiklik kaydedildi:  [ -> 5]
[00:39:44.751] [INFO] [CalibrationManager] Değişiklik kaydedildi:  [ -> 5]
[00:39:44.753] [INFO] [CalibrationManager] Değişiklik kaydedildi:  [ -> 5]
[00:39:44.754] [INFO] [CalibrationManager] Değişiklik kaydedildi:  [ -> 5]
[00:39:44.755] [INFO] [CalibrationManager] Değişiklik kaydedildi:  [ -> 5]
[00:39:44.757] [INFO] [CalibrationManager] Değişiklik kaydedildi:  [ -> 5]
[00:39:44.758] [INFO] [CalibrationManager] Değişiklik kaydedildi:  [ -> 5]
[00:39:44.759] [INFO] [CalibrationManager] Değişiklik kaydedildi:  [ -> 5]
[00:39:44.761] [INFO] [CalibrationManager] Değişiklik kaydedildi:  [ -> 5]
[00:39:44.762] [INFO] [CalibrationManager] Değişiklik kaydedildi:  [ -> 5]
[00:39:44.763] [INFO] [CalibrationManager] Değişiklik kaydedildi:  [ -> 5]
[00:39:44.765] [INFO] [CalibrationManager] Değişiklik kaydedildi:  [ -> 5]
[00:39:44.766] [INFO] [CalibrationManager] Değişiklik kaydedildi:  [ -> 5]
[00:39:44.767] [INFO] [CalibrationManager] Değişiklik kaydedildi:  [ -> 5]
[00:39:44.769] [INFO] [CalibrationManager] Değişiklik kaydedildi:  [ -> 5]
[00:39:44.770] [INFO] [CalibrationManager] Değişiklik kaydedildi:  [ -> 5]
[00:39:44.779] [INFO] [CalibrationManager] Değişiklik kaydedildi:  [ -> 5]
[00:39:44.782] [INFO] [CalibrationManager] Değişiklik kaydedildi:  [ -> 5]
[00:39:44.783] [INFO] [CalibrationManager] Değişiklik kaydedildi:  [ -> 5]
[00:39:44.784] [INFO] [CalibrationManager] Değişiklik kaydedildi:  [ -> 5]
[00:39:44.786] [INFO] [CalibrationManager] Değişiklik kaydedildi:  [ -> 5]
[00:39:44.787] [INFO] [CalibrationManager] Değişiklik kaydedildi:  [ -> 5]
[00:39:44.788] [INFO] [CalibrationManager] Değişiklik kaydedildi:  [ -> 5]
[00:39:44.790] [INFO] [CalibrationManager] Değişiklik kaydedildi:  [ -> 5]
[00:39:44.799] [INFO] [CalibrationManager] Değişiklik kaydedildi:  [ -> 5]
[00:39:44.800] [INFO] [CalibrationManager] Değişiklik kaydedildi:  [ -> 5]
[00:39:44.802] [INFO] [CalibrationManager] Değişiklik kaydedildi:  [ -> 5]
[00:39:44.803] [INFO] [CalibrationManager] Değişiklik kaydedildi:  [ -> 5]
[00:39:44.804] [INFO] [CalibrationManager] Değişiklik kaydedildi:  [ -> 5]
[00:39:44.806] [INFO] [CalibrationManager] Değişiklik kaydedildi:  [ -> 5]
[00:39:44.807] [INFO] [CalibrationManager] Değişiklik kaydedildi:  [ -> 5]
[00:39:44.808] [INFO] [CalibrationManager] Değişiklik kaydedildi:  [ -> 5]
[00:39:44.810] [INFO] [CalibrationManager] Değişiklik kaydedildi:  [ -> 5]
[00:39:44.811] [INFO] [CalibrationManager] Değişiklik kaydedildi:  [ -> 5]
[00:39:44.813] [INFO] [CalibrationManager] Değişiklik kaydedildi:  [ -> 5]
[00:39:44.814] [INFO] [CalibrationManager] Değişiklik kaydedildi:  [ -> 5]
[00:39:44.815] [INFO] [CalibrationManager] Değişiklik kaydedildi:  [ -> 5]
[00:39:44.816] [INFO] [CalibrationManager] Değişiklik kaydedildi:  [ -> 5]
[00:39:44.817] [INFO] [CalibrationManager] Değişiklik kaydedildi:  [ -> 5]
[00:39:44.819] [INFO] [CalibrationManager] Değişiklik kaydedildi:  [ -> 5]
[00:39:44.821] [INFO] [CalibrationManager] Değişiklik kaydedildi:  [ -> 5]
[00:39:44.822] [INFO] [CalibrationManager] Değişiklik kaydedildi:  [ -> 5]
[00:39:44.824] [INFO] [CalibrationManager] Değişiklik kaydedildi:  [ -> 5]
[00:39:44.826] [INFO] [CalibrationManager] Değişiklik kaydedildi:  [ -> 5]
[00:39:44.827] [INFO] [CalibrationManager] Değişiklik kaydedildi:  [ -> 5]
[00:39:44.828] [INFO] [CalibrationManager] Değişiklik kaydedildi:  [ -> 5]
[00:39:44.830] [INFO] [CalibrationManager] Değişiklik kaydedildi:  [ -> 5]
[00:39:44.832] [INFO] [CalibrationManager] Değişiklik kaydedildi:  [ -> 5]
[00:39:44.833] [INFO] [CalibrationManager] Değişiklik kaydedildi:  [ -> 5]
[00:39:44.835] [INFO] [CalibrationManager] Değişiklik kaydedildi:  [ -> 5]
[00:39:44.836] [INFO] [CalibrationManager] Değişiklik kaydedildi:  [ -> 5]
[00:39:44.837] [INFO] [CalibrationManager] Değişiklik kaydedildi:  [ -> 5]
[00:39:44.839] [INFO] [CalibrationManager] Değişiklik kaydedildi:  [ -> 5]
[00:39:44.840] [INFO] [CalibrationManager] Değişiklik kaydedildi:  [ -> 5]
[00:39:44.842] [INFO] [CalibrationManager] Değişiklik kaydedildi:  [ -> 5]
[00:39:44.843] [INFO] [CalibrationManager] Değişiklik kaydedildi:  [ -> 5]
[00:39:44.844] [INFO] [CalibrationManager] Değişiklik kaydedildi:  [ -> 5]
[00:39:44.846] [INFO] [CalibrationManager] Değişiklik kaydedildi:  [ -> 5]
[00:39:44.847] [INFO] [CalibrationManager] Değişiklik kaydedildi:  [ -> 5]
[00:39:44.849] [INFO] [CalibrationManager] Değişiklik kaydedildi:  [ -> 5]
[00:39:44.850] [INFO] [CalibrationManager] Değişiklik kaydedildi:  [ -> 5]
[00:39:44.851] [INFO] [CalibrationManager] Değişiklik kaydedildi:  [ -> 5]
[00:39:44.853] [INFO] [CalibrationManager] Değişiklik kaydedildi:  [ -> 5]
[00:39:44.854] [INFO] [CalibrationManager] Değişiklik kaydedildi:  [ -> 5]
[00:39:44.856] [INFO] [CalibrationManager] Değişiklik kaydedildi:  [ -> 5]
[00:39:44.857] [INFO] [CalibrationManager] Değişiklik kaydedildi:  [ -> 5]
[00:39:44.859] [INFO] [CalibrationManager] Değişiklik kaydedildi:  [ -> 5]
[00:39:44.860] [INFO] [CalibrationManager] Değişiklik kaydedildi:  [ -> 5]
[00:39:44.861] [INFO] [CalibrationManager] Değişiklik kaydedildi:  [ -> 5]
[00:39:44.863] [INFO] [CalibrationManager] Değişiklik kaydedildi:  [ -> 5]
[00:39:44.864] [INFO] [CalibrationManager] Değişiklik kaydedildi:  [ -> 5]
[00:39:44.865] [INFO] [CalibrationManager] Değişiklik kaydedildi:  [ -> 5]
[00:39:44.867] [INFO] [CalibrationManager] Değişiklik kaydedildi:  [ -> 5]
[00:39:44.868] [INFO] [CalibrationManager] Değişiklik kaydedildi:  [ -> 5]
[00:39:44.870] [INFO] [CalibrationManager] Değişiklik kaydedildi:  [ -> 5]
[00:39:44.872] [INFO] [CalibrationManager] Değişiklik kaydedildi:  [ -> 5]
[00:39:44.874] [INFO] [CalibrationManager] Değişiklik kaydedildi:  [ -> 5]
[00:39:44.875] [INFO] [CalibrationManager] Değişiklik kaydedildi:  [ -> 5]
[00:39:44.876] [INFO] [CalibrationManager] Değişiklik kaydedildi:  [ -> 5]
[00:39:44.877] [INFO] [CalibrationManager] Değişiklik kaydedildi:  [ -> 5]
[00:39:44.879] [INFO] [CalibrationManager] Değişiklik kaydedildi:  [ -> 5]
[00:39:44.880] [INFO] [CalibrationManager] Değişiklik kaydedildi:  [ -> 5]
[00:39:44.882] [INFO] [CalibrationManager] Değişiklik kaydedildi:  [ -> 5]
[00:39:44.883] [INFO] [CalibrationManager] Değişiklik kaydedildi:  [ -> 5]
[00:39:44.884] [INFO] [CalibrationManager] Değişiklik kaydedildi:  [ -> 5]
[00:39:44.886] [INFO] [CalibrationManager] Değişiklik kaydedildi:  [ -> 5]
[00:39:44.887] [INFO] [CalibrationManager] Değişiklik kaydedildi:  [ -> 5]
[00:39:44.889] [INFO] [CalibrationManager] Değişiklik kaydedildi:  [ -> 5]
[00:39:44.890] [INFO] [CalibrationManager] Değişiklik kaydedildi:  [ -> 5]
[00:39:44.891] [INFO] [CalibrationManager] Değişiklik kaydedildi:  [ -> 5]
[00:39:44.893] [INFO] [CalibrationManager] Değişiklik kaydedildi:  [ -> 5]
[00:39:44.894] [INFO] [CalibrationManager] Değişiklik kaydedildi:  [ -> 5]
[00:39:44.896] [INFO] [CalibrationManager] Değişiklik kaydedildi:  [ -> 5]
[00:39:44.897] [INFO] [CalibrationManager] Değişiklik kaydedildi:  [ -> 5]
[00:39:44.899] [INFO] [CalibrationManager] Değişiklik kaydedildi:  [ -> 5]
[00:39:44.900] [INFO] [CalibrationManager] Değişiklik kaydedildi:  [ -> 5]
[00:39:44.902] [INFO] [CalibrationManager] Değişiklik kaydedildi:  [ -> 5]
[00:39:44.903] [INFO] [CalibrationManager] Değişiklik kaydedildi:  [ -> 5]
[00:39:44.905] [INFO] [CalibrationManager] Değişiklik kaydedildi:  [ -> 5]
[00:39:44.907] [INFO] [CalibrationManager] Değişiklik kaydedildi:  [ -> 5]
[00:39:44.908] [INFO] [CalibrationManager] Değişiklik kaydedildi:  [ -> 5]
[00:39:44.910] [INFO] [CalibrationManager] Değişiklik kaydedildi:  [ -> 5]
[00:39:44.911] [INFO] [CalibrationManager] Değişiklik kaydedildi:  [ -> 5]
[00:39:44.912] [INFO] [CalibrationManager] Değişiklik kaydedildi:  [ -> 5]
[00:39:44.914] [INFO] [CalibrationManager] Değişiklik kaydedildi:  [ -> 5]
[00:39:44.915] [INFO] [CalibrationManager] Değişiklik kaydedildi:  [ -> 5]
[00:39:44.916] [INFO] [CalibrationManager] Değişiklik kaydedildi:  [ -> 5]
[00:39:44.918] [INFO] [CalibrationManager] Değişiklik kaydedildi:  [ -> 5]
[00:39:44.920] [INFO] [CalibrationManager] Değişiklik kaydedildi:  [ -> 5]
[00:39:44.921] [INFO] [CalibrationManager] Değişiklik kaydedildi:  [ -> 5]
[00:39:44.922] [INFO] [CalibrationManager] Değişiklik kaydedildi:  [ -> 5]
[00:39:44.924] [INFO] [CalibrationManager] Değişiklik kaydedildi:  [ -> 5]
[00:39:44.925] [INFO] [CalibrationManager] Değişiklik kaydedildi:  [ -> 5]
[00:39:44.927] [INFO] [CalibrationManager] Değişiklik kaydedildi:  [ -> 5]
[00:39:44.928] [INFO] [CalibrationManager] Değişiklik kaydedildi:  [ -> 5]
[00:39:44.930] [INFO] [CalibrationManager] Değişiklik kaydedildi:  [ -> 5]
[00:39:44.931] [INFO] [CalibrationManager] Değişiklik kaydedildi:  [ -> 5]
[00:39:44.933] [INFO] [CalibrationManager] Değişiklik kaydedildi:  [ -> 5]
[00:39:44.934] [INFO] [CalibrationManager] Değişiklik kaydedildi:  [ -> 5]
[00:39:44.936] [INFO] [CalibrationManager] Değişiklik kaydedildi:  [ -> 5]
[00:39:44.937] [INFO] [CalibrationManager] Değişiklik kaydedildi:  [ -> 5]
[00:39:44.939] [INFO] [CalibrationManager] Değişiklik kaydedildi:  [ -> 5]
[00:39:44.941] [INFO] [CalibrationManager] Değişiklik kaydedildi:  [ -> 5]
[00:39:44.943] [INFO] [CalibrationManager] Değişiklik kaydedildi:  [ -> 5]
[00:39:44.944] [INFO] [CalibrationManager] Değişiklik kaydedildi:  [ -> 5]
[00:39:44.946] [INFO] [CalibrationManager] Değişiklik kaydedildi:  [ -> 5]
[00:39:44.947] [INFO] [CalibrationManager] Değişiklik kaydedildi:  [ -> 5]
[00:39:44.948] [INFO] [CalibrationManager] Değişiklik kaydedildi:  [ -> 5]
[00:39:44.950] [INFO] [CalibrationManager] Değişiklik kaydedildi:  [ -> 5]
[00:39:44.952] [INFO] [CalibrationManager] Değişiklik kaydedildi:  [ -> 5]
[00:39:44.953] [INFO] [CalibrationManager] Değişiklik kaydedildi:  [ -> 5]
[00:39:44.954] [INFO] [CalibrationManager] Değişiklik kaydedildi:  [ -> 5]
[00:39:44.956] [INFO] [CalibrationManager] Değişiklik kaydedildi:  [ -> 5]
[00:39:44.958] [INFO] [CalibrationManager] Değişiklik kaydedildi:  [ -> 5]
[00:39:44.959] [INFO] [CalibrationManager] Değişiklik kaydedildi:  [ -> 5]
[00:39:44.960] [INFO] [CalibrationManager] Değişiklik kaydedildi:  [ -> 5]
[00:39:44.962] [INFO] [CalibrationManager] Değişiklik kaydedildi:  [ -> 5]
[00:39:44.963] [INFO] [CalibrationManager] Değişiklik kaydedildi:  [ -> 5]
[00:39:44.965] [INFO] [CalibrationManager] Değişiklik kaydedildi:  [ -> 5]
[00:39:44.966] [INFO] [CalibrationManager] Değişiklik kaydedildi:  [ -> 5]
[00:39:44.968] [INFO] [CalibrationManager] Değişiklik kaydedildi:  [ -> 5]
[00:39:44.969] [INFO] [CalibrationManager] Değişiklik kaydedildi:  [ -> 5]
[00:39:44.971] [INFO] [CalibrationManager] Değişiklik kaydedildi:  [ -> 5]
[00:39:44.972] [INFO] [CalibrationManager] Değişiklik kaydedildi:  [ -> 5]
[00:39:44.975] [INFO] [CalibrationManager] Değişiklik kaydedildi:  [ -> 5]
[00:39:44.976] [INFO] [CalibrationManager] Değişiklik kaydedildi:  [ -> 5]
[00:39:44.977] [INFO] [CalibrationManager] Değişiklik kaydedildi:  [ -> 5]
[00:39:44.979] [INFO] [CalibrationManager] Değişiklik kaydedildi:  [ -> 5]
[00:39:44.981] [INFO] [CalibrationManager] Değişiklik kaydedildi:  [ -> 5]
[00:39:44.982] [INFO] [CalibrationManager] Değişiklik kaydedildi:  [ -> 5]
[00:39:44.984] [INFO] [CalibrationManager] Değişiklik kaydedildi:  [ -> 5]
[00:39:44.985] [INFO] [CalibrationManager] Değişiklik kaydedildi:  [ -> 5]
[00:39:44.986] [INFO] [CalibrationManager] Değişiklik kaydedildi:  [ -> 5]
[00:39:44.988] [INFO] [CalibrationManager] Değişiklik kaydedildi:  [ -> 5]
[00:39:44.989] [INFO] [CalibrationManager] Değişiklik kaydedildi:  [ -> 5]
[00:39:44.991] [INFO] [CalibrationManager] Değişiklik kaydedildi:  [ -> 5]
[00:39:44.992] [INFO] [CalibrationManager] Değişiklik kaydedildi:  [ -> 5]
[00:39:44.993] [INFO] [CalibrationManager] Değişiklik kaydedildi:  [ -> 5]
[00:39:44.995] [INFO] [CalibrationManager] Değişiklik kaydedildi:  [ -> 5]
[00:39:44.996] [INFO] [CalibrationManager] Değişiklik kaydedildi:  [ -> 5]
[00:39:44.998] [INFO] [CalibrationManager] Değişiklik kaydedildi:  [ -> 5]
[00:39:44.999] [INFO] [CalibrationManager] Değişiklik kaydedildi:  [ -> 5]
[00:39:45.001] [INFO] [CalibrationManager] Değişiklik kaydedildi:  [ -> 5]
[00:39:45.002] [INFO] [CalibrationManager] Değişiklik kaydedildi:  [ -> 5]
[00:39:45.004] [INFO] [CalibrationManager] Değişiklik kaydedildi:  [ -> 5]
[00:39:45.006] [INFO] [CalibrationManager] Değişiklik kaydedildi:  [ -> 5]
[00:39:45.008] [INFO] [CalibrationManager] Değişiklik kaydedildi:  [ -> 5]
[00:39:45.009] [INFO] [CalibrationManager] Değişiklik kaydedildi:  [ -> 5]
[00:39:45.011] [INFO] [CalibrationManager] Değişiklik kaydedildi:  [ -> 5]
[00:39:45.013] [INFO] [CalibrationManager] Değişiklik kaydedildi:  [ -> 5]
[00:39:45.014] [INFO] [CalibrationManager] Değişiklik kaydedildi:  [ -> 5]
[00:39:45.016] [INFO] [CalibrationManager] Değişiklik kaydedildi:  [ -> 5]
[00:39:45.017] [INFO] [CalibrationManager] Değişiklik kaydedildi:  [ -> 5]
[00:39:45.019] [INFO] [CalibrationManager] Değişiklik kaydedildi:  [ -> 5]
[00:39:45.020] [INFO] [CalibrationManager] Değişiklik kaydedildi:  [ -> 5]
[00:39:45.022] [INFO] [CalibrationManager] Değişiklik kaydedildi:  [ -> 5]
[00:39:45.023] [INFO] [CalibrationManager] Değişiklik kaydedildi:  [ -> 5]
[00:39:45.025] [INFO] [CalibrationManager] Değişiklik kaydedildi:  [ -> 5]
[00:39:45.027] [INFO] [CalibrationManager] Değişiklik kaydedildi:  [ -> 5]
[00:39:45.029] [INFO] [CalibrationManager] Değişiklik kaydedildi:  [ -> 5]
[00:39:45.030] [INFO] [CalibrationManager] Değişiklik kaydedildi:  [ -> 5]
[00:39:45.032] [INFO] [CalibrationManager] Değişiklik kaydedildi:  [ -> 5]
[00:39:45.033] [INFO] [CalibrationManager] Değişiklik kaydedildi:  [ -> 5]
[00:39:45.035] [INFO] [CalibrationManager] Değişiklik kaydedildi:  [ -> 5]
[00:39:45.036] [INFO] [CalibrationManager] Değişiklik kaydedildi:  [ -> 5]
[00:39:45.038] [INFO] [CalibrationManager] Değişiklik kaydedildi:  [ -> 5]
[00:39:45.040] [INFO] [CalibrationManager] Değişiklik kaydedildi:  [ -> 5]
[00:39:45.041] [INFO] [CalibrationManager] Değişiklik kaydedildi:  [ -> 5]
[00:39:45.043] [INFO] [CalibrationManager] Değişiklik kaydedildi:  [ -> 5]
[00:39:45.044] [INFO] [CalibrationManager] Değişiklik kaydedildi:  [ -> 5]
[00:39:45.046] [INFO] [CalibrationManager] Değişiklik kaydedildi:  [ -> 5]
[00:39:45.047] [INFO] [CalibrationManager] Değişiklik kaydedildi:  [ -> 5]
[00:39:45.049] [INFO] [CalibrationManager] Değişiklik kaydedildi:  [ -> 5]
[00:39:45.050] [INFO] [CalibrationManager] Değişiklik kaydedildi:  [ -> 5]
[00:39:45.052] [INFO] [CalibrationManager] Değişiklik kaydedildi:  [ -> 5]
[00:39:45.054] [INFO] [CalibrationManager] Değişiklik kaydedildi:  [ -> 5]
[00:39:45.055] [INFO] [CalibrationManager] Değişiklik kaydedildi:  [ -> 5]
[00:39:45.057] [INFO] [CalibrationManager] Değişiklik kaydedildi:  [ -> 5]
[00:39:45.058] [INFO] [CalibrationManager] Değişiklik kaydedildi:  [ -> 5]
[00:39:45.060] [INFO] [CalibrationManager] Değişiklik kaydedildi:  [ -> 5]
[00:39:45.061] [INFO] [CalibrationManager] Değişiklik kaydedildi:  [ -> 5]
[00:39:45.063] [INFO] [CalibrationManager] Değişiklik kaydedildi:  [ -> 5]
[00:39:45.064] [INFO] [CalibrationManager] Değişiklik kaydedildi:  [ -> 5]
[00:39:45.066] [INFO] [CalibrationManager] Değişiklik kaydedildi:  [ -> 5]
[00:39:45.068] [INFO] [CalibrationManager] Değişiklik kaydedildi:  [ -> 5]
[00:39:45.070] [INFO] [CalibrationManager] Değişiklik kaydedildi:  [ -> 5]
[00:39:45.071] [INFO] [CalibrationManager] Değişiklik kaydedildi:  [ -> 5]
[00:39:45.073] [INFO] [CalibrationManager] Değişiklik kaydedildi:  [ -> 5]
[00:39:45.074] [INFO] [CalibrationManager] Değişiklik kaydedildi:  [ -> 5]
[00:39:45.076] [INFO] [CalibrationManager] Değişiklik kaydedildi:  [ -> 5]
[00:39:45.077] [INFO] [CalibrationManager] Değişiklik kaydedildi:  [ -> 5]
[00:39:45.079] [INFO] [CalibrationManager] Değişiklik kaydedildi:  [ -> 5]
[00:39:45.080] [INFO] [CalibrationManager] Değişiklik kaydedildi:  [ -> 5]
[00:39:45.090] [INFO] [CalibrationManager] Değişiklik kaydedildi:  [ -> 5]
[00:39:45.092] [INFO] [CalibrationManager] Değişiklik kaydedildi:  [ -> 5]
[00:39:45.093] [INFO] [CalibrationManager] Değişiklik kaydedildi:  [ -> 5]
[00:39:45.095] [INFO] [CalibrationManager] Değişiklik kaydedildi:  [ -> 5]
[00:39:45.096] [INFO] [CalibrationManager] Değişiklik kaydedildi:  [ -> 5]
[00:39:45.098] [INFO] [CalibrationManager] Değişiklik kaydedildi:  [ -> 5]
[00:39:45.099] [INFO] [CalibrationManager] Değişiklik kaydedildi:  [ -> 5]
[00:39:45.100] [INFO] [CalibrationManager] Değişiklik kaydedildi:  [ -> 5]
[00:39:45.102] [INFO] [CalibrationManager] Değişiklik kaydedildi:  [ -> 5]
[00:39:45.104] [INFO] [CalibrationManager] Değişiklik kaydedildi:  [ -> 5]
[00:39:45.106] [INFO] [CalibrationManager] Değişiklik kaydedildi:  [ -> 5]
[00:39:45.107] [INFO] [CalibrationManager] Değişiklik kaydedildi:  [ -> 5]
[00:39:45.109] [INFO] [CalibrationManager] Değişiklik kaydedildi:  [ -> 5]
[00:39:45.110] [INFO] [CalibrationManager] Değişiklik kaydedildi:  [ -> 5]
[00:39:45.112] [INFO] [CalibrationManager] Değişiklik kaydedildi:  [ -> 5]
[00:39:45.114] [INFO] [CalibrationManager] Değişiklik kaydedildi:  [ -> 5]
[00:39:45.115] [INFO] [CalibrationManager] Değişiklik kaydedildi:  [ -> 5]
[00:39:45.117] [INFO] [CalibrationManager] Değişiklik kaydedildi:  [ -> 5]
[00:39:45.119] [INFO] [CalibrationManager] Değişiklik kaydedildi:  [ -> 5]
[00:39:45.120] [INFO] [CalibrationManager] Değişiklik kaydedildi:  [ -> 5]
[00:39:45.122] [INFO] [CalibrationManager] Değişiklik kaydedildi:  [ -> 5]
[00:39:45.124] [INFO] [CalibrationManager] Değişiklik kaydedildi:  [ -> 5]
[00:39:45.125] [INFO] [CalibrationManager] Değişiklik kaydedildi:  [ -> 5]
[00:39:45.127] [INFO] [CalibrationManager] Değişiklik kaydedildi:  [ -> 5]
[00:39:45.128] [INFO] [CalibrationManager] Değişiklik kaydedildi:  [ -> 5]
[00:39:45.130] [INFO] [CalibrationManager] Değişiklik kaydedildi:  [ -> 5]
[00:39:45.131] [INFO] [CalibrationManager] Değişiklik kaydedildi:  [ -> 5]
[00:39:45.134] [INFO] [CalibrationManager] Değişiklik kaydedildi:  [ -> 5]
[00:39:45.136] [INFO] [CalibrationManager] Değişiklik kaydedildi:  [ -> 5]
[00:39:45.137] [INFO] [CalibrationManager] Değişiklik kaydedildi:  [ -> 5]
[00:39:45.139] [INFO] [CalibrationManager] Değişiklik kaydedildi:  [ -> 5]
[00:39:45.140] [INFO] [CalibrationManager] Değişiklik kaydedildi:  [ -> 5]
[00:39:45.142] [INFO] [CalibrationManager] Değişiklik kaydedildi:  [ -> 5]
[00:39:45.143] [INFO] [CalibrationManager] Değişiklik kaydedildi:  [ -> 5]
[00:39:45.145] [INFO] [CalibrationManager] Değişiklik kaydedildi:  [ -> 5]
[00:39:45.146] [INFO] [CalibrationManager] Değişiklik kaydedildi:  [ -> 5]
[00:39:45.148] [INFO] [CalibrationManager] Değişiklik kaydedildi:  [ -> 5]
[00:39:45.149] [INFO] [CalibrationManager] Değişiklik kaydedildi:  [ -> 5]
[00:39:45.151] [INFO] [CalibrationManager] Değişiklik kaydedildi:  [ -> 5]
[00:39:45.152] [INFO] [CalibrationManager] Değişiklik kaydedildi:  [ -> 5]
[00:39:45.154] [INFO] [CalibrationManager] Değişiklik kaydedildi:  [ -> 5]
[00:39:45.156] [INFO] [CalibrationManager] Değişiklik kaydedildi:  [ -> 5]
[00:39:45.157] [INFO] [CalibrationManager] Değişiklik kaydedildi:  [ -> 5]
[00:39:45.159] [INFO] [CalibrationManager] Değişiklik kaydedildi:  [ -> 5]
[00:39:45.161] [INFO] [CalibrationManager] Değişiklik kaydedildi:  [ -> 5]
[00:39:45.163] [INFO] [CalibrationManager] Değişiklik kaydedildi:  [ -> 5]
[00:39:45.165] [INFO] [CalibrationManager] Değişiklik kaydedildi:  [ -> 5]
[00:39:45.166] [INFO] [CalibrationManager] Değişiklik kaydedildi:  [ -> 5]
[00:39:45.168] [INFO] [CalibrationManager] Değişiklik kaydedildi:  [ -> 5]
[00:39:45.169] [INFO] [CalibrationManager] Değişiklik kaydedildi:  [ -> 5]
[00:39:45.171] [INFO] [CalibrationManager] Değişiklik kaydedildi:  [ -> 5]
[00:39:45.172] [INFO] [CalibrationManager] Değişiklik kaydedildi:  [ -> 5]
[00:39:45.173] [INFO] [CalibrationManager] Değişiklik kaydedildi:  [ -> 5]
[00:39:45.175] [INFO] [CalibrationManager] Değişiklik kaydedildi:  [ -> 5]
[00:39:45.176] [INFO] [CalibrationManager] Değişiklik kaydedildi:  [ -> 5]
[00:39:45.178] [INFO] [CalibrationManager] Değişiklik kaydedildi:  [ -> 5]
[00:39:45.179] [INFO] [CalibrationManager] Değişiklik kaydedildi:  [ -> 5]
[00:39:45.181] [INFO] [CalibrationManager] Değişiklik kaydedildi:  [ -> 5]
[00:39:45.182] [INFO] [CalibrationManager] Değişiklik kaydedildi:  [ -> 5]
[00:39:45.184] [INFO] [CalibrationManager] Değişiklik kaydedildi:  [ -> 5]
[00:39:45.186] [INFO] [CalibrationManager] Değişiklik kaydedildi:  [ -> 5]
[00:39:45.188] [INFO] [CalibrationManager] Değişiklik kaydedildi:  [ -> 5]
[00:39:45.190] [INFO] [CalibrationManager] Değişiklik kaydedildi:  [ -> 5]
[00:39:45.200] [INFO] [CalibrationManager] Değişiklik kaydedildi:  [ -> 5]
[00:39:45.202] [INFO] [CalibrationManager] Değişiklik kaydedildi:  [ -> 5]
[00:39:45.204] [INFO] [CalibrationManager] Değişiklik kaydedildi:  [ -> 5]
[00:39:45.205] [INFO] [CalibrationManager] Değişiklik kaydedildi:  [ -> 5]
[00:39:45.207] [INFO] [CalibrationManager] Değişiklik kaydedildi:  [ -> 5]
[00:39:45.208] [INFO] [CalibrationManager] Değişiklik kaydedildi:  [ -> 5]
[00:39:45.210] [INFO] [CalibrationManager] Değişiklik kaydedildi:  [ -> 5]
[00:39:45.211] [INFO] [CalibrationManager] Değişiklik kaydedildi:  [ -> 5]
[00:39:45.213] [INFO] [CalibrationManager] Değişiklik kaydedildi:  [ -> 5]
[00:39:45.214] [INFO] [CalibrationManager] Değişiklik kaydedildi:  [ -> 5]
[00:39:45.216] [INFO] [CalibrationManager] Değişiklik kaydedildi:  [ -> 5]
[00:39:45.217] [INFO] [CalibrationManager] Değişiklik kaydedildi:  [ -> 5]
[00:39:45.219] [INFO] [CalibrationManager] Değişiklik kaydedildi:  [ -> 5]
[00:39:45.222] [INFO] [CalibrationManager] Değişiklik kaydedildi:  [ -> 5]
[00:39:45.223] [INFO] [CalibrationManager] Değişiklik kaydedildi:  [ -> 5]
[00:39:45.225] [INFO] [CalibrationManager] Değişiklik kaydedildi:  [ -> 5]
[00:39:45.226] [INFO] [CalibrationManager] Değişiklik kaydedildi:  [ -> 5]
[00:39:45.228] [INFO] [CalibrationManager] Değişiklik kaydedildi:  [ -> 5]
[00:39:45.229] [INFO] [CalibrationManager] Değişiklik kaydedildi:  [ -> 5]
[00:39:45.231] [INFO] [CalibrationManager] Değişiklik kaydedildi:  [ -> 5]
[00:39:45.232] [INFO] [CalibrationManager] Değişiklik kaydedildi:  [ -> 5]
[00:39:45.234] [INFO] [CalibrationManager] Değişiklik kaydedildi:  [ -> 5]
[00:39:45.235] [INFO] [CalibrationManager] Değişiklik kaydedildi:  [ -> 5]
[00:39:45.237] [INFO] [CalibrationManager] Değişiklik kaydedildi:  [ -> 5]
[00:39:45.239] [INFO] [CalibrationManager] Değişiklik kaydedildi:  [ -> 5]
[00:39:45.241] [INFO] [CalibrationManager] Değişiklik kaydedildi:  [ -> 5]
[00:39:45.242] [INFO] [CalibrationManager] Değişiklik kaydedildi:  [ -> 5]
[00:39:45.244] [INFO] [CalibrationManager] Değişiklik kaydedildi:  [ -> 5]
[00:39:45.247] [INFO] [CalibrationManager] Değişiklik kaydedildi:  [ -> 5]
[00:39:45.653] [INFO] [RtpCalibrationEngine] Connecting to RTP emulator...
[00:39:45.653] [INFO] [RtpCalibrationEngine] RTP emulator connected successfully.
[00:39:45.653] [INFO] [RtpCalibrationEngine] Real-time synchronization active.
[00:39:45.654] [INFO] [RtpCalibrationEngine] Connecting to RTP emulator...
[00:39:45.654] [INFO] [RtpCalibrationEngine] RTP emulator connected successfully.
[00:39:45.654] [INFO] [RtpCalibrationEngine] Real-time synchronization active.
[00:39:45.657] [INFO] [CalibrationManager] Değişiklik kaydedildi:  [ -> 55]
[00:39:45.738] [ERROR] [RtpCalibrationEngine] Batch write execution failed: Batch block verification write failed: Simulated block write exception
[00:39:45.864] [INFO] [RtpCalibrationEngine] Connecting to RTP emulator...
[00:39:45.865] [INFO] [RtpCalibrationEngine] RTP emulator connected successfully.
[00:39:45.865] [INFO] [RtpCalibrationEngine] Real-time synchronization active.
[00:39:45.868] [INFO] [CalibrationManager] Değişiklik kaydedildi:  [ -> 88]
[00:39:45.958] [ERROR] [RtpCalibrationEngine] Batch write execution failed: Batch block verification write failed: Batch block verify mismatch at relative index 0. Expected: 88, Actual: 167
[00:39:46.077] [INFO] [RtpCalibrationEngine] Connecting to RTP emulator...
[00:39:46.077] [INFO] [RtpCalibrationEngine] RTP emulator connected successfully.
[00:39:46.078] [INFO] [RtpCalibrationEngine] Real-time synchronization active.
[00:39:46.080] [INFO] [CalibrationManager] Değişiklik kaydedildi:  [ -> 22]
[00:39:46.187] [INFO] [CalibrationManager] Değişiklik kaydedildi:  [ -> 22]
[00:39:46.299] [INFO] [CalibrationManager] Değişiklik kaydedildi:  [ -> 0]
[00:39:46.308] [INFO] [CalibrationManager] Değişiklik kaydedildi:  [ -> 1]
[00:39:46.318] [INFO] [CalibrationManager] Değişiklik kaydedildi:  [ -> 2]
[00:39:46.326] [INFO] [CalibrationManager] Değişiklik kaydedildi:  [ -> 3]
[00:39:46.336] [INFO] [CalibrationManager] Değişiklik kaydedildi:  [ -> 4]
[00:39:46.346] [INFO] [CalibrationManager] Değişiklik kaydedildi:  [ -> 5]
[00:39:46.354] [INFO] [CalibrationManager] Değişiklik kaydedildi:  [ -> 6]
[00:39:46.366] [INFO] [CalibrationManager] Değişiklik kaydedildi:  [ -> 0]
[00:39:46.375] [INFO] [CalibrationManager] Değişiklik kaydedildi:  [ -> 1]
[00:39:46.382] [INFO] [CalibrationManager] Değişiklik kaydedildi:  [ -> 2]
[00:39:46.389] [INFO] [CalibrationManager] Değişiklik kaydedildi:  [ -> 3]
[00:39:46.398] [INFO] [CalibrationManager] Değişiklik kaydedildi:  [ -> 4]
[00:39:46.408] [INFO] [CalibrationManager] Değişiklik kaydedildi:  [ -> 5]
[00:39:46.410] [INFO] [CalibrationManager] Değişiklik kaydedildi:  [ -> 6]
[00:39:46.414] [INFO] [CalibrationManager] Değişiklik kaydedildi:  [ -> 0]
[00:39:46.423] [INFO] [CalibrationManager] Değişiklik kaydedildi:  [ -> 1]
[00:39:46.434] [INFO] [CalibrationManager] Değişiklik kaydedildi:  [ -> 2]
[00:39:46.442] [INFO] [CalibrationManager] Değişiklik kaydedildi:  [ -> 3]
[00:39:46.453] [INFO] [CalibrationManager] Değişiklik kaydedildi:  [ -> 4]
[00:39:46.563] [INFO] [CalibrationManager] Değişiklik kaydedildi:  [ -> 5]
[00:39:46.667] [INFO] [CalibrationManager] Değişiklik kaydedildi:  [ -> 6]
[00:39:46.669] [ERROR] [RtpCalibrationEngine] RTP Configuration validation failed: Retry count must be between 0 and 10. (Parameter 'RetryCount')
[00:39:46.671] [INFO] [RtpCalibrationEngine] Recovered 1 pending changes from persistent queue on disk.
[00:39:46.689] [INFO] [RtpCalibrationEngine] Connecting to RTP emulator...
[00:39:46.689] [INFO] [RtpCalibrationEngine] RTP emulator connected successfully.
[00:39:46.690] [INFO] [RtpCalibrationEngine] Real-time synchronization active.
[00:39:46.699] [INFO] [AutoTuneSafetyManager] Güvenlik limitleri yüklendi. Etkin kural sayısı: 4
[00:39:46.699] [INFO] [AutoTuneEventPublisher] Domain olayı yayınlandı: SessionCreated (Oturum: 7209b07e-d21b-4949-b11c-17241b04b9b8)
[00:39:46.699] [INFO] [AutoTuneEngine] Oturum başarıyla başlatıldı: 7209b07e-d21b-4949-b11c-17241b04b9b8
[00:39:46.853] [INFO] [AutoTuneEventPublisher] Domain olayı yayınlandı: TelemetryWindowAccepted (Oturum: 7209b07e-d21b-4949-b11c-17241b04b9b8)
[00:39:46.854] [INFO] [AutoTuneEventPublisher] Domain olayı yayınlandı: SafetyViolation (Oturum: 7209b07e-d21b-4949-b11c-17241b04b9b8)
[00:39:46.854] [INFO] [AutoTuneEventPublisher] Domain olayı yayınlandı: DecisionCreated (Oturum: 7209b07e-d21b-4949-b11c-17241b04b9b8)
[00:39:46.854] [INFO] [CalibrationSnapshotManager] Snapshot oluşturuldu: 7b30fd86-b153-4de5-aab8-8e445fc8cc7e, Hücre sayısı: 1
[00:39:46.856] [INFO] [CalibrationRecoveryManager] Bekleyen işlem kaydedildi: f3482332-a820-4bde-a7c1-208919988bc2
[00:39:46.858] [INFO] [CalibrationManager] Değişiklik kaydedildi: AFRTargetTable Hücre [3,4] [0 -> 15]
[00:39:46.859] [INFO] [CalibrationRecoveryManager] Bekleyen işlem temizlendi (başarılı commit).
[00:39:46.859] [INFO] [CalibrationStreamPublisher] Uygulanan değişiklik yayınlandı: Lambda adres: AFRTargetTable[3,4]
[00:39:46.859] [INFO] [AutoTuneEventPublisher] Domain olayı yayınlandı: MapChangeApplied (Oturum: 7209b07e-d21b-4949-b11c-17241b04b9b8)
[00:39:46.859] [INFO] [AutoTuneEventPublisher] Domain olayı yayınlandı: DecisionCreated (Oturum: 7209b07e-d21b-4949-b11c-17241b04b9b8)
[00:39:46.859] [INFO] [CalibrationSnapshotManager] Snapshot oluşturuldu: 141350c0-ae56-43f8-a1db-1e5a427f041b, Hücre sayısı: 1
[00:39:46.860] [INFO] [CalibrationRecoveryManager] Bekleyen işlem kaydedildi: 4abfe009-aa99-4360-81a3-8810a7832799
[00:39:46.862] [INFO] [CalibrationManager] Değişiklik kaydedildi: IgnitionTable Hücre [3,4] [15 -> 16]
[00:39:46.863] [INFO] [CalibrationRecoveryManager] Bekleyen işlem temizlendi (başarılı commit).
[00:39:46.863] [INFO] [CalibrationStreamPublisher] Uygulanan değişiklik yayınlandı: Ignition adres: IgnitionTable[3,4]
[00:39:46.863] [INFO] [AutoTuneEventPublisher] Domain olayı yayınlandı: MapChangeApplied (Oturum: 7209b07e-d21b-4949-b11c-17241b04b9b8)
[00:39:46.863] [INFO] [AutoTuneEventPublisher] Domain olayı yayınlandı: DecisionCreated (Oturum: 7209b07e-d21b-4949-b11c-17241b04b9b8)
[00:39:46.863] [INFO] [CalibrationSnapshotManager] Snapshot oluşturuldu: be084bb9-78e4-4763-a717-05f3a63de4bf, Hücre sayısı: 1
[00:39:46.864] [INFO] [CalibrationRecoveryManager] Bekleyen işlem kaydedildi: 6f9e915c-da34-4cdc-a776-6f8236006e9d
[00:39:46.866] [INFO] [CalibrationManager] Değişiklik kaydedildi: FuelVETable Hücre [3,4] [16 -> 60]
[00:39:46.867] [INFO] [CalibrationRecoveryManager] Bekleyen işlem temizlendi (başarılı commit).
[00:39:46.867] [INFO] [CalibrationStreamPublisher] Uygulanan değişiklik yayınlandı: VE adres: FuelVETable[3,4]
[00:39:46.867] [INFO] [AutoTuneEventPublisher] Domain olayı yayınlandı: MapChangeApplied (Oturum: 7209b07e-d21b-4949-b11c-17241b04b9b8)
[00:39:46.884] [INFO] [AutoTuneEventPublisher] Domain olayı yayınlandı: TelemetryWindowAccepted (Oturum: 7209b07e-d21b-4949-b11c-17241b04b9b8)
[00:39:46.885] [INFO] [AutoTuneEventPublisher] Domain olayı yayınlandı: SafetyViolation (Oturum: 7209b07e-d21b-4949-b11c-17241b04b9b8)
[00:39:46.885] [INFO] [AutoTuneEventPublisher] Domain olayı yayınlandı: DecisionCreated (Oturum: 7209b07e-d21b-4949-b11c-17241b04b9b8)
[00:39:46.885] [INFO] [CalibrationSnapshotManager] Snapshot oluşturuldu: a7acbcd2-19af-4fbd-ad22-82d7ae0e03c9, Hücre sayısı: 1
[00:39:46.886] [INFO] [CalibrationRecoveryManager] Bekleyen işlem kaydedildi: 8a5d3dba-cbd2-4f1f-be95-73d6b4c68b24
[00:39:46.888] [INFO] [CalibrationManager] Değişiklik kaydedildi: AFRTargetTable Hücre [3,4] [60 -> 15]
[00:39:46.889] [INFO] [CalibrationRecoveryManager] Bekleyen işlem temizlendi (başarılı commit).
[00:39:46.889] [INFO] [CalibrationStreamPublisher] Uygulanan değişiklik yayınlandı: Lambda adres: AFRTargetTable[3,4]
[00:39:46.889] [INFO] [AutoTuneEventPublisher] Domain olayı yayınlandı: MapChangeApplied (Oturum: 7209b07e-d21b-4949-b11c-17241b04b9b8)
[00:39:46.890] [INFO] [AutoTuneEventPublisher] Domain olayı yayınlandı: DecisionCreated (Oturum: 7209b07e-d21b-4949-b11c-17241b04b9b8)
[00:39:46.890] [INFO] [CalibrationSnapshotManager] Snapshot oluşturuldu: db5c733b-b277-4748-84a6-98b41654f625, Hücre sayısı: 1
[00:39:46.891] [INFO] [CalibrationRecoveryManager] Bekleyen işlem kaydedildi: 196068b5-a908-4ca9-a057-218d081da4ce
[00:39:46.894] [INFO] [CalibrationManager] Değişiklik kaydedildi: IgnitionTable Hücre [3,4] [15 -> 16]
[00:39:46.895] [INFO] [CalibrationRecoveryManager] Bekleyen işlem temizlendi (başarılı commit).
[00:39:46.895] [INFO] [CalibrationStreamPublisher] Uygulanan değişiklik yayınlandı: Ignition adres: IgnitionTable[3,4]
[00:39:46.895] [INFO] [AutoTuneEventPublisher] Domain olayı yayınlandı: MapChangeApplied (Oturum: 7209b07e-d21b-4949-b11c-17241b04b9b8)
[00:39:46.895] [INFO] [AutoTuneEventPublisher] Domain olayı yayınlandı: DecisionCreated (Oturum: 7209b07e-d21b-4949-b11c-17241b04b9b8)
[00:39:46.896] [INFO] [CalibrationSnapshotManager] Snapshot oluşturuldu: 4404bf28-b626-45d7-b9da-a7d3c9ae7275, Hücre sayısı: 1
[00:39:46.897] [INFO] [CalibrationRecoveryManager] Bekleyen işlem kaydedildi: 9b112074-5c55-488d-83ba-2b6758dca564
[00:39:46.898] [INFO] [CalibrationManager] Değişiklik kaydedildi: FuelVETable Hücre [3,4] [16 -> 60]
[00:39:46.899] [INFO] [CalibrationRecoveryManager] Bekleyen işlem temizlendi (başarılı commit).
[00:39:46.900] [INFO] [CalibrationStreamPublisher] Uygulanan değişiklik yayınlandı: VE adres: FuelVETable[3,4]
[00:39:46.900] [INFO] [AutoTuneEventPublisher] Domain olayı yayınlandı: MapChangeApplied (Oturum: 7209b07e-d21b-4949-b11c-17241b04b9b8)
[00:39:46.916] [INFO] [AutoTuneEventPublisher] Domain olayı yayınlandı: TelemetryWindowAccepted (Oturum: 7209b07e-d21b-4949-b11c-17241b04b9b8)
[00:39:46.917] [INFO] [AutoTuneEventPublisher] Domain olayı yayınlandı: SafetyViolation (Oturum: 7209b07e-d21b-4949-b11c-17241b04b9b8)
[00:39:46.917] [INFO] [AutoTuneEventPublisher] Domain olayı yayınlandı: DecisionCreated (Oturum: 7209b07e-d21b-4949-b11c-17241b04b9b8)
[00:39:46.917] [INFO] [CalibrationSnapshotManager] Snapshot oluşturuldu: 266391ba-759a-483b-9a64-e23edd52687d, Hücre sayısı: 1
[00:39:46.918] [INFO] [CalibrationRecoveryManager] Bekleyen işlem kaydedildi: 81ae3079-d88b-4ffa-a0bf-94889e7852d2
[00:39:46.920] [INFO] [CalibrationManager] Değişiklik kaydedildi: AFRTargetTable Hücre [3,4] [60 -> 15]
[00:39:46.921] [INFO] [CalibrationRecoveryManager] Bekleyen işlem temizlendi (başarılı commit).
[00:39:46.921] [INFO] [CalibrationStreamPublisher] Uygulanan değişiklik yayınlandı: Lambda adres: AFRTargetTable[3,4]
[00:39:46.921] [INFO] [AutoTuneEventPublisher] Domain olayı yayınlandı: MapChangeApplied (Oturum: 7209b07e-d21b-4949-b11c-17241b04b9b8)
[00:39:46.921] [INFO] [AutoTuneEventPublisher] Domain olayı yayınlandı: DecisionCreated (Oturum: 7209b07e-d21b-4949-b11c-17241b04b9b8)
[00:39:46.922] [INFO] [CalibrationSnapshotManager] Snapshot oluşturuldu: a34c8b87-5044-49fb-b631-5bca11e5f81b, Hücre sayısı: 1
[00:39:46.923] [INFO] [CalibrationRecoveryManager] Bekleyen işlem kaydedildi: 6fe8a02b-d75d-4912-8a40-d0ba52e3ebfc
[00:39:46.924] [INFO] [CalibrationManager] Değişiklik kaydedildi: IgnitionTable Hücre [3,4] [15 -> 16]
[00:39:46.925] [INFO] [CalibrationRecoveryManager] Bekleyen işlem temizlendi (başarılı commit).
[00:39:46.926] [INFO] [CalibrationStreamPublisher] Uygulanan değişiklik yayınlandı: Ignition adres: IgnitionTable[3,4]
[00:39:46.926] [INFO] [AutoTuneEventPublisher] Domain olayı yayınlandı: MapChangeApplied (Oturum: 7209b07e-d21b-4949-b11c-17241b04b9b8)
[00:39:46.926] [INFO] [AutoTuneEventPublisher] Domain olayı yayınlandı: DecisionCreated (Oturum: 7209b07e-d21b-4949-b11c-17241b04b9b8)
[00:39:46.926] [INFO] [CalibrationSnapshotManager] Snapshot oluşturuldu: 212aa5fa-375e-49b9-bb4c-251b627d92a3, Hücre sayısı: 1
[00:39:46.927] [INFO] [CalibrationRecoveryManager] Bekleyen işlem kaydedildi: 56d0ee06-3b54-4b23-8884-2a817c10f5f5
[00:39:46.929] [INFO] [CalibrationManager] Değişiklik kaydedildi: FuelVETable Hücre [3,4] [16 -> 60]
[00:39:46.929] [INFO] [CalibrationRecoveryManager] Bekleyen işlem temizlendi (başarılı commit).
[00:39:46.929] [INFO] [CalibrationStreamPublisher] Uygulanan değişiklik yayınlandı: VE adres: FuelVETable[3,4]
[00:39:46.930] [INFO] [AutoTuneEventPublisher] Domain olayı yayınlandı: MapChangeApplied (Oturum: 7209b07e-d21b-4949-b11c-17241b04b9b8)
[00:39:46.948] [INFO] [AutoTuneEventPublisher] Domain olayı yayınlandı: TelemetryWindowAccepted (Oturum: 7209b07e-d21b-4949-b11c-17241b04b9b8)
[00:39:46.948] [INFO] [AutoTuneEventPublisher] Domain olayı yayınlandı: SafetyViolation (Oturum: 7209b07e-d21b-4949-b11c-17241b04b9b8)
[00:39:46.949] [INFO] [AutoTuneEventPublisher] Domain olayı yayınlandı: DecisionCreated (Oturum: 7209b07e-d21b-4949-b11c-17241b04b9b8)
[00:39:46.949] [INFO] [CalibrationSnapshotManager] Snapshot oluşturuldu: 8e61ea1d-f334-4284-8274-b8527e17485c, Hücre sayısı: 1
[00:39:46.950] [INFO] [CalibrationRecoveryManager] Bekleyen işlem kaydedildi: 8c112b73-a452-4862-8ef8-dc2081a11ca6
[00:39:46.952] [INFO] [CalibrationManager] Değişiklik kaydedildi: AFRTargetTable Hücre [3,4] [60 -> 15]
[00:39:46.953] [INFO] [CalibrationRecoveryManager] Bekleyen işlem temizlendi (başarılı commit).
[00:39:46.953] [INFO] [CalibrationStreamPublisher] Uygulanan değişiklik yayınlandı: Lambda adres: AFRTargetTable[3,4]
[00:39:46.953] [INFO] [AutoTuneEventPublisher] Domain olayı yayınlandı: MapChangeApplied (Oturum: 7209b07e-d21b-4949-b11c-17241b04b9b8)
[00:39:46.953] [INFO] [AutoTuneEventPublisher] Domain olayı yayınlandı: DecisionCreated (Oturum: 7209b07e-d21b-4949-b11c-17241b04b9b8)
[00:39:46.953] [INFO] [CalibrationSnapshotManager] Snapshot oluşturuldu: bf3d7bbe-7d9a-4b93-86f7-715ee578358b, Hücre sayısı: 1
[00:39:46.955] [INFO] [CalibrationRecoveryManager] Bekleyen işlem kaydedildi: 95539b3d-2102-4fd3-aa10-19c334b66073
[00:39:46.956] [INFO] [CalibrationManager] Değişiklik kaydedildi: IgnitionTable Hücre [3,4] [15 -> 16]
[00:39:46.957] [INFO] [CalibrationRecoveryManager] Bekleyen işlem temizlendi (başarılı commit).
[00:39:46.957] [INFO] [CalibrationStreamPublisher] Uygulanan değişiklik yayınlandı: Ignition adres: IgnitionTable[3,4]
[00:39:46.958] [INFO] [AutoTuneEventPublisher] Domain olayı yayınlandı: MapChangeApplied (Oturum: 7209b07e-d21b-4949-b11c-17241b04b9b8)
[00:39:46.958] [INFO] [AutoTuneEventPublisher] Domain olayı yayınlandı: DecisionCreated (Oturum: 7209b07e-d21b-4949-b11c-17241b04b9b8)
[00:39:46.958] [INFO] [CalibrationSnapshotManager] Snapshot oluşturuldu: aa242521-a914-4c83-86ac-3e2301e08873, Hücre sayısı: 1
[00:39:46.959] [INFO] [CalibrationRecoveryManager] Bekleyen işlem kaydedildi: a4267dd8-cd94-4e6a-8ab8-c50e944e4e2e
[00:39:46.961] [INFO] [CalibrationManager] Değişiklik kaydedildi: FuelVETable Hücre [3,4] [16 -> 60]
[00:39:46.962] [INFO] [CalibrationRecoveryManager] Bekleyen işlem temizlendi (başarılı commit).
[00:39:46.962] [INFO] [CalibrationStreamPublisher] Uygulanan değişiklik yayınlandı: VE adres: FuelVETable[3,4]
[00:39:46.962] [INFO] [AutoTuneEventPublisher] Domain olayı yayınlandı: MapChangeApplied (Oturum: 7209b07e-d21b-4949-b11c-17241b04b9b8)
[00:39:46.977] [INFO] [AutoTuneEventPublisher] Domain olayı yayınlandı: TelemetryWindowAccepted (Oturum: 7209b07e-d21b-4949-b11c-17241b04b9b8)
[00:39:46.978] [INFO] [AutoTuneEventPublisher] Domain olayı yayınlandı: SafetyViolation (Oturum: 7209b07e-d21b-4949-b11c-17241b04b9b8)
[00:39:46.978] [INFO] [AutoTuneEventPublisher] Domain olayı yayınlandı: DecisionCreated (Oturum: 7209b07e-d21b-4949-b11c-17241b04b9b8)
[00:39:46.978] [INFO] [CalibrationSnapshotManager] Snapshot oluşturuldu: c8b391eb-432e-44cb-84ac-c89a44150f38, Hücre sayısı: 1
[00:39:46.980] [INFO] [CalibrationRecoveryManager] Bekleyen işlem kaydedildi: 9625d8fd-f64f-49e8-9251-d0e3460d66e3
[00:39:46.981] [INFO] [CalibrationManager] Değişiklik kaydedildi: AFRTargetTable Hücre [3,4] [60 -> 15]
[00:39:46.982] [INFO] [CalibrationRecoveryManager] Bekleyen işlem temizlendi (başarılı commit).
[00:39:46.982] [INFO] [CalibrationStreamPublisher] Uygulanan değişiklik yayınlandı: Lambda adres: AFRTargetTable[3,4]
[00:39:46.982] [INFO] [AutoTuneEventPublisher] Domain olayı yayınlandı: MapChangeApplied (Oturum: 7209b07e-d21b-4949-b11c-17241b04b9b8)
[00:39:46.982] [INFO] [AutoTuneEventPublisher] Domain olayı yayınlandı: DecisionCreated (Oturum: 7209b07e-d21b-4949-b11c-17241b04b9b8)
[00:39:46.983] [INFO] [CalibrationSnapshotManager] Snapshot oluşturuldu: 3e5b2886-4ced-4051-be41-c04ac9c64f5e, Hücre sayısı: 1
[00:39:46.984] [INFO] [CalibrationRecoveryManager] Bekleyen işlem kaydedildi: 20533115-b4fa-473a-ac18-92d5de07b3db
[00:39:46.985] [INFO] [CalibrationManager] Değişiklik kaydedildi: IgnitionTable Hücre [3,4] [15 -> 16]
[00:39:46.986] [INFO] [CalibrationRecoveryManager] Bekleyen işlem temizlendi (başarılı commit).
[00:39:46.986] [INFO] [CalibrationStreamPublisher] Uygulanan değişiklik yayınlandı: Ignition adres: IgnitionTable[3,4]
[00:39:46.986] [INFO] [AutoTuneEventPublisher] Domain olayı yayınlandı: MapChangeApplied (Oturum: 7209b07e-d21b-4949-b11c-17241b04b9b8)
[00:39:46.986] [INFO] [AutoTuneEventPublisher] Domain olayı yayınlandı: DecisionCreated (Oturum: 7209b07e-d21b-4949-b11c-17241b04b9b8)
[00:39:46.987] [INFO] [CalibrationSnapshotManager] Snapshot oluşturuldu: 07cd4c06-1f6f-4f7a-af11-751f42aaaf45, Hücre sayısı: 1
[00:39:46.988] [INFO] [CalibrationRecoveryManager] Bekleyen işlem kaydedildi: caea1c9e-8436-422d-a877-e84ae44ab34f
[00:39:46.989] [INFO] [CalibrationManager] Değişiklik kaydedildi: FuelVETable Hücre [3,4] [16 -> 60]
[00:39:46.990] [INFO] [CalibrationRecoveryManager] Bekleyen işlem temizlendi (başarılı commit).
[00:39:46.991] [INFO] [CalibrationStreamPublisher] Uygulanan değişiklik yayınlandı: VE adres: FuelVETable[3,4]
[00:39:46.991] [INFO] [AutoTuneEventPublisher] Domain olayı yayınlandı: MapChangeApplied (Oturum: 7209b07e-d21b-4949-b11c-17241b04b9b8)
[00:39:47.009] [INFO] [AutoTuneEventPublisher] Domain olayı yayınlandı: TelemetryWindowAccepted (Oturum: 7209b07e-d21b-4949-b11c-17241b04b9b8)
[00:39:47.009] [INFO] [AutoTuneEventPublisher] Domain olayı yayınlandı: SafetyViolation (Oturum: 7209b07e-d21b-4949-b11c-17241b04b9b8)
[00:39:47.009] [INFO] [AutoTuneEventPublisher] Domain olayı yayınlandı: DecisionCreated (Oturum: 7209b07e-d21b-4949-b11c-17241b04b9b8)
[00:39:47.010] [INFO] [CalibrationSnapshotManager] Snapshot oluşturuldu: 6629aa82-d496-42bd-852a-abd883442901, Hücre sayısı: 1
[00:39:47.011] [INFO] [CalibrationRecoveryManager] Bekleyen işlem kaydedildi: 9294b171-6083-43d8-8435-008c73ccdf7a
[00:39:47.013] [INFO] [CalibrationManager] Değişiklik kaydedildi: AFRTargetTable Hücre [3,4] [60 -> 15]
[00:39:47.014] [INFO] [CalibrationRecoveryManager] Bekleyen işlem temizlendi (başarılı commit).
[00:39:47.014] [INFO] [CalibrationStreamPublisher] Uygulanan değişiklik yayınlandı: Lambda adres: AFRTargetTable[3,4]
[00:39:47.014] [INFO] [AutoTuneEventPublisher] Domain olayı yayınlandı: MapChangeApplied (Oturum: 7209b07e-d21b-4949-b11c-17241b04b9b8)
[00:39:47.014] [INFO] [AutoTuneEventPublisher] Domain olayı yayınlandı: DecisionCreated (Oturum: 7209b07e-d21b-4949-b11c-17241b04b9b8)
[00:39:47.014] [INFO] [CalibrationSnapshotManager] Snapshot oluşturuldu: af4953ce-7141-4e7d-b09d-d09fcbe3717f, Hücre sayısı: 1
[00:39:47.015] [INFO] [CalibrationRecoveryManager] Bekleyen işlem kaydedildi: fab03f53-7763-4910-984c-7ce07d2cf592
[00:39:47.017] [INFO] [CalibrationManager] Değişiklik kaydedildi: IgnitionTable Hücre [3,4] [15 -> 16]
[00:39:47.018] [INFO] [CalibrationRecoveryManager] Bekleyen işlem temizlendi (başarılı commit).
[00:39:47.019] [INFO] [CalibrationStreamPublisher] Uygulanan değişiklik yayınlandı: Ignition adres: IgnitionTable[3,4]
[00:39:47.019] [INFO] [AutoTuneEventPublisher] Domain olayı yayınlandı: MapChangeApplied (Oturum: 7209b07e-d21b-4949-b11c-17241b04b9b8)
[00:39:47.019] [INFO] [AutoTuneEventPublisher] Domain olayı yayınlandı: DecisionCreated (Oturum: 7209b07e-d21b-4949-b11c-17241b04b9b8)
[00:39:47.019] [INFO] [CalibrationSnapshotManager] Snapshot oluşturuldu: 439fb505-811c-4567-86d5-7f55933ed9d6, Hücre sayısı: 1
[00:39:47.020] [INFO] [CalibrationRecoveryManager] Bekleyen işlem kaydedildi: 0d163a38-7442-4e90-bcc6-a9cf5efa7350
[00:39:47.022] [INFO] [CalibrationManager] Değişiklik kaydedildi: FuelVETable Hücre [3,4] [16 -> 60]
[00:39:47.023] [INFO] [CalibrationRecoveryManager] Bekleyen işlem temizlendi (başarılı commit).
[00:39:47.023] [INFO] [CalibrationStreamPublisher] Uygulanan değişiklik yayınlandı: VE adres: FuelVETable[3,4]
[00:39:47.023] [INFO] [AutoTuneEventPublisher] Domain olayı yayınlandı: MapChangeApplied (Oturum: 7209b07e-d21b-4949-b11c-17241b04b9b8)
[00:39:47.355] [INFO] [AutoTuneEventPublisher] Domain olayı yayınlandı: SessionStopped (Oturum: 7209b07e-d21b-4949-b11c-17241b04b9b8)
[00:39:47.571] [INFO] [TestHarness] Test tamamlandÄ±: 110 geÃ§ti, 0 kaldÄ±
[00:39:47.571] [WARNING] [RomIdentifier] ROM imzası hiçbir ECU profiliyle eşleşmedi.
[00:39:47.571] [INFO] [Program] Test sonuçları:
â•â•â•â•â•â•â•â•â•â•â•â•â•â•â•â•â•â•â•â•â•â•â•â•â•â•â•â•â•â•â•â•â•â•â•â•â•â•â•â•â•â•â•â•â•â•â•
  HONDATUNER â€” OTOMATÄ°K TEST SÃœÄ°TÄ°
â•â•â•â•â•â•â•â•â•â•â•â•â•â•â•â•â•â•â•â•â•â•â•â•â•â•â•â•â•â•â•â•â•â•â•â•â•â•â•â•â•â•â•â•â•â•â•

â”€â”€ ROM Testleri â”€â”€â”€â”€â”€â”€â”€â”€â”€â”€â”€â”€â”€â”€â”€â”€â”€â”€â”€â”€â”€â”€â”€â”€â”€â”€â”€â”€â”€â”€
  ✅ ROM Identifier â€” 32KB boÅŸ ROM tanÄ±ma
  ✅ ROM Identifier â€” yanlÄ±ÅŸ boyut reddi
  ✅ ROM Patch â€” doÄŸrulama ve uygulama
  ✅ ROM Patch â€” rollback geri yÃ¼kleme

â”€â”€ Kalibrasyon Testleri â”€â”€â”€â”€â”€â”€â”€â”€â”€â”€â”€â”€â”€â”€â”€â”€â”€â”€â”€â”€â”€â”€â”€
  ✅ Injector Scaling â€” 240â†’440cc
  ✅ Injector Scaling â€” clamp to 255
  ✅ Calibration Engine â€” Commit applies value to ROM buffer
  ✅ Calibration Engine â€” Rollback restores original values in ROM buffer
  ✅ Calibration Engine â€” Undo and Redo states are fully synchronized
  ✅ Calibration Engine â€” Safety validator rejects OOR Rev Limit changes

â”€â”€ Faz 4: Map Engine & Interpolation Testleri â”€â”€
  ✅ Map Engine â€” Cell write and read accuracy
  ✅ Map Engine â€” Scale factors conversion logic
  ✅ Map Engine â€” Invalid offset out-of-range bounds check
  ✅ Map Engine â€” Transaction commits, rollbacks, and Undo/Redo integration
  ✅ Interpolation â€” 4 neighbor bilinear cell weight sum equals exactly 1.0

â”€â”€ AutoTune GÃ¼venlik Testleri â”€â”€â”€â”€â”€â”€â”€â”€â”€â”€â”€â”€â”€â”€â”€â”€â”€
  ✅ AutoTune â€” dÃ¼ÅŸÃ¼k ECT reddi
  ✅ AutoTune â€” dÃ¼ÅŸÃ¼k batarya reddi
  ✅ AutoTune â€” dÃ¼zeltme kÄ±rpma (Â±12%)

── Faz 5: Checksum Engine & Safety Layer Testleri ──
  ✅ Checksum â€” Stock ROM passes validation
  ✅ Checksum â€” Corrupt byte fails validation
  ✅ Checksum â€” Map change updates checksum successfully
  ✅ Checksum â€” VerifyBeforeSave detects bad checksum and returns false
  ✅ Checksum â€” Reloaded ROM checksum is valid
  ✅ Checksum â€” Multiple regions validation is successful

── ROM Patch Engine v2 Testleri ──
  ✅ PatchEngine — Başarılı Yama Uygulama
  ✅ PatchEngine — Yanlış ExpectedBytes Koruması
  ✅ PatchEngine — Uyumsuz ECU Koruması
  ✅ PatchEngine — ROM Boyut Limiti Koruması
  ✅ PatchEngine — Yamayı Geri Alma (Rollback)
  ✅ PatchEngine — İşlem (Transaction) Commit Entegrasyonu
  ✅ PatchEngine — İşlem Geri Alma (Transaction Rollback)
  ✅ PatchEngine — Otomatik Checksum Güncelleme
  ✅ PatchEngine — Audit Loglama Kontrolü
  ✅ PatchEngine — Profil Destekli Yamaları Bulma

── Phase 7: Telemetry & Live Datalog Bus Engine Testleri ──
  ✅ Telemetry - Event Bus Publish & Subscribe
  ✅ Telemetry - Event Bus Metrics Kontrolü
  ✅ Telemetry - Kanalsal Matematiksel Formül Çözümleme
  ✅ Telemetry - Backpressure DropOldest Politikası
  ✅ Telemetry - Backpressure DropNewest Politikası
  ✅ Telemetry - Backpressure BlockPublisher Politikası
  ✅ Telemetry - Yapılandırma Dosya İzleyicisi (Hot Reload)
  ✅ Telemetry - Erişim Kontrolü Yetkilendirme Hiyerarşisi
  ✅ Telemetry - SystemClock Monotonic Ticks
  ✅ Telemetry - HighResolutionClock Performance Ticks
  ✅ Telemetry - ReplayClock Geri Oynatıcı Zaman Akışı
  ✅ Telemetry - Dairesel Bellek (RingBuffer) Kapasite Tanımı
  ✅ Telemetry - RingBuffer Aşımında Overwrite (FIFO Overlay)
  ✅ Telemetry - Moving Average Gürültü Azaltma Filtresi
  ✅ Telemetry - Median (Ortanca) Filtreleme
  ✅ Telemetry - LowPass Üstel Sinyal Yumuşatma
  ✅ Telemetry - HighPass Dalgalanma Odaklı Sinyal Filtresi
  ✅ Telemetry - MockProvider Canlı Veri Akış Simülasyonu
  ✅ Telemetry - Sağlık İzleme (HealthMonitor) Parametreleri
  ✅ Telemetry - HealthMonitor Bağlantı Kaybı Anomali Algılama
  ✅ Telemetry - Analiz Hattı (AnalyzerPipeline) Sıralı Çalışma
  ✅ Telemetry - Engine Profil Geçiş Yönetimi (Street -> Dyno)
  ✅ Telemetry - Engine Canlı Datalogging Yaşam Döngüsü
  ✅ Telemetry - GC Basıncını Azaltan Frame Nesne Havuzu
  ✅ Telemetry - Salt-Okunur (Immutable) Snaphsot Yapısı
  ✅ Telemetry - Multi-Thread Veri Giriş Stress Testi

── Phase 8: AutoTune Closed Loop Engine Testleri ──
  ✅ AutoTune - State transitions (Start, Pause, Resume, Stop) lifecycle verification
  ✅ AutoTune - Confidence score calculation under low deviation is high
  ✅ AutoTune - Confidence score calculation under high deviation is low
  ✅ AutoTune - Stable window filter standard deviation and length checks
  ✅ AutoTune - Config validator rejects JSON with missing target attributes
  ✅ AutoTune - Config validator rejects out of bounds parameter variables
  ✅ AutoTune - ParameterType safety enum structure check
  ✅ AutoTune - Session manager multi session conflict prevention
  ✅ AutoTune - Session manager releases lock and allows new allocation
  ✅ AutoTune - Recovery manager logs interrupt trace successfully to file
  ✅ AutoTune - Recovery manager restores trace and validates details
  ✅ AutoTune - Diff engine returns detailed comparison matrix values
  ✅ AutoTune - CSV Package export contains session identity and values
  ✅ AutoTune - Replay simulator matches telemetry lists deterministically
  ✅ AutoTune - SafetyRuleProvider loads dynamic rules successfully
  ✅ AutoTune - QualityScoreCalculator rates stoichiometric history cleanly near 100
  ✅ AutoTune - Telemetry loss pause and reconnect validation cycle
  ✅ AutoTune - Domain event emitter publishes valid structured transition events
  ✅ AutoTune - Calibration RTP stream publishing streams virtual changes
  ✅ AutoTune - Replay validation checks run determinism bounds
  ✅ AutoTune - Persistence layer correctly serializes state machine records and migrates schema V1 to V2
  ✅ AutoTune - Query service retrieves session lists correctly
  ✅ AutoTune - Command service issues control triggers successfully
  ✅ AutoTune - Hardware checks and SafeMode blocks writing calibrations
  ✅ AutoTune - Cell lock manager acquires, releases and traps conflicts

── Faz 9: RTP Emulator & Real-Time Calibration Engine Testleri ──
  ✅ RTP - Engine correctly registers and resolves from DI ServiceContainer
  ✅ RTP - Connection state machine cycles correctly through all states
  ✅ RTP - Transient write failures trigger automatic retries and recover successfully
  ✅ RTP - Consecutive calibration edits coalesce into a single block write
  ✅ RTP - Multi-threaded queue guarantees strict sequential write ordering
  ✅ RTP - Execution latency benchmark tracking meets target limits
  ✅ RTP - Engine sustains high-frequency (500+) update throughput stress
  ✅ RTP - Background sync worker terminates cleanly on CancellationToken request
  ✅ RTP - Hardware disconnect automatically halts sync and raises Faulted event
  ✅ RTP - Enforces read-back verification after writing values to emulator
  ✅ RTP - Idempotent synchronization ignores duplicate writes to target cells
  ✅ RTP - Backpressure policy DropOldest purges oldest queued changes under load
  ✅ RTP - Backpressure policy RejectNewest drops new updates under queue overflow
  ✅ RTP - Backpressure policy BlockProducer controls producer rates correctly
  ✅ RTP - Validation layer rejects bad config schema values at initialization
  ✅ RTP - Restores un-synced calibration state queue records on startup
  ✅ RTP - Synchronizes concurrently applied AutoTune decisions to hardware
  ✅ TestMetadata_SerializationAndValidation
  ✅ TestReverseEngineering_ExtractionAndDecompilation
  ✅ TestAdvancedFuelCorrections
  ✅ TestAdvancedIgnition_DecodingAndCalibration
  ✅ TestVtecAndBoostControl_LogicAndAlarms
  ✅ TestEngineProtection_SafetiesAndAlarms
  ✅ TestDiagnosticsAndProtocols_A2LAndFreezeFrames
  ✅ TestDynoLogsAndVersions_EstimationAndBranches

â•â•â•â•â•â•â•â•â•â•â•â•â•â•â•â•â•â•â•â•â•â•â•â•â•â•â•â•â•â•â•â•â•â•â•â•â•â•â•â•â•â•â•â•â•â•â•
  SONUÃ‡: 110 baÅŸarÄ±lÄ±, 0 baÅŸarÄ±sÄ±z
â•â•â•â•â•â•â•â•â•â•â•â•â•â•â•â•â•â•â•â•â•â•â•â•â•â•â•â•â•â•â•â•â•â•â•â•â•â•â•â•â•â•â•â•â•â•â•
[00:39:47.572] [INFO] [Program] Örnek ROM test sonuçları:
── Örnek ROM Test Çerçevesi ───────────────────
  ✅ Checksum offset geçerli
  ✅ Bozuk ROM reddedildi
  ✅ Fuel map sınırları geçerli
  ✅ Ignition map sınırları geçerli
  ✅ Tüm profiller 32KB ROM boyutu

  Sonuç: 5 geçti, 0 kaldı
[00:39:47.732] [INFO] [EcuPinoutManager] 24 OBD1 ECU pin tanımlaması başarıyla yüklendi.
