[13:08:20.189] [INFO] [RomIdentifier] ECU Tanımlandı: P06 (Confidence: %45,7)
[13:08:20.192] [WARNING] [RomIdentifier] ROM imzası hiçbir ECU profiliyle eşleşmedi.
[13:08:20.193] [INFO] [RomPatchManager] Yama uygulandı: TEST_PATCH_1 @ 0x000A
[13:08:20.194] [INFO] [RomPatchManager] Yama uygulandı: TEST_PATCH_ROLLBACK @ 0x000A
[13:08:20.194] [INFO] [RomPatchManager] Yama geri alındı: TEST_PATCH_ROLLBACK
[13:08:20.195] [INFO] [InjectorManager] Fuel haritası ölçeklendi: 240cc → 440cc (oran: 0,545)
[13:08:20.195] [INFO] [InjectorManager] Fuel haritası ölçeklendi: 440cc → 240cc (oran: 1,833)
[13:08:20.198] [INFO] [CalibrationManager] Değişiklik kaydedildi: Fuel Cell [0,0] [50 -> 60]
[13:08:20.199] [INFO] [CalibrationManager] Değişiklik kaydedildi: Fuel Cell [0,0] [50 -> 60]
[13:08:20.200] [INFO] [CalibrationManager] Değişiklik kaydedildi: Fuel Cell [0,0] [50 -> 75]
[13:08:20.202] [INFO] [CalibrationManager] Değişiklik kaydedildi: FuelMapTest Hücre [4,5] [0 -> 123]
[13:08:20.203] [INFO] [CalibrationManager] Değişiklik kaydedildi: FuelMapTest Hücre [0,0] [0 -> 125]
[13:08:20.203] [INFO] [CalibrationManager] Değişiklik kaydedildi: FuelMapTest Hücre [1,1] [0 -> 150]
[13:08:20.204] [INFO] [CalibrationManager] Değişiklik kaydedildi: FuelMapTest Hücre [1,1] [0 -> 150]
[13:08:20.206] [DEBUG] [AutoTuneValidator] Reddedildi [ECT_LOW]: Motor sıcaklığı düşük: 50°C < 72°C
[13:08:20.206] [DEBUG] [AutoTuneValidator] Reddedildi [BATT_LOW]: Batarya düşük: 10,5V < 12V
[13:08:20.207] [INFO] [TestHarness] Test tamamlandı: 18 geçti, 0 kaldı
[13:08:20.207] [WARNING] [RomIdentifier] ROM imzası hiçbir ECU profiliyle eşleşmedi.
[13:08:20.208] [INFO] [Program] Test sonuçları:
═══════════════════════════════════════════════
  HONDATUNER — OTOMATİK TEST SÜİTİ
═══════════════════════════════════════════════

── ROM Testleri ──────────────────────────────
  ✅ ROM Identifier — 32KB boş ROM tanıma
  ✅ ROM Identifier — yanlış boyut reddi
  ✅ ROM Patch — doğrulama ve uygulama
  ✅ ROM Patch — rollback geri yükleme

── Kalibrasyon Testleri ───────────────────────
  ✅ Injector Scaling — 240→440cc
  ✅ Injector Scaling — clamp to 255
  ✅ Calibration Engine — Commit applies value to ROM buffer
  ✅ Calibration Engine — Rollback restores original values in ROM buffer
  ✅ Calibration Engine — Undo and Redo states are fully synchronized
  ✅ Calibration Engine — Safety validator rejects OOR Rev Limit changes

── Faz 4: Map Engine & Interpolation Testleri ──
  ✅ Map Engine — Cell write and read accuracy
  ✅ Map Engine — Scale factors conversion logic
  ✅ Map Engine — Invalid offset out-of-range bounds check
  ✅ Map Engine — Transaction commits, rollbacks, and Undo/Redo integration
  ✅ Interpolation — 4 neighbor bilinear cell weight sum equals exactly 1.0

── AutoTune Güvenlik Testleri ─────────────────
  ✅ AutoTune — düşük ECT reddi
  ✅ AutoTune — düşük batarya reddi
  ✅ AutoTune — düzeltme kırpma (±12%)

═══════════════════════════════════════════════
  SONUÇ: 18 başarılı, 0 başarısız
═══════════════════════════════════════════════
[13:08:20.208] [INFO] [Program] Örnek ROM test sonuçları:
── Örnek ROM Test Çerçevesi ───────────────────
  ✅ Checksum offset geçerli
  ✅ Bozuk ROM reddedildi
  ✅ Fuel map sınırları geçerli
  ✅ Ignition map sınırları geçerli
  ✅ Tüm profiller 32KB ROM boyutu

  Sonuç: 5 geçti, 0 kaldı
