[00:53:02.715] [INFO] [RomIdentifier] ECU Tanımlandı: P06 (Confidence: %45,7)
[00:53:02.718] [WARNING] [RomIdentifier] ROM imzası hiçbir ECU profiliyle eşleşmedi.
[00:53:02.719] [INFO] [RomPatchManager] Yama uygulandı: TEST_PATCH_1 @ 0x000A
[00:53:02.719] [INFO] [RomPatchManager] Yama uygulandı: TEST_PATCH_ROLLBACK @ 0x000A
[00:53:02.720] [INFO] [RomPatchManager] Yama geri alındı: TEST_PATCH_ROLLBACK
[00:53:02.721] [INFO] [InjectorManager] Fuel haritası ölçeklendi: 240cc → 440cc (oran: 0,545)
[00:53:02.721] [INFO] [InjectorManager] Fuel haritası ölçeklendi: 440cc → 240cc (oran: 1,833)
[00:53:02.772] [INFO] [RtpCalibrationEngine] Recovered 23 pending changes from persistent queue on disk.
[00:53:02.775] [INFO] [CalibrationManager] Değişiklik kaydedildi: Fuel Cell [0,0] [50 -> 60]
[00:53:02.776] [INFO] [CalibrationManager] Değişiklik kaydedildi: Fuel Cell [0,0] [50 -> 60]
[00:53:02.777] [INFO] [CalibrationManager] Değişiklik kaydedildi: Fuel Cell [0,0] [50 -> 75]
[00:53:02.782] [INFO] [CalibrationManager] Değişiklik kaydedildi: FuelMapTest Hücre [4,5] [0 -> 123]
[00:53:02.795] [INFO] [CalibrationManager] Değişiklik kaydedildi: FuelMapTest Hücre [0,0] [0 -> 125]
[00:53:02.796] [INFO] [CalibrationManager] Değişiklik kaydedildi: FuelMapTest Hücre [1,1] [0 -> 150]
[00:53:02.815] [INFO] [CalibrationManager] Değişiklik kaydedildi: FuelMapTest Hücre [1,1] [0 -> 150]
[00:53:02.835] [DEBUG] [AutoTuneValidator] Reddedildi [ECT_LOW]: Motor sıcaklığı düşük: 50°C < 72°C
[00:53:02.835] [DEBUG] [AutoTuneValidator] Reddedildi [BATT_LOW]: Batarya düşük: 10,5V < 12V
[00:53:02.857] [INFO] [EcuDatabaseManager] Toplam 8 dinamik ECU profili yüklendi.
[00:53:02.870] [INFO] [ChecksumTest] [TRACE-1] romBuffer[0]=00
[00:53:02.876] [INFO] [ChecksumTest] [TRACE-2] tempFile[0]=00
[00:53:02.878] [INFO] [ChecksumTest] [TRACE-3] loadedBuffer[0]=00
[00:53:02.878] [INFO] [ChecksumTest] [TRACE-4] beforeSaveBuffer[0]=00
[00:53:02.882] [INFO] [ChecksumTest] [TRACE-5] afterSaveParserBuffer[0]=00
[00:53:02.889] [INFO] [ChecksumTest] [TRACE-6] reloadedFile[0]=00
[00:53:02.897] [INFO] [CalibrationManager] Değişiklik kaydedildi: Patch.LaunchControl.Byte0 [144 -> 205]
[00:53:02.908] [INFO] [CalibrationManager] Değişiklik kaydedildi: Patch.LaunchControl.Byte1 [144 -> 25]
[00:53:02.910] [INFO] [PatchEngine] Yama başarıyla uygulandı: LaunchControl @ 0x1FB0
[00:53:02.917] [INFO] [CalibrationManager] Değişiklik kaydedildi: Patch.LaunchControl.Byte0 [144 -> 205]
[00:53:02.925] [INFO] [CalibrationManager] Değişiklik kaydedildi: Patch.LaunchControl.Byte1 [144 -> 25]
[00:53:02.926] [INFO] [PatchEngine] Yama başarıyla uygulandı: LaunchControl @ 0x1FB0
[00:53:02.930] [INFO] [CalibrationManager] Değişiklik kaydedildi: Patch.LaunchControl.Byte0 [205 -> 144]
[00:53:02.936] [INFO] [CalibrationManager] Değişiklik kaydedildi: Patch.LaunchControl.Byte1 [25 -> 144]
[00:53:02.938] [INFO] [PatchEngine] Yama başarıyla geri alındı (Rollback): LaunchControl
[00:53:02.947] [INFO] [CalibrationManager] Değişiklik kaydedildi: Patch.LaunchControl.Byte0 [144 -> 205]
[00:53:02.956] [INFO] [CalibrationManager] Değişiklik kaydedildi: Patch.LaunchControl.Byte1 [144 -> 25]
[00:53:02.958] [INFO] [PatchEngine] Yama başarıyla uygulandı: LaunchControl @ 0x1FB0
[00:53:02.970] [INFO] [CalibrationManager] Değişiklik kaydedildi: Patch.LaunchControl.Byte0 [144 -> 205]
[00:53:02.980] [INFO] [CalibrationManager] Değişiklik kaydedildi: Patch.LaunchControl.Byte1 [144 -> 25]
[00:53:02.982] [INFO] [PatchEngine] Yama başarıyla uygulandı: LaunchControl @ 0x1FB0
[00:53:03.001] [INFO] [CalibrationManager] Değişiklik kaydedildi: Patch.LaunchControl.Byte0 [144 -> 205]
[00:53:03.008] [INFO] [CalibrationManager] Değişiklik kaydedildi: Patch.LaunchControl.Byte1 [144 -> 25]
[00:53:03.010] [INFO] [PatchEngine] Yama başarıyla uygulandı: LaunchControl @ 0x1FB0
[00:53:03.020] [INFO] [CalibrationManager] Değişiklik kaydedildi: Patch.LaunchControl.Byte0 [144 -> 205]
[00:53:03.028] [INFO] [CalibrationManager] Değişiklik kaydedildi: Patch.LaunchControl.Byte1 [144 -> 25]
[00:53:03.030] [INFO] [PatchEngine] Yama başarıyla uygulandı: LaunchControl @ 0x1FB0
[00:53:04.693] [INFO] [AutoTuneSafetyManager] Güvenlik limitleri yüklendi. Etkin kural sayısı: 4
[00:53:04.694] [INFO] [AutoTuneEventPublisher] Domain olayı yayınlandı: SessionCreated (Oturum: 61e1f1a0-ba2e-41f9-83b3-9bdfe722d089)
[00:53:04.695] [INFO] [AutoTuneEngine] Oturum başarıyla başlatıldı: 61e1f1a0-ba2e-41f9-83b3-9bdfe722d089
[00:53:04.695] [INFO] [AutoTuneEventPublisher] Domain olayı yayınlandı: SessionPaused (Oturum: 61e1f1a0-ba2e-41f9-83b3-9bdfe722d089)
[00:53:04.696] [INFO] [AutoTuneEventPublisher] Domain olayı yayınlandı: SessionResumed (Oturum: 61e1f1a0-ba2e-41f9-83b3-9bdfe722d089)
[00:53:04.696] [INFO] [AutoTuneEventPublisher] Domain olayı yayınlandı: SessionStopped (Oturum: 61e1f1a0-ba2e-41f9-83b3-9bdfe722d089)
[00:53:04.716] [INFO] [CalibrationRecoveryManager] Bekleyen işlem kaydedildi: TX-TEMP
[00:53:04.730] [INFO] [CalibrationRecoveryManager] Bekleyen işlem temizlendi (başarılı commit).
[00:53:04.731] [INFO] [CalibrationRecoveryManager] Bekleyen işlem kaydedildi: TX-TEMP2
[00:53:04.738] [INFO] [CalibrationRecoveryManager] Yarım kalmış işlem geri yükleniyor: TX-TEMP2
[00:53:04.739] [INFO] [CalibrationSnapshotManager] Snapshot geri yükleniyor: SNAP-TEMP2, Kurtarılacak hücre: 1
[00:53:04.739] [INFO] [CalibrationRecoveryManager] Bekleyen işlem temizlendi (başarılı commit).
[00:53:04.743] [INFO] [AutoTuneSafetyManager] Güvenlik limitleri yüklendi. Etkin kural sayısı: 4
[00:53:04.743] [INFO] [AutoTuneEventPublisher] Domain olayı yayınlandı: SessionCreated (Oturum: e64d6ef9-d7ff-4777-a349-a2d9bbdb2379)
[00:53:04.743] [INFO] [AutoTuneEngine] Oturum başarıyla başlatıldı: e64d6ef9-d7ff-4777-a349-a2d9bbdb2379
[00:53:04.744] [INFO] [AutoTuneEventPublisher] Domain olayı yayınlandı: SessionPaused (Oturum: e64d6ef9-d7ff-4777-a349-a2d9bbdb2379)
[00:53:04.744] [INFO] [AutoTuneEventPublisher] Domain olayı yayınlandı: SessionResumed (Oturum: e64d6ef9-d7ff-4777-a349-a2d9bbdb2379)
[00:53:04.744] [INFO] [AutoTuneEventPublisher] Domain olayı yayınlandı: SessionStopped (Oturum: e64d6ef9-d7ff-4777-a349-a2d9bbdb2379)
[00:53:04.745] [INFO] [AutoTuneSafetyManager] Güvenlik limitleri yüklendi. Etkin kural sayısı: 4
[00:53:04.745] [INFO] [AutoTuneEventPublisher] Domain olayı yayınlandı: SessionCreated (Oturum: eba4e7cc-3561-4b8d-90b4-0e70a575985f)
[00:53:04.745] [INFO] [AutoTuneEngine] Oturum başarıyla başlatıldı: eba4e7cc-3561-4b8d-90b4-0e70a575985f
[00:53:04.745] [INFO] [AutoTuneEventPublisher] Domain olayı yayınlandı: SessionStopped (Oturum: eba4e7cc-3561-4b8d-90b4-0e70a575985f)
[00:53:04.746] [INFO] [AutoTuneSafetyManager] Güvenlik limitleri yüklendi. Etkin kural sayısı: 4
[00:53:04.746] [INFO] [AutoTuneEventPublisher] Domain olayı yayınlandı: SessionCreated (Oturum: ea099c32-17fe-45e4-9e5b-b7b08986c3b2)
[00:53:04.746] [INFO] [AutoTuneEngine] Oturum başarıyla başlatıldı: ea099c32-17fe-45e4-9e5b-b7b08986c3b2
[00:53:04.747] [INFO] [AutoTuneEventPublisher] Domain olayı yayınlandı: TelemetryWindowAccepted (Oturum: ea099c32-17fe-45e4-9e5b-b7b08986c3b2)
[00:53:04.751] [INFO] [AutoTuneEventPublisher] Domain olayı yayınlandı: DecisionCreated (Oturum: ea099c32-17fe-45e4-9e5b-b7b08986c3b2)
[00:53:04.752] [INFO] [CalibrationStreamPublisher] Uygulanan değişiklik yayınlandı: Fuel adres: FuelVETable[3,4]
[00:53:04.754] [INFO] [AutoTuneEventPublisher] Domain olayı yayınlandı: DecisionCreated (Oturum: ea099c32-17fe-45e4-9e5b-b7b08986c3b2)
[00:53:04.754] [INFO] [CalibrationStreamPublisher] Uygulanan değişiklik yayınlandı: Lambda adres: AFRTargetTable[3,4]
[00:53:04.754] [INFO] [AutoTuneEventPublisher] Domain olayı yayınlandı: DecisionCreated (Oturum: ea099c32-17fe-45e4-9e5b-b7b08986c3b2)
[00:53:04.754] [INFO] [CalibrationStreamPublisher] Uygulanan değişiklik yayınlandı: Ignition adres: IgnitionTable[3,4]
[00:53:04.755] [INFO] [AutoTuneEventPublisher] Domain olayı yayınlandı: DecisionCreated (Oturum: ea099c32-17fe-45e4-9e5b-b7b08986c3b2)
[00:53:04.755] [INFO] [CalibrationStreamPublisher] Uygulanan değişiklik yayınlandı: VE adres: FuelVETable[3,4]
[00:53:04.756] [INFO] [AutoTuneEventPublisher] Domain olayı yayınlandı: TelemetryWindowAccepted (Oturum: ea099c32-17fe-45e4-9e5b-b7b08986c3b2)
[00:53:04.756] [INFO] [AutoTuneEventPublisher] Domain olayı yayınlandı: DecisionCreated (Oturum: ea099c32-17fe-45e4-9e5b-b7b08986c3b2)
[00:53:04.756] [INFO] [CalibrationStreamPublisher] Uygulanan değişiklik yayınlandı: Fuel adres: FuelVETable[3,4]
[00:53:04.756] [INFO] [AutoTuneEventPublisher] Domain olayı yayınlandı: DecisionCreated (Oturum: ea099c32-17fe-45e4-9e5b-b7b08986c3b2)
[00:53:04.756] [INFO] [CalibrationStreamPublisher] Uygulanan değişiklik yayınlandı: Lambda adres: AFRTargetTable[3,4]
[00:53:04.757] [INFO] [AutoTuneEventPublisher] Domain olayı yayınlandı: DecisionCreated (Oturum: ea099c32-17fe-45e4-9e5b-b7b08986c3b2)
[00:53:04.757] [INFO] [CalibrationStreamPublisher] Uygulanan değişiklik yayınlandı: Ignition adres: IgnitionTable[3,4]
[00:53:04.757] [INFO] [AutoTuneEventPublisher] Domain olayı yayınlandı: DecisionCreated (Oturum: ea099c32-17fe-45e4-9e5b-b7b08986c3b2)
[00:53:04.757] [INFO] [CalibrationStreamPublisher] Uygulanan değişiklik yayınlandı: VE adres: FuelVETable[3,4]
[00:53:04.757] [INFO] [AutoTuneEventPublisher] Domain olayı yayınlandı: TelemetryWindowAccepted (Oturum: ea099c32-17fe-45e4-9e5b-b7b08986c3b2)
[00:53:04.757] [INFO] [AutoTuneEventPublisher] Domain olayı yayınlandı: DecisionCreated (Oturum: ea099c32-17fe-45e4-9e5b-b7b08986c3b2)
[00:53:04.758] [INFO] [CalibrationStreamPublisher] Uygulanan değişiklik yayınlandı: Fuel adres: FuelVETable[3,4]
[00:53:04.758] [INFO] [AutoTuneEventPublisher] Domain olayı yayınlandı: DecisionCreated (Oturum: ea099c32-17fe-45e4-9e5b-b7b08986c3b2)
[00:53:04.758] [INFO] [CalibrationStreamPublisher] Uygulanan değişiklik yayınlandı: Lambda adres: AFRTargetTable[3,4]
[00:53:04.758] [INFO] [AutoTuneEventPublisher] Domain olayı yayınlandı: DecisionCreated (Oturum: ea099c32-17fe-45e4-9e5b-b7b08986c3b2)
[00:53:04.758] [INFO] [CalibrationStreamPublisher] Uygulanan değişiklik yayınlandı: Ignition adres: IgnitionTable[3,4]
[00:53:04.758] [INFO] [AutoTuneEventPublisher] Domain olayı yayınlandı: DecisionCreated (Oturum: ea099c32-17fe-45e4-9e5b-b7b08986c3b2)
[00:53:04.758] [INFO] [CalibrationStreamPublisher] Uygulanan değişiklik yayınlandı: VE adres: FuelVETable[3,4]
[00:53:04.758] [INFO] [AutoTuneEventPublisher] Domain olayı yayınlandı: TelemetryWindowAccepted (Oturum: ea099c32-17fe-45e4-9e5b-b7b08986c3b2)
[00:53:04.758] [INFO] [AutoTuneEventPublisher] Domain olayı yayınlandı: DecisionCreated (Oturum: ea099c32-17fe-45e4-9e5b-b7b08986c3b2)
[00:53:04.759] [INFO] [CalibrationStreamPublisher] Uygulanan değişiklik yayınlandı: Fuel adres: FuelVETable[3,4]
[00:53:04.759] [INFO] [AutoTuneEventPublisher] Domain olayı yayınlandı: DecisionCreated (Oturum: ea099c32-17fe-45e4-9e5b-b7b08986c3b2)
[00:53:04.759] [INFO] [CalibrationStreamPublisher] Uygulanan değişiklik yayınlandı: Lambda adres: AFRTargetTable[3,4]
[00:53:04.759] [INFO] [AutoTuneEventPublisher] Domain olayı yayınlandı: DecisionCreated (Oturum: ea099c32-17fe-45e4-9e5b-b7b08986c3b2)
[00:53:04.759] [INFO] [CalibrationStreamPublisher] Uygulanan değişiklik yayınlandı: Ignition adres: IgnitionTable[3,4]
[00:53:04.759] [INFO] [AutoTuneEventPublisher] Domain olayı yayınlandı: DecisionCreated (Oturum: ea099c32-17fe-45e4-9e5b-b7b08986c3b2)
[00:53:04.759] [INFO] [CalibrationStreamPublisher] Uygulanan değişiklik yayınlandı: VE adres: FuelVETable[3,4]
[00:53:04.759] [INFO] [AutoTuneEventPublisher] Domain olayı yayınlandı: TelemetryWindowAccepted (Oturum: ea099c32-17fe-45e4-9e5b-b7b08986c3b2)
[00:53:04.760] [INFO] [AutoTuneEventPublisher] Domain olayı yayınlandı: DecisionCreated (Oturum: ea099c32-17fe-45e4-9e5b-b7b08986c3b2)
[00:53:04.760] [INFO] [CalibrationStreamPublisher] Uygulanan değişiklik yayınlandı: Fuel adres: FuelVETable[3,4]
[00:53:04.760] [INFO] [AutoTuneEventPublisher] Domain olayı yayınlandı: DecisionCreated (Oturum: ea099c32-17fe-45e4-9e5b-b7b08986c3b2)
[00:53:04.760] [INFO] [CalibrationStreamPublisher] Uygulanan değişiklik yayınlandı: Lambda adres: AFRTargetTable[3,4]
[00:53:04.760] [INFO] [AutoTuneEventPublisher] Domain olayı yayınlandı: DecisionCreated (Oturum: ea099c32-17fe-45e4-9e5b-b7b08986c3b2)
[00:53:04.760] [INFO] [CalibrationStreamPublisher] Uygulanan değişiklik yayınlandı: Ignition adres: IgnitionTable[3,4]
[00:53:04.760] [INFO] [AutoTuneEventPublisher] Domain olayı yayınlandı: DecisionCreated (Oturum: ea099c32-17fe-45e4-9e5b-b7b08986c3b2)
[00:53:04.760] [INFO] [CalibrationStreamPublisher] Uygulanan değişiklik yayınlandı: VE adres: FuelVETable[3,4]
[00:53:04.761] [INFO] [AutoTuneEventPublisher] Domain olayı yayınlandı: TelemetryWindowAccepted (Oturum: ea099c32-17fe-45e4-9e5b-b7b08986c3b2)
[00:53:04.761] [INFO] [AutoTuneEventPublisher] Domain olayı yayınlandı: DecisionCreated (Oturum: ea099c32-17fe-45e4-9e5b-b7b08986c3b2)
[00:53:04.761] [INFO] [CalibrationStreamPublisher] Uygulanan değişiklik yayınlandı: Fuel adres: FuelVETable[3,4]
[00:53:04.761] [INFO] [AutoTuneEventPublisher] Domain olayı yayınlandı: DecisionCreated (Oturum: ea099c32-17fe-45e4-9e5b-b7b08986c3b2)
[00:53:04.761] [INFO] [CalibrationStreamPublisher] Uygulanan değişiklik yayınlandı: Lambda adres: AFRTargetTable[3,4]
[00:53:04.761] [INFO] [AutoTuneEventPublisher] Domain olayı yayınlandı: DecisionCreated (Oturum: ea099c32-17fe-45e4-9e5b-b7b08986c3b2)
[00:53:04.761] [INFO] [CalibrationStreamPublisher] Uygulanan değişiklik yayınlandı: Ignition adres: IgnitionTable[3,4]
[00:53:04.761] [INFO] [AutoTuneEventPublisher] Domain olayı yayınlandı: DecisionCreated (Oturum: ea099c32-17fe-45e4-9e5b-b7b08986c3b2)
[00:53:04.762] [INFO] [CalibrationStreamPublisher] Uygulanan değişiklik yayınlandı: VE adres: FuelVETable[3,4]
[00:53:04.762] [INFO] [AutoTuneEventPublisher] Domain olayı yayınlandı: SessionStopped (Oturum: ea099c32-17fe-45e4-9e5b-b7b08986c3b2)
[00:53:04.765] [INFO] [AdaptiveMemory] V1 hafıza verisi V2 şemasına başarıyla taşındı. Toplam kayıt: 1
[00:53:04.766] [INFO] [AutoTuneSafetyManager] Güvenlik limitleri yüklendi. Etkin kural sayısı: 4
[00:53:04.766] [INFO] [AutoTuneEventPublisher] Domain olayı yayınlandı: SessionCreated (Oturum: 9fc29b7d-6a32-4117-8183-8e363cde32ae)
[00:53:04.766] [INFO] [AutoTuneEngine] Oturum başarıyla başlatıldı: 9fc29b7d-6a32-4117-8183-8e363cde32ae
[00:53:04.766] [INFO] [AutoTuneEventPublisher] Domain olayı yayınlandı: SessionStopped (Oturum: 9fc29b7d-6a32-4117-8183-8e363cde32ae)
[00:53:04.767] [INFO] [AutoTuneSafetyManager] Güvenlik limitleri yüklendi. Etkin kural sayısı: 4
[00:53:04.767] [INFO] [AutoTuneEventPublisher] Domain olayı yayınlandı: SessionCreated (Oturum: deb85224-53b5-45ce-935f-e90f2e31d62c)
[00:53:04.767] [INFO] [AutoTuneEngine] Oturum başarıyla başlatıldı: deb85224-53b5-45ce-935f-e90f2e31d62c
[00:53:04.767] [INFO] [AutoTuneEventPublisher] Domain olayı yayınlandı: SessionStopped (Oturum: deb85224-53b5-45ce-935f-e90f2e31d62c)
[00:53:04.769] [INFO] [RtpCalibrationEngine] Connecting to RTP emulator...
[00:53:04.769] [INFO] [RtpCalibrationEngine] RTP emulator connected successfully.
[00:53:04.769] [INFO] [RtpCalibrationEngine] Real-time synchronization active.
[00:53:04.770] [INFO] [RtpCalibrationEngine] Real-time synchronization paused.
[00:53:04.770] [INFO] [RtpCalibrationEngine] RTP Emulator disconnected.
[00:53:04.771] [INFO] [RtpCalibrationEngine] Connecting to RTP emulator...
[00:53:04.771] [INFO] [RtpCalibrationEngine] RTP emulator connected successfully.
[00:53:04.771] [INFO] [RtpCalibrationEngine] Real-time synchronization active.
[00:53:04.773] [INFO] [CalibrationManager] Değişiklik kaydedildi:  [ -> 99]
[00:53:04.975] [INFO] [RtpCalibrationEngine] Connecting to RTP emulator...
[00:53:04.975] [INFO] [RtpCalibrationEngine] RTP emulator connected successfully.
[00:53:04.977] [INFO] [CalibrationManager] Değişiklik kaydedildi:  [ -> 10]
[00:53:04.988] [INFO] [CalibrationManager] Değişiklik kaydedildi:  [ -> 11]
[00:53:04.996] [INFO] [CalibrationManager] Değişiklik kaydedildi:  [ -> 12]
[00:53:04.996] [INFO] [RtpCalibrationEngine] Real-time synchronization active.
[00:53:05.207] [INFO] [RtpCalibrationEngine] Connecting to RTP emulator...
[00:53:05.207] [INFO] [RtpCalibrationEngine] RTP emulator connected successfully.
[00:53:05.209] [INFO] [CalibrationManager] Değişiklik kaydedildi:  [ -> 1]
[00:53:05.217] [INFO] [CalibrationManager] Değişiklik kaydedildi:  [ -> 2]
[00:53:05.228] [INFO] [CalibrationManager] Değişiklik kaydedildi:  [ -> 3]
[00:53:05.228] [INFO] [RtpCalibrationEngine] Real-time synchronization active.
[00:53:05.438] [INFO] [RtpCalibrationEngine] Connecting to RTP emulator...
[00:53:05.438] [INFO] [RtpCalibrationEngine] RTP emulator connected successfully.
[00:53:05.439] [INFO] [RtpCalibrationEngine] Real-time synchronization active.
[00:53:05.441] [INFO] [CalibrationManager] Değişiklik kaydedildi:  [ -> 45]
[00:53:05.644] [INFO] [RtpCalibrationEngine] Connecting to RTP emulator...
[00:53:05.644] [INFO] [RtpCalibrationEngine] RTP emulator connected successfully.
[00:53:05.645] [INFO] [RtpCalibrationEngine] Real-time synchronization active.
[00:53:05.647] [INFO] [CalibrationManager] Değişiklik kaydedildi:  [ -> 5]
[00:53:05.648] [INFO] [CalibrationManager] Değişiklik kaydedildi:  [ -> 5]
[00:53:05.650] [INFO] [CalibrationManager] Değişiklik kaydedildi:  [ -> 5]
[00:53:05.660] [WARNING] [RtpCalibrationEngine] Could not save persistent sync queue: The process cannot access the file 'C:\Users\ayhan\OneDrive\Desktop\Canlı OBD2 Araç Telemetri Ekranı\HondaTuner\bin\Debug\net6.0-windows\Database\pending_rtp_queue.json' because it is being used by another process.
[00:53:05.661] [INFO] [CalibrationManager] Değişiklik kaydedildi:  [ -> 5]
[00:53:05.672] [WARNING] [RtpCalibrationEngine] Could not save persistent sync queue: The process cannot access the file 'C:\Users\ayhan\OneDrive\Desktop\Canlı OBD2 Araç Telemetri Ekranı\HondaTuner\bin\Debug\net6.0-windows\Database\pending_rtp_queue.json' because it is being used by another process.
[00:53:05.673] [INFO] [CalibrationManager] Değişiklik kaydedildi:  [ -> 5]
[00:53:05.674] [INFO] [CalibrationManager] Değişiklik kaydedildi:  [ -> 5]
[00:53:05.675] [INFO] [CalibrationManager] Değişiklik kaydedildi:  [ -> 5]
[00:53:05.676] [INFO] [CalibrationManager] Değişiklik kaydedildi:  [ -> 5]
[00:53:05.678] [INFO] [CalibrationManager] Değişiklik kaydedildi:  [ -> 5]
[00:53:05.679] [INFO] [CalibrationManager] Değişiklik kaydedildi:  [ -> 5]
[00:53:05.685] [INFO] [CalibrationManager] Değişiklik kaydedildi:  [ -> 5]
[00:53:05.686] [INFO] [CalibrationManager] Değişiklik kaydedildi:  [ -> 5]
[00:53:05.687] [INFO] [CalibrationManager] Değişiklik kaydedildi:  [ -> 5]
[00:53:05.688] [INFO] [CalibrationManager] Değişiklik kaydedildi:  [ -> 5]
[00:53:05.689] [INFO] [CalibrationManager] Değişiklik kaydedildi:  [ -> 5]
[00:53:05.690] [INFO] [CalibrationManager] Değişiklik kaydedildi:  [ -> 5]
[00:53:05.692] [INFO] [CalibrationManager] Değişiklik kaydedildi:  [ -> 5]
[00:53:05.693] [INFO] [CalibrationManager] Değişiklik kaydedildi:  [ -> 5]
[00:53:05.694] [INFO] [CalibrationManager] Değişiklik kaydedildi:  [ -> 5]
[00:53:05.695] [INFO] [CalibrationManager] Değişiklik kaydedildi:  [ -> 5]
[00:53:05.696] [INFO] [CalibrationManager] Değişiklik kaydedildi:  [ -> 5]
[00:53:05.697] [INFO] [CalibrationManager] Değişiklik kaydedildi:  [ -> 5]
[00:53:05.699] [INFO] [CalibrationManager] Değişiklik kaydedildi:  [ -> 5]
[00:53:05.700] [INFO] [CalibrationManager] Değişiklik kaydedildi:  [ -> 5]
[00:53:05.701] [INFO] [CalibrationManager] Değişiklik kaydedildi:  [ -> 5]
[00:53:05.708] [INFO] [CalibrationManager] Değişiklik kaydedildi:  [ -> 5]
[00:53:05.709] [INFO] [CalibrationManager] Değişiklik kaydedildi:  [ -> 5]
[00:53:05.710] [INFO] [CalibrationManager] Değişiklik kaydedildi:  [ -> 5]
[00:53:05.712] [INFO] [CalibrationManager] Değişiklik kaydedildi:  [ -> 5]
[00:53:05.713] [INFO] [CalibrationManager] Değişiklik kaydedildi:  [ -> 5]
[00:53:05.714] [INFO] [CalibrationManager] Değişiklik kaydedildi:  [ -> 5]
[00:53:05.715] [INFO] [CalibrationManager] Değişiklik kaydedildi:  [ -> 5]
[00:53:05.716] [INFO] [CalibrationManager] Değişiklik kaydedildi:  [ -> 5]
[00:53:05.717] [INFO] [CalibrationManager] Değişiklik kaydedildi:  [ -> 5]
[00:53:05.719] [INFO] [CalibrationManager] Değişiklik kaydedildi:  [ -> 5]
[00:53:05.720] [INFO] [CalibrationManager] Değişiklik kaydedildi:  [ -> 5]
[00:53:05.721] [INFO] [CalibrationManager] Değişiklik kaydedildi:  [ -> 5]
[00:53:05.722] [INFO] [CalibrationManager] Değişiklik kaydedildi:  [ -> 5]
[00:53:05.723] [INFO] [CalibrationManager] Değişiklik kaydedildi:  [ -> 5]
[00:53:05.725] [INFO] [CalibrationManager] Değişiklik kaydedildi:  [ -> 5]
[00:53:05.726] [INFO] [CalibrationManager] Değişiklik kaydedildi:  [ -> 5]
[00:53:05.727] [INFO] [CalibrationManager] Değişiklik kaydedildi:  [ -> 5]
[00:53:05.728] [INFO] [CalibrationManager] Değişiklik kaydedildi:  [ -> 5]
[00:53:05.730] [INFO] [CalibrationManager] Değişiklik kaydedildi:  [ -> 5]
[00:53:05.731] [INFO] [CalibrationManager] Değişiklik kaydedildi:  [ -> 5]
[00:53:05.732] [INFO] [CalibrationManager] Değişiklik kaydedildi:  [ -> 5]
[00:53:05.733] [INFO] [CalibrationManager] Değişiklik kaydedildi:  [ -> 5]
[00:53:05.735] [INFO] [CalibrationManager] Değişiklik kaydedildi:  [ -> 5]
[00:53:05.736] [INFO] [CalibrationManager] Değişiklik kaydedildi:  [ -> 5]
[00:53:05.737] [INFO] [CalibrationManager] Değişiklik kaydedildi:  [ -> 5]
[00:53:05.738] [INFO] [CalibrationManager] Değişiklik kaydedildi:  [ -> 5]
[00:53:05.739] [INFO] [CalibrationManager] Değişiklik kaydedildi:  [ -> 5]
[00:53:05.740] [INFO] [CalibrationManager] Değişiklik kaydedildi:  [ -> 5]
[00:53:05.742] [INFO] [CalibrationManager] Değişiklik kaydedildi:  [ -> 5]
[00:53:05.743] [INFO] [CalibrationManager] Değişiklik kaydedildi:  [ -> 5]
[00:53:05.744] [INFO] [CalibrationManager] Değişiklik kaydedildi:  [ -> 5]
[00:53:05.746] [INFO] [CalibrationManager] Değişiklik kaydedildi:  [ -> 5]
[00:53:05.747] [INFO] [CalibrationManager] Değişiklik kaydedildi:  [ -> 5]
[00:53:05.748] [INFO] [CalibrationManager] Değişiklik kaydedildi:  [ -> 5]
[00:53:05.755] [INFO] [CalibrationManager] Değişiklik kaydedildi:  [ -> 5]
[00:53:05.756] [INFO] [CalibrationManager] Değişiklik kaydedildi:  [ -> 5]
[00:53:05.757] [INFO] [CalibrationManager] Değişiklik kaydedildi:  [ -> 5]
[00:53:05.758] [INFO] [CalibrationManager] Değişiklik kaydedildi:  [ -> 5]
[00:53:05.759] [INFO] [CalibrationManager] Değişiklik kaydedildi:  [ -> 5]
[00:53:05.760] [INFO] [CalibrationManager] Değişiklik kaydedildi:  [ -> 5]
[00:53:05.762] [INFO] [CalibrationManager] Değişiklik kaydedildi:  [ -> 5]
[00:53:05.763] [INFO] [CalibrationManager] Değişiklik kaydedildi:  [ -> 5]
[00:53:05.764] [INFO] [CalibrationManager] Değişiklik kaydedildi:  [ -> 5]
[00:53:05.765] [INFO] [CalibrationManager] Değişiklik kaydedildi:  [ -> 5]
[00:53:05.766] [INFO] [CalibrationManager] Değişiklik kaydedildi:  [ -> 5]
[00:53:05.767] [INFO] [CalibrationManager] Değişiklik kaydedildi:  [ -> 5]
[00:53:05.769] [INFO] [CalibrationManager] Değişiklik kaydedildi:  [ -> 5]
[00:53:05.770] [INFO] [CalibrationManager] Değişiklik kaydedildi:  [ -> 5]
[00:53:05.771] [INFO] [CalibrationManager] Değişiklik kaydedildi:  [ -> 5]
[00:53:05.772] [INFO] [CalibrationManager] Değişiklik kaydedildi:  [ -> 5]
[00:53:05.773] [INFO] [CalibrationManager] Değişiklik kaydedildi:  [ -> 5]
[00:53:05.774] [INFO] [CalibrationManager] Değişiklik kaydedildi:  [ -> 5]
[00:53:05.776] [INFO] [CalibrationManager] Değişiklik kaydedildi:  [ -> 5]
[00:53:05.777] [INFO] [CalibrationManager] Değişiklik kaydedildi:  [ -> 5]
[00:53:05.778] [INFO] [CalibrationManager] Değişiklik kaydedildi:  [ -> 5]
[00:53:05.779] [INFO] [CalibrationManager] Değişiklik kaydedildi:  [ -> 5]
[00:53:05.780] [INFO] [CalibrationManager] Değişiklik kaydedildi:  [ -> 5]
[00:53:05.782] [INFO] [CalibrationManager] Değişiklik kaydedildi:  [ -> 5]
[00:53:05.783] [INFO] [CalibrationManager] Değişiklik kaydedildi:  [ -> 5]
[00:53:05.784] [INFO] [CalibrationManager] Değişiklik kaydedildi:  [ -> 5]
[00:53:05.785] [INFO] [CalibrationManager] Değişiklik kaydedildi:  [ -> 5]
[00:53:05.787] [INFO] [CalibrationManager] Değişiklik kaydedildi:  [ -> 5]
[00:53:05.788] [INFO] [CalibrationManager] Değişiklik kaydedildi:  [ -> 5]
[00:53:05.789] [INFO] [CalibrationManager] Değişiklik kaydedildi:  [ -> 5]
[00:53:05.791] [INFO] [CalibrationManager] Değişiklik kaydedildi:  [ -> 5]
[00:53:05.792] [INFO] [CalibrationManager] Değişiklik kaydedildi:  [ -> 5]
[00:53:05.793] [INFO] [CalibrationManager] Değişiklik kaydedildi:  [ -> 5]
[00:53:05.794] [INFO] [CalibrationManager] Değişiklik kaydedildi:  [ -> 5]
[00:53:05.796] [INFO] [CalibrationManager] Değişiklik kaydedildi:  [ -> 5]
[00:53:05.797] [INFO] [CalibrationManager] Değişiklik kaydedildi:  [ -> 5]
[00:53:05.798] [INFO] [CalibrationManager] Değişiklik kaydedildi:  [ -> 5]
[00:53:05.800] [INFO] [CalibrationManager] Değişiklik kaydedildi:  [ -> 5]
[00:53:05.802] [INFO] [CalibrationManager] Değişiklik kaydedildi:  [ -> 5]
[00:53:05.803] [INFO] [CalibrationManager] Değişiklik kaydedildi:  [ -> 5]
[00:53:05.804] [INFO] [CalibrationManager] Değişiklik kaydedildi:  [ -> 5]
[00:53:05.805] [INFO] [CalibrationManager] Değişiklik kaydedildi:  [ -> 5]
[00:53:05.806] [INFO] [CalibrationManager] Değişiklik kaydedildi:  [ -> 5]
[00:53:05.808] [INFO] [CalibrationManager] Değişiklik kaydedildi:  [ -> 5]
[00:53:05.809] [INFO] [CalibrationManager] Değişiklik kaydedildi:  [ -> 5]
[00:53:05.810] [INFO] [CalibrationManager] Değişiklik kaydedildi:  [ -> 5]
[00:53:05.811] [INFO] [CalibrationManager] Değişiklik kaydedildi:  [ -> 5]
[00:53:05.813] [INFO] [CalibrationManager] Değişiklik kaydedildi:  [ -> 5]
[00:53:05.814] [INFO] [CalibrationManager] Değişiklik kaydedildi:  [ -> 5]
[00:53:05.815] [INFO] [CalibrationManager] Değişiklik kaydedildi:  [ -> 5]
[00:53:05.816] [INFO] [CalibrationManager] Değişiklik kaydedildi:  [ -> 5]
[00:53:05.817] [INFO] [CalibrationManager] Değişiklik kaydedildi:  [ -> 5]
[00:53:05.819] [INFO] [CalibrationManager] Değişiklik kaydedildi:  [ -> 5]
[00:53:05.820] [INFO] [CalibrationManager] Değişiklik kaydedildi:  [ -> 5]
[00:53:05.821] [INFO] [CalibrationManager] Değişiklik kaydedildi:  [ -> 5]
[00:53:05.823] [INFO] [CalibrationManager] Değişiklik kaydedildi:  [ -> 5]
[00:53:05.824] [INFO] [CalibrationManager] Değişiklik kaydedildi:  [ -> 5]
[00:53:05.825] [INFO] [CalibrationManager] Değişiklik kaydedildi:  [ -> 5]
[00:53:05.826] [INFO] [CalibrationManager] Değişiklik kaydedildi:  [ -> 5]
[00:53:05.827] [INFO] [CalibrationManager] Değişiklik kaydedildi:  [ -> 5]
[00:53:05.828] [INFO] [CalibrationManager] Değişiklik kaydedildi:  [ -> 5]
[00:53:05.830] [INFO] [CalibrationManager] Değişiklik kaydedildi:  [ -> 5]
[00:53:05.831] [INFO] [CalibrationManager] Değişiklik kaydedildi:  [ -> 5]
[00:53:05.832] [INFO] [CalibrationManager] Değişiklik kaydedildi:  [ -> 5]
[00:53:05.833] [INFO] [CalibrationManager] Değişiklik kaydedildi:  [ -> 5]
[00:53:05.835] [INFO] [CalibrationManager] Değişiklik kaydedildi:  [ -> 5]
[00:53:05.836] [INFO] [CalibrationManager] Değişiklik kaydedildi:  [ -> 5]
[00:53:05.837] [INFO] [CalibrationManager] Değişiklik kaydedildi:  [ -> 5]
[00:53:05.839] [INFO] [CalibrationManager] Değişiklik kaydedildi:  [ -> 5]
[00:53:05.844] [INFO] [CalibrationManager] Değişiklik kaydedildi:  [ -> 5]
[00:53:05.846] [INFO] [CalibrationManager] Değişiklik kaydedildi:  [ -> 5]
[00:53:05.847] [INFO] [CalibrationManager] Değişiklik kaydedildi:  [ -> 5]
[00:53:05.848] [INFO] [CalibrationManager] Değişiklik kaydedildi:  [ -> 5]
[00:53:05.850] [INFO] [CalibrationManager] Değişiklik kaydedildi:  [ -> 5]
[00:53:05.851] [INFO] [CalibrationManager] Değişiklik kaydedildi:  [ -> 5]
[00:53:05.852] [INFO] [CalibrationManager] Değişiklik kaydedildi:  [ -> 5]
[00:53:05.853] [INFO] [CalibrationManager] Değişiklik kaydedildi:  [ -> 5]
[00:53:05.855] [INFO] [CalibrationManager] Değişiklik kaydedildi:  [ -> 5]
[00:53:05.856] [INFO] [CalibrationManager] Değişiklik kaydedildi:  [ -> 5]
[00:53:05.857] [INFO] [CalibrationManager] Değişiklik kaydedildi:  [ -> 5]
[00:53:05.858] [INFO] [CalibrationManager] Değişiklik kaydedildi:  [ -> 5]
[00:53:05.860] [INFO] [CalibrationManager] Değişiklik kaydedildi:  [ -> 5]
[00:53:05.861] [INFO] [CalibrationManager] Değişiklik kaydedildi:  [ -> 5]
[00:53:05.862] [INFO] [CalibrationManager] Değişiklik kaydedildi:  [ -> 5]
[00:53:05.864] [INFO] [CalibrationManager] Değişiklik kaydedildi:  [ -> 5]
[00:53:05.865] [INFO] [CalibrationManager] Değişiklik kaydedildi:  [ -> 5]
[00:53:05.866] [INFO] [CalibrationManager] Değişiklik kaydedildi:  [ -> 5]
[00:53:05.867] [INFO] [CalibrationManager] Değişiklik kaydedildi:  [ -> 5]
[00:53:05.868] [INFO] [CalibrationManager] Değişiklik kaydedildi:  [ -> 5]
[00:53:05.869] [INFO] [CalibrationManager] Değişiklik kaydedildi:  [ -> 5]
[00:53:05.870] [INFO] [CalibrationManager] Değişiklik kaydedildi:  [ -> 5]
[00:53:05.871] [INFO] [CalibrationManager] Değişiklik kaydedildi:  [ -> 5]
[00:53:05.873] [INFO] [CalibrationManager] Değişiklik kaydedildi:  [ -> 5]
[00:53:05.874] [INFO] [CalibrationManager] Değişiklik kaydedildi:  [ -> 5]
[00:53:05.875] [INFO] [CalibrationManager] Değişiklik kaydedildi:  [ -> 5]
[00:53:05.876] [INFO] [CalibrationManager] Değişiklik kaydedildi:  [ -> 5]
[00:53:05.878] [INFO] [CalibrationManager] Değişiklik kaydedildi:  [ -> 5]
[00:53:05.879] [INFO] [CalibrationManager] Değişiklik kaydedildi:  [ -> 5]
[00:53:05.880] [INFO] [CalibrationManager] Değişiklik kaydedildi:  [ -> 5]
[00:53:05.881] [INFO] [CalibrationManager] Değişiklik kaydedildi:  [ -> 5]
[00:53:05.883] [INFO] [CalibrationManager] Değişiklik kaydedildi:  [ -> 5]
[00:53:05.884] [INFO] [CalibrationManager] Değişiklik kaydedildi:  [ -> 5]
[00:53:05.885] [INFO] [CalibrationManager] Değişiklik kaydedildi:  [ -> 5]
[00:53:05.887] [INFO] [CalibrationManager] Değişiklik kaydedildi:  [ -> 5]
[00:53:05.888] [INFO] [CalibrationManager] Değişiklik kaydedildi:  [ -> 5]
[00:53:05.889] [INFO] [CalibrationManager] Değişiklik kaydedildi:  [ -> 5]
[00:53:05.890] [INFO] [CalibrationManager] Değişiklik kaydedildi:  [ -> 5]
[00:53:05.892] [INFO] [CalibrationManager] Değişiklik kaydedildi:  [ -> 5]
[00:53:05.893] [INFO] [CalibrationManager] Değişiklik kaydedildi:  [ -> 5]
[00:53:05.895] [INFO] [CalibrationManager] Değişiklik kaydedildi:  [ -> 5]
[00:53:05.896] [INFO] [CalibrationManager] Değişiklik kaydedildi:  [ -> 5]
[00:53:05.897] [INFO] [CalibrationManager] Değişiklik kaydedildi:  [ -> 5]
[00:53:05.899] [INFO] [CalibrationManager] Değişiklik kaydedildi:  [ -> 5]
[00:53:05.900] [INFO] [CalibrationManager] Değişiklik kaydedildi:  [ -> 5]
[00:53:05.902] [INFO] [CalibrationManager] Değişiklik kaydedildi:  [ -> 5]
[00:53:05.903] [INFO] [CalibrationManager] Değişiklik kaydedildi:  [ -> 5]
[00:53:05.904] [INFO] [CalibrationManager] Değişiklik kaydedildi:  [ -> 5]
[00:53:05.906] [INFO] [CalibrationManager] Değişiklik kaydedildi:  [ -> 5]
[00:53:05.907] [INFO] [CalibrationManager] Değişiklik kaydedildi:  [ -> 5]
[00:53:05.908] [INFO] [CalibrationManager] Değişiklik kaydedildi:  [ -> 5]
[00:53:05.909] [INFO] [CalibrationManager] Değişiklik kaydedildi:  [ -> 5]
[00:53:05.911] [INFO] [CalibrationManager] Değişiklik kaydedildi:  [ -> 5]
[00:53:05.912] [INFO] [CalibrationManager] Değişiklik kaydedildi:  [ -> 5]
[00:53:05.913] [INFO] [CalibrationManager] Değişiklik kaydedildi:  [ -> 5]
[00:53:05.915] [INFO] [CalibrationManager] Değişiklik kaydedildi:  [ -> 5]
[00:53:05.917] [INFO] [CalibrationManager] Değişiklik kaydedildi:  [ -> 5]
[00:53:05.918] [INFO] [CalibrationManager] Değişiklik kaydedildi:  [ -> 5]
[00:53:05.920] [INFO] [CalibrationManager] Değişiklik kaydedildi:  [ -> 5]
[00:53:05.921] [INFO] [CalibrationManager] Değişiklik kaydedildi:  [ -> 5]
[00:53:05.922] [INFO] [CalibrationManager] Değişiklik kaydedildi:  [ -> 5]
[00:53:05.923] [INFO] [CalibrationManager] Değişiklik kaydedildi:  [ -> 5]
[00:53:05.925] [INFO] [CalibrationManager] Değişiklik kaydedildi:  [ -> 5]
[00:53:05.926] [INFO] [CalibrationManager] Değişiklik kaydedildi:  [ -> 5]
[00:53:05.927] [INFO] [CalibrationManager] Değişiklik kaydedildi:  [ -> 5]
[00:53:05.928] [INFO] [CalibrationManager] Değişiklik kaydedildi:  [ -> 5]
[00:53:05.930] [INFO] [CalibrationManager] Değişiklik kaydedildi:  [ -> 5]
[00:53:05.931] [INFO] [CalibrationManager] Değişiklik kaydedildi:  [ -> 5]
[00:53:05.932] [INFO] [CalibrationManager] Değişiklik kaydedildi:  [ -> 5]
[00:53:05.934] [INFO] [CalibrationManager] Değişiklik kaydedildi:  [ -> 5]
[00:53:05.935] [INFO] [CalibrationManager] Değişiklik kaydedildi:  [ -> 5]
[00:53:05.937] [INFO] [CalibrationManager] Değişiklik kaydedildi:  [ -> 5]
[00:53:05.938] [INFO] [CalibrationManager] Değişiklik kaydedildi:  [ -> 5]
[00:53:05.939] [INFO] [CalibrationManager] Değişiklik kaydedildi:  [ -> 5]
[00:53:05.941] [INFO] [CalibrationManager] Değişiklik kaydedildi:  [ -> 5]
[00:53:05.942] [INFO] [CalibrationManager] Değişiklik kaydedildi:  [ -> 5]
[00:53:05.943] [INFO] [CalibrationManager] Değişiklik kaydedildi:  [ -> 5]
[00:53:05.945] [INFO] [CalibrationManager] Değişiklik kaydedildi:  [ -> 5]
[00:53:05.946] [INFO] [CalibrationManager] Değişiklik kaydedildi:  [ -> 5]
[00:53:05.947] [INFO] [CalibrationManager] Değişiklik kaydedildi:  [ -> 5]
[00:53:05.949] [INFO] [CalibrationManager] Değişiklik kaydedildi:  [ -> 5]
[00:53:05.950] [INFO] [CalibrationManager] Değişiklik kaydedildi:  [ -> 5]
[00:53:05.951] [INFO] [CalibrationManager] Değişiklik kaydedildi:  [ -> 5]
[00:53:05.953] [INFO] [CalibrationManager] Değişiklik kaydedildi:  [ -> 5]
[00:53:05.954] [INFO] [CalibrationManager] Değişiklik kaydedildi:  [ -> 5]
[00:53:05.955] [INFO] [CalibrationManager] Değişiklik kaydedildi:  [ -> 5]
[00:53:05.957] [INFO] [CalibrationManager] Değişiklik kaydedildi:  [ -> 5]
[00:53:05.958] [INFO] [CalibrationManager] Değişiklik kaydedildi:  [ -> 5]
[00:53:05.960] [INFO] [CalibrationManager] Değişiklik kaydedildi:  [ -> 5]
[00:53:05.961] [INFO] [CalibrationManager] Değişiklik kaydedildi:  [ -> 5]
[00:53:05.963] [INFO] [CalibrationManager] Değişiklik kaydedildi:  [ -> 5]
[00:53:05.964] [INFO] [CalibrationManager] Değişiklik kaydedildi:  [ -> 5]
[00:53:05.965] [INFO] [CalibrationManager] Değişiklik kaydedildi:  [ -> 5]
[00:53:05.966] [INFO] [CalibrationManager] Değişiklik kaydedildi:  [ -> 5]
[00:53:05.968] [INFO] [CalibrationManager] Değişiklik kaydedildi:  [ -> 5]
[00:53:05.969] [INFO] [CalibrationManager] Değişiklik kaydedildi:  [ -> 5]
[00:53:05.970] [INFO] [CalibrationManager] Değişiklik kaydedildi:  [ -> 5]
[00:53:05.971] [INFO] [CalibrationManager] Değişiklik kaydedildi:  [ -> 5]
[00:53:05.973] [INFO] [CalibrationManager] Değişiklik kaydedildi:  [ -> 5]
[00:53:05.974] [INFO] [CalibrationManager] Değişiklik kaydedildi:  [ -> 5]
[00:53:05.975] [INFO] [CalibrationManager] Değişiklik kaydedildi:  [ -> 5]
[00:53:05.976] [INFO] [CalibrationManager] Değişiklik kaydedildi:  [ -> 5]
[00:53:05.978] [INFO] [CalibrationManager] Değişiklik kaydedildi:  [ -> 5]
[00:53:05.982] [WARNING] [RtpCalibrationEngine] Could not save persistent sync queue: The process cannot access the file 'C:\Users\ayhan\OneDrive\Desktop\Canlı OBD2 Araç Telemetri Ekranı\HondaTuner\bin\Debug\net6.0-windows\Database\pending_rtp_queue.json' because it is being used by another process.
[00:53:05.982] [INFO] [CalibrationManager] Değişiklik kaydedildi:  [ -> 5]
[00:53:05.984] [INFO] [CalibrationManager] Değişiklik kaydedildi:  [ -> 5]
[00:53:05.985] [INFO] [CalibrationManager] Değişiklik kaydedildi:  [ -> 5]
[00:53:05.986] [INFO] [CalibrationManager] Değişiklik kaydedildi:  [ -> 5]
[00:53:05.988] [INFO] [CalibrationManager] Değişiklik kaydedildi:  [ -> 5]
[00:53:05.989] [INFO] [CalibrationManager] Değişiklik kaydedildi:  [ -> 5]
[00:53:05.990] [INFO] [CalibrationManager] Değişiklik kaydedildi:  [ -> 5]
[00:53:05.991] [INFO] [CalibrationManager] Değişiklik kaydedildi:  [ -> 5]
[00:53:05.993] [INFO] [CalibrationManager] Değişiklik kaydedildi:  [ -> 5]
[00:53:05.994] [INFO] [CalibrationManager] Değişiklik kaydedildi:  [ -> 5]
[00:53:05.997] [INFO] [CalibrationManager] Değişiklik kaydedildi:  [ -> 5]
[00:53:05.998] [INFO] [CalibrationManager] Değişiklik kaydedildi:  [ -> 5]
[00:53:05.999] [INFO] [CalibrationManager] Değişiklik kaydedildi:  [ -> 5]
[00:53:06.000] [INFO] [CalibrationManager] Değişiklik kaydedildi:  [ -> 5]
[00:53:06.002] [INFO] [CalibrationManager] Değişiklik kaydedildi:  [ -> 5]
[00:53:06.003] [WARNING] [RtpCalibrationEngine] Could not save persistent sync queue: The process cannot access the file 'C:\Users\ayhan\OneDrive\Desktop\Canlı OBD2 Araç Telemetri Ekranı\HondaTuner\bin\Debug\net6.0-windows\Database\pending_rtp_queue.json' because it is being used by another process.
[00:53:06.004] [INFO] [CalibrationManager] Değişiklik kaydedildi:  [ -> 5]
[00:53:06.005] [INFO] [CalibrationManager] Değişiklik kaydedildi:  [ -> 5]
[00:53:06.006] [INFO] [CalibrationManager] Değişiklik kaydedildi:  [ -> 5]
[00:53:06.008] [INFO] [CalibrationManager] Değişiklik kaydedildi:  [ -> 5]
[00:53:06.009] [INFO] [CalibrationManager] Değişiklik kaydedildi:  [ -> 5]
[00:53:06.010] [INFO] [CalibrationManager] Değişiklik kaydedildi:  [ -> 5]
[00:53:06.027] [INFO] [CalibrationManager] Değişiklik kaydedildi:  [ -> 5]
[00:53:06.029] [INFO] [CalibrationManager] Değişiklik kaydedildi:  [ -> 5]
[00:53:06.030] [INFO] [CalibrationManager] Değişiklik kaydedildi:  [ -> 5]
[00:53:06.032] [INFO] [CalibrationManager] Değişiklik kaydedildi:  [ -> 5]
[00:53:06.033] [INFO] [CalibrationManager] Değişiklik kaydedildi:  [ -> 5]
[00:53:06.034] [INFO] [CalibrationManager] Değişiklik kaydedildi:  [ -> 5]
[00:53:06.045] [INFO] [CalibrationManager] Değişiklik kaydedildi:  [ -> 5]
[00:53:06.046] [INFO] [CalibrationManager] Değişiklik kaydedildi:  [ -> 5]
[00:53:06.048] [INFO] [CalibrationManager] Değişiklik kaydedildi:  [ -> 5]
[00:53:06.049] [INFO] [CalibrationManager] Değişiklik kaydedildi:  [ -> 5]
[00:53:06.050] [INFO] [CalibrationManager] Değişiklik kaydedildi:  [ -> 5]
[00:53:06.052] [INFO] [CalibrationManager] Değişiklik kaydedildi:  [ -> 5]
[00:53:06.053] [INFO] [CalibrationManager] Değişiklik kaydedildi:  [ -> 5]
[00:53:06.056] [INFO] [CalibrationManager] Değişiklik kaydedildi:  [ -> 5]
[00:53:06.057] [INFO] [CalibrationManager] Değişiklik kaydedildi:  [ -> 5]
[00:53:06.058] [INFO] [CalibrationManager] Değişiklik kaydedildi:  [ -> 5]
[00:53:06.060] [INFO] [CalibrationManager] Değişiklik kaydedildi:  [ -> 5]
[00:53:06.061] [INFO] [CalibrationManager] Değişiklik kaydedildi:  [ -> 5]
[00:53:06.063] [INFO] [CalibrationManager] Değişiklik kaydedildi:  [ -> 5]
[00:53:06.064] [INFO] [CalibrationManager] Değişiklik kaydedildi:  [ -> 5]
[00:53:06.065] [INFO] [CalibrationManager] Değişiklik kaydedildi:  [ -> 5]
[00:53:06.067] [INFO] [CalibrationManager] Değişiklik kaydedildi:  [ -> 5]
[00:53:06.068] [INFO] [CalibrationManager] Değişiklik kaydedildi:  [ -> 5]
[00:53:06.070] [INFO] [CalibrationManager] Değişiklik kaydedildi:  [ -> 5]
[00:53:06.071] [INFO] [CalibrationManager] Değişiklik kaydedildi:  [ -> 5]
[00:53:06.072] [INFO] [CalibrationManager] Değişiklik kaydedildi:  [ -> 5]
[00:53:06.074] [INFO] [CalibrationManager] Değişiklik kaydedildi:  [ -> 5]
[00:53:06.075] [INFO] [CalibrationManager] Değişiklik kaydedildi:  [ -> 5]
[00:53:06.077] [INFO] [CalibrationManager] Değişiklik kaydedildi:  [ -> 5]
[00:53:06.078] [INFO] [CalibrationManager] Değişiklik kaydedildi:  [ -> 5]
[00:53:06.080] [INFO] [CalibrationManager] Değişiklik kaydedildi:  [ -> 5]
[00:53:06.081] [INFO] [CalibrationManager] Değişiklik kaydedildi:  [ -> 5]
[00:53:06.082] [INFO] [CalibrationManager] Değişiklik kaydedildi:  [ -> 5]
[00:53:06.084] [INFO] [CalibrationManager] Değişiklik kaydedildi:  [ -> 5]
[00:53:06.086] [INFO] [CalibrationManager] Değişiklik kaydedildi:  [ -> 5]
[00:53:06.087] [INFO] [CalibrationManager] Değişiklik kaydedildi:  [ -> 5]
[00:53:06.088] [INFO] [CalibrationManager] Değişiklik kaydedildi:  [ -> 5]
[00:53:06.091] [INFO] [CalibrationManager] Değişiklik kaydedildi:  [ -> 5]
[00:53:06.092] [INFO] [CalibrationManager] Değişiklik kaydedildi:  [ -> 5]
[00:53:06.094] [INFO] [CalibrationManager] Değişiklik kaydedildi:  [ -> 5]
[00:53:06.095] [INFO] [CalibrationManager] Değişiklik kaydedildi:  [ -> 5]
[00:53:06.097] [INFO] [CalibrationManager] Değişiklik kaydedildi:  [ -> 5]
[00:53:06.098] [INFO] [CalibrationManager] Değişiklik kaydedildi:  [ -> 5]
[00:53:06.100] [INFO] [CalibrationManager] Değişiklik kaydedildi:  [ -> 5]
[00:53:06.101] [INFO] [CalibrationManager] Değişiklik kaydedildi:  [ -> 5]
[00:53:06.103] [INFO] [CalibrationManager] Değişiklik kaydedildi:  [ -> 5]
[00:53:06.104] [INFO] [CalibrationManager] Değişiklik kaydedildi:  [ -> 5]
[00:53:06.106] [INFO] [CalibrationManager] Değişiklik kaydedildi:  [ -> 5]
[00:53:06.107] [INFO] [CalibrationManager] Değişiklik kaydedildi:  [ -> 5]
[00:53:06.109] [INFO] [CalibrationManager] Değişiklik kaydedildi:  [ -> 5]
[00:53:06.110] [INFO] [CalibrationManager] Değişiklik kaydedildi:  [ -> 5]
[00:53:06.112] [INFO] [CalibrationManager] Değişiklik kaydedildi:  [ -> 5]
[00:53:06.113] [INFO] [CalibrationManager] Değişiklik kaydedildi:  [ -> 5]
[00:53:06.115] [INFO] [CalibrationManager] Değişiklik kaydedildi:  [ -> 5]
[00:53:06.116] [INFO] [CalibrationManager] Değişiklik kaydedildi:  [ -> 5]
[00:53:06.118] [INFO] [CalibrationManager] Değişiklik kaydedildi:  [ -> 5]
[00:53:06.119] [INFO] [CalibrationManager] Değişiklik kaydedildi:  [ -> 5]
[00:53:06.120] [INFO] [CalibrationManager] Değişiklik kaydedildi:  [ -> 5]
[00:53:06.122] [INFO] [CalibrationManager] Değişiklik kaydedildi:  [ -> 5]
[00:53:06.124] [INFO] [CalibrationManager] Değişiklik kaydedildi:  [ -> 5]
[00:53:06.126] [INFO] [CalibrationManager] Değişiklik kaydedildi:  [ -> 5]
[00:53:06.127] [INFO] [CalibrationManager] Değişiklik kaydedildi:  [ -> 5]
[00:53:06.128] [INFO] [CalibrationManager] Değişiklik kaydedildi:  [ -> 5]
[00:53:06.130] [INFO] [CalibrationManager] Değişiklik kaydedildi:  [ -> 5]
[00:53:06.131] [INFO] [CalibrationManager] Değişiklik kaydedildi:  [ -> 5]
[00:53:06.132] [INFO] [CalibrationManager] Değişiklik kaydedildi:  [ -> 5]
[00:53:06.134] [INFO] [CalibrationManager] Değişiklik kaydedildi:  [ -> 5]
[00:53:06.135] [INFO] [CalibrationManager] Değişiklik kaydedildi:  [ -> 5]
[00:53:06.137] [INFO] [CalibrationManager] Değişiklik kaydedildi:  [ -> 5]
[00:53:06.138] [INFO] [CalibrationManager] Değişiklik kaydedildi:  [ -> 5]
[00:53:06.140] [INFO] [CalibrationManager] Değişiklik kaydedildi:  [ -> 5]
[00:53:06.141] [INFO] [CalibrationManager] Değişiklik kaydedildi:  [ -> 5]
[00:53:06.143] [INFO] [CalibrationManager] Değişiklik kaydedildi:  [ -> 5]
[00:53:06.144] [INFO] [CalibrationManager] Değişiklik kaydedildi:  [ -> 5]
[00:53:06.146] [INFO] [CalibrationManager] Değişiklik kaydedildi:  [ -> 5]
[00:53:06.147] [INFO] [CalibrationManager] Değişiklik kaydedildi:  [ -> 5]
[00:53:06.148] [INFO] [CalibrationManager] Değişiklik kaydedildi:  [ -> 5]
[00:53:06.150] [INFO] [CalibrationManager] Değişiklik kaydedildi:  [ -> 5]
[00:53:06.151] [INFO] [CalibrationManager] Değişiklik kaydedildi:  [ -> 5]
[00:53:06.153] [INFO] [CalibrationManager] Değişiklik kaydedildi:  [ -> 5]
[00:53:06.155] [INFO] [CalibrationManager] Değişiklik kaydedildi:  [ -> 5]
[00:53:06.157] [INFO] [CalibrationManager] Değişiklik kaydedildi:  [ -> 5]
[00:53:06.158] [INFO] [CalibrationManager] Değişiklik kaydedildi:  [ -> 5]
[00:53:06.159] [INFO] [CalibrationManager] Değişiklik kaydedildi:  [ -> 5]
[00:53:06.161] [INFO] [CalibrationManager] Değişiklik kaydedildi:  [ -> 5]
[00:53:06.162] [INFO] [CalibrationManager] Değişiklik kaydedildi:  [ -> 5]
[00:53:06.164] [INFO] [CalibrationManager] Değişiklik kaydedildi:  [ -> 5]
[00:53:06.165] [INFO] [CalibrationManager] Değişiklik kaydedildi:  [ -> 5]
[00:53:06.166] [INFO] [CalibrationManager] Değişiklik kaydedildi:  [ -> 5]
[00:53:06.168] [INFO] [CalibrationManager] Değişiklik kaydedildi:  [ -> 5]
[00:53:06.169] [INFO] [CalibrationManager] Değişiklik kaydedildi:  [ -> 5]
[00:53:06.170] [INFO] [CalibrationManager] Değişiklik kaydedildi:  [ -> 5]
[00:53:06.172] [INFO] [CalibrationManager] Değişiklik kaydedildi:  [ -> 5]
[00:53:06.173] [INFO] [CalibrationManager] Değişiklik kaydedildi:  [ -> 5]
[00:53:06.174] [INFO] [CalibrationManager] Değişiklik kaydedildi:  [ -> 5]
[00:53:06.176] [INFO] [CalibrationManager] Değişiklik kaydedildi:  [ -> 5]
[00:53:06.177] [INFO] [CalibrationManager] Değişiklik kaydedildi:  [ -> 5]
[00:53:06.179] [INFO] [CalibrationManager] Değişiklik kaydedildi:  [ -> 5]
[00:53:06.180] [INFO] [CalibrationManager] Değişiklik kaydedildi:  [ -> 5]
[00:53:06.182] [INFO] [CalibrationManager] Değişiklik kaydedildi:  [ -> 5]
[00:53:06.184] [INFO] [CalibrationManager] Değişiklik kaydedildi:  [ -> 5]
[00:53:06.185] [INFO] [CalibrationManager] Değişiklik kaydedildi:  [ -> 5]
[00:53:06.187] [INFO] [CalibrationManager] Değişiklik kaydedildi:  [ -> 5]
[00:53:06.188] [INFO] [CalibrationManager] Değişiklik kaydedildi:  [ -> 5]
[00:53:06.191] [INFO] [CalibrationManager] Değişiklik kaydedildi:  [ -> 5]
[00:53:06.193] [INFO] [CalibrationManager] Değişiklik kaydedildi:  [ -> 5]
[00:53:06.194] [INFO] [CalibrationManager] Değişiklik kaydedildi:  [ -> 5]
[00:53:06.196] [INFO] [CalibrationManager] Değişiklik kaydedildi:  [ -> 5]
[00:53:06.198] [INFO] [CalibrationManager] Değişiklik kaydedildi:  [ -> 5]
[00:53:06.199] [INFO] [CalibrationManager] Değişiklik kaydedildi:  [ -> 5]
[00:53:06.201] [INFO] [CalibrationManager] Değişiklik kaydedildi:  [ -> 5]
[00:53:06.202] [INFO] [CalibrationManager] Değişiklik kaydedildi:  [ -> 5]
[00:53:06.203] [INFO] [CalibrationManager] Değişiklik kaydedildi:  [ -> 5]
[00:53:06.205] [INFO] [CalibrationManager] Değişiklik kaydedildi:  [ -> 5]
[00:53:06.208] [INFO] [CalibrationManager] Değişiklik kaydedildi:  [ -> 5]
[00:53:06.209] [INFO] [CalibrationManager] Değişiklik kaydedildi:  [ -> 5]
[00:53:06.211] [INFO] [CalibrationManager] Değişiklik kaydedildi:  [ -> 5]
[00:53:06.212] [INFO] [CalibrationManager] Değişiklik kaydedildi:  [ -> 5]
[00:53:06.214] [INFO] [CalibrationManager] Değişiklik kaydedildi:  [ -> 5]
[00:53:06.216] [INFO] [CalibrationManager] Değişiklik kaydedildi:  [ -> 5]
[00:53:06.217] [INFO] [CalibrationManager] Değişiklik kaydedildi:  [ -> 5]
[00:53:06.219] [INFO] [CalibrationManager] Değişiklik kaydedildi:  [ -> 5]
[00:53:06.220] [INFO] [CalibrationManager] Değişiklik kaydedildi:  [ -> 5]
[00:53:06.222] [INFO] [CalibrationManager] Değişiklik kaydedildi:  [ -> 5]
[00:53:06.223] [INFO] [CalibrationManager] Değişiklik kaydedildi:  [ -> 5]
[00:53:06.225] [INFO] [CalibrationManager] Değişiklik kaydedildi:  [ -> 5]
[00:53:06.226] [INFO] [CalibrationManager] Değişiklik kaydedildi:  [ -> 5]
[00:53:06.228] [INFO] [CalibrationManager] Değişiklik kaydedildi:  [ -> 5]
[00:53:06.229] [INFO] [CalibrationManager] Değişiklik kaydedildi:  [ -> 5]
[00:53:06.231] [INFO] [CalibrationManager] Değişiklik kaydedildi:  [ -> 5]
[00:53:06.232] [INFO] [CalibrationManager] Değişiklik kaydedildi:  [ -> 5]
[00:53:06.233] [INFO] [CalibrationManager] Değişiklik kaydedildi:  [ -> 5]
[00:53:06.235] [INFO] [CalibrationManager] Değişiklik kaydedildi:  [ -> 5]
[00:53:06.236] [INFO] [CalibrationManager] Değişiklik kaydedildi:  [ -> 5]
[00:53:06.238] [INFO] [CalibrationManager] Değişiklik kaydedildi:  [ -> 5]
[00:53:06.239] [INFO] [CalibrationManager] Değişiklik kaydedildi:  [ -> 5]
[00:53:06.241] [INFO] [CalibrationManager] Değişiklik kaydedildi:  [ -> 5]
[00:53:06.248] [WARNING] [RtpCalibrationEngine] Could not save persistent sync queue: The process cannot access the file 'C:\Users\ayhan\OneDrive\Desktop\Canlı OBD2 Araç Telemetri Ekranı\HondaTuner\bin\Debug\net6.0-windows\Database\pending_rtp_queue.json' because it is being used by another process.
[00:53:06.248] [INFO] [CalibrationManager] Değişiklik kaydedildi:  [ -> 5]
[00:53:06.250] [INFO] [CalibrationManager] Değişiklik kaydedildi:  [ -> 5]
[00:53:06.251] [INFO] [CalibrationManager] Değişiklik kaydedildi:  [ -> 5]
[00:53:06.253] [INFO] [CalibrationManager] Değişiklik kaydedildi:  [ -> 5]
[00:53:06.254] [INFO] [CalibrationManager] Değişiklik kaydedildi:  [ -> 5]
[00:53:06.255] [INFO] [CalibrationManager] Değişiklik kaydedildi:  [ -> 5]
[00:53:06.257] [INFO] [CalibrationManager] Değişiklik kaydedildi:  [ -> 5]
[00:53:06.258] [INFO] [CalibrationManager] Değişiklik kaydedildi:  [ -> 5]
[00:53:06.260] [INFO] [CalibrationManager] Değişiklik kaydedildi:  [ -> 5]
[00:53:06.262] [INFO] [CalibrationManager] Değişiklik kaydedildi:  [ -> 5]
[00:53:06.263] [INFO] [CalibrationManager] Değişiklik kaydedildi:  [ -> 5]
[00:53:06.264] [INFO] [CalibrationManager] Değişiklik kaydedildi:  [ -> 5]
[00:53:06.266] [INFO] [CalibrationManager] Değişiklik kaydedildi:  [ -> 5]
[00:53:06.267] [INFO] [CalibrationManager] Değişiklik kaydedildi:  [ -> 5]
[00:53:06.269] [INFO] [CalibrationManager] Değişiklik kaydedildi:  [ -> 5]
[00:53:06.270] [INFO] [CalibrationManager] Değişiklik kaydedildi:  [ -> 5]
[00:53:06.272] [INFO] [CalibrationManager] Değişiklik kaydedildi:  [ -> 5]
[00:53:06.273] [INFO] [CalibrationManager] Değişiklik kaydedildi:  [ -> 5]
[00:53:06.276] [INFO] [CalibrationManager] Değişiklik kaydedildi:  [ -> 5]
[00:53:06.277] [INFO] [CalibrationManager] Değişiklik kaydedildi:  [ -> 5]
[00:53:06.279] [INFO] [CalibrationManager] Değişiklik kaydedildi:  [ -> 5]
[00:53:06.280] [INFO] [CalibrationManager] Değişiklik kaydedildi:  [ -> 5]
[00:53:06.282] [INFO] [CalibrationManager] Değişiklik kaydedildi:  [ -> 5]
[00:53:06.283] [INFO] [CalibrationManager] Değişiklik kaydedildi:  [ -> 5]
[00:53:06.285] [INFO] [CalibrationManager] Değişiklik kaydedildi:  [ -> 5]
[00:53:06.286] [INFO] [CalibrationManager] Değişiklik kaydedildi:  [ -> 5]
[00:53:06.288] [INFO] [CalibrationManager] Değişiklik kaydedildi:  [ -> 5]
[00:53:06.289] [INFO] [CalibrationManager] Değişiklik kaydedildi:  [ -> 5]
[00:53:06.291] [INFO] [CalibrationManager] Değişiklik kaydedildi:  [ -> 5]
[00:53:06.292] [INFO] [CalibrationManager] Değişiklik kaydedildi:  [ -> 5]
[00:53:06.294] [INFO] [CalibrationManager] Değişiklik kaydedildi:  [ -> 5]
[00:53:06.295] [INFO] [CalibrationManager] Değişiklik kaydedildi:  [ -> 5]
[00:53:06.297] [INFO] [CalibrationManager] Değişiklik kaydedildi:  [ -> 5]
[00:53:06.298] [INFO] [CalibrationManager] Değişiklik kaydedildi:  [ -> 5]
[00:53:06.300] [INFO] [CalibrationManager] Değişiklik kaydedildi:  [ -> 5]
[00:53:06.302] [INFO] [CalibrationManager] Değişiklik kaydedildi:  [ -> 5]
[00:53:06.303] [INFO] [CalibrationManager] Değişiklik kaydedildi:  [ -> 5]
[00:53:06.305] [INFO] [CalibrationManager] Değişiklik kaydedildi:  [ -> 5]
[00:53:06.307] [INFO] [CalibrationManager] Değişiklik kaydedildi:  [ -> 5]
[00:53:06.308] [INFO] [CalibrationManager] Değişiklik kaydedildi:  [ -> 5]
[00:53:06.309] [INFO] [CalibrationManager] Değişiklik kaydedildi:  [ -> 5]
[00:53:06.311] [INFO] [CalibrationManager] Değişiklik kaydedildi:  [ -> 5]
[00:53:06.312] [INFO] [CalibrationManager] Değişiklik kaydedildi:  [ -> 5]
[00:53:06.313] [INFO] [CalibrationManager] Değişiklik kaydedildi:  [ -> 5]
[00:53:06.315] [INFO] [CalibrationManager] Değişiklik kaydedildi:  [ -> 5]
[00:53:06.316] [INFO] [CalibrationManager] Değişiklik kaydedildi:  [ -> 5]
[00:53:06.318] [INFO] [CalibrationManager] Değişiklik kaydedildi:  [ -> 5]
[00:53:06.319] [INFO] [CalibrationManager] Değişiklik kaydedildi:  [ -> 5]
[00:53:06.321] [INFO] [CalibrationManager] Değişiklik kaydedildi:  [ -> 5]
[00:53:06.322] [INFO] [CalibrationManager] Değişiklik kaydedildi:  [ -> 5]
[00:53:06.324] [INFO] [CalibrationManager] Değişiklik kaydedildi:  [ -> 5]
[00:53:06.326] [INFO] [CalibrationManager] Değişiklik kaydedildi:  [ -> 5]
[00:53:06.328] [INFO] [CalibrationManager] Değişiklik kaydedildi:  [ -> 5]
[00:53:06.329] [INFO] [CalibrationManager] Değişiklik kaydedildi:  [ -> 5]
[00:53:06.331] [INFO] [CalibrationManager] Değişiklik kaydedildi:  [ -> 5]
[00:53:06.333] [INFO] [CalibrationManager] Değişiklik kaydedildi:  [ -> 5]
[00:53:06.334] [INFO] [CalibrationManager] Değişiklik kaydedildi:  [ -> 5]
[00:53:06.336] [INFO] [CalibrationManager] Değişiklik kaydedildi:  [ -> 5]
[00:53:06.338] [INFO] [CalibrationManager] Değişiklik kaydedildi:  [ -> 5]
[00:53:06.339] [INFO] [CalibrationManager] Değişiklik kaydedildi:  [ -> 5]
[00:53:06.340] [INFO] [CalibrationManager] Değişiklik kaydedildi:  [ -> 5]
[00:53:06.342] [INFO] [CalibrationManager] Değişiklik kaydedildi:  [ -> 5]
[00:53:06.343] [INFO] [CalibrationManager] Değişiklik kaydedildi:  [ -> 5]
[00:53:06.345] [INFO] [CalibrationManager] Değişiklik kaydedildi:  [ -> 5]
[00:53:06.346] [INFO] [CalibrationManager] Değişiklik kaydedildi:  [ -> 5]
[00:53:06.348] [INFO] [CalibrationManager] Değişiklik kaydedildi:  [ -> 5]
[00:53:06.350] [INFO] [CalibrationManager] Değişiklik kaydedildi:  [ -> 5]
[00:53:06.352] [INFO] [CalibrationManager] Değişiklik kaydedildi:  [ -> 5]
[00:53:06.354] [INFO] [CalibrationManager] Değişiklik kaydedildi:  [ -> 5]
[00:53:06.355] [INFO] [CalibrationManager] Değişiklik kaydedildi:  [ -> 5]
[00:53:06.357] [INFO] [CalibrationManager] Değişiklik kaydedildi:  [ -> 5]
[00:53:06.359] [INFO] [CalibrationManager] Değişiklik kaydedildi:  [ -> 5]
[00:53:06.360] [INFO] [CalibrationManager] Değişiklik kaydedildi:  [ -> 5]
[00:53:06.361] [INFO] [CalibrationManager] Değişiklik kaydedildi:  [ -> 5]
[00:53:06.363] [INFO] [CalibrationManager] Değişiklik kaydedildi:  [ -> 5]
[00:53:06.364] [INFO] [CalibrationManager] Değişiklik kaydedildi:  [ -> 5]
[00:53:06.366] [INFO] [CalibrationManager] Değişiklik kaydedildi:  [ -> 5]
[00:53:06.367] [INFO] [CalibrationManager] Değişiklik kaydedildi:  [ -> 5]
[00:53:06.369] [INFO] [CalibrationManager] Değişiklik kaydedildi:  [ -> 5]
[00:53:06.370] [INFO] [CalibrationManager] Değişiklik kaydedildi:  [ -> 5]
[00:53:06.371] [INFO] [CalibrationManager] Değişiklik kaydedildi:  [ -> 5]
[00:53:06.373] [INFO] [CalibrationManager] Değişiklik kaydedildi:  [ -> 5]
[00:53:06.375] [INFO] [CalibrationManager] Değişiklik kaydedildi:  [ -> 5]
[00:53:06.377] [INFO] [CalibrationManager] Değişiklik kaydedildi:  [ -> 5]
[00:53:06.378] [INFO] [CalibrationManager] Değişiklik kaydedildi:  [ -> 5]
[00:53:06.380] [INFO] [CalibrationManager] Değişiklik kaydedildi:  [ -> 5]
[00:53:06.381] [INFO] [CalibrationManager] Değişiklik kaydedildi:  [ -> 5]
[00:53:06.383] [INFO] [CalibrationManager] Değişiklik kaydedildi:  [ -> 5]
[00:53:06.385] [INFO] [CalibrationManager] Değişiklik kaydedildi:  [ -> 5]
[00:53:06.386] [INFO] [CalibrationManager] Değişiklik kaydedildi:  [ -> 5]
[00:53:06.388] [INFO] [CalibrationManager] Değişiklik kaydedildi:  [ -> 5]
[00:53:06.389] [INFO] [CalibrationManager] Değişiklik kaydedildi:  [ -> 5]
[00:53:06.391] [INFO] [CalibrationManager] Değişiklik kaydedildi:  [ -> 5]
[00:53:06.392] [INFO] [CalibrationManager] Değişiklik kaydedildi:  [ -> 5]
[00:53:06.394] [INFO] [CalibrationManager] Değişiklik kaydedildi:  [ -> 5]
[00:53:06.395] [INFO] [CalibrationManager] Değişiklik kaydedildi:  [ -> 5]
[00:53:06.397] [INFO] [CalibrationManager] Değişiklik kaydedildi:  [ -> 5]
[00:53:06.400] [INFO] [CalibrationManager] Değişiklik kaydedildi:  [ -> 5]
[00:53:06.401] [INFO] [CalibrationManager] Değişiklik kaydedildi:  [ -> 5]
[00:53:06.403] [INFO] [CalibrationManager] Değişiklik kaydedildi:  [ -> 5]
[00:53:06.405] [INFO] [CalibrationManager] Değişiklik kaydedildi:  [ -> 5]
[00:53:06.406] [INFO] [CalibrationManager] Değişiklik kaydedildi:  [ -> 5]
[00:53:06.408] [INFO] [CalibrationManager] Değişiklik kaydedildi:  [ -> 5]
[00:53:06.409] [INFO] [CalibrationManager] Değişiklik kaydedildi:  [ -> 5]
[00:53:06.411] [INFO] [CalibrationManager] Değişiklik kaydedildi:  [ -> 5]
[00:53:06.413] [INFO] [CalibrationManager] Değişiklik kaydedildi:  [ -> 5]
[00:53:06.414] [INFO] [CalibrationManager] Değişiklik kaydedildi:  [ -> 5]
[00:53:06.416] [INFO] [CalibrationManager] Değişiklik kaydedildi:  [ -> 5]
[00:53:06.417] [INFO] [CalibrationManager] Değişiklik kaydedildi:  [ -> 5]
[00:53:06.419] [INFO] [CalibrationManager] Değişiklik kaydedildi:  [ -> 5]
[00:53:06.420] [INFO] [CalibrationManager] Değişiklik kaydedildi:  [ -> 5]
[00:53:06.823] [INFO] [RtpCalibrationEngine] Connecting to RTP emulator...
[00:53:06.823] [INFO] [RtpCalibrationEngine] RTP emulator connected successfully.
[00:53:06.823] [INFO] [RtpCalibrationEngine] Real-time synchronization active.
[00:53:06.824] [INFO] [RtpCalibrationEngine] Connecting to RTP emulator...
[00:53:06.824] [INFO] [RtpCalibrationEngine] RTP emulator connected successfully.
[00:53:06.824] [INFO] [RtpCalibrationEngine] Real-time synchronization active.
[00:53:06.826] [INFO] [CalibrationManager] Değişiklik kaydedildi:  [ -> 55]
[00:53:06.921] [ERROR] [RtpCalibrationEngine] Batch write execution failed: Batch block verification write failed: Simulated block write exception
[00:53:07.035] [INFO] [RtpCalibrationEngine] Connecting to RTP emulator...
[00:53:07.035] [INFO] [RtpCalibrationEngine] RTP emulator connected successfully.
[00:53:07.036] [INFO] [RtpCalibrationEngine] Real-time synchronization active.
[00:53:07.039] [INFO] [CalibrationManager] Değişiklik kaydedildi:  [ -> 88]
[00:53:07.128] [ERROR] [RtpCalibrationEngine] Batch write execution failed: Batch block verification write failed: Batch block verify mismatch at relative index 0. Expected: 88, Actual: 167
[00:53:07.240] [INFO] [RtpCalibrationEngine] Connecting to RTP emulator...
[00:53:07.241] [INFO] [RtpCalibrationEngine] RTP emulator connected successfully.
[00:53:07.241] [INFO] [RtpCalibrationEngine] Real-time synchronization active.
[00:53:07.243] [INFO] [CalibrationManager] Değişiklik kaydedildi:  [ -> 22]
[00:53:07.351] [INFO] [CalibrationManager] Değişiklik kaydedildi:  [ -> 22]
[00:53:07.468] [INFO] [CalibrationManager] Değişiklik kaydedildi:  [ -> 0]
[00:53:07.477] [INFO] [CalibrationManager] Değişiklik kaydedildi:  [ -> 1]
[00:53:07.485] [INFO] [CalibrationManager] Değişiklik kaydedildi:  [ -> 2]
[00:53:07.493] [INFO] [CalibrationManager] Değişiklik kaydedildi:  [ -> 3]
[00:53:07.502] [INFO] [CalibrationManager] Değişiklik kaydedildi:  [ -> 4]
[00:53:07.517] [INFO] [CalibrationManager] Değişiklik kaydedildi:  [ -> 5]
[00:53:07.524] [INFO] [CalibrationManager] Değişiklik kaydedildi:  [ -> 6]
[00:53:07.528] [INFO] [CalibrationManager] Değişiklik kaydedildi:  [ -> 0]
[00:53:07.534] [INFO] [CalibrationManager] Değişiklik kaydedildi:  [ -> 1]
[00:53:07.541] [INFO] [CalibrationManager] Değişiklik kaydedildi:  [ -> 2]
[00:53:07.546] [INFO] [CalibrationManager] Değişiklik kaydedildi:  [ -> 3]
[00:53:07.554] [INFO] [CalibrationManager] Değişiklik kaydedildi:  [ -> 4]
[00:53:07.559] [INFO] [CalibrationManager] Değişiklik kaydedildi:  [ -> 5]
[00:53:07.561] [INFO] [CalibrationManager] Değişiklik kaydedildi:  [ -> 6]
[00:53:07.565] [INFO] [CalibrationManager] Değişiklik kaydedildi:  [ -> 0]
[00:53:07.575] [INFO] [CalibrationManager] Değişiklik kaydedildi:  [ -> 1]
[00:53:07.584] [INFO] [CalibrationManager] Değişiklik kaydedildi:  [ -> 2]
[00:53:07.592] [INFO] [CalibrationManager] Değişiklik kaydedildi:  [ -> 3]
[00:53:07.600] [INFO] [CalibrationManager] Değişiklik kaydedildi:  [ -> 4]
[00:53:07.723] [INFO] [CalibrationManager] Değişiklik kaydedildi:  [ -> 5]
[00:53:07.828] [INFO] [CalibrationManager] Değişiklik kaydedildi:  [ -> 6]
[00:53:07.830] [ERROR] [RtpCalibrationEngine] RTP Configuration validation failed: Retry count must be between 0 and 10. (Parameter 'RetryCount')
[00:53:07.831] [INFO] [RtpCalibrationEngine] Recovered 1 pending changes from persistent queue on disk.
[00:53:07.848] [INFO] [RtpCalibrationEngine] Connecting to RTP emulator...
[00:53:07.848] [INFO] [RtpCalibrationEngine] RTP emulator connected successfully.
[00:53:07.848] [INFO] [RtpCalibrationEngine] Real-time synchronization active.
[00:53:07.855] [INFO] [AutoTuneSafetyManager] Güvenlik limitleri yüklendi. Etkin kural sayısı: 4
[00:53:07.855] [INFO] [AutoTuneEventPublisher] Domain olayı yayınlandı: SessionCreated (Oturum: 4d5de1b9-baaa-43e8-b33f-7ad9df277b67)
[00:53:07.855] [INFO] [AutoTuneEngine] Oturum başarıyla başlatıldı: 4d5de1b9-baaa-43e8-b33f-7ad9df277b67
[00:53:08.009] [INFO] [AutoTuneEventPublisher] Domain olayı yayınlandı: TelemetryWindowAccepted (Oturum: 4d5de1b9-baaa-43e8-b33f-7ad9df277b67)
[00:53:08.009] [INFO] [AutoTuneEventPublisher] Domain olayı yayınlandı: SafetyViolation (Oturum: 4d5de1b9-baaa-43e8-b33f-7ad9df277b67)
[00:53:08.010] [INFO] [AutoTuneEventPublisher] Domain olayı yayınlandı: DecisionCreated (Oturum: 4d5de1b9-baaa-43e8-b33f-7ad9df277b67)
[00:53:08.010] [INFO] [CalibrationSnapshotManager] Snapshot oluşturuldu: efa8e11e-97ee-4edb-89ce-dfc153b673a1, Hücre sayısı: 1
[00:53:08.012] [INFO] [CalibrationRecoveryManager] Bekleyen işlem kaydedildi: 32792d70-6b0f-4a6f-86ee-e25633ddff75
[00:53:08.013] [INFO] [CalibrationManager] Değişiklik kaydedildi: AFRTargetTable Hücre [3,4] [0 -> 15]
[00:53:08.014] [INFO] [CalibrationRecoveryManager] Bekleyen işlem temizlendi (başarılı commit).
[00:53:08.014] [INFO] [CalibrationStreamPublisher] Uygulanan değişiklik yayınlandı: Lambda adres: AFRTargetTable[3,4]
[00:53:08.015] [INFO] [AutoTuneEventPublisher] Domain olayı yayınlandı: MapChangeApplied (Oturum: 4d5de1b9-baaa-43e8-b33f-7ad9df277b67)
[00:53:08.015] [INFO] [AutoTuneEventPublisher] Domain olayı yayınlandı: DecisionCreated (Oturum: 4d5de1b9-baaa-43e8-b33f-7ad9df277b67)
[00:53:08.015] [INFO] [CalibrationSnapshotManager] Snapshot oluşturuldu: 11095a49-63c1-49e7-ac32-db0b334f8f9a, Hücre sayısı: 1
[00:53:08.016] [INFO] [CalibrationRecoveryManager] Bekleyen işlem kaydedildi: e3f298ae-db76-4e42-84a5-27cf52761efa
[00:53:08.017] [INFO] [CalibrationManager] Değişiklik kaydedildi: IgnitionTable Hücre [3,4] [15 -> 16]
[00:53:08.018] [INFO] [CalibrationRecoveryManager] Bekleyen işlem temizlendi (başarılı commit).
[00:53:08.018] [INFO] [CalibrationStreamPublisher] Uygulanan değişiklik yayınlandı: Ignition adres: IgnitionTable[3,4]
[00:53:08.019] [INFO] [AutoTuneEventPublisher] Domain olayı yayınlandı: MapChangeApplied (Oturum: 4d5de1b9-baaa-43e8-b33f-7ad9df277b67)
[00:53:08.019] [INFO] [AutoTuneEventPublisher] Domain olayı yayınlandı: DecisionCreated (Oturum: 4d5de1b9-baaa-43e8-b33f-7ad9df277b67)
[00:53:08.019] [INFO] [CalibrationSnapshotManager] Snapshot oluşturuldu: 9c993a6e-aece-48c5-a23e-9f53a6021287, Hücre sayısı: 1
[00:53:08.020] [INFO] [CalibrationRecoveryManager] Bekleyen işlem kaydedildi: 00657da9-0e3e-4685-8386-92c3ff1c4c6b
[00:53:08.022] [INFO] [CalibrationManager] Değişiklik kaydedildi: FuelVETable Hücre [3,4] [16 -> 60]
[00:53:08.022] [INFO] [CalibrationRecoveryManager] Bekleyen işlem temizlendi (başarılı commit).
[00:53:08.023] [INFO] [CalibrationStreamPublisher] Uygulanan değişiklik yayınlandı: VE adres: FuelVETable[3,4]
[00:53:08.023] [INFO] [AutoTuneEventPublisher] Domain olayı yayınlandı: MapChangeApplied (Oturum: 4d5de1b9-baaa-43e8-b33f-7ad9df277b67)
[00:53:08.037] [INFO] [AutoTuneEventPublisher] Domain olayı yayınlandı: TelemetryWindowAccepted (Oturum: 4d5de1b9-baaa-43e8-b33f-7ad9df277b67)
[00:53:08.037] [INFO] [AutoTuneEventPublisher] Domain olayı yayınlandı: SafetyViolation (Oturum: 4d5de1b9-baaa-43e8-b33f-7ad9df277b67)
[00:53:08.038] [INFO] [AutoTuneEventPublisher] Domain olayı yayınlandı: DecisionCreated (Oturum: 4d5de1b9-baaa-43e8-b33f-7ad9df277b67)
[00:53:08.038] [INFO] [CalibrationSnapshotManager] Snapshot oluşturuldu: 65245950-72b3-4d30-bbdd-e2a0449e9877, Hücre sayısı: 1
[00:53:08.039] [INFO] [CalibrationRecoveryManager] Bekleyen işlem kaydedildi: 8dacb2dd-3b78-4118-b42b-60caf3ca6add
[00:53:08.041] [INFO] [CalibrationManager] Değişiklik kaydedildi: AFRTargetTable Hücre [3,4] [60 -> 15]
[00:53:08.042] [INFO] [CalibrationRecoveryManager] Bekleyen işlem temizlendi (başarılı commit).
[00:53:08.042] [INFO] [CalibrationStreamPublisher] Uygulanan değişiklik yayınlandı: Lambda adres: AFRTargetTable[3,4]
[00:53:08.042] [INFO] [AutoTuneEventPublisher] Domain olayı yayınlandı: MapChangeApplied (Oturum: 4d5de1b9-baaa-43e8-b33f-7ad9df277b67)
[00:53:08.042] [INFO] [AutoTuneEventPublisher] Domain olayı yayınlandı: DecisionCreated (Oturum: 4d5de1b9-baaa-43e8-b33f-7ad9df277b67)
[00:53:08.042] [INFO] [CalibrationSnapshotManager] Snapshot oluşturuldu: 8c67c522-4d58-452f-b796-21b9b939bb6f, Hücre sayısı: 1
[00:53:08.043] [INFO] [CalibrationRecoveryManager] Bekleyen işlem kaydedildi: 8086f22e-9848-49cd-9025-9b921ce47526
[00:53:08.046] [INFO] [CalibrationManager] Değişiklik kaydedildi: IgnitionTable Hücre [3,4] [15 -> 16]
[00:53:08.047] [INFO] [CalibrationRecoveryManager] Bekleyen işlem temizlendi (başarılı commit).
[00:53:08.047] [INFO] [CalibrationStreamPublisher] Uygulanan değişiklik yayınlandı: Ignition adres: IgnitionTable[3,4]
[00:53:08.047] [INFO] [AutoTuneEventPublisher] Domain olayı yayınlandı: MapChangeApplied (Oturum: 4d5de1b9-baaa-43e8-b33f-7ad9df277b67)
[00:53:08.047] [INFO] [AutoTuneEventPublisher] Domain olayı yayınlandı: DecisionCreated (Oturum: 4d5de1b9-baaa-43e8-b33f-7ad9df277b67)
[00:53:08.048] [INFO] [CalibrationSnapshotManager] Snapshot oluşturuldu: 167df270-2044-47db-850a-b7695e183fc9, Hücre sayısı: 1
[00:53:08.049] [INFO] [CalibrationRecoveryManager] Bekleyen işlem kaydedildi: 16c942e3-6ffa-48d9-a4c5-8a51b6b2511b
[00:53:08.050] [INFO] [CalibrationManager] Değişiklik kaydedildi: FuelVETable Hücre [3,4] [16 -> 60]
[00:53:08.051] [INFO] [CalibrationRecoveryManager] Bekleyen işlem temizlendi (başarılı commit).
[00:53:08.051] [INFO] [CalibrationStreamPublisher] Uygulanan değişiklik yayınlandı: VE adres: FuelVETable[3,4]
[00:53:08.051] [INFO] [AutoTuneEventPublisher] Domain olayı yayınlandı: MapChangeApplied (Oturum: 4d5de1b9-baaa-43e8-b33f-7ad9df277b67)
[00:53:08.062] [INFO] [AutoTuneEventPublisher] Domain olayı yayınlandı: TelemetryWindowAccepted (Oturum: 4d5de1b9-baaa-43e8-b33f-7ad9df277b67)
[00:53:08.062] [INFO] [AutoTuneEventPublisher] Domain olayı yayınlandı: SafetyViolation (Oturum: 4d5de1b9-baaa-43e8-b33f-7ad9df277b67)
[00:53:08.062] [INFO] [AutoTuneEventPublisher] Domain olayı yayınlandı: DecisionCreated (Oturum: 4d5de1b9-baaa-43e8-b33f-7ad9df277b67)
[00:53:08.062] [INFO] [CalibrationSnapshotManager] Snapshot oluşturuldu: 47672f58-ba8f-4e00-b4e8-b2f6429666d3, Hücre sayısı: 1
[00:53:08.063] [INFO] [CalibrationRecoveryManager] Bekleyen işlem kaydedildi: 4225f096-c59c-4e3f-9c19-8f6a8c4232f4
[00:53:08.065] [INFO] [CalibrationManager] Değişiklik kaydedildi: AFRTargetTable Hücre [3,4] [60 -> 15]
[00:53:08.066] [INFO] [CalibrationRecoveryManager] Bekleyen işlem temizlendi (başarılı commit).
[00:53:08.066] [INFO] [CalibrationStreamPublisher] Uygulanan değişiklik yayınlandı: Lambda adres: AFRTargetTable[3,4]
[00:53:08.066] [INFO] [AutoTuneEventPublisher] Domain olayı yayınlandı: MapChangeApplied (Oturum: 4d5de1b9-baaa-43e8-b33f-7ad9df277b67)
[00:53:08.067] [INFO] [AutoTuneEventPublisher] Domain olayı yayınlandı: DecisionCreated (Oturum: 4d5de1b9-baaa-43e8-b33f-7ad9df277b67)
[00:53:08.067] [INFO] [CalibrationSnapshotManager] Snapshot oluşturuldu: 25bf929d-f1ee-468f-a729-fe67306e8d52, Hücre sayısı: 1
[00:53:08.068] [INFO] [CalibrationRecoveryManager] Bekleyen işlem kaydedildi: 271114af-5156-4b0e-b94b-d5594b2911d3
[00:53:08.069] [INFO] [CalibrationManager] Değişiklik kaydedildi: IgnitionTable Hücre [3,4] [15 -> 16]
[00:53:08.070] [INFO] [CalibrationRecoveryManager] Bekleyen işlem temizlendi (başarılı commit).
[00:53:08.070] [INFO] [CalibrationStreamPublisher] Uygulanan değişiklik yayınlandı: Ignition adres: IgnitionTable[3,4]
[00:53:08.070] [INFO] [AutoTuneEventPublisher] Domain olayı yayınlandı: MapChangeApplied (Oturum: 4d5de1b9-baaa-43e8-b33f-7ad9df277b67)
[00:53:08.071] [INFO] [AutoTuneEventPublisher] Domain olayı yayınlandı: DecisionCreated (Oturum: 4d5de1b9-baaa-43e8-b33f-7ad9df277b67)
[00:53:08.071] [INFO] [CalibrationSnapshotManager] Snapshot oluşturuldu: 434e985d-e767-4aa0-968a-8f854db260ac, Hücre sayısı: 1
[00:53:08.072] [INFO] [CalibrationRecoveryManager] Bekleyen işlem kaydedildi: d2ca2669-1e8c-41e6-b655-388870513b1f
[00:53:08.074] [INFO] [CalibrationManager] Değişiklik kaydedildi: FuelVETable Hücre [3,4] [16 -> 60]
[00:53:08.074] [INFO] [CalibrationRecoveryManager] Bekleyen işlem temizlendi (başarılı commit).
[00:53:08.074] [INFO] [CalibrationStreamPublisher] Uygulanan değişiklik yayınlandı: VE adres: FuelVETable[3,4]
[00:53:08.075] [INFO] [AutoTuneEventPublisher] Domain olayı yayınlandı: MapChangeApplied (Oturum: 4d5de1b9-baaa-43e8-b33f-7ad9df277b67)
[00:53:08.086] [INFO] [AutoTuneEventPublisher] Domain olayı yayınlandı: TelemetryWindowAccepted (Oturum: 4d5de1b9-baaa-43e8-b33f-7ad9df277b67)
[00:53:08.086] [INFO] [AutoTuneEventPublisher] Domain olayı yayınlandı: SafetyViolation (Oturum: 4d5de1b9-baaa-43e8-b33f-7ad9df277b67)
[00:53:08.087] [INFO] [AutoTuneEventPublisher] Domain olayı yayınlandı: DecisionCreated (Oturum: 4d5de1b9-baaa-43e8-b33f-7ad9df277b67)
[00:53:08.087] [INFO] [CalibrationSnapshotManager] Snapshot oluşturuldu: d61e7c57-87a0-4aef-a8d4-decc9c7e49d3, Hücre sayısı: 1
[00:53:08.088] [INFO] [CalibrationRecoveryManager] Bekleyen işlem kaydedildi: 682186ec-e61c-4088-b936-3ca6ca53ee6d
[00:53:08.090] [INFO] [CalibrationManager] Değişiklik kaydedildi: AFRTargetTable Hücre [3,4] [60 -> 15]
[00:53:08.091] [INFO] [CalibrationRecoveryManager] Bekleyen işlem temizlendi (başarılı commit).
[00:53:08.091] [INFO] [CalibrationStreamPublisher] Uygulanan değişiklik yayınlandı: Lambda adres: AFRTargetTable[3,4]
[00:53:08.091] [INFO] [AutoTuneEventPublisher] Domain olayı yayınlandı: MapChangeApplied (Oturum: 4d5de1b9-baaa-43e8-b33f-7ad9df277b67)
[00:53:08.091] [INFO] [AutoTuneEventPublisher] Domain olayı yayınlandı: DecisionCreated (Oturum: 4d5de1b9-baaa-43e8-b33f-7ad9df277b67)
[00:53:08.091] [INFO] [CalibrationSnapshotManager] Snapshot oluşturuldu: 5299cc3d-21ea-40c1-870f-af08f734a469, Hücre sayısı: 1
[00:53:08.092] [INFO] [CalibrationRecoveryManager] Bekleyen işlem kaydedildi: e0a65a08-418d-4dca-8750-90cc84b1e115
[00:53:08.094] [INFO] [CalibrationManager] Değişiklik kaydedildi: IgnitionTable Hücre [3,4] [15 -> 16]
[00:53:08.095] [INFO] [CalibrationRecoveryManager] Bekleyen işlem temizlendi (başarılı commit).
[00:53:08.095] [INFO] [CalibrationStreamPublisher] Uygulanan değişiklik yayınlandı: Ignition adres: IgnitionTable[3,4]
[00:53:08.095] [INFO] [AutoTuneEventPublisher] Domain olayı yayınlandı: MapChangeApplied (Oturum: 4d5de1b9-baaa-43e8-b33f-7ad9df277b67)
[00:53:08.095] [INFO] [AutoTuneEventPublisher] Domain olayı yayınlandı: DecisionCreated (Oturum: 4d5de1b9-baaa-43e8-b33f-7ad9df277b67)
[00:53:08.095] [INFO] [CalibrationSnapshotManager] Snapshot oluşturuldu: 8d82df84-2421-4d0a-9192-a90631d89c67, Hücre sayısı: 1
[00:53:08.096] [INFO] [CalibrationRecoveryManager] Bekleyen işlem kaydedildi: 3e04aefd-7dda-4175-a35c-7d57c65f0fb1
[00:53:08.098] [INFO] [CalibrationManager] Değişiklik kaydedildi: FuelVETable Hücre [3,4] [16 -> 60]
[00:53:08.099] [INFO] [CalibrationRecoveryManager] Bekleyen işlem temizlendi (başarılı commit).
[00:53:08.099] [INFO] [CalibrationStreamPublisher] Uygulanan değişiklik yayınlandı: VE adres: FuelVETable[3,4]
[00:53:08.099] [INFO] [AutoTuneEventPublisher] Domain olayı yayınlandı: MapChangeApplied (Oturum: 4d5de1b9-baaa-43e8-b33f-7ad9df277b67)
[00:53:08.117] [INFO] [AutoTuneEventPublisher] Domain olayı yayınlandı: TelemetryWindowAccepted (Oturum: 4d5de1b9-baaa-43e8-b33f-7ad9df277b67)
[00:53:08.117] [INFO] [AutoTuneEventPublisher] Domain olayı yayınlandı: SafetyViolation (Oturum: 4d5de1b9-baaa-43e8-b33f-7ad9df277b67)
[00:53:08.117] [INFO] [AutoTuneEventPublisher] Domain olayı yayınlandı: DecisionCreated (Oturum: 4d5de1b9-baaa-43e8-b33f-7ad9df277b67)
[00:53:08.117] [INFO] [CalibrationSnapshotManager] Snapshot oluşturuldu: e8c6e21b-fa16-4658-a720-6d1a9cb5bfac, Hücre sayısı: 1
[00:53:08.119] [INFO] [CalibrationRecoveryManager] Bekleyen işlem kaydedildi: f18d70be-7146-4328-9cbf-bcc66140906c
[00:53:08.120] [INFO] [CalibrationManager] Değişiklik kaydedildi: AFRTargetTable Hücre [3,4] [60 -> 15]
[00:53:08.121] [INFO] [CalibrationRecoveryManager] Bekleyen işlem temizlendi (başarılı commit).
[00:53:08.121] [INFO] [CalibrationStreamPublisher] Uygulanan değişiklik yayınlandı: Lambda adres: AFRTargetTable[3,4]
[00:53:08.121] [INFO] [AutoTuneEventPublisher] Domain olayı yayınlandı: MapChangeApplied (Oturum: 4d5de1b9-baaa-43e8-b33f-7ad9df277b67)
[00:53:08.121] [INFO] [AutoTuneEventPublisher] Domain olayı yayınlandı: DecisionCreated (Oturum: 4d5de1b9-baaa-43e8-b33f-7ad9df277b67)
[00:53:08.122] [INFO] [CalibrationSnapshotManager] Snapshot oluşturuldu: 15f83d32-6bd6-4406-be58-16218d22d76d, Hücre sayısı: 1
[00:53:08.123] [INFO] [CalibrationRecoveryManager] Bekleyen işlem kaydedildi: 2959bfe4-e674-4430-b793-7f074c590fdc
[00:53:08.124] [INFO] [CalibrationManager] Değişiklik kaydedildi: IgnitionTable Hücre [3,4] [15 -> 16]
[00:53:08.125] [INFO] [CalibrationRecoveryManager] Bekleyen işlem temizlendi (başarılı commit).
[00:53:08.125] [INFO] [CalibrationStreamPublisher] Uygulanan değişiklik yayınlandı: Ignition adres: IgnitionTable[3,4]
[00:53:08.126] [INFO] [AutoTuneEventPublisher] Domain olayı yayınlandı: MapChangeApplied (Oturum: 4d5de1b9-baaa-43e8-b33f-7ad9df277b67)
[00:53:08.126] [INFO] [AutoTuneEventPublisher] Domain olayı yayınlandı: DecisionCreated (Oturum: 4d5de1b9-baaa-43e8-b33f-7ad9df277b67)
[00:53:08.126] [INFO] [CalibrationSnapshotManager] Snapshot oluşturuldu: 1bd80d6f-bef8-442e-87d7-e60bc048f458, Hücre sayısı: 1
[00:53:08.127] [INFO] [CalibrationRecoveryManager] Bekleyen işlem kaydedildi: 00c4ac57-650e-4d58-bfcd-71093f26a97c
[00:53:08.129] [INFO] [CalibrationManager] Değişiklik kaydedildi: FuelVETable Hücre [3,4] [16 -> 60]
[00:53:08.130] [INFO] [CalibrationRecoveryManager] Bekleyen işlem temizlendi (başarılı commit).
[00:53:08.130] [INFO] [CalibrationStreamPublisher] Uygulanan değişiklik yayınlandı: VE adres: FuelVETable[3,4]
[00:53:08.130] [INFO] [AutoTuneEventPublisher] Domain olayı yayınlandı: MapChangeApplied (Oturum: 4d5de1b9-baaa-43e8-b33f-7ad9df277b67)
[00:53:08.148] [INFO] [AutoTuneEventPublisher] Domain olayı yayınlandı: TelemetryWindowAccepted (Oturum: 4d5de1b9-baaa-43e8-b33f-7ad9df277b67)
[00:53:08.148] [INFO] [AutoTuneEventPublisher] Domain olayı yayınlandı: SafetyViolation (Oturum: 4d5de1b9-baaa-43e8-b33f-7ad9df277b67)
[00:53:08.149] [INFO] [AutoTuneEventPublisher] Domain olayı yayınlandı: DecisionCreated (Oturum: 4d5de1b9-baaa-43e8-b33f-7ad9df277b67)
[00:53:08.149] [INFO] [CalibrationSnapshotManager] Snapshot oluşturuldu: 725fd864-69ea-42f1-abcb-c5b0449a6360, Hücre sayısı: 1
[00:53:08.150] [INFO] [CalibrationRecoveryManager] Bekleyen işlem kaydedildi: 9ab48fa4-6b15-43c5-b913-4e5615a71f09
[00:53:08.151] [INFO] [CalibrationManager] Değişiklik kaydedildi: AFRTargetTable Hücre [3,4] [60 -> 15]
[00:53:08.152] [INFO] [CalibrationRecoveryManager] Bekleyen işlem temizlendi (başarılı commit).
[00:53:08.153] [INFO] [CalibrationStreamPublisher] Uygulanan değişiklik yayınlandı: Lambda adres: AFRTargetTable[3,4]
[00:53:08.153] [INFO] [AutoTuneEventPublisher] Domain olayı yayınlandı: MapChangeApplied (Oturum: 4d5de1b9-baaa-43e8-b33f-7ad9df277b67)
[00:53:08.153] [INFO] [AutoTuneEventPublisher] Domain olayı yayınlandı: DecisionCreated (Oturum: 4d5de1b9-baaa-43e8-b33f-7ad9df277b67)
[00:53:08.153] [INFO] [CalibrationSnapshotManager] Snapshot oluşturuldu: d1b2b961-d43d-44e7-95b8-094115b52f23, Hücre sayısı: 1
[00:53:08.154] [INFO] [CalibrationRecoveryManager] Bekleyen işlem kaydedildi: 761f317e-6d48-4b4b-b253-0bb701b45898
[00:53:08.156] [INFO] [CalibrationManager] Değişiklik kaydedildi: IgnitionTable Hücre [3,4] [15 -> 16]
[00:53:08.157] [INFO] [CalibrationRecoveryManager] Bekleyen işlem temizlendi (başarılı commit).
[00:53:08.157] [INFO] [CalibrationStreamPublisher] Uygulanan değişiklik yayınlandı: Ignition adres: IgnitionTable[3,4]
[00:53:08.157] [INFO] [AutoTuneEventPublisher] Domain olayı yayınlandı: MapChangeApplied (Oturum: 4d5de1b9-baaa-43e8-b33f-7ad9df277b67)
[00:53:08.157] [INFO] [AutoTuneEventPublisher] Domain olayı yayınlandı: DecisionCreated (Oturum: 4d5de1b9-baaa-43e8-b33f-7ad9df277b67)
[00:53:08.157] [INFO] [CalibrationSnapshotManager] Snapshot oluşturuldu: 5c659f65-bc56-478a-a1b7-e825c2199e53, Hücre sayısı: 1
[00:53:08.158] [INFO] [CalibrationRecoveryManager] Bekleyen işlem kaydedildi: 16358195-a2ad-47f0-8840-b43eca119e06
[00:53:08.160] [INFO] [CalibrationManager] Değişiklik kaydedildi: FuelVETable Hücre [3,4] [16 -> 60]
[00:53:08.161] [INFO] [CalibrationRecoveryManager] Bekleyen işlem temizlendi (başarılı commit).
[00:53:08.161] [INFO] [CalibrationStreamPublisher] Uygulanan değişiklik yayınlandı: VE adres: FuelVETable[3,4]
[00:53:08.161] [INFO] [AutoTuneEventPublisher] Domain olayı yayınlandı: MapChangeApplied (Oturum: 4d5de1b9-baaa-43e8-b33f-7ad9df277b67)
[00:53:08.487] [INFO] [AutoTuneEventPublisher] Domain olayı yayınlandı: SessionStopped (Oturum: 4d5de1b9-baaa-43e8-b33f-7ad9df277b67)
[00:53:08.698] [INFO] [TestHarness] Test tamamlandÄ±: 110 geÃ§ti, 0 kaldÄ±
[00:53:08.699] [WARNING] [RomIdentifier] ROM imzası hiçbir ECU profiliyle eşleşmedi.
[00:53:08.699] [INFO] [Program] Test sonuçları:
â•â•â•â•â•â•â•â•â•â•â•â•â•â•â•â•â•â•â•â•â•â•â•â•â•â•â•â•â•â•â•â•â•â•â•â•â•â•â•â•â•â•â•â•â•â•â•
  HONDATUNER â€” OTOMATÄ°K TEST SÃœÄ°TÄ°
â•â•â•â•â•â•â•â•â•â•â•â•â•â•â•â•â•â•â•â•â•â•â•â•â•â•â•â•â•â•â•â•â•â•â•â•â•â•â•â•â•â•â•â•â•â•â•

â”€â”€ ROM Testleri â”€â”€â”€â”€â”€â”€â”€â”€â”€â”€â”€â”€â”€â”€â”€â”€â”€â”€â”€â”€â”€â”€â”€â”€â”€â”€â”€â”€â”€â”€
  ✅ ROM Identifier â€” 32KB boÅŸ ROM tanÄ±ma
  ✅ ROM Identifier â€” yanlÄ±ÅŸ boyut reddi
  ✅ ROM Patch â€” doÄŸrulama ve uygulama
  ✅ ROM Patch â€” rollback geri yÃ¼kleme

â”€â”€ Kalibrasyon Testleri â”€â”€â”€â”€â”€â”€â”€â”€â”€â”€â”€â”€â”€â”€â”€â”€â”€â”€â”€â”€â”€â”€â”€
  ✅ Injector Scaling â€” 240â†’440cc
  ✅ Injector Scaling â€” clamp to 255
  ✅ Calibration Engine â€” Commit applies value to ROM buffer
  ✅ Calibration Engine â€” Rollback restores original values in ROM buffer
  ✅ Calibration Engine â€” Undo and Redo states are fully synchronized
  ✅ Calibration Engine â€” Safety validator rejects OOR Rev Limit changes

â”€â”€ Faz 4: Map Engine & Interpolation Testleri â”€â”€
  ✅ Map Engine â€” Cell write and read accuracy
  ✅ Map Engine â€” Scale factors conversion logic
  ✅ Map Engine â€” Invalid offset out-of-range bounds check
  ✅ Map Engine â€” Transaction commits, rollbacks, and Undo/Redo integration
  ✅ Interpolation â€” 4 neighbor bilinear cell weight sum equals exactly 1.0

â”€â”€ AutoTune GÃ¼venlik Testleri â”€â”€â”€â”€â”€â”€â”€â”€â”€â”€â”€â”€â”€â”€â”€â”€â”€
  ✅ AutoTune â€” dÃ¼ÅŸÃ¼k ECT reddi
  ✅ AutoTune â€” dÃ¼ÅŸÃ¼k batarya reddi
  ✅ AutoTune â€” dÃ¼zeltme kÄ±rpma (Â±12%)

── Faz 5: Checksum Engine & Safety Layer Testleri ──
  ✅ Checksum â€” Stock ROM passes validation
  ✅ Checksum â€” Corrupt byte fails validation
  ✅ Checksum â€” Map change updates checksum successfully
  ✅ Checksum â€” VerifyBeforeSave detects bad checksum and returns false
  ✅ Checksum â€” Reloaded ROM checksum is valid
  ✅ Checksum â€” Multiple regions validation is successful

── ROM Patch Engine v2 Testleri ──
  ✅ PatchEngine — Başarılı Yama Uygulama
  ✅ PatchEngine — Yanlış ExpectedBytes Koruması
  ✅ PatchEngine — Uyumsuz ECU Koruması
  ✅ PatchEngine — ROM Boyut Limiti Koruması
  ✅ PatchEngine — Yamayı Geri Alma (Rollback)
  ✅ PatchEngine — İşlem (Transaction) Commit Entegrasyonu
  ✅ PatchEngine — İşlem Geri Alma (Transaction Rollback)
  ✅ PatchEngine — Otomatik Checksum Güncelleme
  ✅ PatchEngine — Audit Loglama Kontrolü
  ✅ PatchEngine — Profil Destekli Yamaları Bulma

── Phase 7: Telemetry & Live Datalog Bus Engine Testleri ──
  ✅ Telemetry - Event Bus Publish & Subscribe
  ✅ Telemetry - Event Bus Metrics Kontrolü
  ✅ Telemetry - Kanalsal Matematiksel Formül Çözümleme
  ✅ Telemetry - Backpressure DropOldest Politikası
  ✅ Telemetry - Backpressure DropNewest Politikası
  ✅ Telemetry - Backpressure BlockPublisher Politikası
  ✅ Telemetry - Yapılandırma Dosya İzleyicisi (Hot Reload)
  ✅ Telemetry - Erişim Kontrolü Yetkilendirme Hiyerarşisi
  ✅ Telemetry - SystemClock Monotonic Ticks
  ✅ Telemetry - HighResolutionClock Performance Ticks
  ✅ Telemetry - ReplayClock Geri Oynatıcı Zaman Akışı
  ✅ Telemetry - Dairesel Bellek (RingBuffer) Kapasite Tanımı
  ✅ Telemetry - RingBuffer Aşımında Overwrite (FIFO Overlay)
  ✅ Telemetry - Moving Average Gürültü Azaltma Filtresi
  ✅ Telemetry - Median (Ortanca) Filtreleme
  ✅ Telemetry - LowPass Üstel Sinyal Yumuşatma
  ✅ Telemetry - HighPass Dalgalanma Odaklı Sinyal Filtresi
  ✅ Telemetry - MockProvider Canlı Veri Akış Simülasyonu
  ✅ Telemetry - Sağlık İzleme (HealthMonitor) Parametreleri
  ✅ Telemetry - HealthMonitor Bağlantı Kaybı Anomali Algılama
  ✅ Telemetry - Analiz Hattı (AnalyzerPipeline) Sıralı Çalışma
  ✅ Telemetry - Engine Profil Geçiş Yönetimi (Street -> Dyno)
  ✅ Telemetry - Engine Canlı Datalogging Yaşam Döngüsü
  ✅ Telemetry - GC Basıncını Azaltan Frame Nesne Havuzu
  ✅ Telemetry - Salt-Okunur (Immutable) Snaphsot Yapısı
  ✅ Telemetry - Multi-Thread Veri Giriş Stress Testi

── Phase 8: AutoTune Closed Loop Engine Testleri ──
  ✅ AutoTune - State transitions (Start, Pause, Resume, Stop) lifecycle verification
  ✅ AutoTune - Confidence score calculation under low deviation is high
  ✅ AutoTune - Confidence score calculation under high deviation is low
  ✅ AutoTune - Stable window filter standard deviation and length checks
  ✅ AutoTune - Config validator rejects JSON with missing target attributes
  ✅ AutoTune - Config validator rejects out of bounds parameter variables
  ✅ AutoTune - ParameterType safety enum structure check
  ✅ AutoTune - Session manager multi session conflict prevention
  ✅ AutoTune - Session manager releases lock and allows new allocation
  ✅ AutoTune - Recovery manager logs interrupt trace successfully to file
  ✅ AutoTune - Recovery manager restores trace and validates details
  ✅ AutoTune - Diff engine returns detailed comparison matrix values
  ✅ AutoTune - CSV Package export contains session identity and values
  ✅ AutoTune - Replay simulator matches telemetry lists deterministically
  ✅ AutoTune - SafetyRuleProvider loads dynamic rules successfully
  ✅ AutoTune - QualityScoreCalculator rates stoichiometric history cleanly near 100
  ✅ AutoTune - Telemetry loss pause and reconnect validation cycle
  ✅ AutoTune - Domain event emitter publishes valid structured transition events
  ✅ AutoTune - Calibration RTP stream publishing streams virtual changes
  ✅ AutoTune - Replay validation checks run determinism bounds
  ✅ AutoTune - Persistence layer correctly serializes state machine records and migrates schema V1 to V2
  ✅ AutoTune - Query service retrieves session lists correctly
  ✅ AutoTune - Command service issues control triggers successfully
  ✅ AutoTune - Hardware checks and SafeMode blocks writing calibrations
  ✅ AutoTune - Cell lock manager acquires, releases and traps conflicts

── Faz 9: RTP Emulator & Real-Time Calibration Engine Testleri ──
  ✅ RTP - Engine correctly registers and resolves from DI ServiceContainer
  ✅ RTP - Connection state machine cycles correctly through all states
  ✅ RTP - Transient write failures trigger automatic retries and recover successfully
  ✅ RTP - Consecutive calibration edits coalesce into a single block write
  ✅ RTP - Multi-threaded queue guarantees strict sequential write ordering
  ✅ RTP - Execution latency benchmark tracking meets target limits
  ✅ RTP - Engine sustains high-frequency (500+) update throughput stress
  ✅ RTP - Background sync worker terminates cleanly on CancellationToken request
  ✅ RTP - Hardware disconnect automatically halts sync and raises Faulted event
  ✅ RTP - Enforces read-back verification after writing values to emulator
  ✅ RTP - Idempotent synchronization ignores duplicate writes to target cells
  ✅ RTP - Backpressure policy DropOldest purges oldest queued changes under load
  ✅ RTP - Backpressure policy RejectNewest drops new updates under queue overflow
  ✅ RTP - Backpressure policy BlockProducer controls producer rates correctly
  ✅ RTP - Validation layer rejects bad config schema values at initialization
  ✅ RTP - Restores un-synced calibration state queue records on startup
  ✅ RTP - Synchronizes concurrently applied AutoTune decisions to hardware
  ✅ TestMetadata_SerializationAndValidation
  ✅ TestReverseEngineering_ExtractionAndDecompilation
  ✅ TestAdvancedFuelCorrections
  ✅ TestAdvancedIgnition_DecodingAndCalibration
  ✅ TestVtecAndBoostControl_LogicAndAlarms
  ✅ TestEngineProtection_SafetiesAndAlarms
  ✅ TestDiagnosticsAndProtocols_A2LAndFreezeFrames
  ✅ TestDynoLogsAndVersions_EstimationAndBranches

â•â•â•â•â•â•â•â•â•â•â•â•â•â•â•â•â•â•â•â•â•â•â•â•â•â•â•â•â•â•â•â•â•â•â•â•â•â•â•â•â•â•â•â•â•â•â•
  SONUÃ‡: 110 baÅŸarÄ±lÄ±, 0 baÅŸarÄ±sÄ±z
â•â•â•â•â•â•â•â•â•â•â•â•â•â•â•â•â•â•â•â•â•â•â•â•â•â•â•â•â•â•â•â•â•â•â•â•â•â•â•â•â•â•â•â•â•â•â•
[00:53:08.699] [INFO] [Program] Örnek ROM test sonuçları:
── Örnek ROM Test Çerçevesi ───────────────────
  ✅ Checksum offset geçerli
  ✅ Bozuk ROM reddedildi
  ✅ Fuel map sınırları geçerli
  ✅ Ignition map sınırları geçerli
  ✅ Tüm profiller 32KB ROM boyutu

  Sonuç: 5 geçti, 0 kaldı
[00:53:08.794] [INFO] [EcuPinoutManager] 24 OBD1 ECU pin tanımlaması başarıyla yüklendi.
