[17:56:15.765] [INFO] [RomIdentifier] ECU Tanımlandı: P06 (Confidence: %45,7)
[17:56:15.768] [WARNING] [RomIdentifier] ROM imzası hiçbir ECU profiliyle eşleşmedi.
[17:56:15.769] [INFO] [RomPatchManager] Yama uygulandı: TEST_PATCH_1 @ 0x000A
[17:56:15.769] [INFO] [RomPatchManager] Yama uygulandı: TEST_PATCH_ROLLBACK @ 0x000A
[17:56:15.769] [INFO] [RomPatchManager] Yama geri alındı: TEST_PATCH_ROLLBACK
[17:56:15.770] [INFO] [InjectorManager] Fuel haritası ölçeklendi: 240cc → 440cc (oran: 0,545)
[17:56:15.770] [INFO] [InjectorManager] Fuel haritası ölçeklendi: 440cc → 240cc (oran: 1,833)
[17:56:15.820] [INFO] [CalibrationManager] Değişiklik kaydedildi: Fuel Cell [0,0] [50 -> 60]
[17:56:15.821] [INFO] [CalibrationManager] Değişiklik kaydedildi: Fuel Cell [0,0] [50 -> 60]
[17:56:15.822] [INFO] [CalibrationManager] Değişiklik kaydedildi: Fuel Cell [0,0] [50 -> 75]
[17:56:15.828] [INFO] [CalibrationManager] Değişiklik kaydedildi: FuelMapTest Hücre [4,5] [0 -> 123]
[17:56:15.840] [INFO] [CalibrationManager] Değişiklik kaydedildi: FuelMapTest Hücre [0,0] [0 -> 125]
[17:56:15.848] [INFO] [CalibrationManager] Değişiklik kaydedildi: FuelMapTest Hücre [1,1] [0 -> 150]
[17:56:15.862] [INFO] [CalibrationManager] Değişiklik kaydedildi: FuelMapTest Hücre [1,1] [0 -> 150]
[17:56:15.879] [DEBUG] [AutoTuneValidator] Reddedildi [ECT_LOW]: Motor sıcaklığı düşük: 50°C < 72°C
[17:56:15.879] [DEBUG] [AutoTuneValidator] Reddedildi [BATT_LOW]: Batarya düşük: 10,5V < 12V
[17:56:15.901] [INFO] [EcuDatabaseManager] Toplam 8 dinamik ECU profili yüklendi.
[17:56:15.919] [INFO] [ChecksumTest] [TRACE-1] romBuffer[0]=00
[17:56:15.927] [INFO] [ChecksumTest] [TRACE-2] tempFile[0]=00
[17:56:15.928] [INFO] [ChecksumTest] [TRACE-3] loadedBuffer[0]=00
[17:56:15.928] [INFO] [ChecksumTest] [TRACE-4] beforeSaveBuffer[0]=00
[17:56:15.932] [INFO] [ChecksumTest] [TRACE-5] afterSaveParserBuffer[0]=00
[17:56:15.940] [INFO] [ChecksumTest] [TRACE-6] reloadedFile[0]=00
[17:56:15.948] [INFO] [CalibrationManager] Değişiklik kaydedildi: Patch.LaunchControl.Byte0 [144 -> 205]
[17:56:15.958] [INFO] [CalibrationManager] Değişiklik kaydedildi: Patch.LaunchControl.Byte1 [144 -> 25]
[17:56:15.960] [INFO] [PatchEngine] Yama başarıyla uygulandı: LaunchControl @ 0x1FB0
[17:56:15.969] [INFO] [CalibrationManager] Değişiklik kaydedildi: Patch.LaunchControl.Byte0 [144 -> 205]
[17:56:15.979] [INFO] [CalibrationManager] Değişiklik kaydedildi: Patch.LaunchControl.Byte1 [144 -> 25]
[17:56:15.980] [INFO] [PatchEngine] Yama başarıyla uygulandı: LaunchControl @ 0x1FB0
[17:56:15.990] [INFO] [CalibrationManager] Değişiklik kaydedildi: Patch.LaunchControl.Byte0 [205 -> 144]
[17:56:16.000] [INFO] [CalibrationManager] Değişiklik kaydedildi: Patch.LaunchControl.Byte1 [25 -> 144]
[17:56:16.001] [INFO] [PatchEngine] Yama başarıyla geri alındı (Rollback): LaunchControl
[17:56:16.010] [INFO] [CalibrationManager] Değişiklik kaydedildi: Patch.LaunchControl.Byte0 [144 -> 205]
[17:56:16.019] [INFO] [CalibrationManager] Değişiklik kaydedildi: Patch.LaunchControl.Byte1 [144 -> 25]
[17:56:16.021] [INFO] [PatchEngine] Yama başarıyla uygulandı: LaunchControl @ 0x1FB0
[17:56:16.032] [INFO] [CalibrationManager] Değişiklik kaydedildi: Patch.LaunchControl.Byte0 [144 -> 205]
[17:56:16.041] [INFO] [CalibrationManager] Değişiklik kaydedildi: Patch.LaunchControl.Byte1 [144 -> 25]
[17:56:16.043] [INFO] [PatchEngine] Yama başarıyla uygulandı: LaunchControl @ 0x1FB0
[17:56:16.065] [INFO] [CalibrationManager] Değişiklik kaydedildi: Patch.LaunchControl.Byte0 [144 -> 205]
[17:56:16.073] [INFO] [CalibrationManager] Değişiklik kaydedildi: Patch.LaunchControl.Byte1 [144 -> 25]
[17:56:16.075] [INFO] [PatchEngine] Yama başarıyla uygulandı: LaunchControl @ 0x1FB0
[17:56:16.084] [INFO] [CalibrationManager] Değişiklik kaydedildi: Patch.LaunchControl.Byte0 [144 -> 205]
[17:56:16.091] [INFO] [CalibrationManager] Değişiklik kaydedildi: Patch.LaunchControl.Byte1 [144 -> 25]
[17:56:16.093] [INFO] [PatchEngine] Yama başarıyla uygulandı: LaunchControl @ 0x1FB0
[17:56:18.600] [INFO] [AutoTuneSafetyManager] Güvenlik limitleri yüklendi. Etkin kural sayısı: 4
[17:56:18.601] [INFO] [AutoTuneEventPublisher] Domain olayı yayınlandı: SessionCreated (Oturum: 36869b68-541b-4e76-aba0-fcff49e6582c)
[17:56:18.601] [INFO] [AutoTuneEngine] Oturum başarıyla başlatıldı: 36869b68-541b-4e76-aba0-fcff49e6582c
[17:56:18.601] [INFO] [AutoTuneEventPublisher] Domain olayı yayınlandı: SessionPaused (Oturum: 36869b68-541b-4e76-aba0-fcff49e6582c)
[17:56:18.601] [INFO] [AutoTuneEventPublisher] Domain olayı yayınlandı: SessionResumed (Oturum: 36869b68-541b-4e76-aba0-fcff49e6582c)
[17:56:18.602] [INFO] [AutoTuneEventPublisher] Domain olayı yayınlandı: SessionStopped (Oturum: 36869b68-541b-4e76-aba0-fcff49e6582c)
[17:56:18.609] [INFO] [CalibrationRecoveryManager] Bekleyen işlem kaydedildi: TX-TEMP
[17:56:18.621] [INFO] [CalibrationRecoveryManager] Bekleyen işlem temizlendi (başarılı commit).
[17:56:18.622] [INFO] [CalibrationRecoveryManager] Bekleyen işlem kaydedildi: TX-TEMP2
[17:56:18.627] [INFO] [CalibrationRecoveryManager] Yarım kalmış işlem geri yükleniyor: TX-TEMP2
[17:56:18.628] [INFO] [CalibrationSnapshotManager] Snapshot geri yükleniyor: SNAP-TEMP2, Kurtarılacak hücre: 1
[17:56:18.628] [INFO] [CalibrationRecoveryManager] Bekleyen işlem temizlendi (başarılı commit).
[17:56:18.631] [INFO] [AutoTuneSafetyManager] Güvenlik limitleri yüklendi. Etkin kural sayısı: 4
[17:56:18.632] [INFO] [AutoTuneEventPublisher] Domain olayı yayınlandı: SessionCreated (Oturum: 6876ba4b-a715-4713-a648-82047848d84a)
[17:56:18.632] [INFO] [AutoTuneEngine] Oturum başarıyla başlatıldı: 6876ba4b-a715-4713-a648-82047848d84a
[17:56:18.632] [INFO] [AutoTuneEventPublisher] Domain olayı yayınlandı: SessionPaused (Oturum: 6876ba4b-a715-4713-a648-82047848d84a)
[17:56:18.633] [INFO] [AutoTuneEventPublisher] Domain olayı yayınlandı: SessionResumed (Oturum: 6876ba4b-a715-4713-a648-82047848d84a)
[17:56:18.633] [INFO] [AutoTuneEventPublisher] Domain olayı yayınlandı: SessionStopped (Oturum: 6876ba4b-a715-4713-a648-82047848d84a)
[17:56:18.633] [INFO] [AutoTuneSafetyManager] Güvenlik limitleri yüklendi. Etkin kural sayısı: 4
[17:56:18.633] [INFO] [AutoTuneEventPublisher] Domain olayı yayınlandı: SessionCreated (Oturum: 2c8a4bd8-5625-4ce3-a8ea-1f28a3f7467c)
[17:56:18.634] [INFO] [AutoTuneEngine] Oturum başarıyla başlatıldı: 2c8a4bd8-5625-4ce3-a8ea-1f28a3f7467c
[17:56:18.634] [INFO] [AutoTuneEventPublisher] Domain olayı yayınlandı: SessionStopped (Oturum: 2c8a4bd8-5625-4ce3-a8ea-1f28a3f7467c)
[17:56:18.635] [INFO] [AutoTuneSafetyManager] Güvenlik limitleri yüklendi. Etkin kural sayısı: 4
[17:56:18.635] [INFO] [AutoTuneEventPublisher] Domain olayı yayınlandı: SessionCreated (Oturum: 5b738b06-9e37-424b-be1f-053100765220)
[17:56:18.635] [INFO] [AutoTuneEngine] Oturum başarıyla başlatıldı: 5b738b06-9e37-424b-be1f-053100765220
[17:56:18.635] [INFO] [AutoTuneEventPublisher] Domain olayı yayınlandı: TelemetryWindowAccepted (Oturum: 5b738b06-9e37-424b-be1f-053100765220)
[17:56:18.639] [INFO] [AutoTuneEventPublisher] Domain olayı yayınlandı: DecisionCreated (Oturum: 5b738b06-9e37-424b-be1f-053100765220)
[17:56:18.641] [INFO] [CalibrationStreamPublisher] Uygulanan değişiklik yayınlandı: Fuel adres: FuelVETable[3,4]
[17:56:18.642] [INFO] [AutoTuneEventPublisher] Domain olayı yayınlandı: DecisionCreated (Oturum: 5b738b06-9e37-424b-be1f-053100765220)
[17:56:18.642] [INFO] [CalibrationStreamPublisher] Uygulanan değişiklik yayınlandı: Lambda adres: AFRTargetTable[3,4]
[17:56:18.643] [INFO] [AutoTuneEventPublisher] Domain olayı yayınlandı: DecisionCreated (Oturum: 5b738b06-9e37-424b-be1f-053100765220)
[17:56:18.643] [INFO] [CalibrationStreamPublisher] Uygulanan değişiklik yayınlandı: Ignition adres: IgnitionTable[3,4]
[17:56:18.644] [INFO] [AutoTuneEventPublisher] Domain olayı yayınlandı: DecisionCreated (Oturum: 5b738b06-9e37-424b-be1f-053100765220)
[17:56:18.644] [INFO] [CalibrationStreamPublisher] Uygulanan değişiklik yayınlandı: VE adres: FuelVETable[3,4]
[17:56:18.644] [INFO] [AutoTuneEventPublisher] Domain olayı yayınlandı: TelemetryWindowAccepted (Oturum: 5b738b06-9e37-424b-be1f-053100765220)
[17:56:18.644] [INFO] [AutoTuneEventPublisher] Domain olayı yayınlandı: DecisionCreated (Oturum: 5b738b06-9e37-424b-be1f-053100765220)
[17:56:18.644] [INFO] [CalibrationStreamPublisher] Uygulanan değişiklik yayınlandı: Fuel adres: FuelVETable[3,4]
[17:56:18.645] [INFO] [AutoTuneEventPublisher] Domain olayı yayınlandı: DecisionCreated (Oturum: 5b738b06-9e37-424b-be1f-053100765220)
[17:56:18.645] [INFO] [CalibrationStreamPublisher] Uygulanan değişiklik yayınlandı: Lambda adres: AFRTargetTable[3,4]
[17:56:18.645] [INFO] [AutoTuneEventPublisher] Domain olayı yayınlandı: DecisionCreated (Oturum: 5b738b06-9e37-424b-be1f-053100765220)
[17:56:18.645] [INFO] [CalibrationStreamPublisher] Uygulanan değişiklik yayınlandı: Ignition adres: IgnitionTable[3,4]
[17:56:18.645] [INFO] [AutoTuneEventPublisher] Domain olayı yayınlandı: DecisionCreated (Oturum: 5b738b06-9e37-424b-be1f-053100765220)
[17:56:18.645] [INFO] [CalibrationStreamPublisher] Uygulanan değişiklik yayınlandı: VE adres: FuelVETable[3,4]
[17:56:18.646] [INFO] [AutoTuneEventPublisher] Domain olayı yayınlandı: TelemetryWindowAccepted (Oturum: 5b738b06-9e37-424b-be1f-053100765220)
[17:56:18.646] [INFO] [AutoTuneEventPublisher] Domain olayı yayınlandı: DecisionCreated (Oturum: 5b738b06-9e37-424b-be1f-053100765220)
[17:56:18.646] [INFO] [CalibrationStreamPublisher] Uygulanan değişiklik yayınlandı: Fuel adres: FuelVETable[3,4]
[17:56:18.646] [INFO] [AutoTuneEventPublisher] Domain olayı yayınlandı: DecisionCreated (Oturum: 5b738b06-9e37-424b-be1f-053100765220)
[17:56:18.646] [INFO] [CalibrationStreamPublisher] Uygulanan değişiklik yayınlandı: Lambda adres: AFRTargetTable[3,4]
[17:56:18.646] [INFO] [AutoTuneEventPublisher] Domain olayı yayınlandı: DecisionCreated (Oturum: 5b738b06-9e37-424b-be1f-053100765220)
[17:56:18.646] [INFO] [CalibrationStreamPublisher] Uygulanan değişiklik yayınlandı: Ignition adres: IgnitionTable[3,4]
[17:56:18.646] [INFO] [AutoTuneEventPublisher] Domain olayı yayınlandı: DecisionCreated (Oturum: 5b738b06-9e37-424b-be1f-053100765220)
[17:56:18.647] [INFO] [CalibrationStreamPublisher] Uygulanan değişiklik yayınlandı: VE adres: FuelVETable[3,4]
[17:56:18.647] [INFO] [AutoTuneEventPublisher] Domain olayı yayınlandı: TelemetryWindowAccepted (Oturum: 5b738b06-9e37-424b-be1f-053100765220)
[17:56:18.647] [INFO] [AutoTuneEventPublisher] Domain olayı yayınlandı: DecisionCreated (Oturum: 5b738b06-9e37-424b-be1f-053100765220)
[17:56:18.647] [INFO] [CalibrationStreamPublisher] Uygulanan değişiklik yayınlandı: Fuel adres: FuelVETable[3,4]
[17:56:18.647] [INFO] [AutoTuneEventPublisher] Domain olayı yayınlandı: DecisionCreated (Oturum: 5b738b06-9e37-424b-be1f-053100765220)
[17:56:18.647] [INFO] [CalibrationStreamPublisher] Uygulanan değişiklik yayınlandı: Lambda adres: AFRTargetTable[3,4]
[17:56:18.647] [INFO] [AutoTuneEventPublisher] Domain olayı yayınlandı: DecisionCreated (Oturum: 5b738b06-9e37-424b-be1f-053100765220)
[17:56:18.648] [INFO] [CalibrationStreamPublisher] Uygulanan değişiklik yayınlandı: Ignition adres: IgnitionTable[3,4]
[17:56:18.648] [INFO] [AutoTuneEventPublisher] Domain olayı yayınlandı: DecisionCreated (Oturum: 5b738b06-9e37-424b-be1f-053100765220)
[17:56:18.648] [INFO] [CalibrationStreamPublisher] Uygulanan değişiklik yayınlandı: VE adres: FuelVETable[3,4]
[17:56:18.648] [INFO] [AutoTuneEventPublisher] Domain olayı yayınlandı: TelemetryWindowAccepted (Oturum: 5b738b06-9e37-424b-be1f-053100765220)
[17:56:18.648] [INFO] [AutoTuneEventPublisher] Domain olayı yayınlandı: DecisionCreated (Oturum: 5b738b06-9e37-424b-be1f-053100765220)
[17:56:18.648] [INFO] [CalibrationStreamPublisher] Uygulanan değişiklik yayınlandı: Fuel adres: FuelVETable[3,4]
[17:56:18.649] [INFO] [AutoTuneEventPublisher] Domain olayı yayınlandı: DecisionCreated (Oturum: 5b738b06-9e37-424b-be1f-053100765220)
[17:56:18.649] [INFO] [CalibrationStreamPublisher] Uygulanan değişiklik yayınlandı: Lambda adres: AFRTargetTable[3,4]
[17:56:18.649] [INFO] [AutoTuneEventPublisher] Domain olayı yayınlandı: DecisionCreated (Oturum: 5b738b06-9e37-424b-be1f-053100765220)
[17:56:18.649] [INFO] [CalibrationStreamPublisher] Uygulanan değişiklik yayınlandı: Ignition adres: IgnitionTable[3,4]
[17:56:18.649] [INFO] [AutoTuneEventPublisher] Domain olayı yayınlandı: DecisionCreated (Oturum: 5b738b06-9e37-424b-be1f-053100765220)
[17:56:18.649] [INFO] [CalibrationStreamPublisher] Uygulanan değişiklik yayınlandı: VE adres: FuelVETable[3,4]
[17:56:18.649] [INFO] [AutoTuneEventPublisher] Domain olayı yayınlandı: TelemetryWindowAccepted (Oturum: 5b738b06-9e37-424b-be1f-053100765220)
[17:56:18.650] [INFO] [AutoTuneEventPublisher] Domain olayı yayınlandı: DecisionCreated (Oturum: 5b738b06-9e37-424b-be1f-053100765220)
[17:56:18.650] [INFO] [CalibrationStreamPublisher] Uygulanan değişiklik yayınlandı: Fuel adres: FuelVETable[3,4]
[17:56:18.650] [INFO] [AutoTuneEventPublisher] Domain olayı yayınlandı: DecisionCreated (Oturum: 5b738b06-9e37-424b-be1f-053100765220)
[17:56:18.650] [INFO] [CalibrationStreamPublisher] Uygulanan değişiklik yayınlandı: Lambda adres: AFRTargetTable[3,4]
[17:56:18.650] [INFO] [AutoTuneEventPublisher] Domain olayı yayınlandı: DecisionCreated (Oturum: 5b738b06-9e37-424b-be1f-053100765220)
[17:56:18.651] [INFO] [CalibrationStreamPublisher] Uygulanan değişiklik yayınlandı: Ignition adres: IgnitionTable[3,4]
[17:56:18.651] [INFO] [AutoTuneEventPublisher] Domain olayı yayınlandı: DecisionCreated (Oturum: 5b738b06-9e37-424b-be1f-053100765220)
[17:56:18.651] [INFO] [CalibrationStreamPublisher] Uygulanan değişiklik yayınlandı: VE adres: FuelVETable[3,4]
[17:56:18.651] [INFO] [AutoTuneEventPublisher] Domain olayı yayınlandı: SessionStopped (Oturum: 5b738b06-9e37-424b-be1f-053100765220)
[17:56:18.654] [INFO] [AdaptiveMemory] V1 hafıza verisi V2 şemasına başarıyla taşındı. Toplam kayıt: 1
[17:56:18.655] [INFO] [AutoTuneSafetyManager] Güvenlik limitleri yüklendi. Etkin kural sayısı: 4
[17:56:18.655] [INFO] [AutoTuneEventPublisher] Domain olayı yayınlandı: SessionCreated (Oturum: 06f7beae-ca3e-4077-91c7-d697fc8883d2)
[17:56:18.655] [INFO] [AutoTuneEngine] Oturum başarıyla başlatıldı: 06f7beae-ca3e-4077-91c7-d697fc8883d2
[17:56:18.656] [INFO] [AutoTuneEventPublisher] Domain olayı yayınlandı: SessionStopped (Oturum: 06f7beae-ca3e-4077-91c7-d697fc8883d2)
[17:56:18.656] [INFO] [AutoTuneSafetyManager] Güvenlik limitleri yüklendi. Etkin kural sayısı: 4
[17:56:18.656] [INFO] [AutoTuneEventPublisher] Domain olayı yayınlandı: SessionCreated (Oturum: 0e3b5e3f-ee6e-46bc-a3df-a47da7850304)
[17:56:18.656] [INFO] [AutoTuneEngine] Oturum başarıyla başlatıldı: 0e3b5e3f-ee6e-46bc-a3df-a47da7850304
[17:56:18.656] [INFO] [AutoTuneEventPublisher] Domain olayı yayınlandı: SessionStopped (Oturum: 0e3b5e3f-ee6e-46bc-a3df-a47da7850304)
[17:56:18.658] [INFO] [RtpCalibrationEngine] Connecting to RTP emulator...
[17:56:18.658] [INFO] [RtpCalibrationEngine] RTP emulator connected successfully.
[17:56:18.658] [INFO] [RtpCalibrationEngine] Real-time synchronization active.
[17:56:18.659] [INFO] [RtpCalibrationEngine] Real-time synchronization paused.
[17:56:18.659] [INFO] [RtpCalibrationEngine] RTP Emulator disconnected.
[17:56:18.660] [INFO] [RtpCalibrationEngine] Connecting to RTP emulator...
[17:56:18.660] [INFO] [RtpCalibrationEngine] RTP emulator connected successfully.
[17:56:18.660] [INFO] [RtpCalibrationEngine] Real-time synchronization active.
[17:56:18.662] [INFO] [CalibrationManager] Değişiklik kaydedildi:  [ -> 99]
[17:56:18.866] [INFO] [RtpCalibrationEngine] Connecting to RTP emulator...
[17:56:18.866] [INFO] [RtpCalibrationEngine] RTP emulator connected successfully.
[17:56:18.869] [INFO] [CalibrationManager] Değişiklik kaydedildi:  [ -> 10]
[17:56:18.870] [INFO] [CalibrationManager] Değişiklik kaydedildi:  [ -> 11]
[17:56:18.872] [INFO] [CalibrationManager] Değişiklik kaydedildi:  [ -> 12]
[17:56:18.872] [INFO] [RtpCalibrationEngine] Real-time synchronization active.
[17:56:19.080] [INFO] [RtpCalibrationEngine] Connecting to RTP emulator...
[17:56:19.081] [INFO] [RtpCalibrationEngine] RTP emulator connected successfully.
[17:56:19.082] [INFO] [CalibrationManager] Değişiklik kaydedildi:  [ -> 1]
[17:56:19.084] [INFO] [CalibrationManager] Değişiklik kaydedildi:  [ -> 2]
[17:56:19.095] [INFO] [CalibrationManager] Değişiklik kaydedildi:  [ -> 3]
[17:56:19.095] [INFO] [RtpCalibrationEngine] Real-time synchronization active.
[17:56:19.309] [INFO] [RtpCalibrationEngine] Connecting to RTP emulator...
[17:56:19.309] [INFO] [RtpCalibrationEngine] RTP emulator connected successfully.
[17:56:19.309] [INFO] [RtpCalibrationEngine] Real-time synchronization active.
[17:56:19.311] [INFO] [CalibrationManager] Değişiklik kaydedildi:  [ -> 45]
[17:56:19.520] [INFO] [RtpCalibrationEngine] Connecting to RTP emulator...
[17:56:19.520] [INFO] [RtpCalibrationEngine] RTP emulator connected successfully.
[17:56:19.520] [INFO] [RtpCalibrationEngine] Real-time synchronization active.
[17:56:19.523] [INFO] [CalibrationManager] Değişiklik kaydedildi:  [ -> 5]
[17:56:19.524] [INFO] [CalibrationManager] Değişiklik kaydedildi:  [ -> 5]
[17:56:19.532] [INFO] [CalibrationManager] Değişiklik kaydedildi:  [ -> 5]
[17:56:19.533] [INFO] [CalibrationManager] Değişiklik kaydedildi:  [ -> 5]
[17:56:19.543] [INFO] [CalibrationManager] Değişiklik kaydedildi:  [ -> 5]
[17:56:19.544] [INFO] [CalibrationManager] Değişiklik kaydedildi:  [ -> 5]
[17:56:19.545] [INFO] [CalibrationManager] Değişiklik kaydedildi:  [ -> 5]
[17:56:19.547] [INFO] [CalibrationManager] Değişiklik kaydedildi:  [ -> 5]
[17:56:19.548] [INFO] [CalibrationManager] Değişiklik kaydedildi:  [ -> 5]
[17:56:19.549] [INFO] [CalibrationManager] Değişiklik kaydedildi:  [ -> 5]
[17:56:19.550] [INFO] [CalibrationManager] Değişiklik kaydedildi:  [ -> 5]
[17:56:19.557] [INFO] [CalibrationManager] Değişiklik kaydedildi:  [ -> 5]
[17:56:19.559] [INFO] [CalibrationManager] Değişiklik kaydedildi:  [ -> 5]
[17:56:19.564] [INFO] [CalibrationManager] Değişiklik kaydedildi:  [ -> 5]
[17:56:19.565] [INFO] [CalibrationManager] Değişiklik kaydedildi:  [ -> 5]
[17:56:19.566] [INFO] [CalibrationManager] Değişiklik kaydedildi:  [ -> 5]
[17:56:19.567] [INFO] [CalibrationManager] Değişiklik kaydedildi:  [ -> 5]
[17:56:19.568] [INFO] [CalibrationManager] Değişiklik kaydedildi:  [ -> 5]
[17:56:19.570] [INFO] [CalibrationManager] Değişiklik kaydedildi:  [ -> 5]
[17:56:19.571] [INFO] [CalibrationManager] Değişiklik kaydedildi:  [ -> 5]
[17:56:19.572] [INFO] [CalibrationManager] Değişiklik kaydedildi:  [ -> 5]
[17:56:19.573] [INFO] [CalibrationManager] Değişiklik kaydedildi:  [ -> 5]
[17:56:19.574] [INFO] [CalibrationManager] Değişiklik kaydedildi:  [ -> 5]
[17:56:19.575] [INFO] [CalibrationManager] Değişiklik kaydedildi:  [ -> 5]
[17:56:19.577] [INFO] [CalibrationManager] Değişiklik kaydedildi:  [ -> 5]
[17:56:19.578] [INFO] [CalibrationManager] Değişiklik kaydedildi:  [ -> 5]
[17:56:19.579] [INFO] [CalibrationManager] Değişiklik kaydedildi:  [ -> 5]
[17:56:19.580] [INFO] [CalibrationManager] Değişiklik kaydedildi:  [ -> 5]
[17:56:19.581] [INFO] [CalibrationManager] Değişiklik kaydedildi:  [ -> 5]
[17:56:19.582] [INFO] [CalibrationManager] Değişiklik kaydedildi:  [ -> 5]
[17:56:19.584] [INFO] [CalibrationManager] Değişiklik kaydedildi:  [ -> 5]
[17:56:19.585] [INFO] [CalibrationManager] Değişiklik kaydedildi:  [ -> 5]
[17:56:19.586] [INFO] [CalibrationManager] Değişiklik kaydedildi:  [ -> 5]
[17:56:19.587] [INFO] [CalibrationManager] Değişiklik kaydedildi:  [ -> 5]
[17:56:19.588] [INFO] [CalibrationManager] Değişiklik kaydedildi:  [ -> 5]
[17:56:19.589] [INFO] [CalibrationManager] Değişiklik kaydedildi:  [ -> 5]
[17:56:19.590] [INFO] [CalibrationManager] Değişiklik kaydedildi:  [ -> 5]
[17:56:19.591] [INFO] [CalibrationManager] Değişiklik kaydedildi:  [ -> 5]
[17:56:19.593] [INFO] [CalibrationManager] Değişiklik kaydedildi:  [ -> 5]
[17:56:19.594] [INFO] [CalibrationManager] Değişiklik kaydedildi:  [ -> 5]
[17:56:19.595] [INFO] [CalibrationManager] Değişiklik kaydedildi:  [ -> 5]
[17:56:19.597] [INFO] [CalibrationManager] Değişiklik kaydedildi:  [ -> 5]
[17:56:19.598] [INFO] [CalibrationManager] Değişiklik kaydedildi:  [ -> 5]
[17:56:19.599] [INFO] [CalibrationManager] Değişiklik kaydedildi:  [ -> 5]
[17:56:19.600] [INFO] [CalibrationManager] Değişiklik kaydedildi:  [ -> 5]
[17:56:19.601] [INFO] [CalibrationManager] Değişiklik kaydedildi:  [ -> 5]
[17:56:19.602] [INFO] [CalibrationManager] Değişiklik kaydedildi:  [ -> 5]
[17:56:19.603] [INFO] [CalibrationManager] Değişiklik kaydedildi:  [ -> 5]
[17:56:19.604] [INFO] [CalibrationManager] Değişiklik kaydedildi:  [ -> 5]
[17:56:19.606] [INFO] [CalibrationManager] Değişiklik kaydedildi:  [ -> 5]
[17:56:19.607] [INFO] [CalibrationManager] Değişiklik kaydedildi:  [ -> 5]
[17:56:19.608] [INFO] [CalibrationManager] Değişiklik kaydedildi:  [ -> 5]
[17:56:19.609] [INFO] [CalibrationManager] Değişiklik kaydedildi:  [ -> 5]
[17:56:19.610] [INFO] [CalibrationManager] Değişiklik kaydedildi:  [ -> 5]
[17:56:19.611] [INFO] [CalibrationManager] Değişiklik kaydedildi:  [ -> 5]
[17:56:19.613] [INFO] [CalibrationManager] Değişiklik kaydedildi:  [ -> 5]
[17:56:19.614] [INFO] [CalibrationManager] Değişiklik kaydedildi:  [ -> 5]
[17:56:19.615] [INFO] [CalibrationManager] Değişiklik kaydedildi:  [ -> 5]
[17:56:19.616] [INFO] [CalibrationManager] Değişiklik kaydedildi:  [ -> 5]
[17:56:19.617] [INFO] [CalibrationManager] Değişiklik kaydedildi:  [ -> 5]
[17:56:19.619] [INFO] [CalibrationManager] Değişiklik kaydedildi:  [ -> 5]
[17:56:19.620] [INFO] [CalibrationManager] Değişiklik kaydedildi:  [ -> 5]
[17:56:19.621] [INFO] [CalibrationManager] Değişiklik kaydedildi:  [ -> 5]
[17:56:19.622] [INFO] [CalibrationManager] Değişiklik kaydedildi:  [ -> 5]
[17:56:19.623] [INFO] [CalibrationManager] Değişiklik kaydedildi:  [ -> 5]
[17:56:19.624] [INFO] [CalibrationManager] Değişiklik kaydedildi:  [ -> 5]
[17:56:19.625] [INFO] [CalibrationManager] Değişiklik kaydedildi:  [ -> 5]
[17:56:19.626] [INFO] [CalibrationManager] Değişiklik kaydedildi:  [ -> 5]
[17:56:19.627] [INFO] [CalibrationManager] Değişiklik kaydedildi:  [ -> 5]
[17:56:19.629] [INFO] [CalibrationManager] Değişiklik kaydedildi:  [ -> 5]
[17:56:19.630] [INFO] [CalibrationManager] Değişiklik kaydedildi:  [ -> 5]
[17:56:19.631] [INFO] [CalibrationManager] Değişiklik kaydedildi:  [ -> 5]
[17:56:19.632] [INFO] [CalibrationManager] Değişiklik kaydedildi:  [ -> 5]
[17:56:19.633] [INFO] [CalibrationManager] Değişiklik kaydedildi:  [ -> 5]
[17:56:19.635] [INFO] [CalibrationManager] Değişiklik kaydedildi:  [ -> 5]
[17:56:19.636] [INFO] [CalibrationManager] Değişiklik kaydedildi:  [ -> 5]
[17:56:19.637] [INFO] [CalibrationManager] Değişiklik kaydedildi:  [ -> 5]
[17:56:19.638] [INFO] [CalibrationManager] Değişiklik kaydedildi:  [ -> 5]
[17:56:19.640] [INFO] [CalibrationManager] Değişiklik kaydedildi:  [ -> 5]
[17:56:19.641] [INFO] [CalibrationManager] Değişiklik kaydedildi:  [ -> 5]
[17:56:19.642] [INFO] [CalibrationManager] Değişiklik kaydedildi:  [ -> 5]
[17:56:19.643] [INFO] [CalibrationManager] Değişiklik kaydedildi:  [ -> 5]
[17:56:19.645] [INFO] [CalibrationManager] Değişiklik kaydedildi:  [ -> 5]
[17:56:19.646] [INFO] [CalibrationManager] Değişiklik kaydedildi:  [ -> 5]
[17:56:19.647] [INFO] [CalibrationManager] Değişiklik kaydedildi:  [ -> 5]
[17:56:19.648] [INFO] [CalibrationManager] Değişiklik kaydedildi:  [ -> 5]
[17:56:19.649] [INFO] [CalibrationManager] Değişiklik kaydedildi:  [ -> 5]
[17:56:19.651] [INFO] [CalibrationManager] Değişiklik kaydedildi:  [ -> 5]
[17:56:19.652] [INFO] [CalibrationManager] Değişiklik kaydedildi:  [ -> 5]
[17:56:19.653] [INFO] [CalibrationManager] Değişiklik kaydedildi:  [ -> 5]
[17:56:19.654] [INFO] [CalibrationManager] Değişiklik kaydedildi:  [ -> 5]
[17:56:19.656] [INFO] [CalibrationManager] Değişiklik kaydedildi:  [ -> 5]
[17:56:19.657] [INFO] [CalibrationManager] Değişiklik kaydedildi:  [ -> 5]
[17:56:19.658] [INFO] [CalibrationManager] Değişiklik kaydedildi:  [ -> 5]
[17:56:19.659] [INFO] [CalibrationManager] Değişiklik kaydedildi:  [ -> 5]
[17:56:19.661] [INFO] [CalibrationManager] Değişiklik kaydedildi:  [ -> 5]
[17:56:19.662] [INFO] [CalibrationManager] Değişiklik kaydedildi:  [ -> 5]
[17:56:19.663] [INFO] [CalibrationManager] Değişiklik kaydedildi:  [ -> 5]
[17:56:19.665] [INFO] [CalibrationManager] Değişiklik kaydedildi:  [ -> 5]
[17:56:19.666] [INFO] [CalibrationManager] Değişiklik kaydedildi:  [ -> 5]
[17:56:19.667] [INFO] [CalibrationManager] Değişiklik kaydedildi:  [ -> 5]
[17:56:19.668] [INFO] [CalibrationManager] Değişiklik kaydedildi:  [ -> 5]
[17:56:19.670] [INFO] [CalibrationManager] Değişiklik kaydedildi:  [ -> 5]
[17:56:19.672] [INFO] [CalibrationManager] Değişiklik kaydedildi:  [ -> 5]
[17:56:19.673] [INFO] [CalibrationManager] Değişiklik kaydedildi:  [ -> 5]
[17:56:19.674] [INFO] [CalibrationManager] Değişiklik kaydedildi:  [ -> 5]
[17:56:19.676] [INFO] [CalibrationManager] Değişiklik kaydedildi:  [ -> 5]
[17:56:19.677] [INFO] [CalibrationManager] Değişiklik kaydedildi:  [ -> 5]
[17:56:19.678] [INFO] [CalibrationManager] Değişiklik kaydedildi:  [ -> 5]
[17:56:19.679] [INFO] [CalibrationManager] Değişiklik kaydedildi:  [ -> 5]
[17:56:19.680] [INFO] [CalibrationManager] Değişiklik kaydedildi:  [ -> 5]
[17:56:19.681] [INFO] [CalibrationManager] Değişiklik kaydedildi:  [ -> 5]
[17:56:19.683] [INFO] [CalibrationManager] Değişiklik kaydedildi:  [ -> 5]
[17:56:19.684] [INFO] [CalibrationManager] Değişiklik kaydedildi:  [ -> 5]
[17:56:19.685] [INFO] [CalibrationManager] Değişiklik kaydedildi:  [ -> 5]
[17:56:19.686] [INFO] [CalibrationManager] Değişiklik kaydedildi:  [ -> 5]
[17:56:19.687] [INFO] [CalibrationManager] Değişiklik kaydedildi:  [ -> 5]
[17:56:19.688] [INFO] [CalibrationManager] Değişiklik kaydedildi:  [ -> 5]
[17:56:19.689] [INFO] [CalibrationManager] Değişiklik kaydedildi:  [ -> 5]
[17:56:19.690] [INFO] [CalibrationManager] Değişiklik kaydedildi:  [ -> 5]
[17:56:19.691] [INFO] [CalibrationManager] Değişiklik kaydedildi:  [ -> 5]
[17:56:19.693] [INFO] [CalibrationManager] Değişiklik kaydedildi:  [ -> 5]
[17:56:19.694] [INFO] [CalibrationManager] Değişiklik kaydedildi:  [ -> 5]
[17:56:19.695] [INFO] [CalibrationManager] Değişiklik kaydedildi:  [ -> 5]
[17:56:19.696] [INFO] [CalibrationManager] Değişiklik kaydedildi:  [ -> 5]
[17:56:19.698] [INFO] [CalibrationManager] Değişiklik kaydedildi:  [ -> 5]
[17:56:19.699] [INFO] [CalibrationManager] Değişiklik kaydedildi:  [ -> 5]
[17:56:19.700] [INFO] [CalibrationManager] Değişiklik kaydedildi:  [ -> 5]
[17:56:19.701] [INFO] [CalibrationManager] Değişiklik kaydedildi:  [ -> 5]
[17:56:19.702] [INFO] [CalibrationManager] Değişiklik kaydedildi:  [ -> 5]
[17:56:19.703] [INFO] [CalibrationManager] Değişiklik kaydedildi:  [ -> 5]
[17:56:19.705] [INFO] [CalibrationManager] Değişiklik kaydedildi:  [ -> 5]
[17:56:19.706] [INFO] [CalibrationManager] Değişiklik kaydedildi:  [ -> 5]
[17:56:19.707] [INFO] [CalibrationManager] Değişiklik kaydedildi:  [ -> 5]
[17:56:19.708] [INFO] [CalibrationManager] Değişiklik kaydedildi:  [ -> 5]
[17:56:19.710] [INFO] [CalibrationManager] Değişiklik kaydedildi:  [ -> 5]
[17:56:19.711] [INFO] [CalibrationManager] Değişiklik kaydedildi:  [ -> 5]
[17:56:19.712] [INFO] [CalibrationManager] Değişiklik kaydedildi:  [ -> 5]
[17:56:19.713] [INFO] [CalibrationManager] Değişiklik kaydedildi:  [ -> 5]
[17:56:19.715] [INFO] [CalibrationManager] Değişiklik kaydedildi:  [ -> 5]
[17:56:19.716] [INFO] [CalibrationManager] Değişiklik kaydedildi:  [ -> 5]
[17:56:19.717] [INFO] [CalibrationManager] Değişiklik kaydedildi:  [ -> 5]
[17:56:19.718] [INFO] [CalibrationManager] Değişiklik kaydedildi:  [ -> 5]
[17:56:19.720] [INFO] [CalibrationManager] Değişiklik kaydedildi:  [ -> 5]
[17:56:19.721] [INFO] [CalibrationManager] Değişiklik kaydedildi:  [ -> 5]
[17:56:19.722] [INFO] [CalibrationManager] Değişiklik kaydedildi:  [ -> 5]
[17:56:19.723] [INFO] [CalibrationManager] Değişiklik kaydedildi:  [ -> 5]
[17:56:19.725] [INFO] [CalibrationManager] Değişiklik kaydedildi:  [ -> 5]
[17:56:19.726] [INFO] [CalibrationManager] Değişiklik kaydedildi:  [ -> 5]
[17:56:19.727] [INFO] [CalibrationManager] Değişiklik kaydedildi:  [ -> 5]
[17:56:19.728] [INFO] [CalibrationManager] Değişiklik kaydedildi:  [ -> 5]
[17:56:19.729] [INFO] [CalibrationManager] Değişiklik kaydedildi:  [ -> 5]
[17:56:19.731] [INFO] [CalibrationManager] Değişiklik kaydedildi:  [ -> 5]
[17:56:19.732] [INFO] [CalibrationManager] Değişiklik kaydedildi:  [ -> 5]
[17:56:19.733] [INFO] [CalibrationManager] Değişiklik kaydedildi:  [ -> 5]
[17:56:19.734] [INFO] [CalibrationManager] Değişiklik kaydedildi:  [ -> 5]
[17:56:19.736] [INFO] [CalibrationManager] Değişiklik kaydedildi:  [ -> 5]
[17:56:19.737] [INFO] [CalibrationManager] Değişiklik kaydedildi:  [ -> 5]
[17:56:19.738] [INFO] [CalibrationManager] Değişiklik kaydedildi:  [ -> 5]
[17:56:19.739] [INFO] [CalibrationManager] Değişiklik kaydedildi:  [ -> 5]
[17:56:19.741] [INFO] [CalibrationManager] Değişiklik kaydedildi:  [ -> 5]
[17:56:19.742] [INFO] [CalibrationManager] Değişiklik kaydedildi:  [ -> 5]
[17:56:19.743] [INFO] [CalibrationManager] Değişiklik kaydedildi:  [ -> 5]
[17:56:19.755] [INFO] [CalibrationManager] Değişiklik kaydedildi:  [ -> 5]
[17:56:19.756] [INFO] [CalibrationManager] Değişiklik kaydedildi:  [ -> 5]
[17:56:19.757] [INFO] [CalibrationManager] Değişiklik kaydedildi:  [ -> 5]
[17:56:19.759] [INFO] [CalibrationManager] Değişiklik kaydedildi:  [ -> 5]
[17:56:19.760] [INFO] [CalibrationManager] Değişiklik kaydedildi:  [ -> 5]
[17:56:19.761] [INFO] [CalibrationManager] Değişiklik kaydedildi:  [ -> 5]
[17:56:19.762] [INFO] [CalibrationManager] Değişiklik kaydedildi:  [ -> 5]
[17:56:19.764] [INFO] [CalibrationManager] Değişiklik kaydedildi:  [ -> 5]
[17:56:19.770] [INFO] [CalibrationManager] Değişiklik kaydedildi:  [ -> 5]
[17:56:19.771] [INFO] [CalibrationManager] Değişiklik kaydedildi:  [ -> 5]
[17:56:19.772] [INFO] [CalibrationManager] Değişiklik kaydedildi:  [ -> 5]
[17:56:19.774] [INFO] [CalibrationManager] Değişiklik kaydedildi:  [ -> 5]
[17:56:19.775] [INFO] [CalibrationManager] Değişiklik kaydedildi:  [ -> 5]
[17:56:19.776] [INFO] [CalibrationManager] Değişiklik kaydedildi:  [ -> 5]
[17:56:19.778] [INFO] [CalibrationManager] Değişiklik kaydedildi:  [ -> 5]
[17:56:19.779] [INFO] [CalibrationManager] Değişiklik kaydedildi:  [ -> 5]
[17:56:19.780] [INFO] [CalibrationManager] Değişiklik kaydedildi:  [ -> 5]
[17:56:19.781] [INFO] [CalibrationManager] Değişiklik kaydedildi:  [ -> 5]
[17:56:19.783] [INFO] [CalibrationManager] Değişiklik kaydedildi:  [ -> 5]
[17:56:19.784] [INFO] [CalibrationManager] Değişiklik kaydedildi:  [ -> 5]
[17:56:19.786] [INFO] [CalibrationManager] Değişiklik kaydedildi:  [ -> 5]
[17:56:19.787] [INFO] [CalibrationManager] Değişiklik kaydedildi:  [ -> 5]
[17:56:19.788] [INFO] [CalibrationManager] Değişiklik kaydedildi:  [ -> 5]
[17:56:19.789] [INFO] [CalibrationManager] Değişiklik kaydedildi:  [ -> 5]
[17:56:19.791] [INFO] [CalibrationManager] Değişiklik kaydedildi:  [ -> 5]
[17:56:19.792] [INFO] [CalibrationManager] Değişiklik kaydedildi:  [ -> 5]
[17:56:19.793] [INFO] [CalibrationManager] Değişiklik kaydedildi:  [ -> 5]
[17:56:19.795] [INFO] [CalibrationManager] Değişiklik kaydedildi:  [ -> 5]
[17:56:19.796] [INFO] [CalibrationManager] Değişiklik kaydedildi:  [ -> 5]
[17:56:19.797] [INFO] [CalibrationManager] Değişiklik kaydedildi:  [ -> 5]
[17:56:19.799] [INFO] [CalibrationManager] Değişiklik kaydedildi:  [ -> 5]
[17:56:19.800] [INFO] [CalibrationManager] Değişiklik kaydedildi:  [ -> 5]
[17:56:19.801] [INFO] [CalibrationManager] Değişiklik kaydedildi:  [ -> 5]
[17:56:19.803] [INFO] [CalibrationManager] Değişiklik kaydedildi:  [ -> 5]
[17:56:19.804] [INFO] [CalibrationManager] Değişiklik kaydedildi:  [ -> 5]
[17:56:19.805] [INFO] [CalibrationManager] Değişiklik kaydedildi:  [ -> 5]
[17:56:19.807] [INFO] [CalibrationManager] Değişiklik kaydedildi:  [ -> 5]
[17:56:19.808] [INFO] [CalibrationManager] Değişiklik kaydedildi:  [ -> 5]
[17:56:19.809] [INFO] [CalibrationManager] Değişiklik kaydedildi:  [ -> 5]
[17:56:19.811] [INFO] [CalibrationManager] Değişiklik kaydedildi:  [ -> 5]
[17:56:19.812] [INFO] [CalibrationManager] Değişiklik kaydedildi:  [ -> 5]
[17:56:19.813] [INFO] [CalibrationManager] Değişiklik kaydedildi:  [ -> 5]
[17:56:19.815] [INFO] [CalibrationManager] Değişiklik kaydedildi:  [ -> 5]
[17:56:19.816] [INFO] [CalibrationManager] Değişiklik kaydedildi:  [ -> 5]
[17:56:19.817] [INFO] [CalibrationManager] Değişiklik kaydedildi:  [ -> 5]
[17:56:19.819] [INFO] [CalibrationManager] Değişiklik kaydedildi:  [ -> 5]
[17:56:19.820] [INFO] [CalibrationManager] Değişiklik kaydedildi:  [ -> 5]
[17:56:19.821] [INFO] [CalibrationManager] Değişiklik kaydedildi:  [ -> 5]
[17:56:19.824] [INFO] [CalibrationManager] Değişiklik kaydedildi:  [ -> 5]
[17:56:19.825] [INFO] [CalibrationManager] Değişiklik kaydedildi:  [ -> 5]
[17:56:19.827] [INFO] [CalibrationManager] Değişiklik kaydedildi:  [ -> 5]
[17:56:19.828] [INFO] [CalibrationManager] Değişiklik kaydedildi:  [ -> 5]
[17:56:19.829] [INFO] [CalibrationManager] Değişiklik kaydedildi:  [ -> 5]
[17:56:19.831] [INFO] [CalibrationManager] Değişiklik kaydedildi:  [ -> 5]
[17:56:19.832] [INFO] [CalibrationManager] Değişiklik kaydedildi:  [ -> 5]
[17:56:19.833] [INFO] [CalibrationManager] Değişiklik kaydedildi:  [ -> 5]
[17:56:19.835] [INFO] [CalibrationManager] Değişiklik kaydedildi:  [ -> 5]
[17:56:19.836] [INFO] [CalibrationManager] Değişiklik kaydedildi:  [ -> 5]
[17:56:19.837] [INFO] [CalibrationManager] Değişiklik kaydedildi:  [ -> 5]
[17:56:19.839] [INFO] [CalibrationManager] Değişiklik kaydedildi:  [ -> 5]
[17:56:19.840] [INFO] [CalibrationManager] Değişiklik kaydedildi:  [ -> 5]
[17:56:19.841] [INFO] [CalibrationManager] Değişiklik kaydedildi:  [ -> 5]
[17:56:19.843] [INFO] [CalibrationManager] Değişiklik kaydedildi:  [ -> 5]
[17:56:19.844] [INFO] [CalibrationManager] Değişiklik kaydedildi:  [ -> 5]
[17:56:19.846] [INFO] [CalibrationManager] Değişiklik kaydedildi:  [ -> 5]
[17:56:19.847] [INFO] [CalibrationManager] Değişiklik kaydedildi:  [ -> 5]
[17:56:19.848] [INFO] [CalibrationManager] Değişiklik kaydedildi:  [ -> 5]
[17:56:19.850] [INFO] [CalibrationManager] Değişiklik kaydedildi:  [ -> 5]
[17:56:19.851] [INFO] [CalibrationManager] Değişiklik kaydedildi:  [ -> 5]
[17:56:19.852] [INFO] [CalibrationManager] Değişiklik kaydedildi:  [ -> 5]
[17:56:19.854] [INFO] [CalibrationManager] Değişiklik kaydedildi:  [ -> 5]
[17:56:19.855] [INFO] [CalibrationManager] Değişiklik kaydedildi:  [ -> 5]
[17:56:19.856] [INFO] [CalibrationManager] Değişiklik kaydedildi:  [ -> 5]
[17:56:19.858] [INFO] [CalibrationManager] Değişiklik kaydedildi:  [ -> 5]
[17:56:19.859] [INFO] [CalibrationManager] Değişiklik kaydedildi:  [ -> 5]
[17:56:19.861] [INFO] [CalibrationManager] Değişiklik kaydedildi:  [ -> 5]
[17:56:19.862] [INFO] [CalibrationManager] Değişiklik kaydedildi:  [ -> 5]
[17:56:19.863] [INFO] [CalibrationManager] Değişiklik kaydedildi:  [ -> 5]
[17:56:19.865] [INFO] [CalibrationManager] Değişiklik kaydedildi:  [ -> 5]
[17:56:19.868] [INFO] [CalibrationManager] Değişiklik kaydedildi:  [ -> 5]
[17:56:19.870] [INFO] [CalibrationManager] Değişiklik kaydedildi:  [ -> 5]
[17:56:19.871] [INFO] [CalibrationManager] Değişiklik kaydedildi:  [ -> 5]
[17:56:19.872] [INFO] [CalibrationManager] Değişiklik kaydedildi:  [ -> 5]
[17:56:19.874] [INFO] [CalibrationManager] Değişiklik kaydedildi:  [ -> 5]
[17:56:19.875] [INFO] [CalibrationManager] Değişiklik kaydedildi:  [ -> 5]
[17:56:19.877] [INFO] [CalibrationManager] Değişiklik kaydedildi:  [ -> 5]
[17:56:19.878] [INFO] [CalibrationManager] Değişiklik kaydedildi:  [ -> 5]
[17:56:19.880] [INFO] [CalibrationManager] Değişiklik kaydedildi:  [ -> 5]
[17:56:19.881] [INFO] [CalibrationManager] Değişiklik kaydedildi:  [ -> 5]
[17:56:19.883] [INFO] [CalibrationManager] Değişiklik kaydedildi:  [ -> 5]
[17:56:19.884] [INFO] [CalibrationManager] Değişiklik kaydedildi:  [ -> 5]
[17:56:19.885] [INFO] [CalibrationManager] Değişiklik kaydedildi:  [ -> 5]
[17:56:19.887] [INFO] [CalibrationManager] Değişiklik kaydedildi:  [ -> 5]
[17:56:19.888] [INFO] [CalibrationManager] Değişiklik kaydedildi:  [ -> 5]
[17:56:19.889] [INFO] [CalibrationManager] Değişiklik kaydedildi:  [ -> 5]
[17:56:19.891] [INFO] [CalibrationManager] Değişiklik kaydedildi:  [ -> 5]
[17:56:19.892] [INFO] [CalibrationManager] Değişiklik kaydedildi:  [ -> 5]
[17:56:19.893] [INFO] [CalibrationManager] Değişiklik kaydedildi:  [ -> 5]
[17:56:19.895] [INFO] [CalibrationManager] Değişiklik kaydedildi:  [ -> 5]
[17:56:19.896] [INFO] [CalibrationManager] Değişiklik kaydedildi:  [ -> 5]
[17:56:19.898] [INFO] [CalibrationManager] Değişiklik kaydedildi:  [ -> 5]
[17:56:19.899] [INFO] [CalibrationManager] Değişiklik kaydedildi:  [ -> 5]
[17:56:19.900] [INFO] [CalibrationManager] Değişiklik kaydedildi:  [ -> 5]
[17:56:19.902] [INFO] [CalibrationManager] Değişiklik kaydedildi:  [ -> 5]
[17:56:19.903] [INFO] [CalibrationManager] Değişiklik kaydedildi:  [ -> 5]
[17:56:19.904] [INFO] [CalibrationManager] Değişiklik kaydedildi:  [ -> 5]
[17:56:19.906] [INFO] [CalibrationManager] Değişiklik kaydedildi:  [ -> 5]
[17:56:19.908] [INFO] [CalibrationManager] Değişiklik kaydedildi:  [ -> 5]
[17:56:19.909] [INFO] [CalibrationManager] Değişiklik kaydedildi:  [ -> 5]
[17:56:19.911] [INFO] [CalibrationManager] Değişiklik kaydedildi:  [ -> 5]
[17:56:19.912] [INFO] [CalibrationManager] Değişiklik kaydedildi:  [ -> 5]
[17:56:19.913] [INFO] [CalibrationManager] Değişiklik kaydedildi:  [ -> 5]
[17:56:19.915] [INFO] [CalibrationManager] Değişiklik kaydedildi:  [ -> 5]
[17:56:19.916] [INFO] [CalibrationManager] Değişiklik kaydedildi:  [ -> 5]
[17:56:19.918] [INFO] [CalibrationManager] Değişiklik kaydedildi:  [ -> 5]
[17:56:19.919] [INFO] [CalibrationManager] Değişiklik kaydedildi:  [ -> 5]
[17:56:19.920] [INFO] [CalibrationManager] Değişiklik kaydedildi:  [ -> 5]
[17:56:19.922] [INFO] [CalibrationManager] Değişiklik kaydedildi:  [ -> 5]
[17:56:19.924] [INFO] [CalibrationManager] Değişiklik kaydedildi:  [ -> 5]
[17:56:19.925] [INFO] [CalibrationManager] Değişiklik kaydedildi:  [ -> 5]
[17:56:19.927] [INFO] [CalibrationManager] Değişiklik kaydedildi:  [ -> 5]
[17:56:19.928] [INFO] [CalibrationManager] Değişiklik kaydedildi:  [ -> 5]
[17:56:19.930] [INFO] [CalibrationManager] Değişiklik kaydedildi:  [ -> 5]
[17:56:19.931] [INFO] [CalibrationManager] Değişiklik kaydedildi:  [ -> 5]
[17:56:19.933] [INFO] [CalibrationManager] Değişiklik kaydedildi:  [ -> 5]
[17:56:19.934] [INFO] [CalibrationManager] Değişiklik kaydedildi:  [ -> 5]
[17:56:19.935] [INFO] [CalibrationManager] Değişiklik kaydedildi:  [ -> 5]
[17:56:19.937] [INFO] [CalibrationManager] Değişiklik kaydedildi:  [ -> 5]
[17:56:19.938] [INFO] [CalibrationManager] Değişiklik kaydedildi:  [ -> 5]
[17:56:19.939] [INFO] [CalibrationManager] Değişiklik kaydedildi:  [ -> 5]
[17:56:19.941] [INFO] [CalibrationManager] Değişiklik kaydedildi:  [ -> 5]
[17:56:19.943] [INFO] [CalibrationManager] Değişiklik kaydedildi:  [ -> 5]
[17:56:19.944] [INFO] [CalibrationManager] Değişiklik kaydedildi:  [ -> 5]
[17:56:19.946] [INFO] [CalibrationManager] Değişiklik kaydedildi:  [ -> 5]
[17:56:19.947] [INFO] [CalibrationManager] Değişiklik kaydedildi:  [ -> 5]
[17:56:19.949] [INFO] [CalibrationManager] Değişiklik kaydedildi:  [ -> 5]
[17:56:19.950] [INFO] [CalibrationManager] Değişiklik kaydedildi:  [ -> 5]
[17:56:19.952] [INFO] [CalibrationManager] Değişiklik kaydedildi:  [ -> 5]
[17:56:19.953] [INFO] [CalibrationManager] Değişiklik kaydedildi:  [ -> 5]
[17:56:19.954] [INFO] [CalibrationManager] Değişiklik kaydedildi:  [ -> 5]
[17:56:19.956] [INFO] [CalibrationManager] Değişiklik kaydedildi:  [ -> 5]
[17:56:19.957] [INFO] [CalibrationManager] Değişiklik kaydedildi:  [ -> 5]
[17:56:19.958] [INFO] [CalibrationManager] Değişiklik kaydedildi:  [ -> 5]
[17:56:19.960] [INFO] [CalibrationManager] Değişiklik kaydedildi:  [ -> 5]
[17:56:19.961] [INFO] [CalibrationManager] Değişiklik kaydedildi:  [ -> 5]
[17:56:19.962] [INFO] [CalibrationManager] Değişiklik kaydedildi:  [ -> 5]
[17:56:19.964] [INFO] [CalibrationManager] Değişiklik kaydedildi:  [ -> 5]
[17:56:19.965] [INFO] [CalibrationManager] Değişiklik kaydedildi:  [ -> 5]
[17:56:19.966] [INFO] [CalibrationManager] Değişiklik kaydedildi:  [ -> 5]
[17:56:19.968] [INFO] [CalibrationManager] Değişiklik kaydedildi:  [ -> 5]
[17:56:19.969] [INFO] [CalibrationManager] Değişiklik kaydedildi:  [ -> 5]
[17:56:19.971] [INFO] [CalibrationManager] Değişiklik kaydedildi:  [ -> 5]
[17:56:19.972] [INFO] [CalibrationManager] Değişiklik kaydedildi:  [ -> 5]
[17:56:19.973] [INFO] [CalibrationManager] Değişiklik kaydedildi:  [ -> 5]
[17:56:19.976] [INFO] [CalibrationManager] Değişiklik kaydedildi:  [ -> 5]
[17:56:19.977] [INFO] [CalibrationManager] Değişiklik kaydedildi:  [ -> 5]
[17:56:19.979] [INFO] [CalibrationManager] Değişiklik kaydedildi:  [ -> 5]
[17:56:19.980] [INFO] [CalibrationManager] Değişiklik kaydedildi:  [ -> 5]
[17:56:19.981] [INFO] [CalibrationManager] Değişiklik kaydedildi:  [ -> 5]
[17:56:19.983] [INFO] [CalibrationManager] Değişiklik kaydedildi:  [ -> 5]
[17:56:19.984] [INFO] [CalibrationManager] Değişiklik kaydedildi:  [ -> 5]
[17:56:19.986] [INFO] [CalibrationManager] Değişiklik kaydedildi:  [ -> 5]
[17:56:19.987] [INFO] [CalibrationManager] Değişiklik kaydedildi:  [ -> 5]
[17:56:19.988] [INFO] [CalibrationManager] Değişiklik kaydedildi:  [ -> 5]
[17:56:19.990] [INFO] [CalibrationManager] Değişiklik kaydedildi:  [ -> 5]
[17:56:19.991] [INFO] [CalibrationManager] Değişiklik kaydedildi:  [ -> 5]
[17:56:19.992] [INFO] [CalibrationManager] Değişiklik kaydedildi:  [ -> 5]
[17:56:19.994] [INFO] [CalibrationManager] Değişiklik kaydedildi:  [ -> 5]
[17:56:19.995] [INFO] [CalibrationManager] Değişiklik kaydedildi:  [ -> 5]
[17:56:19.997] [INFO] [CalibrationManager] Değişiklik kaydedildi:  [ -> 5]
[17:56:19.998] [INFO] [CalibrationManager] Değişiklik kaydedildi:  [ -> 5]
[17:56:20.000] [INFO] [CalibrationManager] Değişiklik kaydedildi:  [ -> 5]
[17:56:20.001] [INFO] [CalibrationManager] Değişiklik kaydedildi:  [ -> 5]
[17:56:20.003] [INFO] [CalibrationManager] Değişiklik kaydedildi:  [ -> 5]
[17:56:20.004] [INFO] [CalibrationManager] Değişiklik kaydedildi:  [ -> 5]
[17:56:20.005] [INFO] [CalibrationManager] Değişiklik kaydedildi:  [ -> 5]
[17:56:20.008] [INFO] [CalibrationManager] Değişiklik kaydedildi:  [ -> 5]
[17:56:20.009] [INFO] [CalibrationManager] Değişiklik kaydedildi:  [ -> 5]
[17:56:20.011] [INFO] [CalibrationManager] Değişiklik kaydedildi:  [ -> 5]
[17:56:20.012] [INFO] [CalibrationManager] Değişiklik kaydedildi:  [ -> 5]
[17:56:20.013] [INFO] [CalibrationManager] Değişiklik kaydedildi:  [ -> 5]
[17:56:20.015] [INFO] [CalibrationManager] Değişiklik kaydedildi:  [ -> 5]
[17:56:20.016] [INFO] [CalibrationManager] Değişiklik kaydedildi:  [ -> 5]
[17:56:20.018] [INFO] [CalibrationManager] Değişiklik kaydedildi:  [ -> 5]
[17:56:20.024] [WARNING] [RtpCalibrationEngine] Could not save persistent sync queue: The process cannot access the file 'C:\Users\ayhan\OneDrive\Desktop\Canlı OBD2 Araç Telemetri Ekranı\HondaTuner\bin\Debug\net6.0-windows\Database\pending_rtp_queue.json' because it is being used by another process.
[17:56:20.024] [INFO] [CalibrationManager] Değişiklik kaydedildi:  [ -> 5]
[17:56:20.026] [INFO] [CalibrationManager] Değişiklik kaydedildi:  [ -> 5]
[17:56:20.027] [INFO] [CalibrationManager] Değişiklik kaydedildi:  [ -> 5]
[17:56:20.029] [INFO] [CalibrationManager] Değişiklik kaydedildi:  [ -> 5]
[17:56:20.030] [INFO] [CalibrationManager] Değişiklik kaydedildi:  [ -> 5]
[17:56:20.031] [INFO] [CalibrationManager] Değişiklik kaydedildi:  [ -> 5]
[17:56:20.033] [INFO] [CalibrationManager] Değişiklik kaydedildi:  [ -> 5]
[17:56:20.034] [INFO] [CalibrationManager] Değişiklik kaydedildi:  [ -> 5]
[17:56:20.036] [INFO] [CalibrationManager] Değişiklik kaydedildi:  [ -> 5]
[17:56:20.037] [INFO] [CalibrationManager] Değişiklik kaydedildi:  [ -> 5]
[17:56:20.039] [INFO] [CalibrationManager] Değişiklik kaydedildi:  [ -> 5]
[17:56:20.040] [INFO] [CalibrationManager] Değişiklik kaydedildi:  [ -> 5]
[17:56:20.041] [INFO] [CalibrationManager] Değişiklik kaydedildi:  [ -> 5]
[17:56:20.044] [INFO] [CalibrationManager] Değişiklik kaydedildi:  [ -> 5]
[17:56:20.050] [INFO] [CalibrationManager] Değişiklik kaydedildi:  [ -> 5]
[17:56:20.051] [INFO] [CalibrationManager] Değişiklik kaydedildi:  [ -> 5]
[17:56:20.052] [INFO] [CalibrationManager] Değişiklik kaydedildi:  [ -> 5]
[17:56:20.054] [INFO] [CalibrationManager] Değişiklik kaydedildi:  [ -> 5]
[17:56:20.055] [INFO] [CalibrationManager] Değişiklik kaydedildi:  [ -> 5]
[17:56:20.056] [INFO] [CalibrationManager] Değişiklik kaydedildi:  [ -> 5]
[17:56:20.058] [INFO] [CalibrationManager] Değişiklik kaydedildi:  [ -> 5]
[17:56:20.059] [INFO] [CalibrationManager] Değişiklik kaydedildi:  [ -> 5]
[17:56:20.061] [INFO] [CalibrationManager] Değişiklik kaydedildi:  [ -> 5]
[17:56:20.062] [INFO] [CalibrationManager] Değişiklik kaydedildi:  [ -> 5]
[17:56:20.064] [INFO] [CalibrationManager] Değişiklik kaydedildi:  [ -> 5]
[17:56:20.065] [INFO] [CalibrationManager] Değişiklik kaydedildi:  [ -> 5]
[17:56:20.067] [INFO] [CalibrationManager] Değişiklik kaydedildi:  [ -> 5]
[17:56:20.068] [INFO] [CalibrationManager] Değişiklik kaydedildi:  [ -> 5]
[17:56:20.069] [INFO] [CalibrationManager] Değişiklik kaydedildi:  [ -> 5]
[17:56:20.071] [INFO] [CalibrationManager] Değişiklik kaydedildi:  [ -> 5]
[17:56:20.072] [INFO] [CalibrationManager] Değişiklik kaydedildi:  [ -> 5]
[17:56:20.074] [INFO] [CalibrationManager] Değişiklik kaydedildi:  [ -> 5]
[17:56:20.075] [INFO] [CalibrationManager] Değişiklik kaydedildi:  [ -> 5]
[17:56:20.077] [INFO] [CalibrationManager] Değişiklik kaydedildi:  [ -> 5]
[17:56:20.079] [INFO] [CalibrationManager] Değişiklik kaydedildi:  [ -> 5]
[17:56:20.080] [INFO] [CalibrationManager] Değişiklik kaydedildi:  [ -> 5]
[17:56:20.082] [INFO] [CalibrationManager] Değişiklik kaydedildi:  [ -> 5]
[17:56:20.083] [INFO] [CalibrationManager] Değişiklik kaydedildi:  [ -> 5]
[17:56:20.085] [INFO] [CalibrationManager] Değişiklik kaydedildi:  [ -> 5]
[17:56:20.086] [INFO] [CalibrationManager] Değişiklik kaydedildi:  [ -> 5]
[17:56:20.087] [INFO] [CalibrationManager] Değişiklik kaydedildi:  [ -> 5]
[17:56:20.089] [INFO] [CalibrationManager] Değişiklik kaydedildi:  [ -> 5]
[17:56:20.090] [INFO] [CalibrationManager] Değişiklik kaydedildi:  [ -> 5]
[17:56:20.092] [INFO] [CalibrationManager] Değişiklik kaydedildi:  [ -> 5]
[17:56:20.093] [INFO] [CalibrationManager] Değişiklik kaydedildi:  [ -> 5]
[17:56:20.094] [INFO] [CalibrationManager] Değişiklik kaydedildi:  [ -> 5]
[17:56:20.096] [INFO] [CalibrationManager] Değişiklik kaydedildi:  [ -> 5]
[17:56:20.097] [INFO] [CalibrationManager] Değişiklik kaydedildi:  [ -> 5]
[17:56:20.099] [INFO] [CalibrationManager] Değişiklik kaydedildi:  [ -> 5]
[17:56:20.100] [INFO] [CalibrationManager] Değişiklik kaydedildi:  [ -> 5]
[17:56:20.102] [INFO] [CalibrationManager] Değişiklik kaydedildi:  [ -> 5]
[17:56:20.103] [INFO] [CalibrationManager] Değişiklik kaydedildi:  [ -> 5]
[17:56:20.105] [INFO] [CalibrationManager] Değişiklik kaydedildi:  [ -> 5]
[17:56:20.107] [INFO] [CalibrationManager] Değişiklik kaydedildi:  [ -> 5]
[17:56:20.108] [INFO] [CalibrationManager] Değişiklik kaydedildi:  [ -> 5]
[17:56:20.110] [INFO] [CalibrationManager] Değişiklik kaydedildi:  [ -> 5]
[17:56:20.112] [INFO] [CalibrationManager] Değişiklik kaydedildi:  [ -> 5]
[17:56:20.113] [INFO] [CalibrationManager] Değişiklik kaydedildi:  [ -> 5]
[17:56:20.115] [INFO] [CalibrationManager] Değişiklik kaydedildi:  [ -> 5]
[17:56:20.116] [INFO] [CalibrationManager] Değişiklik kaydedildi:  [ -> 5]
[17:56:20.118] [INFO] [CalibrationManager] Değişiklik kaydedildi:  [ -> 5]
[17:56:20.119] [INFO] [CalibrationManager] Değişiklik kaydedildi:  [ -> 5]
[17:56:20.120] [INFO] [CalibrationManager] Değişiklik kaydedildi:  [ -> 5]
[17:56:20.122] [INFO] [CalibrationManager] Değişiklik kaydedildi:  [ -> 5]
[17:56:20.123] [INFO] [CalibrationManager] Değişiklik kaydedildi:  [ -> 5]
[17:56:20.125] [INFO] [CalibrationManager] Değişiklik kaydedildi:  [ -> 5]
[17:56:20.126] [INFO] [CalibrationManager] Değişiklik kaydedildi:  [ -> 5]
[17:56:20.128] [INFO] [CalibrationManager] Değişiklik kaydedildi:  [ -> 5]
[17:56:20.129] [INFO] [CalibrationManager] Değişiklik kaydedildi:  [ -> 5]
[17:56:20.131] [INFO] [CalibrationManager] Değişiklik kaydedildi:  [ -> 5]
[17:56:20.133] [INFO] [CalibrationManager] Değişiklik kaydedildi:  [ -> 5]
[17:56:20.135] [INFO] [CalibrationManager] Değişiklik kaydedildi:  [ -> 5]
[17:56:20.136] [INFO] [CalibrationManager] Değişiklik kaydedildi:  [ -> 5]
[17:56:20.138] [INFO] [CalibrationManager] Değişiklik kaydedildi:  [ -> 5]
[17:56:20.139] [INFO] [CalibrationManager] Değişiklik kaydedildi:  [ -> 5]
[17:56:20.141] [INFO] [CalibrationManager] Değişiklik kaydedildi:  [ -> 5]
[17:56:20.142] [INFO] [CalibrationManager] Değişiklik kaydedildi:  [ -> 5]
[17:56:20.143] [INFO] [CalibrationManager] Değişiklik kaydedildi:  [ -> 5]
[17:56:20.145] [INFO] [CalibrationManager] Değişiklik kaydedildi:  [ -> 5]
[17:56:20.146] [INFO] [CalibrationManager] Değişiklik kaydedildi:  [ -> 5]
[17:56:20.148] [INFO] [CalibrationManager] Değişiklik kaydedildi:  [ -> 5]
[17:56:20.149] [INFO] [CalibrationManager] Değişiklik kaydedildi:  [ -> 5]
[17:56:20.151] [INFO] [CalibrationManager] Değişiklik kaydedildi:  [ -> 5]
[17:56:20.153] [INFO] [CalibrationManager] Değişiklik kaydedildi:  [ -> 5]
[17:56:20.154] [INFO] [CalibrationManager] Değişiklik kaydedildi:  [ -> 5]
[17:56:20.156] [INFO] [CalibrationManager] Değişiklik kaydedildi:  [ -> 5]
[17:56:20.157] [INFO] [CalibrationManager] Değişiklik kaydedildi:  [ -> 5]
[17:56:20.159] [INFO] [CalibrationManager] Değişiklik kaydedildi:  [ -> 5]
[17:56:20.161] [INFO] [CalibrationManager] Değişiklik kaydedildi:  [ -> 5]
[17:56:20.163] [INFO] [CalibrationManager] Değişiklik kaydedildi:  [ -> 5]
[17:56:20.164] [INFO] [CalibrationManager] Değişiklik kaydedildi:  [ -> 5]
[17:56:20.166] [INFO] [CalibrationManager] Değişiklik kaydedildi:  [ -> 5]
[17:56:20.167] [INFO] [CalibrationManager] Değişiklik kaydedildi:  [ -> 5]
[17:56:20.169] [INFO] [CalibrationManager] Değişiklik kaydedildi:  [ -> 5]
[17:56:20.170] [INFO] [CalibrationManager] Değişiklik kaydedildi:  [ -> 5]
[17:56:20.172] [INFO] [CalibrationManager] Değişiklik kaydedildi:  [ -> 5]
[17:56:20.173] [INFO] [CalibrationManager] Değişiklik kaydedildi:  [ -> 5]
[17:56:20.175] [INFO] [CalibrationManager] Değişiklik kaydedildi:  [ -> 5]
[17:56:20.176] [INFO] [CalibrationManager] Değişiklik kaydedildi:  [ -> 5]
[17:56:20.178] [INFO] [CalibrationManager] Değişiklik kaydedildi:  [ -> 5]
[17:56:20.180] [INFO] [CalibrationManager] Değişiklik kaydedildi:  [ -> 5]
[17:56:20.181] [INFO] [CalibrationManager] Değişiklik kaydedildi:  [ -> 5]
[17:56:20.183] [INFO] [CalibrationManager] Değişiklik kaydedildi:  [ -> 5]
[17:56:20.184] [INFO] [CalibrationManager] Değişiklik kaydedildi:  [ -> 5]
[17:56:20.186] [INFO] [CalibrationManager] Değişiklik kaydedildi:  [ -> 5]
[17:56:20.189] [INFO] [CalibrationManager] Değişiklik kaydedildi:  [ -> 5]
[17:56:20.190] [INFO] [CalibrationManager] Değişiklik kaydedildi:  [ -> 5]
[17:56:20.192] [INFO] [CalibrationManager] Değişiklik kaydedildi:  [ -> 5]
[17:56:20.194] [INFO] [CalibrationManager] Değişiklik kaydedildi:  [ -> 5]
[17:56:20.195] [INFO] [CalibrationManager] Değişiklik kaydedildi:  [ -> 5]
[17:56:20.197] [INFO] [CalibrationManager] Değişiklik kaydedildi:  [ -> 5]
[17:56:20.198] [INFO] [CalibrationManager] Değişiklik kaydedildi:  [ -> 5]
[17:56:20.200] [INFO] [CalibrationManager] Değişiklik kaydedildi:  [ -> 5]
[17:56:20.201] [INFO] [CalibrationManager] Değişiklik kaydedildi:  [ -> 5]
[17:56:20.203] [INFO] [CalibrationManager] Değişiklik kaydedildi:  [ -> 5]
[17:56:20.204] [INFO] [CalibrationManager] Değişiklik kaydedildi:  [ -> 5]
[17:56:20.205] [INFO] [CalibrationManager] Değişiklik kaydedildi:  [ -> 5]
[17:56:20.207] [INFO] [CalibrationManager] Değişiklik kaydedildi:  [ -> 5]
[17:56:20.208] [INFO] [CalibrationManager] Değişiklik kaydedildi:  [ -> 5]
[17:56:20.210] [INFO] [CalibrationManager] Değişiklik kaydedildi:  [ -> 5]
[17:56:20.211] [INFO] [CalibrationManager] Değişiklik kaydedildi:  [ -> 5]
[17:56:20.214] [INFO] [CalibrationManager] Değişiklik kaydedildi:  [ -> 5]
[17:56:20.215] [INFO] [CalibrationManager] Değişiklik kaydedildi:  [ -> 5]
[17:56:20.217] [INFO] [CalibrationManager] Değişiklik kaydedildi:  [ -> 5]
[17:56:20.218] [INFO] [CalibrationManager] Değişiklik kaydedildi:  [ -> 5]
[17:56:20.220] [INFO] [CalibrationManager] Değişiklik kaydedildi:  [ -> 5]
[17:56:20.221] [INFO] [CalibrationManager] Değişiklik kaydedildi:  [ -> 5]
[17:56:20.222] [INFO] [CalibrationManager] Değişiklik kaydedildi:  [ -> 5]
[17:56:20.224] [INFO] [CalibrationManager] Değişiklik kaydedildi:  [ -> 5]
[17:56:20.225] [INFO] [CalibrationManager] Değişiklik kaydedildi:  [ -> 5]
[17:56:20.227] [INFO] [CalibrationManager] Değişiklik kaydedildi:  [ -> 5]
[17:56:20.229] [INFO] [CalibrationManager] Değişiklik kaydedildi:  [ -> 5]
[17:56:20.230] [INFO] [CalibrationManager] Değişiklik kaydedildi:  [ -> 5]
[17:56:20.232] [INFO] [CalibrationManager] Değişiklik kaydedildi:  [ -> 5]
[17:56:20.233] [INFO] [CalibrationManager] Değişiklik kaydedildi:  [ -> 5]
[17:56:20.236] [INFO] [CalibrationManager] Değişiklik kaydedildi:  [ -> 5]
[17:56:20.237] [INFO] [CalibrationManager] Değişiklik kaydedildi:  [ -> 5]
[17:56:20.240] [INFO] [CalibrationManager] Değişiklik kaydedildi:  [ -> 5]
[17:56:20.241] [INFO] [CalibrationManager] Değişiklik kaydedildi:  [ -> 5]
[17:56:20.243] [INFO] [CalibrationManager] Değişiklik kaydedildi:  [ -> 5]
[17:56:20.244] [INFO] [CalibrationManager] Değişiklik kaydedildi:  [ -> 5]
[17:56:20.246] [INFO] [CalibrationManager] Değişiklik kaydedildi:  [ -> 5]
[17:56:20.247] [INFO] [CalibrationManager] Değişiklik kaydedildi:  [ -> 5]
[17:56:20.249] [INFO] [CalibrationManager] Değişiklik kaydedildi:  [ -> 5]
[17:56:20.250] [INFO] [CalibrationManager] Değişiklik kaydedildi:  [ -> 5]
[17:56:20.252] [INFO] [CalibrationManager] Değişiklik kaydedildi:  [ -> 5]
[17:56:20.254] [INFO] [CalibrationManager] Değişiklik kaydedildi:  [ -> 5]
[17:56:20.255] [INFO] [CalibrationManager] Değişiklik kaydedildi:  [ -> 5]
[17:56:20.257] [INFO] [CalibrationManager] Değişiklik kaydedildi:  [ -> 5]
[17:56:20.258] [INFO] [CalibrationManager] Değişiklik kaydedildi:  [ -> 5]
[17:56:20.260] [INFO] [CalibrationManager] Değişiklik kaydedildi:  [ -> 5]
[17:56:20.261] [INFO] [CalibrationManager] Değişiklik kaydedildi:  [ -> 5]
[17:56:20.264] [INFO] [CalibrationManager] Değişiklik kaydedildi:  [ -> 5]
[17:56:20.671] [INFO] [RtpCalibrationEngine] Connecting to RTP emulator...
[17:56:20.672] [INFO] [RtpCalibrationEngine] RTP emulator connected successfully.
[17:56:20.672] [INFO] [RtpCalibrationEngine] Real-time synchronization active.
[17:56:20.672] [INFO] [RtpCalibrationEngine] Connecting to RTP emulator...
[17:56:20.672] [INFO] [RtpCalibrationEngine] RTP emulator connected successfully.
[17:56:20.673] [INFO] [RtpCalibrationEngine] Real-time synchronization active.
[17:56:20.675] [INFO] [CalibrationManager] Değişiklik kaydedildi:  [ -> 55]
[17:56:20.766] [ERROR] [RtpCalibrationEngine] Batch write execution failed: Batch block verification write failed: Simulated block write exception
[17:56:20.878] [INFO] [RtpCalibrationEngine] Connecting to RTP emulator...
[17:56:20.879] [INFO] [RtpCalibrationEngine] RTP emulator connected successfully.
[17:56:20.879] [INFO] [RtpCalibrationEngine] Real-time synchronization active.
[17:56:20.881] [INFO] [CalibrationManager] Değişiklik kaydedildi:  [ -> 88]
[17:56:20.972] [ERROR] [RtpCalibrationEngine] Batch write execution failed: Batch block verification write failed: Batch block verify mismatch at relative index 0. Expected: 88, Actual: 167
[17:56:21.092] [INFO] [RtpCalibrationEngine] Connecting to RTP emulator...
[17:56:21.093] [INFO] [RtpCalibrationEngine] RTP emulator connected successfully.
[17:56:21.093] [INFO] [RtpCalibrationEngine] Real-time synchronization active.
[17:56:21.095] [INFO] [CalibrationManager] Değişiklik kaydedildi:  [ -> 22]
[17:56:21.198] [INFO] [CalibrationManager] Değişiklik kaydedildi:  [ -> 22]
[17:56:21.316] [INFO] [CalibrationManager] Değişiklik kaydedildi:  [ -> 0]
[17:56:21.326] [INFO] [CalibrationManager] Değişiklik kaydedildi:  [ -> 1]
[17:56:21.333] [INFO] [CalibrationManager] Değişiklik kaydedildi:  [ -> 2]
[17:56:21.339] [INFO] [CalibrationManager] Değişiklik kaydedildi:  [ -> 3]
[17:56:21.348] [INFO] [CalibrationManager] Değişiklik kaydedildi:  [ -> 4]
[17:56:21.362] [INFO] [CalibrationManager] Değişiklik kaydedildi:  [ -> 5]
[17:56:21.378] [INFO] [CalibrationManager] Değişiklik kaydedildi:  [ -> 6]
[17:56:21.390] [INFO] [CalibrationManager] Değişiklik kaydedildi:  [ -> 0]
[17:56:21.399] [INFO] [CalibrationManager] Değişiklik kaydedildi:  [ -> 1]
[17:56:21.408] [INFO] [CalibrationManager] Değişiklik kaydedildi:  [ -> 2]
[17:56:21.417] [INFO] [CalibrationManager] Değişiklik kaydedildi:  [ -> 3]
[17:56:21.427] [INFO] [CalibrationManager] Değişiklik kaydedildi:  [ -> 4]
[17:56:21.434] [INFO] [CalibrationManager] Değişiklik kaydedildi:  [ -> 5]
[17:56:21.436] [INFO] [CalibrationManager] Değişiklik kaydedildi:  [ -> 6]
[17:56:21.448] [INFO] [CalibrationManager] Değişiklik kaydedildi:  [ -> 0]
[17:56:21.457] [INFO] [CalibrationManager] Değişiklik kaydedildi:  [ -> 1]
[17:56:21.467] [INFO] [CalibrationManager] Değişiklik kaydedildi:  [ -> 2]
[17:56:21.477] [INFO] [CalibrationManager] Değişiklik kaydedildi:  [ -> 3]
[17:56:21.483] [INFO] [CalibrationManager] Değişiklik kaydedildi:  [ -> 4]
[17:56:21.596] [INFO] [CalibrationManager] Değişiklik kaydedildi:  [ -> 5]
[17:56:21.702] [INFO] [CalibrationManager] Değişiklik kaydedildi:  [ -> 6]
[17:56:21.704] [ERROR] [RtpCalibrationEngine] RTP Configuration validation failed: Retry count must be between 0 and 10. (Parameter 'RetryCount')
[17:56:21.715] [INFO] [RtpCalibrationEngine] Recovered 1 pending changes from persistent queue on disk.
[17:56:21.731] [INFO] [RtpCalibrationEngine] Connecting to RTP emulator...
[17:56:21.731] [INFO] [RtpCalibrationEngine] RTP emulator connected successfully.
[17:56:21.731] [INFO] [RtpCalibrationEngine] Real-time synchronization active.
[17:56:21.739] [INFO] [AutoTuneSafetyManager] Güvenlik limitleri yüklendi. Etkin kural sayısı: 4
[17:56:21.739] [INFO] [AutoTuneEventPublisher] Domain olayı yayınlandı: SessionCreated (Oturum: 39f9a396-7956-498d-951b-99da56d31488)
[17:56:21.739] [INFO] [AutoTuneEngine] Oturum başarıyla başlatıldı: 39f9a396-7956-498d-951b-99da56d31488
[17:56:21.891] [INFO] [AutoTuneEventPublisher] Domain olayı yayınlandı: TelemetryWindowAccepted (Oturum: 39f9a396-7956-498d-951b-99da56d31488)
[17:56:21.891] [INFO] [AutoTuneEventPublisher] Domain olayı yayınlandı: SafetyViolation (Oturum: 39f9a396-7956-498d-951b-99da56d31488)
[17:56:21.891] [INFO] [AutoTuneEventPublisher] Domain olayı yayınlandı: DecisionCreated (Oturum: 39f9a396-7956-498d-951b-99da56d31488)
[17:56:21.892] [INFO] [CalibrationSnapshotManager] Snapshot oluşturuldu: 4687ccd8-4150-4858-8f07-e0d0ae2ac96e, Hücre sayısı: 1
[17:56:21.893] [INFO] [CalibrationRecoveryManager] Bekleyen işlem kaydedildi: 0027c797-c697-4544-bbca-0cb21c5897ad
[17:56:21.895] [INFO] [CalibrationManager] Değişiklik kaydedildi: AFRTargetTable Hücre [3,4] [0 -> 15]
[17:56:21.897] [INFO] [CalibrationRecoveryManager] Bekleyen işlem temizlendi (başarılı commit).
[17:56:21.897] [INFO] [CalibrationStreamPublisher] Uygulanan değişiklik yayınlandı: Lambda adres: AFRTargetTable[3,4]
[17:56:21.897] [INFO] [AutoTuneEventPublisher] Domain olayı yayınlandı: MapChangeApplied (Oturum: 39f9a396-7956-498d-951b-99da56d31488)
[17:56:21.897] [INFO] [AutoTuneEventPublisher] Domain olayı yayınlandı: DecisionCreated (Oturum: 39f9a396-7956-498d-951b-99da56d31488)
[17:56:21.897] [INFO] [CalibrationSnapshotManager] Snapshot oluşturuldu: 81857238-2db4-4672-838b-1d24d7bc1f1e, Hücre sayısı: 1
[17:56:21.898] [INFO] [CalibrationRecoveryManager] Bekleyen işlem kaydedildi: d47dd49c-fb35-419e-93ff-391f9276a83d
[17:56:21.900] [INFO] [CalibrationManager] Değişiklik kaydedildi: IgnitionTable Hücre [3,4] [15 -> 16]
[17:56:21.901] [INFO] [CalibrationRecoveryManager] Bekleyen işlem temizlendi (başarılı commit).
[17:56:21.901] [INFO] [CalibrationStreamPublisher] Uygulanan değişiklik yayınlandı: Ignition adres: IgnitionTable[3,4]
[17:56:21.901] [INFO] [AutoTuneEventPublisher] Domain olayı yayınlandı: MapChangeApplied (Oturum: 39f9a396-7956-498d-951b-99da56d31488)
[17:56:21.901] [INFO] [AutoTuneEventPublisher] Domain olayı yayınlandı: DecisionCreated (Oturum: 39f9a396-7956-498d-951b-99da56d31488)
[17:56:21.902] [INFO] [CalibrationSnapshotManager] Snapshot oluşturuldu: 0fe3cbff-4b7e-4bd4-8c82-f8676261a8fb, Hücre sayısı: 1
[17:56:21.903] [INFO] [CalibrationRecoveryManager] Bekleyen işlem kaydedildi: 2d35fec9-cd79-4def-8193-f234c088c24b
[17:56:21.904] [INFO] [CalibrationManager] Değişiklik kaydedildi: FuelVETable Hücre [3,4] [16 -> 60]
[17:56:21.905] [INFO] [CalibrationRecoveryManager] Bekleyen işlem temizlendi (başarılı commit).
[17:56:21.905] [INFO] [CalibrationStreamPublisher] Uygulanan değişiklik yayınlandı: VE adres: FuelVETable[3,4]
[17:56:21.906] [INFO] [AutoTuneEventPublisher] Domain olayı yayınlandı: MapChangeApplied (Oturum: 39f9a396-7956-498d-951b-99da56d31488)
[17:56:21.924] [INFO] [AutoTuneEventPublisher] Domain olayı yayınlandı: TelemetryWindowAccepted (Oturum: 39f9a396-7956-498d-951b-99da56d31488)
[17:56:21.925] [INFO] [AutoTuneEventPublisher] Domain olayı yayınlandı: SafetyViolation (Oturum: 39f9a396-7956-498d-951b-99da56d31488)
[17:56:21.925] [INFO] [AutoTuneEventPublisher] Domain olayı yayınlandı: DecisionCreated (Oturum: 39f9a396-7956-498d-951b-99da56d31488)
[17:56:21.925] [INFO] [CalibrationSnapshotManager] Snapshot oluşturuldu: 0ba431e6-9f8d-498d-826d-c2c8cb32311f, Hücre sayısı: 1
[17:56:21.926] [INFO] [CalibrationRecoveryManager] Bekleyen işlem kaydedildi: 23bdf446-483c-4d98-ba8f-d460a9d5a9d5
[17:56:21.928] [INFO] [CalibrationManager] Değişiklik kaydedildi: AFRTargetTable Hücre [3,4] [60 -> 15]
[17:56:21.929] [INFO] [CalibrationRecoveryManager] Bekleyen işlem temizlendi (başarılı commit).
[17:56:21.929] [INFO] [CalibrationStreamPublisher] Uygulanan değişiklik yayınlandı: Lambda adres: AFRTargetTable[3,4]
[17:56:21.930] [INFO] [AutoTuneEventPublisher] Domain olayı yayınlandı: MapChangeApplied (Oturum: 39f9a396-7956-498d-951b-99da56d31488)
[17:56:21.930] [INFO] [AutoTuneEventPublisher] Domain olayı yayınlandı: DecisionCreated (Oturum: 39f9a396-7956-498d-951b-99da56d31488)
[17:56:21.930] [INFO] [CalibrationSnapshotManager] Snapshot oluşturuldu: 6d576c41-29eb-4740-ad48-6138a0a99e7e, Hücre sayısı: 1
[17:56:21.931] [INFO] [CalibrationRecoveryManager] Bekleyen işlem kaydedildi: ee6ae06a-7418-4835-bdd7-20a2ede9e3a3
[17:56:21.934] [INFO] [CalibrationManager] Değişiklik kaydedildi: IgnitionTable Hücre [3,4] [15 -> 16]
[17:56:21.935] [INFO] [CalibrationRecoveryManager] Bekleyen işlem temizlendi (başarılı commit).
[17:56:21.935] [INFO] [CalibrationStreamPublisher] Uygulanan değişiklik yayınlandı: Ignition adres: IgnitionTable[3,4]
[17:56:21.935] [INFO] [AutoTuneEventPublisher] Domain olayı yayınlandı: MapChangeApplied (Oturum: 39f9a396-7956-498d-951b-99da56d31488)
[17:56:21.935] [INFO] [AutoTuneEventPublisher] Domain olayı yayınlandı: DecisionCreated (Oturum: 39f9a396-7956-498d-951b-99da56d31488)
[17:56:21.935] [INFO] [CalibrationSnapshotManager] Snapshot oluşturuldu: f3a35b33-31e1-4cb3-adf9-227d7a9ffa1a, Hücre sayısı: 1
[17:56:21.937] [INFO] [CalibrationRecoveryManager] Bekleyen işlem kaydedildi: 6781a5d9-6dd9-4790-bdf8-9f81abd480bb
[17:56:21.938] [INFO] [CalibrationManager] Değişiklik kaydedildi: FuelVETable Hücre [3,4] [16 -> 60]
[17:56:21.940] [INFO] [CalibrationRecoveryManager] Bekleyen işlem temizlendi (başarılı commit).
[17:56:21.940] [INFO] [CalibrationStreamPublisher] Uygulanan değişiklik yayınlandı: VE adres: FuelVETable[3,4]
[17:56:21.940] [INFO] [AutoTuneEventPublisher] Domain olayı yayınlandı: MapChangeApplied (Oturum: 39f9a396-7956-498d-951b-99da56d31488)
[17:56:21.962] [INFO] [AutoTuneEventPublisher] Domain olayı yayınlandı: TelemetryWindowAccepted (Oturum: 39f9a396-7956-498d-951b-99da56d31488)
[17:56:21.962] [INFO] [AutoTuneEventPublisher] Domain olayı yayınlandı: SafetyViolation (Oturum: 39f9a396-7956-498d-951b-99da56d31488)
[17:56:21.963] [INFO] [AutoTuneEventPublisher] Domain olayı yayınlandı: DecisionCreated (Oturum: 39f9a396-7956-498d-951b-99da56d31488)
[17:56:21.963] [INFO] [CalibrationSnapshotManager] Snapshot oluşturuldu: d6b67fe5-0027-47ea-ae3f-bcef2dd1665b, Hücre sayısı: 1
[17:56:21.964] [INFO] [CalibrationRecoveryManager] Bekleyen işlem kaydedildi: ff75821c-90ba-495e-9b49-3fe9b92628a1
[17:56:21.966] [INFO] [CalibrationManager] Değişiklik kaydedildi: AFRTargetTable Hücre [3,4] [60 -> 15]
[17:56:21.967] [INFO] [CalibrationRecoveryManager] Bekleyen işlem temizlendi (başarılı commit).
[17:56:21.967] [INFO] [CalibrationStreamPublisher] Uygulanan değişiklik yayınlandı: Lambda adres: AFRTargetTable[3,4]
[17:56:21.967] [INFO] [AutoTuneEventPublisher] Domain olayı yayınlandı: MapChangeApplied (Oturum: 39f9a396-7956-498d-951b-99da56d31488)
[17:56:21.967] [INFO] [AutoTuneEventPublisher] Domain olayı yayınlandı: DecisionCreated (Oturum: 39f9a396-7956-498d-951b-99da56d31488)
[17:56:21.967] [INFO] [CalibrationSnapshotManager] Snapshot oluşturuldu: dab355a1-e4e7-40cb-9d9f-e8ffa72d5065, Hücre sayısı: 1
[17:56:21.969] [INFO] [CalibrationRecoveryManager] Bekleyen işlem kaydedildi: 097ae36a-7aee-4682-9c8b-5d9faff5098b
[17:56:21.970] [INFO] [CalibrationManager] Değişiklik kaydedildi: IgnitionTable Hücre [3,4] [15 -> 16]
[17:56:21.971] [INFO] [CalibrationRecoveryManager] Bekleyen işlem temizlendi (başarılı commit).
[17:56:21.971] [INFO] [CalibrationStreamPublisher] Uygulanan değişiklik yayınlandı: Ignition adres: IgnitionTable[3,4]
[17:56:21.971] [INFO] [AutoTuneEventPublisher] Domain olayı yayınlandı: MapChangeApplied (Oturum: 39f9a396-7956-498d-951b-99da56d31488)
[17:56:21.971] [INFO] [AutoTuneEventPublisher] Domain olayı yayınlandı: DecisionCreated (Oturum: 39f9a396-7956-498d-951b-99da56d31488)
[17:56:21.972] [INFO] [CalibrationSnapshotManager] Snapshot oluşturuldu: a3d9351f-6f33-4020-a4aa-f67fb396b3ff, Hücre sayısı: 1
[17:56:21.973] [INFO] [CalibrationRecoveryManager] Bekleyen işlem kaydedildi: 7a8d6660-62f9-4563-bf2f-98eec0906ab2
[17:56:21.974] [INFO] [CalibrationManager] Değişiklik kaydedildi: FuelVETable Hücre [3,4] [16 -> 60]
[17:56:21.975] [INFO] [CalibrationRecoveryManager] Bekleyen işlem temizlendi (başarılı commit).
[17:56:21.975] [INFO] [CalibrationStreamPublisher] Uygulanan değişiklik yayınlandı: VE adres: FuelVETable[3,4]
[17:56:21.975] [INFO] [AutoTuneEventPublisher] Domain olayı yayınlandı: MapChangeApplied (Oturum: 39f9a396-7956-498d-951b-99da56d31488)
[17:56:21.995] [INFO] [AutoTuneEventPublisher] Domain olayı yayınlandı: TelemetryWindowAccepted (Oturum: 39f9a396-7956-498d-951b-99da56d31488)
[17:56:21.995] [INFO] [AutoTuneEventPublisher] Domain olayı yayınlandı: SafetyViolation (Oturum: 39f9a396-7956-498d-951b-99da56d31488)
[17:56:21.995] [INFO] [AutoTuneEventPublisher] Domain olayı yayınlandı: DecisionCreated (Oturum: 39f9a396-7956-498d-951b-99da56d31488)
[17:56:21.996] [INFO] [CalibrationSnapshotManager] Snapshot oluşturuldu: 724daf55-a9c8-4b52-a7c3-9d9c106e614c, Hücre sayısı: 1
[17:56:21.997] [INFO] [CalibrationRecoveryManager] Bekleyen işlem kaydedildi: 8b4c70fd-4415-4cfa-8e9b-fb7f3ff3356e
[17:56:21.998] [INFO] [CalibrationManager] Değişiklik kaydedildi: AFRTargetTable Hücre [3,4] [60 -> 15]
[17:56:21.999] [INFO] [CalibrationRecoveryManager] Bekleyen işlem temizlendi (başarılı commit).
[17:56:22.000] [INFO] [CalibrationStreamPublisher] Uygulanan değişiklik yayınlandı: Lambda adres: AFRTargetTable[3,4]
[17:56:22.000] [INFO] [AutoTuneEventPublisher] Domain olayı yayınlandı: MapChangeApplied (Oturum: 39f9a396-7956-498d-951b-99da56d31488)
[17:56:22.000] [INFO] [AutoTuneEventPublisher] Domain olayı yayınlandı: DecisionCreated (Oturum: 39f9a396-7956-498d-951b-99da56d31488)
[17:56:22.000] [INFO] [CalibrationSnapshotManager] Snapshot oluşturuldu: 9cd5141e-7660-481e-a2de-95882fb67a7b, Hücre sayısı: 1
[17:56:22.001] [INFO] [CalibrationRecoveryManager] Bekleyen işlem kaydedildi: 4080a7b6-ea1d-4560-877d-919ecb371a3d
[17:56:22.003] [INFO] [CalibrationManager] Değişiklik kaydedildi: IgnitionTable Hücre [3,4] [15 -> 16]
[17:56:22.004] [INFO] [CalibrationRecoveryManager] Bekleyen işlem temizlendi (başarılı commit).
[17:56:22.004] [INFO] [CalibrationStreamPublisher] Uygulanan değişiklik yayınlandı: Ignition adres: IgnitionTable[3,4]
[17:56:22.004] [INFO] [AutoTuneEventPublisher] Domain olayı yayınlandı: MapChangeApplied (Oturum: 39f9a396-7956-498d-951b-99da56d31488)
[17:56:22.004] [INFO] [AutoTuneEventPublisher] Domain olayı yayınlandı: DecisionCreated (Oturum: 39f9a396-7956-498d-951b-99da56d31488)
[17:56:22.004] [INFO] [CalibrationSnapshotManager] Snapshot oluşturuldu: 149dd42b-ad6c-4009-8dd9-b6d6a0b64d0f, Hücre sayısı: 1
[17:56:22.005] [INFO] [CalibrationRecoveryManager] Bekleyen işlem kaydedildi: 1a325d7a-3c08-4356-9a93-5fc1b51d0855
[17:56:22.007] [INFO] [CalibrationManager] Değişiklik kaydedildi: FuelVETable Hücre [3,4] [16 -> 60]
[17:56:22.008] [INFO] [CalibrationRecoveryManager] Bekleyen işlem temizlendi (başarılı commit).
[17:56:22.008] [INFO] [CalibrationStreamPublisher] Uygulanan değişiklik yayınlandı: VE adres: FuelVETable[3,4]
[17:56:22.008] [INFO] [AutoTuneEventPublisher] Domain olayı yayınlandı: MapChangeApplied (Oturum: 39f9a396-7956-498d-951b-99da56d31488)
[17:56:22.023] [INFO] [AutoTuneEventPublisher] Domain olayı yayınlandı: TelemetryWindowAccepted (Oturum: 39f9a396-7956-498d-951b-99da56d31488)
[17:56:22.023] [INFO] [AutoTuneEventPublisher] Domain olayı yayınlandı: SafetyViolation (Oturum: 39f9a396-7956-498d-951b-99da56d31488)
[17:56:22.024] [INFO] [AutoTuneEventPublisher] Domain olayı yayınlandı: DecisionCreated (Oturum: 39f9a396-7956-498d-951b-99da56d31488)
[17:56:22.024] [INFO] [CalibrationSnapshotManager] Snapshot oluşturuldu: 21ecf008-f881-46ce-9975-b2e43a1d77a6, Hücre sayısı: 1
[17:56:22.025] [INFO] [CalibrationRecoveryManager] Bekleyen işlem kaydedildi: a6551e35-e078-4258-9fbf-5e4de7479341
[17:56:22.027] [INFO] [CalibrationManager] Değişiklik kaydedildi: AFRTargetTable Hücre [3,4] [60 -> 15]
[17:56:22.028] [INFO] [CalibrationRecoveryManager] Bekleyen işlem temizlendi (başarılı commit).
[17:56:22.028] [INFO] [CalibrationStreamPublisher] Uygulanan değişiklik yayınlandı: Lambda adres: AFRTargetTable[3,4]
[17:56:22.028] [INFO] [AutoTuneEventPublisher] Domain olayı yayınlandı: MapChangeApplied (Oturum: 39f9a396-7956-498d-951b-99da56d31488)
[17:56:22.028] [INFO] [AutoTuneEventPublisher] Domain olayı yayınlandı: DecisionCreated (Oturum: 39f9a396-7956-498d-951b-99da56d31488)
[17:56:22.028] [INFO] [CalibrationSnapshotManager] Snapshot oluşturuldu: 345d2a34-e3b4-44cb-b479-571f09d96ee6, Hücre sayısı: 1
[17:56:22.029] [INFO] [CalibrationRecoveryManager] Bekleyen işlem kaydedildi: 1b0cc749-2b1e-4825-be54-dd5ec0e6b0a9
[17:56:22.031] [INFO] [CalibrationManager] Değişiklik kaydedildi: IgnitionTable Hücre [3,4] [15 -> 16]
[17:56:22.032] [INFO] [CalibrationRecoveryManager] Bekleyen işlem temizlendi (başarılı commit).
[17:56:22.032] [INFO] [CalibrationStreamPublisher] Uygulanan değişiklik yayınlandı: Ignition adres: IgnitionTable[3,4]
[17:56:22.032] [INFO] [AutoTuneEventPublisher] Domain olayı yayınlandı: MapChangeApplied (Oturum: 39f9a396-7956-498d-951b-99da56d31488)
[17:56:22.032] [INFO] [AutoTuneEventPublisher] Domain olayı yayınlandı: DecisionCreated (Oturum: 39f9a396-7956-498d-951b-99da56d31488)
[17:56:22.032] [INFO] [CalibrationSnapshotManager] Snapshot oluşturuldu: 5a6a39e4-92fb-4a84-9170-132f846b63d8, Hücre sayısı: 1
[17:56:22.033] [INFO] [CalibrationRecoveryManager] Bekleyen işlem kaydedildi: 41908410-a7d1-4b94-afc3-e85a6ba340fb
[17:56:22.035] [INFO] [CalibrationManager] Değişiklik kaydedildi: FuelVETable Hücre [3,4] [16 -> 60]
[17:56:22.036] [INFO] [CalibrationRecoveryManager] Bekleyen işlem temizlendi (başarılı commit).
[17:56:22.036] [INFO] [CalibrationStreamPublisher] Uygulanan değişiklik yayınlandı: VE adres: FuelVETable[3,4]
[17:56:22.036] [INFO] [AutoTuneEventPublisher] Domain olayı yayınlandı: MapChangeApplied (Oturum: 39f9a396-7956-498d-951b-99da56d31488)
[17:56:22.047] [INFO] [AutoTuneEventPublisher] Domain olayı yayınlandı: TelemetryWindowAccepted (Oturum: 39f9a396-7956-498d-951b-99da56d31488)
[17:56:22.047] [INFO] [AutoTuneEventPublisher] Domain olayı yayınlandı: SafetyViolation (Oturum: 39f9a396-7956-498d-951b-99da56d31488)
[17:56:22.048] [INFO] [AutoTuneEventPublisher] Domain olayı yayınlandı: DecisionCreated (Oturum: 39f9a396-7956-498d-951b-99da56d31488)
[17:56:22.048] [INFO] [CalibrationSnapshotManager] Snapshot oluşturuldu: a3389872-4644-4bcc-a1c4-c3fc73c20a61, Hücre sayısı: 1
[17:56:22.049] [INFO] [CalibrationRecoveryManager] Bekleyen işlem kaydedildi: f6a3f559-a06e-4ba1-b30d-ffaf5f407bb3
[17:56:22.050] [INFO] [CalibrationManager] Değişiklik kaydedildi: AFRTargetTable Hücre [3,4] [60 -> 15]
[17:56:22.051] [INFO] [CalibrationRecoveryManager] Bekleyen işlem temizlendi (başarılı commit).
[17:56:22.051] [INFO] [CalibrationStreamPublisher] Uygulanan değişiklik yayınlandı: Lambda adres: AFRTargetTable[3,4]
[17:56:22.051] [INFO] [AutoTuneEventPublisher] Domain olayı yayınlandı: MapChangeApplied (Oturum: 39f9a396-7956-498d-951b-99da56d31488)
[17:56:22.052] [INFO] [AutoTuneEventPublisher] Domain olayı yayınlandı: DecisionCreated (Oturum: 39f9a396-7956-498d-951b-99da56d31488)
[17:56:22.052] [INFO] [CalibrationSnapshotManager] Snapshot oluşturuldu: 3d1bd7df-097c-496d-9950-972d3f4b90f9, Hücre sayısı: 1
[17:56:22.053] [INFO] [CalibrationRecoveryManager] Bekleyen işlem kaydedildi: 17e8c5cb-24bc-4521-8fcc-0d093a85a9e0
[17:56:22.054] [INFO] [CalibrationManager] Değişiklik kaydedildi: IgnitionTable Hücre [3,4] [15 -> 16]
[17:56:22.055] [INFO] [CalibrationRecoveryManager] Bekleyen işlem temizlendi (başarılı commit).
[17:56:22.055] [INFO] [CalibrationStreamPublisher] Uygulanan değişiklik yayınlandı: Ignition adres: IgnitionTable[3,4]
[17:56:22.055] [INFO] [AutoTuneEventPublisher] Domain olayı yayınlandı: MapChangeApplied (Oturum: 39f9a396-7956-498d-951b-99da56d31488)
[17:56:22.056] [INFO] [AutoTuneEventPublisher] Domain olayı yayınlandı: DecisionCreated (Oturum: 39f9a396-7956-498d-951b-99da56d31488)
[17:56:22.056] [INFO] [CalibrationSnapshotManager] Snapshot oluşturuldu: 6b594aaf-de52-4440-80ca-a306f3f0f388, Hücre sayısı: 1
[17:56:22.057] [INFO] [CalibrationRecoveryManager] Bekleyen işlem kaydedildi: 36f4b702-83ef-41ed-8043-dff291aaa5e2
[17:56:22.058] [INFO] [CalibrationManager] Değişiklik kaydedildi: FuelVETable Hücre [3,4] [16 -> 60]
[17:56:22.059] [INFO] [CalibrationRecoveryManager] Bekleyen işlem temizlendi (başarılı commit).
[17:56:22.060] [INFO] [CalibrationStreamPublisher] Uygulanan değişiklik yayınlandı: VE adres: FuelVETable[3,4]
[17:56:22.060] [INFO] [AutoTuneEventPublisher] Domain olayı yayınlandı: MapChangeApplied (Oturum: 39f9a396-7956-498d-951b-99da56d31488)
[17:56:22.383] [INFO] [AutoTuneEventPublisher] Domain olayı yayınlandı: SessionStopped (Oturum: 39f9a396-7956-498d-951b-99da56d31488)
[17:56:22.585] [INFO] [TestHarness] Test tamamlandÄ±: 110 geÃ§ti, 0 kaldÄ±
[17:56:22.585] [WARNING] [RomIdentifier] ROM imzası hiçbir ECU profiliyle eşleşmedi.
[17:56:22.585] [INFO] [Program] Test sonuçları:
â•â•â•â•â•â•â•â•â•â•â•â•â•â•â•â•â•â•â•â•â•â•â•â•â•â•â•â•â•â•â•â•â•â•â•â•â•â•â•â•â•â•â•â•â•â•â•
  HONDATUNER â€” OTOMATÄ°K TEST SÃœÄ°TÄ°
â•â•â•â•â•â•â•â•â•â•â•â•â•â•â•â•â•â•â•â•â•â•â•â•â•â•â•â•â•â•â•â•â•â•â•â•â•â•â•â•â•â•â•â•â•â•â•

â”€â”€ ROM Testleri â”€â”€â”€â”€â”€â”€â”€â”€â”€â”€â”€â”€â”€â”€â”€â”€â”€â”€â”€â”€â”€â”€â”€â”€â”€â”€â”€â”€â”€â”€
  ✅ ROM Identifier â€” 32KB boÅŸ ROM tanÄ±ma
  ✅ ROM Identifier â€” yanlÄ±ÅŸ boyut reddi
  ✅ ROM Patch â€” doÄŸrulama ve uygulama
  ✅ ROM Patch â€” rollback geri yÃ¼kleme

â”€â”€ Kalibrasyon Testleri â”€â”€â”€â”€â”€â”€â”€â”€â”€â”€â”€â”€â”€â”€â”€â”€â”€â”€â”€â”€â”€â”€â”€
  ✅ Injector Scaling â€” 240â†’440cc
  ✅ Injector Scaling â€” clamp to 255
  ✅ Calibration Engine â€” Commit applies value to ROM buffer
  ✅ Calibration Engine â€” Rollback restores original values in ROM buffer
  ✅ Calibration Engine â€” Undo and Redo states are fully synchronized
  ✅ Calibration Engine â€” Safety validator rejects OOR Rev Limit changes

â”€â”€ Faz 4: Map Engine & Interpolation Testleri â”€â”€
  ✅ Map Engine â€” Cell write and read accuracy
  ✅ Map Engine â€” Scale factors conversion logic
  ✅ Map Engine â€” Invalid offset out-of-range bounds check
  ✅ Map Engine â€” Transaction commits, rollbacks, and Undo/Redo integration
  ✅ Interpolation â€” 4 neighbor bilinear cell weight sum equals exactly 1.0

â”€â”€ AutoTune GÃ¼venlik Testleri â”€â”€â”€â”€â”€â”€â”€â”€â”€â”€â”€â”€â”€â”€â”€â”€â”€
  ✅ AutoTune â€” dÃ¼ÅŸÃ¼k ECT reddi
  ✅ AutoTune â€” dÃ¼ÅŸÃ¼k batarya reddi
  ✅ AutoTune â€” dÃ¼zeltme kÄ±rpma (Â±12%)

── Faz 5: Checksum Engine & Safety Layer Testleri ──
  ✅ Checksum â€” Stock ROM passes validation
  ✅ Checksum â€” Corrupt byte fails validation
  ✅ Checksum â€” Map change updates checksum successfully
  ✅ Checksum â€” VerifyBeforeSave detects bad checksum and returns false
  ✅ Checksum â€” Reloaded ROM checksum is valid
  ✅ Checksum â€” Multiple regions validation is successful

── ROM Patch Engine v2 Testleri ──
  ✅ PatchEngine — Başarılı Yama Uygulama
  ✅ PatchEngine — Yanlış ExpectedBytes Koruması
  ✅ PatchEngine — Uyumsuz ECU Koruması
  ✅ PatchEngine — ROM Boyut Limiti Koruması
  ✅ PatchEngine — Yamayı Geri Alma (Rollback)
  ✅ PatchEngine — İşlem (Transaction) Commit Entegrasyonu
  ✅ PatchEngine — İşlem Geri Alma (Transaction Rollback)
  ✅ PatchEngine — Otomatik Checksum Güncelleme
  ✅ PatchEngine — Audit Loglama Kontrolü
  ✅ PatchEngine — Profil Destekli Yamaları Bulma

── Phase 7: Telemetry & Live Datalog Bus Engine Testleri ──
  ✅ Telemetry - Event Bus Publish & Subscribe
  ✅ Telemetry - Event Bus Metrics Kontrolü
  ✅ Telemetry - Kanalsal Matematiksel Formül Çözümleme
  ✅ Telemetry - Backpressure DropOldest Politikası
  ✅ Telemetry - Backpressure DropNewest Politikası
  ✅ Telemetry - Backpressure BlockPublisher Politikası
  ✅ Telemetry - Yapılandırma Dosya İzleyicisi (Hot Reload)
  ✅ Telemetry - Erişim Kontrolü Yetkilendirme Hiyerarşisi
  ✅ Telemetry - SystemClock Monotonic Ticks
  ✅ Telemetry - HighResolutionClock Performance Ticks
  ✅ Telemetry - ReplayClock Geri Oynatıcı Zaman Akışı
  ✅ Telemetry - Dairesel Bellek (RingBuffer) Kapasite Tanımı
  ✅ Telemetry - RingBuffer Aşımında Overwrite (FIFO Overlay)
  ✅ Telemetry - Moving Average Gürültü Azaltma Filtresi
  ✅ Telemetry - Median (Ortanca) Filtreleme
  ✅ Telemetry - LowPass Üstel Sinyal Yumuşatma
  ✅ Telemetry - HighPass Dalgalanma Odaklı Sinyal Filtresi
  ✅ Telemetry - MockProvider Canlı Veri Akış Simülasyonu
  ✅ Telemetry - Sağlık İzleme (HealthMonitor) Parametreleri
  ✅ Telemetry - HealthMonitor Bağlantı Kaybı Anomali Algılama
  ✅ Telemetry - Analiz Hattı (AnalyzerPipeline) Sıralı Çalışma
  ✅ Telemetry - Engine Profil Geçiş Yönetimi (Street -> Dyno)
  ✅ Telemetry - Engine Canlı Datalogging Yaşam Döngüsü
  ✅ Telemetry - GC Basıncını Azaltan Frame Nesne Havuzu
  ✅ Telemetry - Salt-Okunur (Immutable) Snaphsot Yapısı
  ✅ Telemetry - Multi-Thread Veri Giriş Stress Testi

── Phase 8: AutoTune Closed Loop Engine Testleri ──
  ✅ AutoTune - State transitions (Start, Pause, Resume, Stop) lifecycle verification
  ✅ AutoTune - Confidence score calculation under low deviation is high
  ✅ AutoTune - Confidence score calculation under high deviation is low
  ✅ AutoTune - Stable window filter standard deviation and length checks
  ✅ AutoTune - Config validator rejects JSON with missing target attributes
  ✅ AutoTune - Config validator rejects out of bounds parameter variables
  ✅ AutoTune - ParameterType safety enum structure check
  ✅ AutoTune - Session manager multi session conflict prevention
  ✅ AutoTune - Session manager releases lock and allows new allocation
  ✅ AutoTune - Recovery manager logs interrupt trace successfully to file
  ✅ AutoTune - Recovery manager restores trace and validates details
  ✅ AutoTune - Diff engine returns detailed comparison matrix values
  ✅ AutoTune - CSV Package export contains session identity and values
  ✅ AutoTune - Replay simulator matches telemetry lists deterministically
  ✅ AutoTune - SafetyRuleProvider loads dynamic rules successfully
  ✅ AutoTune - QualityScoreCalculator rates stoichiometric history cleanly near 100
  ✅ AutoTune - Telemetry loss pause and reconnect validation cycle
  ✅ AutoTune - Domain event emitter publishes valid structured transition events
  ✅ AutoTune - Calibration RTP stream publishing streams virtual changes
  ✅ AutoTune - Replay validation checks run determinism bounds
  ✅ AutoTune - Persistence layer correctly serializes state machine records and migrates schema V1 to V2
  ✅ AutoTune - Query service retrieves session lists correctly
  ✅ AutoTune - Command service issues control triggers successfully
  ✅ AutoTune - Hardware checks and SafeMode blocks writing calibrations
  ✅ AutoTune - Cell lock manager acquires, releases and traps conflicts

── Faz 9: RTP Emulator & Real-Time Calibration Engine Testleri ──
  ✅ RTP - Engine correctly registers and resolves from DI ServiceContainer
  ✅ RTP - Connection state machine cycles correctly through all states
  ✅ RTP - Transient write failures trigger automatic retries and recover successfully
  ✅ RTP - Consecutive calibration edits coalesce into a single block write
  ✅ RTP - Multi-threaded queue guarantees strict sequential write ordering
  ✅ RTP - Execution latency benchmark tracking meets target limits
  ✅ RTP - Engine sustains high-frequency (500+) update throughput stress
  ✅ RTP - Background sync worker terminates cleanly on CancellationToken request
  ✅ RTP - Hardware disconnect automatically halts sync and raises Faulted event
  ✅ RTP - Enforces read-back verification after writing values to emulator
  ✅ RTP - Idempotent synchronization ignores duplicate writes to target cells
  ✅ RTP - Backpressure policy DropOldest purges oldest queued changes under load
  ✅ RTP - Backpressure policy RejectNewest drops new updates under queue overflow
  ✅ RTP - Backpressure policy BlockProducer controls producer rates correctly
  ✅ RTP - Validation layer rejects bad config schema values at initialization
  ✅ RTP - Restores un-synced calibration state queue records on startup
  ✅ RTP - Synchronizes concurrently applied AutoTune decisions to hardware
  ✅ TestMetadata_SerializationAndValidation
  ✅ TestReverseEngineering_ExtractionAndDecompilation
  ✅ TestAdvancedFuelCorrections
  ✅ TestAdvancedIgnition_DecodingAndCalibration
  ✅ TestVtecAndBoostControl_LogicAndAlarms
  ✅ TestEngineProtection_SafetiesAndAlarms
  ✅ TestDiagnosticsAndProtocols_A2LAndFreezeFrames
  ✅ TestDynoLogsAndVersions_EstimationAndBranches

â•â•â•â•â•â•â•â•â•â•â•â•â•â•â•â•â•â•â•â•â•â•â•â•â•â•â•â•â•â•â•â•â•â•â•â•â•â•â•â•â•â•â•â•â•â•â•
  SONUÃ‡: 110 baÅŸarÄ±lÄ±, 0 baÅŸarÄ±sÄ±z
â•â•â•â•â•â•â•â•â•â•â•â•â•â•â•â•â•â•â•â•â•â•â•â•â•â•â•â•â•â•â•â•â•â•â•â•â•â•â•â•â•â•â•â•â•â•â•
[17:56:22.586] [INFO] [Program] Örnek ROM test sonuçları:
── Örnek ROM Test Çerçevesi ───────────────────
  ✅ Checksum offset geçerli
  ✅ Bozuk ROM reddedildi
  ✅ Fuel map sınırları geçerli
  ✅ Ignition map sınırları geçerli
  ✅ Tüm profiller 32KB ROM boyutu

  Sonuç: 5 geçti, 0 kaldı
[17:56:22.725] [INFO] [EcuPinoutManager] 24 OBD1 ECU pin tanımlaması başarıyla yüklendi.
[17:56:39.378] [WARNING] [RomIdentifier] ROM imzası hiçbir ECU profiliyle eşleşmedi.
[17:57:26.721] [INFO] [RtpCalibrationEngine] Connecting to RTP emulator...
[17:57:26.722] [INFO] [OstrichEmulator] RTP emülatör bağlantısı simüle ediliyor.
[17:57:26.724] [INFO] [RtpCalibrationEngine] RTP emulator connected successfully.
[17:57:29.827] [INFO] [RtpCalibrationEngine] Performing full ROM upload to emulator...
