[00:17:10.335] [INFO] [RomIdentifier] ECU Tanımlandı: P06 (Confidence: %45,7)
[00:17:10.338] [WARNING] [RomIdentifier] ROM imzası hiçbir ECU profiliyle eşleşmedi.
[00:17:10.339] [INFO] [RomPatchManager] Yama uygulandı: TEST_PATCH_1 @ 0x000A
[00:17:10.339] [INFO] [RomPatchManager] Yama uygulandı: TEST_PATCH_ROLLBACK @ 0x000A
[00:17:10.340] [INFO] [RomPatchManager] Yama geri alındı: TEST_PATCH_ROLLBACK
[00:17:10.340] [INFO] [InjectorManager] Fuel haritası ölçeklendi: 240cc → 440cc (oran: 0,545)
[00:17:10.341] [INFO] [InjectorManager] Fuel haritası ölçeklendi: 440cc → 240cc (oran: 1,833)
[00:17:10.391] [INFO] [CalibrationManager] Değişiklik kaydedildi: Fuel Cell [0,0] [50 -> 60]
[00:17:10.393] [INFO] [CalibrationManager] Değişiklik kaydedildi: Fuel Cell [0,0] [50 -> 60]
[00:17:10.394] [INFO] [CalibrationManager] Değişiklik kaydedildi: Fuel Cell [0,0] [50 -> 75]
[00:17:10.401] [INFO] [CalibrationManager] Değişiklik kaydedildi: FuelMapTest Hücre [4,5] [0 -> 123]
[00:17:10.410] [INFO] [CalibrationManager] Değişiklik kaydedildi: FuelMapTest Hücre [0,0] [0 -> 125]
[00:17:10.420] [INFO] [CalibrationManager] Değişiklik kaydedildi: FuelMapTest Hücre [1,1] [0 -> 150]
[00:17:10.420] [INFO] [CalibrationManager] Değişiklik kaydedildi: FuelMapTest Hücre [1,1] [0 -> 150]
[00:17:10.428] [DEBUG] [AutoTuneValidator] Reddedildi [ECT_LOW]: Motor sıcaklığı düşük: 50°C < 72°C
[00:17:10.429] [DEBUG] [AutoTuneValidator] Reddedildi [BATT_LOW]: Batarya düşük: 10,5V < 12V
[00:17:10.454] [INFO] [EcuDatabaseManager] Toplam 8 dinamik ECU profili yüklendi.
[00:17:10.470] [INFO] [ChecksumTest] [TRACE-1] romBuffer[0]=00
[00:17:10.478] [INFO] [ChecksumTest] [TRACE-2] tempFile[0]=00
[00:17:10.479] [INFO] [ChecksumTest] [TRACE-3] loadedBuffer[0]=00
[00:17:10.479] [INFO] [ChecksumTest] [TRACE-4] beforeSaveBuffer[0]=00
[00:17:10.482] [INFO] [ChecksumTest] [TRACE-5] afterSaveParserBuffer[0]=00
[00:17:10.489] [INFO] [ChecksumTest] [TRACE-6] reloadedFile[0]=00
[00:17:11.865] [INFO] [AutoTuneSafetyManager] Güvenlik limitleri yüklendi. Etkin kural sayısı: 4
[00:17:11.866] [INFO] [AutoTuneEventPublisher] Domain olayı yayınlandı: SessionCreated (Oturum: 28e00b16-3a98-4637-b21f-f6d3b38298e6)
[00:17:11.866] [INFO] [AutoTuneEngine] Oturum başarıyla başlatıldı: 28e00b16-3a98-4637-b21f-f6d3b38298e6
[00:17:11.866] [INFO] [AutoTuneEventPublisher] Domain olayı yayınlandı: SessionPaused (Oturum: 28e00b16-3a98-4637-b21f-f6d3b38298e6)
[00:17:11.867] [INFO] [AutoTuneEventPublisher] Domain olayı yayınlandı: SessionResumed (Oturum: 28e00b16-3a98-4637-b21f-f6d3b38298e6)
[00:17:11.867] [INFO] [AutoTuneEventPublisher] Domain olayı yayınlandı: SessionStopped (Oturum: 28e00b16-3a98-4637-b21f-f6d3b38298e6)
[00:17:11.876] [INFO] [CalibrationRecoveryManager] Bekleyen işlem kaydedildi: TX-TEMP
[00:17:11.886] [INFO] [CalibrationRecoveryManager] Bekleyen işlem temizlendi (başarılı commit).
[00:17:11.888] [INFO] [CalibrationRecoveryManager] Bekleyen işlem kaydedildi: TX-TEMP2
[00:17:11.894] [INFO] [CalibrationRecoveryManager] Yarım kalmış işlem geri yükleniyor: TX-TEMP2
[00:17:11.895] [INFO] [CalibrationSnapshotManager] Snapshot geri yükleniyor: SNAP-TEMP2, Kurtarılacak hücre: 1
[00:17:11.895] [INFO] [CalibrationRecoveryManager] Bekleyen işlem temizlendi (başarılı commit).
[00:17:11.899] [INFO] [AutoTuneSafetyManager] Güvenlik limitleri yüklendi. Etkin kural sayısı: 4
[00:17:11.899] [INFO] [AutoTuneEventPublisher] Domain olayı yayınlandı: SessionCreated (Oturum: 2eaf315c-3ff1-44fe-a0df-10cdeef6a8e9)
[00:17:11.899] [INFO] [AutoTuneEngine] Oturum başarıyla başlatıldı: 2eaf315c-3ff1-44fe-a0df-10cdeef6a8e9
[00:17:11.900] [INFO] [AutoTuneEventPublisher] Domain olayı yayınlandı: SessionPaused (Oturum: 2eaf315c-3ff1-44fe-a0df-10cdeef6a8e9)
[00:17:11.900] [INFO] [AutoTuneEventPublisher] Domain olayı yayınlandı: SessionResumed (Oturum: 2eaf315c-3ff1-44fe-a0df-10cdeef6a8e9)
[00:17:11.901] [INFO] [AutoTuneEventPublisher] Domain olayı yayınlandı: SessionStopped (Oturum: 2eaf315c-3ff1-44fe-a0df-10cdeef6a8e9)
[00:17:11.901] [INFO] [AutoTuneSafetyManager] Güvenlik limitleri yüklendi. Etkin kural sayısı: 4
[00:17:11.901] [INFO] [AutoTuneEventPublisher] Domain olayı yayınlandı: SessionCreated (Oturum: db171a4d-9394-4662-89e9-4bcd82fa2d0b)
[00:17:11.901] [INFO] [AutoTuneEngine] Oturum başarıyla başlatıldı: db171a4d-9394-4662-89e9-4bcd82fa2d0b
[00:17:11.902] [INFO] [AutoTuneEventPublisher] Domain olayı yayınlandı: SessionStopped (Oturum: db171a4d-9394-4662-89e9-4bcd82fa2d0b)
[00:17:11.902] [INFO] [AutoTuneSafetyManager] Güvenlik limitleri yüklendi. Etkin kural sayısı: 4
[00:17:11.902] [INFO] [AutoTuneEventPublisher] Domain olayı yayınlandı: SessionCreated (Oturum: a63d7d95-3741-4572-a6c0-630f3675ae2e)
[00:17:11.902] [INFO] [AutoTuneEngine] Oturum başarıyla başlatıldı: a63d7d95-3741-4572-a6c0-630f3675ae2e
[00:17:11.903] [INFO] [AutoTuneEventPublisher] Domain olayı yayınlandı: TelemetryWindowAccepted (Oturum: a63d7d95-3741-4572-a6c0-630f3675ae2e)
[00:17:11.908] [INFO] [AutoTuneEventPublisher] Domain olayı yayınlandı: DecisionCreated (Oturum: a63d7d95-3741-4572-a6c0-630f3675ae2e)
[00:17:11.909] [INFO] [CalibrationStreamPublisher] Uygulanan değişiklik yayınlandı: Fuel adres: FuelVETable[3,4]
[00:17:11.911] [INFO] [AutoTuneEventPublisher] Domain olayı yayınlandı: DecisionCreated (Oturum: a63d7d95-3741-4572-a6c0-630f3675ae2e)
[00:17:11.911] [INFO] [CalibrationStreamPublisher] Uygulanan değişiklik yayınlandı: Lambda adres: AFRTargetTable[3,4]
[00:17:11.911] [INFO] [AutoTuneEventPublisher] Domain olayı yayınlandı: DecisionCreated (Oturum: a63d7d95-3741-4572-a6c0-630f3675ae2e)
[00:17:11.912] [INFO] [CalibrationStreamPublisher] Uygulanan değişiklik yayınlandı: Ignition adres: IgnitionTable[3,4]
[00:17:11.912] [INFO] [AutoTuneEventPublisher] Domain olayı yayınlandı: DecisionCreated (Oturum: a63d7d95-3741-4572-a6c0-630f3675ae2e)
[00:17:11.913] [INFO] [CalibrationStreamPublisher] Uygulanan değişiklik yayınlandı: VE adres: FuelVETable[3,4]
[00:17:11.913] [INFO] [AutoTuneEventPublisher] Domain olayı yayınlandı: TelemetryWindowAccepted (Oturum: a63d7d95-3741-4572-a6c0-630f3675ae2e)
[00:17:11.913] [INFO] [AutoTuneEventPublisher] Domain olayı yayınlandı: DecisionCreated (Oturum: a63d7d95-3741-4572-a6c0-630f3675ae2e)
[00:17:11.913] [INFO] [CalibrationStreamPublisher] Uygulanan değişiklik yayınlandı: Fuel adres: FuelVETable[3,4]
[00:17:11.913] [INFO] [AutoTuneEventPublisher] Domain olayı yayınlandı: DecisionCreated (Oturum: a63d7d95-3741-4572-a6c0-630f3675ae2e)
[00:17:11.914] [INFO] [CalibrationStreamPublisher] Uygulanan değişiklik yayınlandı: Lambda adres: AFRTargetTable[3,4]
[00:17:11.914] [INFO] [AutoTuneEventPublisher] Domain olayı yayınlandı: DecisionCreated (Oturum: a63d7d95-3741-4572-a6c0-630f3675ae2e)
[00:17:11.914] [INFO] [CalibrationStreamPublisher] Uygulanan değişiklik yayınlandı: Ignition adres: IgnitionTable[3,4]
[00:17:11.914] [INFO] [AutoTuneEventPublisher] Domain olayı yayınlandı: DecisionCreated (Oturum: a63d7d95-3741-4572-a6c0-630f3675ae2e)
[00:17:11.914] [INFO] [CalibrationStreamPublisher] Uygulanan değişiklik yayınlandı: VE adres: FuelVETable[3,4]
[00:17:11.914] [INFO] [AutoTuneEventPublisher] Domain olayı yayınlandı: TelemetryWindowAccepted (Oturum: a63d7d95-3741-4572-a6c0-630f3675ae2e)
[00:17:11.915] [INFO] [AutoTuneEventPublisher] Domain olayı yayınlandı: DecisionCreated (Oturum: a63d7d95-3741-4572-a6c0-630f3675ae2e)
[00:17:11.915] [INFO] [CalibrationStreamPublisher] Uygulanan değişiklik yayınlandı: Fuel adres: FuelVETable[3,4]
[00:17:11.915] [INFO] [AutoTuneEventPublisher] Domain olayı yayınlandı: DecisionCreated (Oturum: a63d7d95-3741-4572-a6c0-630f3675ae2e)
[00:17:11.915] [INFO] [CalibrationStreamPublisher] Uygulanan değişiklik yayınlandı: Lambda adres: AFRTargetTable[3,4]
[00:17:11.915] [INFO] [AutoTuneEventPublisher] Domain olayı yayınlandı: DecisionCreated (Oturum: a63d7d95-3741-4572-a6c0-630f3675ae2e)
[00:17:11.915] [INFO] [CalibrationStreamPublisher] Uygulanan değişiklik yayınlandı: Ignition adres: IgnitionTable[3,4]
[00:17:11.915] [INFO] [AutoTuneEventPublisher] Domain olayı yayınlandı: DecisionCreated (Oturum: a63d7d95-3741-4572-a6c0-630f3675ae2e)
[00:17:11.916] [INFO] [CalibrationStreamPublisher] Uygulanan değişiklik yayınlandı: VE adres: FuelVETable[3,4]
[00:17:11.916] [INFO] [AutoTuneEventPublisher] Domain olayı yayınlandı: TelemetryWindowAccepted (Oturum: a63d7d95-3741-4572-a6c0-630f3675ae2e)
[00:17:11.916] [INFO] [AutoTuneEventPublisher] Domain olayı yayınlandı: DecisionCreated (Oturum: a63d7d95-3741-4572-a6c0-630f3675ae2e)
[00:17:11.916] [INFO] [CalibrationStreamPublisher] Uygulanan değişiklik yayınlandı: Fuel adres: FuelVETable[3,4]
[00:17:11.916] [INFO] [AutoTuneEventPublisher] Domain olayı yayınlandı: DecisionCreated (Oturum: a63d7d95-3741-4572-a6c0-630f3675ae2e)
[00:17:11.916] [INFO] [CalibrationStreamPublisher] Uygulanan değişiklik yayınlandı: Lambda adres: AFRTargetTable[3,4]
[00:17:11.917] [INFO] [AutoTuneEventPublisher] Domain olayı yayınlandı: DecisionCreated (Oturum: a63d7d95-3741-4572-a6c0-630f3675ae2e)
[00:17:11.917] [INFO] [CalibrationStreamPublisher] Uygulanan değişiklik yayınlandı: Ignition adres: IgnitionTable[3,4]
[00:17:11.917] [INFO] [AutoTuneEventPublisher] Domain olayı yayınlandı: DecisionCreated (Oturum: a63d7d95-3741-4572-a6c0-630f3675ae2e)
[00:17:11.917] [INFO] [CalibrationStreamPublisher] Uygulanan değişiklik yayınlandı: VE adres: FuelVETable[3,4]
[00:17:11.917] [INFO] [AutoTuneEventPublisher] Domain olayı yayınlandı: TelemetryWindowAccepted (Oturum: a63d7d95-3741-4572-a6c0-630f3675ae2e)
[00:17:11.917] [INFO] [AutoTuneEventPublisher] Domain olayı yayınlandı: DecisionCreated (Oturum: a63d7d95-3741-4572-a6c0-630f3675ae2e)
[00:17:11.917] [INFO] [CalibrationStreamPublisher] Uygulanan değişiklik yayınlandı: Fuel adres: FuelVETable[3,4]
[00:17:11.918] [INFO] [AutoTuneEventPublisher] Domain olayı yayınlandı: DecisionCreated (Oturum: a63d7d95-3741-4572-a6c0-630f3675ae2e)
[00:17:11.918] [INFO] [CalibrationStreamPublisher] Uygulanan değişiklik yayınlandı: Lambda adres: AFRTargetTable[3,4]
[00:17:11.918] [INFO] [AutoTuneEventPublisher] Domain olayı yayınlandı: DecisionCreated (Oturum: a63d7d95-3741-4572-a6c0-630f3675ae2e)
[00:17:11.918] [INFO] [CalibrationStreamPublisher] Uygulanan değişiklik yayınlandı: Ignition adres: IgnitionTable[3,4]
[00:17:11.918] [INFO] [AutoTuneEventPublisher] Domain olayı yayınlandı: DecisionCreated (Oturum: a63d7d95-3741-4572-a6c0-630f3675ae2e)
[00:17:11.918] [INFO] [CalibrationStreamPublisher] Uygulanan değişiklik yayınlandı: VE adres: FuelVETable[3,4]
[00:17:11.918] [INFO] [AutoTuneEventPublisher] Domain olayı yayınlandı: TelemetryWindowAccepted (Oturum: a63d7d95-3741-4572-a6c0-630f3675ae2e)
[00:17:11.918] [INFO] [AutoTuneEventPublisher] Domain olayı yayınlandı: DecisionCreated (Oturum: a63d7d95-3741-4572-a6c0-630f3675ae2e)
[00:17:11.918] [INFO] [CalibrationStreamPublisher] Uygulanan değişiklik yayınlandı: Fuel adres: FuelVETable[3,4]
[00:17:11.919] [INFO] [AutoTuneEventPublisher] Domain olayı yayınlandı: DecisionCreated (Oturum: a63d7d95-3741-4572-a6c0-630f3675ae2e)
[00:17:11.919] [INFO] [CalibrationStreamPublisher] Uygulanan değişiklik yayınlandı: Lambda adres: AFRTargetTable[3,4]
[00:17:11.919] [INFO] [AutoTuneEventPublisher] Domain olayı yayınlandı: DecisionCreated (Oturum: a63d7d95-3741-4572-a6c0-630f3675ae2e)
[00:17:11.919] [INFO] [CalibrationStreamPublisher] Uygulanan değişiklik yayınlandı: Ignition adres: IgnitionTable[3,4]
[00:17:11.919] [INFO] [AutoTuneEventPublisher] Domain olayı yayınlandı: DecisionCreated (Oturum: a63d7d95-3741-4572-a6c0-630f3675ae2e)
[00:17:11.919] [INFO] [CalibrationStreamPublisher] Uygulanan değişiklik yayınlandı: VE adres: FuelVETable[3,4]
[00:17:11.919] [INFO] [AutoTuneEventPublisher] Domain olayı yayınlandı: SessionStopped (Oturum: a63d7d95-3741-4572-a6c0-630f3675ae2e)
[00:17:11.924] [INFO] [AdaptiveMemory] V1 hafıza verisi V2 şemasına başarıyla taşındı. Toplam kayıt: 1
[00:17:11.924] [INFO] [AutoTuneSafetyManager] Güvenlik limitleri yüklendi. Etkin kural sayısı: 4
[00:17:11.924] [INFO] [AutoTuneEventPublisher] Domain olayı yayınlandı: SessionCreated (Oturum: 96bd7d18-01d5-4518-a7e5-0d4e93fa691a)
[00:17:11.924] [INFO] [AutoTuneEngine] Oturum başarıyla başlatıldı: 96bd7d18-01d5-4518-a7e5-0d4e93fa691a
[00:17:11.925] [INFO] [AutoTuneEventPublisher] Domain olayı yayınlandı: SessionStopped (Oturum: 96bd7d18-01d5-4518-a7e5-0d4e93fa691a)
[00:17:11.925] [INFO] [AutoTuneSafetyManager] Güvenlik limitleri yüklendi. Etkin kural sayısı: 4
[00:17:11.925] [INFO] [AutoTuneEventPublisher] Domain olayı yayınlandı: SessionCreated (Oturum: dfe00b9a-8b8e-4fd8-b2f2-5b32509727a3)
[00:17:11.925] [INFO] [AutoTuneEngine] Oturum başarıyla başlatıldı: dfe00b9a-8b8e-4fd8-b2f2-5b32509727a3
[00:17:11.925] [INFO] [AutoTuneEventPublisher] Domain olayı yayınlandı: SessionStopped (Oturum: dfe00b9a-8b8e-4fd8-b2f2-5b32509727a3)
[00:17:11.927] [INFO] [RtpCalibrationEngine] Connecting to RTP emulator...
[00:17:11.928] [INFO] [RtpCalibrationEngine] RTP emulator connected successfully.
[00:17:11.928] [INFO] [RtpCalibrationEngine] Real-time synchronization active.
[00:17:11.928] [INFO] [RtpCalibrationEngine] Real-time synchronization paused.
[00:17:11.928] [INFO] [RtpCalibrationEngine] RTP Emulator disconnected.
[00:17:11.929] [INFO] [RtpCalibrationEngine] Connecting to RTP emulator...
[00:17:11.930] [INFO] [RtpCalibrationEngine] RTP emulator connected successfully.
[00:17:11.930] [INFO] [RtpCalibrationEngine] Real-time synchronization active.
[00:17:11.932] [INFO] [CalibrationManager] Değişiklik kaydedildi:  [ -> 99]
[00:17:12.146] [INFO] [RtpCalibrationEngine] Connecting to RTP emulator...
[00:17:12.146] [INFO] [RtpCalibrationEngine] RTP emulator connected successfully.
[00:17:12.149] [INFO] [CalibrationManager] Değişiklik kaydedildi:  [ -> 10]
[00:17:12.158] [INFO] [CalibrationManager] Değişiklik kaydedildi:  [ -> 11]
[00:17:12.168] [INFO] [CalibrationManager] Değişiklik kaydedildi:  [ -> 12]
[00:17:12.168] [INFO] [RtpCalibrationEngine] Real-time synchronization active.
[00:17:12.376] [INFO] [RtpCalibrationEngine] Connecting to RTP emulator...
[00:17:12.376] [INFO] [RtpCalibrationEngine] RTP emulator connected successfully.
[00:17:12.378] [INFO] [CalibrationManager] Değişiklik kaydedildi:  [ -> 1]
[00:17:12.386] [INFO] [CalibrationManager] Değişiklik kaydedildi:  [ -> 2]
[00:17:12.395] [INFO] [CalibrationManager] Değişiklik kaydedildi:  [ -> 3]
[00:17:12.395] [INFO] [RtpCalibrationEngine] Real-time synchronization active.
[00:17:12.603] [INFO] [RtpCalibrationEngine] Connecting to RTP emulator...
[00:17:12.603] [INFO] [RtpCalibrationEngine] RTP emulator connected successfully.
[00:17:12.603] [INFO] [RtpCalibrationEngine] Real-time synchronization active.
[00:17:12.605] [INFO] [CalibrationManager] Değişiklik kaydedildi:  [ -> 45]
[00:17:12.811] [INFO] [RtpCalibrationEngine] Connecting to RTP emulator...
[00:17:12.811] [INFO] [RtpCalibrationEngine] RTP emulator connected successfully.
[00:17:12.811] [INFO] [RtpCalibrationEngine] Real-time synchronization active.
[00:17:12.813] [INFO] [CalibrationManager] Değişiklik kaydedildi:  [ -> 5]
[00:17:12.815] [INFO] [CalibrationManager] Değişiklik kaydedildi:  [ -> 5]
[00:17:12.816] [INFO] [CalibrationManager] Değişiklik kaydedildi:  [ -> 5]
[00:17:12.818] [INFO] [CalibrationManager] Değişiklik kaydedildi:  [ -> 5]
[00:17:12.824] [WARNING] [RtpCalibrationEngine] Could not save persistent sync queue: The process cannot access the file 'C:\Users\ayhan\OneDrive\Desktop\Canlı OBD2 Araç Telemetri Ekranı\HondaTuner\bin\Debug\net6.0-windows\Database\pending_rtp_queue.json' because it is being used by another process.
[00:17:12.825] [INFO] [CalibrationManager] Değişiklik kaydedildi:  [ -> 5]
[00:17:12.826] [INFO] [CalibrationManager] Değişiklik kaydedildi:  [ -> 5]
[00:17:12.827] [INFO] [CalibrationManager] Değişiklik kaydedildi:  [ -> 5]
[00:17:12.832] [WARNING] [RtpCalibrationEngine] Could not save persistent sync queue: The process cannot access the file 'C:\Users\ayhan\OneDrive\Desktop\Canlı OBD2 Araç Telemetri Ekranı\HondaTuner\bin\Debug\net6.0-windows\Database\pending_rtp_queue.json' because it is being used by another process.
[00:17:12.833] [INFO] [CalibrationManager] Değişiklik kaydedildi:  [ -> 5]
[00:17:12.841] [WARNING] [RtpCalibrationEngine] Could not save persistent sync queue: The process cannot access the file 'C:\Users\ayhan\OneDrive\Desktop\Canlı OBD2 Araç Telemetri Ekranı\HondaTuner\bin\Debug\net6.0-windows\Database\pending_rtp_queue.json' because it is being used by another process.
[00:17:12.841] [INFO] [CalibrationManager] Değişiklik kaydedildi:  [ -> 5]
[00:17:12.842] [INFO] [CalibrationManager] Değişiklik kaydedildi:  [ -> 5]
[00:17:12.848] [INFO] [CalibrationManager] Değişiklik kaydedildi:  [ -> 5]
[00:17:12.850] [INFO] [CalibrationManager] Değişiklik kaydedildi:  [ -> 5]
[00:17:12.851] [INFO] [CalibrationManager] Değişiklik kaydedildi:  [ -> 5]
[00:17:12.852] [INFO] [CalibrationManager] Değişiklik kaydedildi:  [ -> 5]
[00:17:12.853] [INFO] [CalibrationManager] Değişiklik kaydedildi:  [ -> 5]
[00:17:12.855] [INFO] [CalibrationManager] Değişiklik kaydedildi:  [ -> 5]
[00:17:12.856] [INFO] [CalibrationManager] Değişiklik kaydedildi:  [ -> 5]
[00:17:12.857] [INFO] [CalibrationManager] Değişiklik kaydedildi:  [ -> 5]
[00:17:12.858] [INFO] [CalibrationManager] Değişiklik kaydedildi:  [ -> 5]
[00:17:12.859] [INFO] [CalibrationManager] Değişiklik kaydedildi:  [ -> 5]
[00:17:12.860] [INFO] [CalibrationManager] Değişiklik kaydedildi:  [ -> 5]
[00:17:12.862] [INFO] [CalibrationManager] Değişiklik kaydedildi:  [ -> 5]
[00:17:12.863] [INFO] [CalibrationManager] Değişiklik kaydedildi:  [ -> 5]
[00:17:12.864] [INFO] [CalibrationManager] Değişiklik kaydedildi:  [ -> 5]
[00:17:12.872] [WARNING] [RtpCalibrationEngine] Could not save persistent sync queue: The process cannot access the file 'C:\Users\ayhan\OneDrive\Desktop\Canlı OBD2 Araç Telemetri Ekranı\HondaTuner\bin\Debug\net6.0-windows\Database\pending_rtp_queue.json' because it is being used by another process.
[00:17:12.872] [INFO] [CalibrationManager] Değişiklik kaydedildi:  [ -> 5]
[00:17:12.873] [INFO] [CalibrationManager] Değişiklik kaydedildi:  [ -> 5]
[00:17:12.879] [WARNING] [RtpCalibrationEngine] Could not save persistent sync queue: The process cannot access the file 'C:\Users\ayhan\OneDrive\Desktop\Canlı OBD2 Araç Telemetri Ekranı\HondaTuner\bin\Debug\net6.0-windows\Database\pending_rtp_queue.json' because it is being used by another process.
[00:17:12.880] [INFO] [CalibrationManager] Değişiklik kaydedildi:  [ -> 5]
[00:17:12.882] [INFO] [CalibrationManager] Değişiklik kaydedildi:  [ -> 5]
[00:17:12.883] [INFO] [CalibrationManager] Değişiklik kaydedildi:  [ -> 5]
[00:17:12.884] [INFO] [CalibrationManager] Değişiklik kaydedildi:  [ -> 5]
[00:17:12.885] [INFO] [CalibrationManager] Değişiklik kaydedildi:  [ -> 5]
[00:17:12.887] [INFO] [CalibrationManager] Değişiklik kaydedildi:  [ -> 5]
[00:17:12.888] [INFO] [CalibrationManager] Değişiklik kaydedildi:  [ -> 5]
[00:17:12.889] [INFO] [CalibrationManager] Değişiklik kaydedildi:  [ -> 5]
[00:17:12.890] [INFO] [CalibrationManager] Değişiklik kaydedildi:  [ -> 5]
[00:17:12.897] [WARNING] [RtpCalibrationEngine] Could not save persistent sync queue: The process cannot access the file 'C:\Users\ayhan\OneDrive\Desktop\Canlı OBD2 Araç Telemetri Ekranı\HondaTuner\bin\Debug\net6.0-windows\Database\pending_rtp_queue.json' because it is being used by another process.
[00:17:12.898] [INFO] [CalibrationManager] Değişiklik kaydedildi:  [ -> 5]
[00:17:12.899] [INFO] [CalibrationManager] Değişiklik kaydedildi:  [ -> 5]
[00:17:12.900] [INFO] [CalibrationManager] Değişiklik kaydedildi:  [ -> 5]
[00:17:12.901] [INFO] [CalibrationManager] Değişiklik kaydedildi:  [ -> 5]
[00:17:12.903] [INFO] [CalibrationManager] Değişiklik kaydedildi:  [ -> 5]
[00:17:12.904] [INFO] [CalibrationManager] Değişiklik kaydedildi:  [ -> 5]
[00:17:12.905] [INFO] [CalibrationManager] Değişiklik kaydedildi:  [ -> 5]
[00:17:12.906] [INFO] [CalibrationManager] Değişiklik kaydedildi:  [ -> 5]
[00:17:12.908] [INFO] [CalibrationManager] Değişiklik kaydedildi:  [ -> 5]
[00:17:12.909] [INFO] [CalibrationManager] Değişiklik kaydedildi:  [ -> 5]
[00:17:12.914] [WARNING] [RtpCalibrationEngine] Could not save persistent sync queue: The process cannot access the file 'C:\Users\ayhan\OneDrive\Desktop\Canlı OBD2 Araç Telemetri Ekranı\HondaTuner\bin\Debug\net6.0-windows\Database\pending_rtp_queue.json' because it is being used by another process.
[00:17:12.914] [INFO] [CalibrationManager] Değişiklik kaydedildi:  [ -> 5]
[00:17:12.922] [WARNING] [RtpCalibrationEngine] Could not save persistent sync queue: The process cannot access the file 'C:\Users\ayhan\OneDrive\Desktop\Canlı OBD2 Araç Telemetri Ekranı\HondaTuner\bin\Debug\net6.0-windows\Database\pending_rtp_queue.json' because it is being used by another process.
[00:17:12.923] [INFO] [CalibrationManager] Değişiklik kaydedildi:  [ -> 5]
[00:17:12.924] [INFO] [CalibrationManager] Değişiklik kaydedildi:  [ -> 5]
[00:17:12.925] [INFO] [CalibrationManager] Değişiklik kaydedildi:  [ -> 5]
[00:17:12.927] [INFO] [CalibrationManager] Değişiklik kaydedildi:  [ -> 5]
[00:17:12.928] [INFO] [CalibrationManager] Değişiklik kaydedildi:  [ -> 5]
[00:17:12.929] [INFO] [CalibrationManager] Değişiklik kaydedildi:  [ -> 5]
[00:17:12.931] [INFO] [CalibrationManager] Değişiklik kaydedildi:  [ -> 5]
[00:17:12.932] [INFO] [CalibrationManager] Değişiklik kaydedildi:  [ -> 5]
[00:17:12.933] [INFO] [CalibrationManager] Değişiklik kaydedildi:  [ -> 5]
[00:17:12.934] [INFO] [CalibrationManager] Değişiklik kaydedildi:  [ -> 5]
[00:17:12.936] [INFO] [CalibrationManager] Değişiklik kaydedildi:  [ -> 5]
[00:17:12.937] [INFO] [CalibrationManager] Değişiklik kaydedildi:  [ -> 5]
[00:17:12.942] [WARNING] [RtpCalibrationEngine] Could not save persistent sync queue: The process cannot access the file 'C:\Users\ayhan\OneDrive\Desktop\Canlı OBD2 Araç Telemetri Ekranı\HondaTuner\bin\Debug\net6.0-windows\Database\pending_rtp_queue.json' because it is being used by another process.
[00:17:12.943] [INFO] [CalibrationManager] Değişiklik kaydedildi:  [ -> 5]
[00:17:12.951] [WARNING] [RtpCalibrationEngine] Could not save persistent sync queue: The process cannot access the file 'C:\Users\ayhan\OneDrive\Desktop\Canlı OBD2 Araç Telemetri Ekranı\HondaTuner\bin\Debug\net6.0-windows\Database\pending_rtp_queue.json' because it is being used by another process.
[00:17:12.952] [INFO] [CalibrationManager] Değişiklik kaydedildi:  [ -> 5]
[00:17:12.953] [INFO] [CalibrationManager] Değişiklik kaydedildi:  [ -> 5]
[00:17:12.958] [WARNING] [RtpCalibrationEngine] Could not save persistent sync queue: The process cannot access the file 'C:\Users\ayhan\OneDrive\Desktop\Canlı OBD2 Araç Telemetri Ekranı\HondaTuner\bin\Debug\net6.0-windows\Database\pending_rtp_queue.json' because it is being used by another process.
[00:17:12.959] [INFO] [CalibrationManager] Değişiklik kaydedildi:  [ -> 5]
[00:17:12.960] [INFO] [CalibrationManager] Değişiklik kaydedildi:  [ -> 5]
[00:17:12.961] [INFO] [CalibrationManager] Değişiklik kaydedildi:  [ -> 5]
[00:17:12.963] [INFO] [CalibrationManager] Değişiklik kaydedildi:  [ -> 5]
[00:17:12.965] [INFO] [CalibrationManager] Değişiklik kaydedildi:  [ -> 5]
[00:17:12.966] [INFO] [CalibrationManager] Değişiklik kaydedildi:  [ -> 5]
[00:17:12.967] [INFO] [CalibrationManager] Değişiklik kaydedildi:  [ -> 5]
[00:17:12.968] [INFO] [CalibrationManager] Değişiklik kaydedildi:  [ -> 5]
[00:17:12.969] [INFO] [CalibrationManager] Değişiklik kaydedildi:  [ -> 5]
[00:17:12.971] [INFO] [CalibrationManager] Değişiklik kaydedildi:  [ -> 5]
[00:17:12.972] [INFO] [CalibrationManager] Değişiklik kaydedildi:  [ -> 5]
[00:17:12.973] [INFO] [CalibrationManager] Değişiklik kaydedildi:  [ -> 5]
[00:17:12.974] [INFO] [CalibrationManager] Değişiklik kaydedildi:  [ -> 5]
[00:17:12.976] [INFO] [CalibrationManager] Değişiklik kaydedildi:  [ -> 5]
[00:17:12.977] [INFO] [CalibrationManager] Değişiklik kaydedildi:  [ -> 5]
[00:17:12.978] [INFO] [CalibrationManager] Değişiklik kaydedildi:  [ -> 5]
[00:17:12.980] [INFO] [CalibrationManager] Değişiklik kaydedildi:  [ -> 5]
[00:17:12.981] [INFO] [CalibrationManager] Değişiklik kaydedildi:  [ -> 5]
[00:17:12.982] [INFO] [CalibrationManager] Değişiklik kaydedildi:  [ -> 5]
[00:17:12.989] [WARNING] [RtpCalibrationEngine] Could not save persistent sync queue: The process cannot access the file 'C:\Users\ayhan\OneDrive\Desktop\Canlı OBD2 Araç Telemetri Ekranı\HondaTuner\bin\Debug\net6.0-windows\Database\pending_rtp_queue.json' because it is being used by another process.
[00:17:12.989] [INFO] [CalibrationManager] Değişiklik kaydedildi:  [ -> 5]
[00:17:12.990] [INFO] [CalibrationManager] Değişiklik kaydedildi:  [ -> 5]
[00:17:12.992] [INFO] [CalibrationManager] Değişiklik kaydedildi:  [ -> 5]
[00:17:12.994] [INFO] [CalibrationManager] Değişiklik kaydedildi:  [ -> 5]
[00:17:12.995] [INFO] [CalibrationManager] Değişiklik kaydedildi:  [ -> 5]
[00:17:12.996] [INFO] [CalibrationManager] Değişiklik kaydedildi:  [ -> 5]
[00:17:12.997] [INFO] [CalibrationManager] Değişiklik kaydedildi:  [ -> 5]
[00:17:12.999] [INFO] [CalibrationManager] Değişiklik kaydedildi:  [ -> 5]
[00:17:13.000] [INFO] [CalibrationManager] Değişiklik kaydedildi:  [ -> 5]
[00:17:13.001] [INFO] [CalibrationManager] Değişiklik kaydedildi:  [ -> 5]
[00:17:13.002] [INFO] [CalibrationManager] Değişiklik kaydedildi:  [ -> 5]
[00:17:13.004] [INFO] [CalibrationManager] Değişiklik kaydedildi:  [ -> 5]
[00:17:13.005] [INFO] [CalibrationManager] Değişiklik kaydedildi:  [ -> 5]
[00:17:13.006] [INFO] [CalibrationManager] Değişiklik kaydedildi:  [ -> 5]
[00:17:13.008] [INFO] [CalibrationManager] Değişiklik kaydedildi:  [ -> 5]
[00:17:13.009] [INFO] [CalibrationManager] Değişiklik kaydedildi:  [ -> 5]
[00:17:13.010] [INFO] [CalibrationManager] Değişiklik kaydedildi:  [ -> 5]
[00:17:13.011] [INFO] [CalibrationManager] Değişiklik kaydedildi:  [ -> 5]
[00:17:13.013] [INFO] [CalibrationManager] Değişiklik kaydedildi:  [ -> 5]
[00:17:13.014] [INFO] [CalibrationManager] Değişiklik kaydedildi:  [ -> 5]
[00:17:13.016] [INFO] [CalibrationManager] Değişiklik kaydedildi:  [ -> 5]
[00:17:13.017] [INFO] [CalibrationManager] Değişiklik kaydedildi:  [ -> 5]
[00:17:13.023] [INFO] [CalibrationManager] Değişiklik kaydedildi:  [ -> 5]
[00:17:13.024] [INFO] [CalibrationManager] Değişiklik kaydedildi:  [ -> 5]
[00:17:13.026] [INFO] [CalibrationManager] Değişiklik kaydedildi:  [ -> 5]
[00:17:13.027] [INFO] [CalibrationManager] Değişiklik kaydedildi:  [ -> 5]
[00:17:13.028] [INFO] [CalibrationManager] Değişiklik kaydedildi:  [ -> 5]
[00:17:13.029] [INFO] [CalibrationManager] Değişiklik kaydedildi:  [ -> 5]
[00:17:13.031] [INFO] [CalibrationManager] Değişiklik kaydedildi:  [ -> 5]
[00:17:13.032] [INFO] [CalibrationManager] Değişiklik kaydedildi:  [ -> 5]
[00:17:13.033] [INFO] [CalibrationManager] Değişiklik kaydedildi:  [ -> 5]
[00:17:13.034] [INFO] [CalibrationManager] Değişiklik kaydedildi:  [ -> 5]
[00:17:13.036] [INFO] [CalibrationManager] Değişiklik kaydedildi:  [ -> 5]
[00:17:13.038] [INFO] [CalibrationManager] Değişiklik kaydedildi:  [ -> 5]
[00:17:13.039] [INFO] [CalibrationManager] Değişiklik kaydedildi:  [ -> 5]
[00:17:13.040] [INFO] [CalibrationManager] Değişiklik kaydedildi:  [ -> 5]
[00:17:13.041] [INFO] [CalibrationManager] Değişiklik kaydedildi:  [ -> 5]
[00:17:13.043] [INFO] [CalibrationManager] Değişiklik kaydedildi:  [ -> 5]
[00:17:13.044] [INFO] [CalibrationManager] Değişiklik kaydedildi:  [ -> 5]
[00:17:13.045] [INFO] [CalibrationManager] Değişiklik kaydedildi:  [ -> 5]
[00:17:13.047] [INFO] [CalibrationManager] Değişiklik kaydedildi:  [ -> 5]
[00:17:13.048] [INFO] [CalibrationManager] Değişiklik kaydedildi:  [ -> 5]
[00:17:13.049] [INFO] [CalibrationManager] Değişiklik kaydedildi:  [ -> 5]
[00:17:13.051] [INFO] [CalibrationManager] Değişiklik kaydedildi:  [ -> 5]
[00:17:13.052] [INFO] [CalibrationManager] Değişiklik kaydedildi:  [ -> 5]
[00:17:13.060] [INFO] [CalibrationManager] Değişiklik kaydedildi:  [ -> 5]
[00:17:13.061] [INFO] [CalibrationManager] Değişiklik kaydedildi:  [ -> 5]
[00:17:13.062] [INFO] [CalibrationManager] Değişiklik kaydedildi:  [ -> 5]
[00:17:13.064] [INFO] [CalibrationManager] Değişiklik kaydedildi:  [ -> 5]
[00:17:13.065] [INFO] [CalibrationManager] Değişiklik kaydedildi:  [ -> 5]
[00:17:13.066] [INFO] [CalibrationManager] Değişiklik kaydedildi:  [ -> 5]
[00:17:13.067] [INFO] [CalibrationManager] Değişiklik kaydedildi:  [ -> 5]
[00:17:13.069] [INFO] [CalibrationManager] Değişiklik kaydedildi:  [ -> 5]
[00:17:13.070] [INFO] [CalibrationManager] Değişiklik kaydedildi:  [ -> 5]
[00:17:13.071] [INFO] [CalibrationManager] Değişiklik kaydedildi:  [ -> 5]
[00:17:13.073] [INFO] [CalibrationManager] Değişiklik kaydedildi:  [ -> 5]
[00:17:13.074] [INFO] [CalibrationManager] Değişiklik kaydedildi:  [ -> 5]
[00:17:13.076] [INFO] [CalibrationManager] Değişiklik kaydedildi:  [ -> 5]
[00:17:13.077] [INFO] [CalibrationManager] Değişiklik kaydedildi:  [ -> 5]
[00:17:13.078] [INFO] [CalibrationManager] Değişiklik kaydedildi:  [ -> 5]
[00:17:13.079] [INFO] [CalibrationManager] Değişiklik kaydedildi:  [ -> 5]
[00:17:13.081] [INFO] [CalibrationManager] Değişiklik kaydedildi:  [ -> 5]
[00:17:13.086] [WARNING] [RtpCalibrationEngine] Could not save persistent sync queue: The process cannot access the file 'C:\Users\ayhan\OneDrive\Desktop\Canlı OBD2 Araç Telemetri Ekranı\HondaTuner\bin\Debug\net6.0-windows\Database\pending_rtp_queue.json' because it is being used by another process.
[00:17:13.086] [INFO] [CalibrationManager] Değişiklik kaydedildi:  [ -> 5]
[00:17:13.087] [INFO] [CalibrationManager] Değişiklik kaydedildi:  [ -> 5]
[00:17:13.089] [INFO] [CalibrationManager] Değişiklik kaydedildi:  [ -> 5]
[00:17:13.090] [INFO] [CalibrationManager] Değişiklik kaydedildi:  [ -> 5]
[00:17:13.091] [INFO] [CalibrationManager] Değişiklik kaydedildi:  [ -> 5]
[00:17:13.093] [INFO] [CalibrationManager] Değişiklik kaydedildi:  [ -> 5]
[00:17:13.094] [INFO] [CalibrationManager] Değişiklik kaydedildi:  [ -> 5]
[00:17:13.095] [INFO] [CalibrationManager] Değişiklik kaydedildi:  [ -> 5]
[00:17:13.096] [INFO] [CalibrationManager] Değişiklik kaydedildi:  [ -> 5]
[00:17:13.098] [INFO] [CalibrationManager] Değişiklik kaydedildi:  [ -> 5]
[00:17:13.099] [INFO] [CalibrationManager] Değişiklik kaydedildi:  [ -> 5]
[00:17:13.101] [INFO] [CalibrationManager] Değişiklik kaydedildi:  [ -> 5]
[00:17:13.102] [INFO] [CalibrationManager] Değişiklik kaydedildi:  [ -> 5]
[00:17:13.103] [INFO] [CalibrationManager] Değişiklik kaydedildi:  [ -> 5]
[00:17:13.105] [INFO] [CalibrationManager] Değişiklik kaydedildi:  [ -> 5]
[00:17:13.106] [INFO] [CalibrationManager] Değişiklik kaydedildi:  [ -> 5]
[00:17:13.107] [INFO] [CalibrationManager] Değişiklik kaydedildi:  [ -> 5]
[00:17:13.108] [INFO] [CalibrationManager] Değişiklik kaydedildi:  [ -> 5]
[00:17:13.109] [INFO] [CalibrationManager] Değişiklik kaydedildi:  [ -> 5]
[00:17:13.110] [INFO] [CalibrationManager] Değişiklik kaydedildi:  [ -> 5]
[00:17:13.112] [INFO] [CalibrationManager] Değişiklik kaydedildi:  [ -> 5]
[00:17:13.113] [INFO] [CalibrationManager] Değişiklik kaydedildi:  [ -> 5]
[00:17:13.114] [INFO] [CalibrationManager] Değişiklik kaydedildi:  [ -> 5]
[00:17:13.115] [INFO] [CalibrationManager] Değişiklik kaydedildi:  [ -> 5]
[00:17:13.117] [INFO] [CalibrationManager] Değişiklik kaydedildi:  [ -> 5]
[00:17:13.118] [INFO] [CalibrationManager] Değişiklik kaydedildi:  [ -> 5]
[00:17:13.119] [INFO] [CalibrationManager] Değişiklik kaydedildi:  [ -> 5]
[00:17:13.121] [INFO] [CalibrationManager] Değişiklik kaydedildi:  [ -> 5]
[00:17:13.122] [INFO] [CalibrationManager] Değişiklik kaydedildi:  [ -> 5]
[00:17:13.123] [INFO] [CalibrationManager] Değişiklik kaydedildi:  [ -> 5]
[00:17:13.125] [INFO] [CalibrationManager] Değişiklik kaydedildi:  [ -> 5]
[00:17:13.126] [INFO] [CalibrationManager] Değişiklik kaydedildi:  [ -> 5]
[00:17:13.127] [INFO] [CalibrationManager] Değişiklik kaydedildi:  [ -> 5]
[00:17:13.129] [INFO] [CalibrationManager] Değişiklik kaydedildi:  [ -> 5]
[00:17:13.130] [INFO] [CalibrationManager] Değişiklik kaydedildi:  [ -> 5]
[00:17:13.132] [INFO] [CalibrationManager] Değişiklik kaydedildi:  [ -> 5]
[00:17:13.133] [INFO] [CalibrationManager] Değişiklik kaydedildi:  [ -> 5]
[00:17:13.134] [INFO] [CalibrationManager] Değişiklik kaydedildi:  [ -> 5]
[00:17:13.135] [INFO] [CalibrationManager] Değişiklik kaydedildi:  [ -> 5]
[00:17:13.137] [INFO] [CalibrationManager] Değişiklik kaydedildi:  [ -> 5]
[00:17:13.138] [INFO] [CalibrationManager] Değişiklik kaydedildi:  [ -> 5]
[00:17:13.139] [INFO] [CalibrationManager] Değişiklik kaydedildi:  [ -> 5]
[00:17:13.141] [INFO] [CalibrationManager] Değişiklik kaydedildi:  [ -> 5]
[00:17:13.142] [INFO] [CalibrationManager] Değişiklik kaydedildi:  [ -> 5]
[00:17:13.143] [INFO] [CalibrationManager] Değişiklik kaydedildi:  [ -> 5]
[00:17:13.145] [INFO] [CalibrationManager] Değişiklik kaydedildi:  [ -> 5]
[00:17:13.146] [INFO] [CalibrationManager] Değişiklik kaydedildi:  [ -> 5]
[00:17:13.148] [INFO] [CalibrationManager] Değişiklik kaydedildi:  [ -> 5]
[00:17:13.149] [INFO] [CalibrationManager] Değişiklik kaydedildi:  [ -> 5]
[00:17:13.151] [INFO] [CalibrationManager] Değişiklik kaydedildi:  [ -> 5]
[00:17:13.152] [INFO] [CalibrationManager] Değişiklik kaydedildi:  [ -> 5]
[00:17:13.153] [INFO] [CalibrationManager] Değişiklik kaydedildi:  [ -> 5]
[00:17:13.155] [INFO] [CalibrationManager] Değişiklik kaydedildi:  [ -> 5]
[00:17:13.156] [INFO] [CalibrationManager] Değişiklik kaydedildi:  [ -> 5]
[00:17:13.157] [INFO] [CalibrationManager] Değişiklik kaydedildi:  [ -> 5]
[00:17:13.158] [INFO] [CalibrationManager] Değişiklik kaydedildi:  [ -> 5]
[00:17:13.160] [INFO] [CalibrationManager] Değişiklik kaydedildi:  [ -> 5]
[00:17:13.161] [INFO] [CalibrationManager] Değişiklik kaydedildi:  [ -> 5]
[00:17:13.162] [INFO] [CalibrationManager] Değişiklik kaydedildi:  [ -> 5]
[00:17:13.164] [INFO] [CalibrationManager] Değişiklik kaydedildi:  [ -> 5]
[00:17:13.165] [INFO] [CalibrationManager] Değişiklik kaydedildi:  [ -> 5]
[00:17:13.167] [INFO] [CalibrationManager] Değişiklik kaydedildi:  [ -> 5]
[00:17:13.168] [INFO] [CalibrationManager] Değişiklik kaydedildi:  [ -> 5]
[00:17:13.169] [INFO] [CalibrationManager] Değişiklik kaydedildi:  [ -> 5]
[00:17:13.171] [INFO] [CalibrationManager] Değişiklik kaydedildi:  [ -> 5]
[00:17:13.172] [INFO] [CalibrationManager] Değişiklik kaydedildi:  [ -> 5]
[00:17:13.173] [INFO] [CalibrationManager] Değişiklik kaydedildi:  [ -> 5]
[00:17:13.174] [INFO] [CalibrationManager] Değişiklik kaydedildi:  [ -> 5]
[00:17:13.176] [INFO] [CalibrationManager] Değişiklik kaydedildi:  [ -> 5]
[00:17:13.177] [INFO] [CalibrationManager] Değişiklik kaydedildi:  [ -> 5]
[00:17:13.178] [INFO] [CalibrationManager] Değişiklik kaydedildi:  [ -> 5]
[00:17:13.180] [INFO] [CalibrationManager] Değişiklik kaydedildi:  [ -> 5]
[00:17:13.181] [INFO] [CalibrationManager] Değişiklik kaydedildi:  [ -> 5]
[00:17:13.183] [INFO] [CalibrationManager] Değişiklik kaydedildi:  [ -> 5]
[00:17:13.184] [INFO] [CalibrationManager] Değişiklik kaydedildi:  [ -> 5]
[00:17:13.185] [INFO] [CalibrationManager] Değişiklik kaydedildi:  [ -> 5]
[00:17:13.186] [INFO] [CalibrationManager] Değişiklik kaydedildi:  [ -> 5]
[00:17:13.188] [INFO] [CalibrationManager] Değişiklik kaydedildi:  [ -> 5]
[00:17:13.189] [INFO] [CalibrationManager] Değişiklik kaydedildi:  [ -> 5]
[00:17:13.190] [INFO] [CalibrationManager] Değişiklik kaydedildi:  [ -> 5]
[00:17:13.192] [INFO] [CalibrationManager] Değişiklik kaydedildi:  [ -> 5]
[00:17:13.193] [INFO] [CalibrationManager] Değişiklik kaydedildi:  [ -> 5]
[00:17:13.194] [INFO] [CalibrationManager] Değişiklik kaydedildi:  [ -> 5]
[00:17:13.195] [INFO] [CalibrationManager] Değişiklik kaydedildi:  [ -> 5]
[00:17:13.197] [INFO] [CalibrationManager] Değişiklik kaydedildi:  [ -> 5]
[00:17:13.198] [INFO] [CalibrationManager] Değişiklik kaydedildi:  [ -> 5]
[00:17:13.199] [INFO] [CalibrationManager] Değişiklik kaydedildi:  [ -> 5]
[00:17:13.201] [INFO] [CalibrationManager] Değişiklik kaydedildi:  [ -> 5]
[00:17:13.202] [INFO] [CalibrationManager] Değişiklik kaydedildi:  [ -> 5]
[00:17:13.204] [INFO] [CalibrationManager] Değişiklik kaydedildi:  [ -> 5]
[00:17:13.205] [INFO] [CalibrationManager] Değişiklik kaydedildi:  [ -> 5]
[00:17:13.207] [INFO] [CalibrationManager] Değişiklik kaydedildi:  [ -> 5]
[00:17:13.208] [INFO] [CalibrationManager] Değişiklik kaydedildi:  [ -> 5]
[00:17:13.210] [INFO] [CalibrationManager] Değişiklik kaydedildi:  [ -> 5]
[00:17:13.211] [INFO] [CalibrationManager] Değişiklik kaydedildi:  [ -> 5]
[00:17:13.212] [INFO] [CalibrationManager] Değişiklik kaydedildi:  [ -> 5]
[00:17:13.214] [INFO] [CalibrationManager] Değişiklik kaydedildi:  [ -> 5]
[00:17:13.215] [INFO] [CalibrationManager] Değişiklik kaydedildi:  [ -> 5]
[00:17:13.216] [INFO] [CalibrationManager] Değişiklik kaydedildi:  [ -> 5]
[00:17:13.217] [INFO] [CalibrationManager] Değişiklik kaydedildi:  [ -> 5]
[00:17:13.219] [INFO] [CalibrationManager] Değişiklik kaydedildi:  [ -> 5]
[00:17:13.220] [INFO] [CalibrationManager] Değişiklik kaydedildi:  [ -> 5]
[00:17:13.221] [INFO] [CalibrationManager] Değişiklik kaydedildi:  [ -> 5]
[00:17:13.223] [INFO] [CalibrationManager] Değişiklik kaydedildi:  [ -> 5]
[00:17:13.224] [INFO] [CalibrationManager] Değişiklik kaydedildi:  [ -> 5]
[00:17:13.225] [INFO] [CalibrationManager] Değişiklik kaydedildi:  [ -> 5]
[00:17:13.227] [INFO] [CalibrationManager] Değişiklik kaydedildi:  [ -> 5]
[00:17:13.228] [INFO] [CalibrationManager] Değişiklik kaydedildi:  [ -> 5]
[00:17:13.230] [INFO] [CalibrationManager] Değişiklik kaydedildi:  [ -> 5]
[00:17:13.231] [INFO] [CalibrationManager] Değişiklik kaydedildi:  [ -> 5]
[00:17:13.236] [WARNING] [RtpCalibrationEngine] Could not save persistent sync queue: The process cannot access the file 'C:\Users\ayhan\OneDrive\Desktop\Canlı OBD2 Araç Telemetri Ekranı\HondaTuner\bin\Debug\net6.0-windows\Database\pending_rtp_queue.json' because it is being used by another process.
[00:17:13.237] [INFO] [CalibrationManager] Değişiklik kaydedildi:  [ -> 5]
[00:17:13.238] [INFO] [CalibrationManager] Değişiklik kaydedildi:  [ -> 5]
[00:17:13.239] [INFO] [CalibrationManager] Değişiklik kaydedildi:  [ -> 5]
[00:17:13.241] [INFO] [CalibrationManager] Değişiklik kaydedildi:  [ -> 5]
[00:17:13.242] [INFO] [CalibrationManager] Değişiklik kaydedildi:  [ -> 5]
[00:17:13.244] [INFO] [CalibrationManager] Değişiklik kaydedildi:  [ -> 5]
[00:17:13.245] [INFO] [CalibrationManager] Değişiklik kaydedildi:  [ -> 5]
[00:17:13.247] [INFO] [CalibrationManager] Değişiklik kaydedildi:  [ -> 5]
[00:17:13.248] [INFO] [CalibrationManager] Değişiklik kaydedildi:  [ -> 5]
[00:17:13.250] [INFO] [CalibrationManager] Değişiklik kaydedildi:  [ -> 5]
[00:17:13.252] [INFO] [CalibrationManager] Değişiklik kaydedildi:  [ -> 5]
[00:17:13.253] [INFO] [CalibrationManager] Değişiklik kaydedildi:  [ -> 5]
[00:17:13.255] [INFO] [CalibrationManager] Değişiklik kaydedildi:  [ -> 5]
[00:17:13.256] [INFO] [CalibrationManager] Değişiklik kaydedildi:  [ -> 5]
[00:17:13.257] [INFO] [CalibrationManager] Değişiklik kaydedildi:  [ -> 5]
[00:17:13.259] [INFO] [CalibrationManager] Değişiklik kaydedildi:  [ -> 5]
[00:17:13.260] [INFO] [CalibrationManager] Değişiklik kaydedildi:  [ -> 5]
[00:17:13.262] [INFO] [CalibrationManager] Değişiklik kaydedildi:  [ -> 5]
[00:17:13.263] [INFO] [CalibrationManager] Değişiklik kaydedildi:  [ -> 5]
[00:17:13.264] [INFO] [CalibrationManager] Değişiklik kaydedildi:  [ -> 5]
[00:17:13.266] [INFO] [CalibrationManager] Değişiklik kaydedildi:  [ -> 5]
[00:17:13.267] [INFO] [CalibrationManager] Değişiklik kaydedildi:  [ -> 5]
[00:17:13.269] [INFO] [CalibrationManager] Değişiklik kaydedildi:  [ -> 5]
[00:17:13.270] [INFO] [CalibrationManager] Değişiklik kaydedildi:  [ -> 5]
[00:17:13.271] [INFO] [CalibrationManager] Değişiklik kaydedildi:  [ -> 5]
[00:17:13.273] [INFO] [CalibrationManager] Değişiklik kaydedildi:  [ -> 5]
[00:17:13.274] [INFO] [CalibrationManager] Değişiklik kaydedildi:  [ -> 5]
[00:17:13.276] [INFO] [CalibrationManager] Değişiklik kaydedildi:  [ -> 5]
[00:17:13.277] [INFO] [CalibrationManager] Değişiklik kaydedildi:  [ -> 5]
[00:17:13.278] [INFO] [CalibrationManager] Değişiklik kaydedildi:  [ -> 5]
[00:17:13.280] [INFO] [CalibrationManager] Değişiklik kaydedildi:  [ -> 5]
[00:17:13.281] [INFO] [CalibrationManager] Değişiklik kaydedildi:  [ -> 5]
[00:17:13.282] [INFO] [CalibrationManager] Değişiklik kaydedildi:  [ -> 5]
[00:17:13.284] [INFO] [CalibrationManager] Değişiklik kaydedildi:  [ -> 5]
[00:17:13.285] [INFO] [CalibrationManager] Değişiklik kaydedildi:  [ -> 5]
[00:17:13.286] [INFO] [CalibrationManager] Değişiklik kaydedildi:  [ -> 5]
[00:17:13.288] [INFO] [CalibrationManager] Değişiklik kaydedildi:  [ -> 5]
[00:17:13.290] [INFO] [CalibrationManager] Değişiklik kaydedildi:  [ -> 5]
[00:17:13.292] [INFO] [CalibrationManager] Değişiklik kaydedildi:  [ -> 5]
[00:17:13.293] [INFO] [CalibrationManager] Değişiklik kaydedildi:  [ -> 5]
[00:17:13.294] [INFO] [CalibrationManager] Değişiklik kaydedildi:  [ -> 5]
[00:17:13.296] [INFO] [CalibrationManager] Değişiklik kaydedildi:  [ -> 5]
[00:17:13.297] [INFO] [CalibrationManager] Değişiklik kaydedildi:  [ -> 5]
[00:17:13.298] [INFO] [CalibrationManager] Değişiklik kaydedildi:  [ -> 5]
[00:17:13.300] [INFO] [CalibrationManager] Değişiklik kaydedildi:  [ -> 5]
[00:17:13.301] [INFO] [CalibrationManager] Değişiklik kaydedildi:  [ -> 5]
[00:17:13.303] [INFO] [CalibrationManager] Değişiklik kaydedildi:  [ -> 5]
[00:17:13.304] [INFO] [CalibrationManager] Değişiklik kaydedildi:  [ -> 5]
[00:17:13.314] [INFO] [CalibrationManager] Değişiklik kaydedildi:  [ -> 5]
[00:17:13.315] [INFO] [CalibrationManager] Değişiklik kaydedildi:  [ -> 5]
[00:17:13.317] [INFO] [CalibrationManager] Değişiklik kaydedildi:  [ -> 5]
[00:17:13.318] [INFO] [CalibrationManager] Değişiklik kaydedildi:  [ -> 5]
[00:17:13.320] [INFO] [CalibrationManager] Değişiklik kaydedildi:  [ -> 5]
[00:17:13.321] [INFO] [CalibrationManager] Değişiklik kaydedildi:  [ -> 5]
[00:17:13.323] [INFO] [CalibrationManager] Değişiklik kaydedildi:  [ -> 5]
[00:17:13.324] [INFO] [CalibrationManager] Değişiklik kaydedildi:  [ -> 5]
[00:17:13.326] [INFO] [CalibrationManager] Değişiklik kaydedildi:  [ -> 5]
[00:17:13.327] [INFO] [CalibrationManager] Değişiklik kaydedildi:  [ -> 5]
[00:17:13.328] [INFO] [CalibrationManager] Değişiklik kaydedildi:  [ -> 5]
[00:17:13.330] [INFO] [CalibrationManager] Değişiklik kaydedildi:  [ -> 5]
[00:17:13.331] [INFO] [CalibrationManager] Değişiklik kaydedildi:  [ -> 5]
[00:17:13.333] [INFO] [CalibrationManager] Değişiklik kaydedildi:  [ -> 5]
[00:17:13.335] [INFO] [CalibrationManager] Değişiklik kaydedildi:  [ -> 5]
[00:17:13.336] [INFO] [CalibrationManager] Değişiklik kaydedildi:  [ -> 5]
[00:17:13.343] [WARNING] [RtpCalibrationEngine] Could not save persistent sync queue: The process cannot access the file 'C:\Users\ayhan\OneDrive\Desktop\Canlı OBD2 Araç Telemetri Ekranı\HondaTuner\bin\Debug\net6.0-windows\Database\pending_rtp_queue.json' because it is being used by another process.
[00:17:13.344] [INFO] [CalibrationManager] Değişiklik kaydedildi:  [ -> 5]
[00:17:13.345] [INFO] [CalibrationManager] Değişiklik kaydedildi:  [ -> 5]
[00:17:13.346] [INFO] [CalibrationManager] Değişiklik kaydedildi:  [ -> 5]
[00:17:13.348] [INFO] [CalibrationManager] Değişiklik kaydedildi:  [ -> 5]
[00:17:13.349] [INFO] [CalibrationManager] Değişiklik kaydedildi:  [ -> 5]
[00:17:13.350] [INFO] [CalibrationManager] Değişiklik kaydedildi:  [ -> 5]
[00:17:13.352] [INFO] [CalibrationManager] Değişiklik kaydedildi:  [ -> 5]
[00:17:13.353] [INFO] [CalibrationManager] Değişiklik kaydedildi:  [ -> 5]
[00:17:13.355] [INFO] [CalibrationManager] Değişiklik kaydedildi:  [ -> 5]
[00:17:13.356] [INFO] [CalibrationManager] Değişiklik kaydedildi:  [ -> 5]
[00:17:13.358] [INFO] [CalibrationManager] Değişiklik kaydedildi:  [ -> 5]
[00:17:13.360] [INFO] [CalibrationManager] Değişiklik kaydedildi:  [ -> 5]
[00:17:13.361] [INFO] [CalibrationManager] Değişiklik kaydedildi:  [ -> 5]
[00:17:13.363] [INFO] [CalibrationManager] Değişiklik kaydedildi:  [ -> 5]
[00:17:13.364] [INFO] [CalibrationManager] Değişiklik kaydedildi:  [ -> 5]
[00:17:13.365] [INFO] [CalibrationManager] Değişiklik kaydedildi:  [ -> 5]
[00:17:13.367] [INFO] [CalibrationManager] Değişiklik kaydedildi:  [ -> 5]
[00:17:13.368] [INFO] [CalibrationManager] Değişiklik kaydedildi:  [ -> 5]
[00:17:13.370] [INFO] [CalibrationManager] Değişiklik kaydedildi:  [ -> 5]
[00:17:13.371] [INFO] [CalibrationManager] Değişiklik kaydedildi:  [ -> 5]
[00:17:13.372] [INFO] [CalibrationManager] Değişiklik kaydedildi:  [ -> 5]
[00:17:13.375] [INFO] [CalibrationManager] Değişiklik kaydedildi:  [ -> 5]
[00:17:13.376] [INFO] [CalibrationManager] Değişiklik kaydedildi:  [ -> 5]
[00:17:13.378] [INFO] [CalibrationManager] Değişiklik kaydedildi:  [ -> 5]
[00:17:13.379] [INFO] [CalibrationManager] Değişiklik kaydedildi:  [ -> 5]
[00:17:13.380] [INFO] [CalibrationManager] Değişiklik kaydedildi:  [ -> 5]
[00:17:13.382] [INFO] [CalibrationManager] Değişiklik kaydedildi:  [ -> 5]
[00:17:13.383] [INFO] [CalibrationManager] Değişiklik kaydedildi:  [ -> 5]
[00:17:13.385] [INFO] [CalibrationManager] Değişiklik kaydedildi:  [ -> 5]
[00:17:13.386] [INFO] [CalibrationManager] Değişiklik kaydedildi:  [ -> 5]
[00:17:13.388] [INFO] [CalibrationManager] Değişiklik kaydedildi:  [ -> 5]
[00:17:13.389] [INFO] [CalibrationManager] Değişiklik kaydedildi:  [ -> 5]
[00:17:13.391] [INFO] [CalibrationManager] Değişiklik kaydedildi:  [ -> 5]
[00:17:13.392] [INFO] [CalibrationManager] Değişiklik kaydedildi:  [ -> 5]
[00:17:13.393] [INFO] [CalibrationManager] Değişiklik kaydedildi:  [ -> 5]
[00:17:13.395] [INFO] [CalibrationManager] Değişiklik kaydedildi:  [ -> 5]
[00:17:13.396] [INFO] [CalibrationManager] Değişiklik kaydedildi:  [ -> 5]
[00:17:13.398] [INFO] [CalibrationManager] Değişiklik kaydedildi:  [ -> 5]
[00:17:13.399] [INFO] [CalibrationManager] Değişiklik kaydedildi:  [ -> 5]
[00:17:13.401] [INFO] [CalibrationManager] Değişiklik kaydedildi:  [ -> 5]
[00:17:13.402] [INFO] [CalibrationManager] Değişiklik kaydedildi:  [ -> 5]
[00:17:13.404] [INFO] [CalibrationManager] Değişiklik kaydedildi:  [ -> 5]
[00:17:13.405] [INFO] [CalibrationManager] Değişiklik kaydedildi:  [ -> 5]
[00:17:13.408] [INFO] [CalibrationManager] Değişiklik kaydedildi:  [ -> 5]
[00:17:13.409] [INFO] [CalibrationManager] Değişiklik kaydedildi:  [ -> 5]
[00:17:13.411] [INFO] [CalibrationManager] Değişiklik kaydedildi:  [ -> 5]
[00:17:13.412] [INFO] [CalibrationManager] Değişiklik kaydedildi:  [ -> 5]
[00:17:13.414] [INFO] [CalibrationManager] Değişiklik kaydedildi:  [ -> 5]
[00:17:13.415] [INFO] [CalibrationManager] Değişiklik kaydedildi:  [ -> 5]
[00:17:13.417] [INFO] [CalibrationManager] Değişiklik kaydedildi:  [ -> 5]
[00:17:13.418] [INFO] [CalibrationManager] Değişiklik kaydedildi:  [ -> 5]
[00:17:13.420] [INFO] [CalibrationManager] Değişiklik kaydedildi:  [ -> 5]
[00:17:13.422] [INFO] [CalibrationManager] Değişiklik kaydedildi:  [ -> 5]
[00:17:13.423] [INFO] [CalibrationManager] Değişiklik kaydedildi:  [ -> 5]
[00:17:13.425] [INFO] [CalibrationManager] Değişiklik kaydedildi:  [ -> 5]
[00:17:13.426] [INFO] [CalibrationManager] Değişiklik kaydedildi:  [ -> 5]
[00:17:13.428] [INFO] [CalibrationManager] Değişiklik kaydedildi:  [ -> 5]
[00:17:13.430] [INFO] [CalibrationManager] Değişiklik kaydedildi:  [ -> 5]
[00:17:13.431] [INFO] [CalibrationManager] Değişiklik kaydedildi:  [ -> 5]
[00:17:13.432] [INFO] [CalibrationManager] Değişiklik kaydedildi:  [ -> 5]
[00:17:13.434] [INFO] [CalibrationManager] Değişiklik kaydedildi:  [ -> 5]
[00:17:13.435] [INFO] [CalibrationManager] Değişiklik kaydedildi:  [ -> 5]
[00:17:13.437] [INFO] [CalibrationManager] Değişiklik kaydedildi:  [ -> 5]
[00:17:13.439] [INFO] [CalibrationManager] Değişiklik kaydedildi:  [ -> 5]
[00:17:13.441] [INFO] [CalibrationManager] Değişiklik kaydedildi:  [ -> 5]
[00:17:13.443] [INFO] [CalibrationManager] Değişiklik kaydedildi:  [ -> 5]
[00:17:13.444] [INFO] [CalibrationManager] Değişiklik kaydedildi:  [ -> 5]
[00:17:13.446] [INFO] [CalibrationManager] Değişiklik kaydedildi:  [ -> 5]
[00:17:13.447] [INFO] [CalibrationManager] Değişiklik kaydedildi:  [ -> 5]
[00:17:13.449] [INFO] [CalibrationManager] Değişiklik kaydedildi:  [ -> 5]
[00:17:13.450] [INFO] [CalibrationManager] Değişiklik kaydedildi:  [ -> 5]
[00:17:13.452] [INFO] [CalibrationManager] Değişiklik kaydedildi:  [ -> 5]
[00:17:13.453] [INFO] [CalibrationManager] Değişiklik kaydedildi:  [ -> 5]
[00:17:13.455] [INFO] [CalibrationManager] Değişiklik kaydedildi:  [ -> 5]
[00:17:13.456] [INFO] [CalibrationManager] Değişiklik kaydedildi:  [ -> 5]
[00:17:13.458] [INFO] [CalibrationManager] Değişiklik kaydedildi:  [ -> 5]
[00:17:13.459] [INFO] [CalibrationManager] Değişiklik kaydedildi:  [ -> 5]
[00:17:13.461] [INFO] [CalibrationManager] Değişiklik kaydedildi:  [ -> 5]
[00:17:13.462] [INFO] [CalibrationManager] Değişiklik kaydedildi:  [ -> 5]
[00:17:13.464] [INFO] [CalibrationManager] Değişiklik kaydedildi:  [ -> 5]
[00:17:13.465] [INFO] [CalibrationManager] Değişiklik kaydedildi:  [ -> 5]
[00:17:13.467] [INFO] [CalibrationManager] Değişiklik kaydedildi:  [ -> 5]
[00:17:13.468] [INFO] [CalibrationManager] Değişiklik kaydedildi:  [ -> 5]
[00:17:13.470] [INFO] [CalibrationManager] Değişiklik kaydedildi:  [ -> 5]
[00:17:13.472] [INFO] [CalibrationManager] Değişiklik kaydedildi:  [ -> 5]
[00:17:13.474] [INFO] [CalibrationManager] Değişiklik kaydedildi:  [ -> 5]
[00:17:13.476] [INFO] [CalibrationManager] Değişiklik kaydedildi:  [ -> 5]
[00:17:13.477] [INFO] [CalibrationManager] Değişiklik kaydedildi:  [ -> 5]
[00:17:13.479] [INFO] [CalibrationManager] Değişiklik kaydedildi:  [ -> 5]
[00:17:13.480] [INFO] [CalibrationManager] Değişiklik kaydedildi:  [ -> 5]
[00:17:13.481] [INFO] [CalibrationManager] Değişiklik kaydedildi:  [ -> 5]
[00:17:13.483] [INFO] [CalibrationManager] Değişiklik kaydedildi:  [ -> 5]
[00:17:13.485] [INFO] [CalibrationManager] Değişiklik kaydedildi:  [ -> 5]
[00:17:13.486] [INFO] [CalibrationManager] Değişiklik kaydedildi:  [ -> 5]
[00:17:13.487] [INFO] [CalibrationManager] Değişiklik kaydedildi:  [ -> 5]
[00:17:13.489] [INFO] [CalibrationManager] Değişiklik kaydedildi:  [ -> 5]
[00:17:13.490] [INFO] [CalibrationManager] Değişiklik kaydedildi:  [ -> 5]
[00:17:13.492] [INFO] [CalibrationManager] Değişiklik kaydedildi:  [ -> 5]
[00:17:13.493] [INFO] [CalibrationManager] Değişiklik kaydedildi:  [ -> 5]
[00:17:13.495] [INFO] [CalibrationManager] Değişiklik kaydedildi:  [ -> 5]
[00:17:13.496] [INFO] [CalibrationManager] Değişiklik kaydedildi:  [ -> 5]
[00:17:13.498] [INFO] [CalibrationManager] Değişiklik kaydedildi:  [ -> 5]
[00:17:13.499] [INFO] [CalibrationManager] Değişiklik kaydedildi:  [ -> 5]
[00:17:13.502] [INFO] [CalibrationManager] Değişiklik kaydedildi:  [ -> 5]
[00:17:13.503] [INFO] [CalibrationManager] Değişiklik kaydedildi:  [ -> 5]
[00:17:13.505] [INFO] [CalibrationManager] Değişiklik kaydedildi:  [ -> 5]
[00:17:13.506] [INFO] [CalibrationManager] Değişiklik kaydedildi:  [ -> 5]
[00:17:13.508] [INFO] [CalibrationManager] Değişiklik kaydedildi:  [ -> 5]
[00:17:13.509] [INFO] [CalibrationManager] Değişiklik kaydedildi:  [ -> 5]
[00:17:13.511] [INFO] [CalibrationManager] Değişiklik kaydedildi:  [ -> 5]
[00:17:13.512] [INFO] [CalibrationManager] Değişiklik kaydedildi:  [ -> 5]
[00:17:13.514] [INFO] [CalibrationManager] Değişiklik kaydedildi:  [ -> 5]
[00:17:13.515] [INFO] [CalibrationManager] Değişiklik kaydedildi:  [ -> 5]
[00:17:13.517] [INFO] [CalibrationManager] Değişiklik kaydedildi:  [ -> 5]
[00:17:13.518] [INFO] [CalibrationManager] Değişiklik kaydedildi:  [ -> 5]
[00:17:13.519] [INFO] [CalibrationManager] Değişiklik kaydedildi:  [ -> 5]
[00:17:13.521] [INFO] [CalibrationManager] Değişiklik kaydedildi:  [ -> 5]
[00:17:13.522] [INFO] [CalibrationManager] Değişiklik kaydedildi:  [ -> 5]
[00:17:13.524] [INFO] [CalibrationManager] Değişiklik kaydedildi:  [ -> 5]
[00:17:13.525] [INFO] [CalibrationManager] Değişiklik kaydedildi:  [ -> 5]
[00:17:13.527] [INFO] [CalibrationManager] Değişiklik kaydedildi:  [ -> 5]
[00:17:13.529] [INFO] [CalibrationManager] Değişiklik kaydedildi:  [ -> 5]
[00:17:13.531] [INFO] [CalibrationManager] Değişiklik kaydedildi:  [ -> 5]
[00:17:13.532] [INFO] [CalibrationManager] Değişiklik kaydedildi:  [ -> 5]
[00:17:13.534] [INFO] [CalibrationManager] Değişiklik kaydedildi:  [ -> 5]
[00:17:13.535] [INFO] [CalibrationManager] Değişiklik kaydedildi:  [ -> 5]
[00:17:13.537] [INFO] [CalibrationManager] Değişiklik kaydedildi:  [ -> 5]
[00:17:13.538] [INFO] [CalibrationManager] Değişiklik kaydedildi:  [ -> 5]
[00:17:13.540] [INFO] [CalibrationManager] Değişiklik kaydedildi:  [ -> 5]
[00:17:13.541] [INFO] [CalibrationManager] Değişiklik kaydedildi:  [ -> 5]
[00:17:13.543] [INFO] [CalibrationManager] Değişiklik kaydedildi:  [ -> 5]
[00:17:13.544] [INFO] [CalibrationManager] Değişiklik kaydedildi:  [ -> 5]
[00:17:13.546] [INFO] [CalibrationManager] Değişiklik kaydedildi:  [ -> 5]
[00:17:13.548] [INFO] [CalibrationManager] Değişiklik kaydedildi:  [ -> 5]
[00:17:13.549] [INFO] [CalibrationManager] Değişiklik kaydedildi:  [ -> 5]
[00:17:13.551] [INFO] [CalibrationManager] Değişiklik kaydedildi:  [ -> 5]
[00:17:13.552] [INFO] [CalibrationManager] Değişiklik kaydedildi:  [ -> 5]
[00:17:13.554] [INFO] [CalibrationManager] Değişiklik kaydedildi:  [ -> 5]
[00:17:13.556] [INFO] [CalibrationManager] Değişiklik kaydedildi:  [ -> 5]
[00:17:13.558] [INFO] [CalibrationManager] Değişiklik kaydedildi:  [ -> 5]
[00:17:13.559] [INFO] [CalibrationManager] Değişiklik kaydedildi:  [ -> 5]
[00:17:13.561] [INFO] [CalibrationManager] Değişiklik kaydedildi:  [ -> 5]
[00:17:13.562] [INFO] [CalibrationManager] Değişiklik kaydedildi:  [ -> 5]
[00:17:13.564] [INFO] [CalibrationManager] Değişiklik kaydedildi:  [ -> 5]
[00:17:13.565] [INFO] [CalibrationManager] Değişiklik kaydedildi:  [ -> 5]
[00:17:13.573] [INFO] [CalibrationManager] Değişiklik kaydedildi:  [ -> 5]
[00:17:13.574] [INFO] [CalibrationManager] Değişiklik kaydedildi:  [ -> 5]
[00:17:13.576] [INFO] [CalibrationManager] Değişiklik kaydedildi:  [ -> 5]
[00:17:13.578] [INFO] [CalibrationManager] Değişiklik kaydedildi:  [ -> 5]
[00:17:13.579] [INFO] [CalibrationManager] Değişiklik kaydedildi:  [ -> 5]
[00:17:13.581] [INFO] [CalibrationManager] Değişiklik kaydedildi:  [ -> 5]
[00:17:13.582] [INFO] [CalibrationManager] Değişiklik kaydedildi:  [ -> 5]
[00:17:13.584] [INFO] [CalibrationManager] Değişiklik kaydedildi:  [ -> 5]
[00:17:13.589] [WARNING] [RtpCalibrationEngine] Could not save persistent sync queue: The process cannot access the file 'C:\Users\ayhan\OneDrive\Desktop\Canlı OBD2 Araç Telemetri Ekranı\HondaTuner\bin\Debug\net6.0-windows\Database\pending_rtp_queue.json' because it is being used by another process.
[00:17:13.590] [INFO] [CalibrationManager] Değişiklik kaydedildi:  [ -> 5]
[00:17:13.591] [INFO] [CalibrationManager] Değişiklik kaydedildi:  [ -> 5]
[00:17:13.593] [INFO] [CalibrationManager] Değişiklik kaydedildi:  [ -> 5]
[00:17:13.596] [INFO] [CalibrationManager] Değişiklik kaydedildi:  [ -> 5]
[00:17:13.597] [INFO] [CalibrationManager] Değişiklik kaydedildi:  [ -> 5]
[00:17:13.599] [INFO] [CalibrationManager] Değişiklik kaydedildi:  [ -> 5]
[00:17:13.600] [INFO] [CalibrationManager] Değişiklik kaydedildi:  [ -> 5]
[00:17:13.602] [INFO] [CalibrationManager] Değişiklik kaydedildi:  [ -> 5]
[00:17:13.604] [INFO] [CalibrationManager] Değişiklik kaydedildi:  [ -> 5]
[00:17:13.605] [INFO] [CalibrationManager] Değişiklik kaydedildi:  [ -> 5]
[00:17:13.607] [INFO] [CalibrationManager] Değişiklik kaydedildi:  [ -> 5]
[00:17:13.608] [INFO] [CalibrationManager] Değişiklik kaydedildi:  [ -> 5]
[00:17:13.610] [INFO] [CalibrationManager] Değişiklik kaydedildi:  [ -> 5]
[00:17:13.611] [INFO] [CalibrationManager] Değişiklik kaydedildi:  [ -> 5]
[00:17:13.613] [INFO] [CalibrationManager] Değişiklik kaydedildi:  [ -> 5]
[00:17:13.614] [INFO] [CalibrationManager] Değişiklik kaydedildi:  [ -> 5]
[00:17:13.616] [INFO] [CalibrationManager] Değişiklik kaydedildi:  [ -> 5]
[00:17:13.618] [INFO] [CalibrationManager] Değişiklik kaydedildi:  [ -> 5]
[00:17:13.619] [INFO] [CalibrationManager] Değişiklik kaydedildi:  [ -> 5]
[00:17:13.622] [INFO] [CalibrationManager] Değişiklik kaydedildi:  [ -> 5]
[00:17:13.624] [INFO] [CalibrationManager] Değişiklik kaydedildi:  [ -> 5]
[00:17:13.625] [INFO] [CalibrationManager] Değişiklik kaydedildi:  [ -> 5]
[00:17:13.627] [INFO] [CalibrationManager] Değişiklik kaydedildi:  [ -> 5]
[00:17:13.628] [INFO] [CalibrationManager] Değişiklik kaydedildi:  [ -> 5]
[00:17:13.630] [INFO] [CalibrationManager] Değişiklik kaydedildi:  [ -> 5]
[00:17:13.631] [INFO] [CalibrationManager] Değişiklik kaydedildi:  [ -> 5]
[00:17:13.633] [INFO] [CalibrationManager] Değişiklik kaydedildi:  [ -> 5]
[00:17:13.635] [INFO] [CalibrationManager] Değişiklik kaydedildi:  [ -> 5]
[00:17:13.636] [INFO] [CalibrationManager] Değişiklik kaydedildi:  [ -> 5]
[00:17:13.638] [INFO] [CalibrationManager] Değişiklik kaydedildi:  [ -> 5]
[00:17:13.640] [INFO] [CalibrationManager] Değişiklik kaydedildi:  [ -> 5]
[00:17:14.050] [INFO] [RtpCalibrationEngine] Connecting to RTP emulator...
[00:17:14.050] [INFO] [RtpCalibrationEngine] RTP emulator connected successfully.
[00:17:14.050] [INFO] [RtpCalibrationEngine] Real-time synchronization active.
[00:17:14.051] [INFO] [RtpCalibrationEngine] Connecting to RTP emulator...
[00:17:14.051] [INFO] [RtpCalibrationEngine] RTP emulator connected successfully.
[00:17:14.052] [INFO] [RtpCalibrationEngine] Real-time synchronization active.
[00:17:14.056] [INFO] [CalibrationManager] Değişiklik kaydedildi:  [ -> 55]
[00:17:14.142] [ERROR] [RtpCalibrationEngine] Batch write execution failed: Batch block verification write failed: Simulated block write exception
[00:17:14.269] [INFO] [RtpCalibrationEngine] Connecting to RTP emulator...
[00:17:14.270] [INFO] [RtpCalibrationEngine] RTP emulator connected successfully.
[00:17:14.270] [INFO] [RtpCalibrationEngine] Real-time synchronization active.
[00:17:14.275] [INFO] [CalibrationManager] Değişiklik kaydedildi:  [ -> 88]
[00:17:14.359] [ERROR] [RtpCalibrationEngine] Batch write execution failed: Batch block verification write failed: Batch block verify mismatch at relative index 0. Expected: 88, Actual: 167
[00:17:14.484] [INFO] [RtpCalibrationEngine] Connecting to RTP emulator...
[00:17:14.484] [INFO] [RtpCalibrationEngine] RTP emulator connected successfully.
[00:17:14.484] [INFO] [RtpCalibrationEngine] Real-time synchronization active.
[00:17:14.489] [INFO] [CalibrationManager] Değişiklik kaydedildi:  [ -> 22]
[00:17:14.594] [INFO] [CalibrationManager] Değişiklik kaydedildi:  [ -> 22]
[00:17:14.712] [INFO] [CalibrationManager] Değişiklik kaydedildi:  [ -> 0]
[00:17:14.733] [INFO] [CalibrationManager] Değişiklik kaydedildi:  [ -> 1]
[00:17:14.746] [INFO] [CalibrationManager] Değişiklik kaydedildi:  [ -> 2]
[00:17:14.755] [INFO] [CalibrationManager] Değişiklik kaydedildi:  [ -> 3]
[00:17:14.765] [INFO] [CalibrationManager] Değişiklik kaydedildi:  [ -> 4]
[00:17:14.785] [INFO] [CalibrationManager] Değişiklik kaydedildi:  [ -> 5]
[00:17:14.795] [INFO] [CalibrationManager] Değişiklik kaydedildi:  [ -> 6]
[00:17:14.809] [INFO] [CalibrationManager] Değişiklik kaydedildi:  [ -> 0]
[00:17:14.818] [INFO] [CalibrationManager] Değişiklik kaydedildi:  [ -> 1]
[00:17:14.828] [INFO] [CalibrationManager] Değişiklik kaydedildi:  [ -> 2]
[00:17:14.838] [INFO] [CalibrationManager] Değişiklik kaydedildi:  [ -> 3]
[00:17:14.847] [INFO] [CalibrationManager] Değişiklik kaydedildi:  [ -> 4]
[00:17:14.866] [INFO] [CalibrationManager] Değişiklik kaydedildi:  [ -> 5]
[00:17:14.870] [INFO] [CalibrationManager] Değişiklik kaydedildi:  [ -> 6]
[00:17:14.876] [INFO] [CalibrationManager] Değişiklik kaydedildi:  [ -> 0]
[00:17:14.886] [INFO] [CalibrationManager] Değişiklik kaydedildi:  [ -> 1]
[00:17:14.896] [INFO] [CalibrationManager] Değişiklik kaydedildi:  [ -> 2]
[00:17:14.906] [INFO] [CalibrationManager] Değişiklik kaydedildi:  [ -> 3]
[00:17:14.916] [INFO] [CalibrationManager] Değişiklik kaydedildi:  [ -> 4]
[00:17:15.032] [INFO] [CalibrationManager] Değişiklik kaydedildi:  [ -> 5]
[00:17:15.139] [INFO] [CalibrationManager] Değişiklik kaydedildi:  [ -> 6]
[00:17:15.145] [ERROR] [RtpCalibrationEngine] RTP Configuration validation failed: Retry count must be between 0 and 10. (Parameter 'RetryCount')
[00:17:15.149] [INFO] [RtpCalibrationEngine] Recovered 1 pending changes from persistent queue on disk.
[00:17:15.175] [INFO] [RtpCalibrationEngine] Connecting to RTP emulator...
[00:17:15.175] [INFO] [RtpCalibrationEngine] RTP emulator connected successfully.
[00:17:15.176] [INFO] [RtpCalibrationEngine] Real-time synchronization active.
[00:17:15.185] [INFO] [AutoTuneSafetyManager] Güvenlik limitleri yüklendi. Etkin kural sayısı: 4
[00:17:15.185] [INFO] [AutoTuneEventPublisher] Domain olayı yayınlandı: SessionCreated (Oturum: 5d936857-b878-40bd-8bcf-7ec0204c4dba)
[00:17:15.185] [INFO] [AutoTuneEngine] Oturum başarıyla başlatıldı: 5d936857-b878-40bd-8bcf-7ec0204c4dba
[00:17:15.326] [INFO] [AutoTuneEventPublisher] Domain olayı yayınlandı: TelemetryWindowAccepted (Oturum: 5d936857-b878-40bd-8bcf-7ec0204c4dba)
[00:17:15.326] [INFO] [AutoTuneEventPublisher] Domain olayı yayınlandı: SafetyViolation (Oturum: 5d936857-b878-40bd-8bcf-7ec0204c4dba)
[00:17:15.327] [INFO] [AutoTuneEventPublisher] Domain olayı yayınlandı: DecisionCreated (Oturum: 5d936857-b878-40bd-8bcf-7ec0204c4dba)
[00:17:15.328] [INFO] [CalibrationSnapshotManager] Snapshot oluşturuldu: fa03f7b5-473c-4f24-a4f5-d107c28d1f69, Hücre sayısı: 1
[00:17:15.331] [INFO] [CalibrationRecoveryManager] Bekleyen işlem kaydedildi: 6f06e1c3-1b92-4308-9dfb-3c3b6fd4aa32
[00:17:15.335] [INFO] [CalibrationManager] Değişiklik kaydedildi: AFRTargetTable Hücre [3,4] [0 -> 15]
[00:17:15.336] [INFO] [CalibrationRecoveryManager] Bekleyen işlem temizlendi (başarılı commit).
[00:17:15.336] [INFO] [CalibrationStreamPublisher] Uygulanan değişiklik yayınlandı: Lambda adres: AFRTargetTable[3,4]
[00:17:15.337] [INFO] [AutoTuneEventPublisher] Domain olayı yayınlandı: MapChangeApplied (Oturum: 5d936857-b878-40bd-8bcf-7ec0204c4dba)
[00:17:15.337] [INFO] [AutoTuneEventPublisher] Domain olayı yayınlandı: DecisionCreated (Oturum: 5d936857-b878-40bd-8bcf-7ec0204c4dba)
[00:17:15.338] [INFO] [CalibrationSnapshotManager] Snapshot oluşturuldu: f392e884-9458-4327-baa5-b55aec371aef, Hücre sayısı: 1
[00:17:15.340] [INFO] [CalibrationRecoveryManager] Bekleyen işlem kaydedildi: c6aa2f43-6d47-4e52-a732-69c93e852af3
[00:17:15.344] [INFO] [CalibrationManager] Değişiklik kaydedildi: IgnitionTable Hücre [3,4] [15 -> 16]
[00:17:15.345] [INFO] [CalibrationRecoveryManager] Bekleyen işlem temizlendi (başarılı commit).
[00:17:15.346] [INFO] [CalibrationStreamPublisher] Uygulanan değişiklik yayınlandı: Ignition adres: IgnitionTable[3,4]
[00:17:15.346] [INFO] [AutoTuneEventPublisher] Domain olayı yayınlandı: MapChangeApplied (Oturum: 5d936857-b878-40bd-8bcf-7ec0204c4dba)
[00:17:15.347] [INFO] [AutoTuneEventPublisher] Domain olayı yayınlandı: DecisionCreated (Oturum: 5d936857-b878-40bd-8bcf-7ec0204c4dba)
[00:17:15.347] [INFO] [CalibrationSnapshotManager] Snapshot oluşturuldu: 564f70d3-b61f-4fca-9e0b-6c51a21855a0, Hücre sayısı: 1
[00:17:15.350] [INFO] [CalibrationRecoveryManager] Bekleyen işlem kaydedildi: d345bf04-5f72-4ddb-b3a6-fd912dcc9cff
[00:17:15.353] [INFO] [CalibrationManager] Değişiklik kaydedildi: FuelVETable Hücre [3,4] [16 -> 60]
[00:17:15.355] [INFO] [CalibrationRecoveryManager] Bekleyen işlem temizlendi (başarılı commit).
[00:17:15.355] [INFO] [CalibrationStreamPublisher] Uygulanan değişiklik yayınlandı: VE adres: FuelVETable[3,4]
[00:17:15.355] [INFO] [AutoTuneEventPublisher] Domain olayı yayınlandı: MapChangeApplied (Oturum: 5d936857-b878-40bd-8bcf-7ec0204c4dba)
[00:17:15.372] [INFO] [AutoTuneEventPublisher] Domain olayı yayınlandı: TelemetryWindowAccepted (Oturum: 5d936857-b878-40bd-8bcf-7ec0204c4dba)
[00:17:15.373] [INFO] [AutoTuneEventPublisher] Domain olayı yayınlandı: SafetyViolation (Oturum: 5d936857-b878-40bd-8bcf-7ec0204c4dba)
[00:17:15.373] [INFO] [AutoTuneEventPublisher] Domain olayı yayınlandı: DecisionCreated (Oturum: 5d936857-b878-40bd-8bcf-7ec0204c4dba)
[00:17:15.374] [INFO] [CalibrationSnapshotManager] Snapshot oluşturuldu: 5a8ff7ae-2eb2-474b-a63f-9d51c308f819, Hücre sayısı: 1
[00:17:15.376] [INFO] [CalibrationRecoveryManager] Bekleyen işlem kaydedildi: f68a3836-ca68-4298-b52e-4f52990655c2
[00:17:15.379] [INFO] [CalibrationManager] Değişiklik kaydedildi: AFRTargetTable Hücre [3,4] [60 -> 15]
[00:17:15.380] [INFO] [CalibrationRecoveryManager] Bekleyen işlem temizlendi (başarılı commit).
[00:17:15.380] [INFO] [CalibrationStreamPublisher] Uygulanan değişiklik yayınlandı: Lambda adres: AFRTargetTable[3,4]
[00:17:15.381] [INFO] [AutoTuneEventPublisher] Domain olayı yayınlandı: MapChangeApplied (Oturum: 5d936857-b878-40bd-8bcf-7ec0204c4dba)
[00:17:15.381] [INFO] [AutoTuneEventPublisher] Domain olayı yayınlandı: DecisionCreated (Oturum: 5d936857-b878-40bd-8bcf-7ec0204c4dba)
[00:17:15.381] [INFO] [CalibrationSnapshotManager] Snapshot oluşturuldu: 270bba55-5fbb-49af-9df6-beddfe3a11a2, Hücre sayısı: 1
[00:17:15.384] [INFO] [CalibrationRecoveryManager] Bekleyen işlem kaydedildi: 86b76769-f992-4f66-a60e-689aafc9ad95
[00:17:15.387] [INFO] [CalibrationManager] Değişiklik kaydedildi: IgnitionTable Hücre [3,4] [15 -> 16]
[00:17:15.388] [INFO] [CalibrationRecoveryManager] Bekleyen işlem temizlendi (başarılı commit).
[00:17:15.389] [INFO] [CalibrationStreamPublisher] Uygulanan değişiklik yayınlandı: Ignition adres: IgnitionTable[3,4]
[00:17:15.389] [INFO] [AutoTuneEventPublisher] Domain olayı yayınlandı: MapChangeApplied (Oturum: 5d936857-b878-40bd-8bcf-7ec0204c4dba)
[00:17:15.389] [INFO] [AutoTuneEventPublisher] Domain olayı yayınlandı: DecisionCreated (Oturum: 5d936857-b878-40bd-8bcf-7ec0204c4dba)
[00:17:15.390] [INFO] [CalibrationSnapshotManager] Snapshot oluşturuldu: e7fd8d69-cfef-4566-b023-0fb650aee65d, Hücre sayısı: 1
[00:17:15.392] [INFO] [CalibrationRecoveryManager] Bekleyen işlem kaydedildi: 0d744fac-6621-43e6-a0e9-f79bd8ddbd8b
[00:17:15.395] [INFO] [CalibrationManager] Değişiklik kaydedildi: FuelVETable Hücre [3,4] [16 -> 60]
[00:17:15.396] [INFO] [CalibrationRecoveryManager] Bekleyen işlem temizlendi (başarılı commit).
[00:17:15.397] [INFO] [CalibrationStreamPublisher] Uygulanan değişiklik yayınlandı: VE adres: FuelVETable[3,4]
[00:17:15.397] [INFO] [AutoTuneEventPublisher] Domain olayı yayınlandı: MapChangeApplied (Oturum: 5d936857-b878-40bd-8bcf-7ec0204c4dba)
[00:17:15.419] [INFO] [AutoTuneEventPublisher] Domain olayı yayınlandı: TelemetryWindowAccepted (Oturum: 5d936857-b878-40bd-8bcf-7ec0204c4dba)
[00:17:15.420] [INFO] [AutoTuneEventPublisher] Domain olayı yayınlandı: SafetyViolation (Oturum: 5d936857-b878-40bd-8bcf-7ec0204c4dba)
[00:17:15.420] [INFO] [AutoTuneEventPublisher] Domain olayı yayınlandı: DecisionCreated (Oturum: 5d936857-b878-40bd-8bcf-7ec0204c4dba)
[00:17:15.420] [INFO] [CalibrationSnapshotManager] Snapshot oluşturuldu: 78352061-ce8f-46de-bafd-f449cd84d91d, Hücre sayısı: 1
[00:17:15.422] [INFO] [CalibrationRecoveryManager] Bekleyen işlem kaydedildi: e9fd3a1f-2904-4429-a5ea-908b237f1a76
[00:17:15.425] [INFO] [CalibrationManager] Değişiklik kaydedildi: AFRTargetTable Hücre [3,4] [60 -> 15]
[00:17:15.426] [INFO] [CalibrationRecoveryManager] Bekleyen işlem temizlendi (başarılı commit).
[00:17:15.426] [INFO] [CalibrationStreamPublisher] Uygulanan değişiklik yayınlandı: Lambda adres: AFRTargetTable[3,4]
[00:17:15.426] [INFO] [AutoTuneEventPublisher] Domain olayı yayınlandı: MapChangeApplied (Oturum: 5d936857-b878-40bd-8bcf-7ec0204c4dba)
[00:17:15.426] [INFO] [AutoTuneEventPublisher] Domain olayı yayınlandı: DecisionCreated (Oturum: 5d936857-b878-40bd-8bcf-7ec0204c4dba)
[00:17:15.426] [INFO] [CalibrationSnapshotManager] Snapshot oluşturuldu: 5185b620-5c49-41cc-88fe-eefbd8130fbb, Hücre sayısı: 1
[00:17:15.429] [INFO] [CalibrationRecoveryManager] Bekleyen işlem kaydedildi: c5edebbf-32b0-4a89-b2ca-31879406676a
[00:17:15.432] [INFO] [CalibrationManager] Değişiklik kaydedildi: IgnitionTable Hücre [3,4] [15 -> 16]
[00:17:15.434] [INFO] [CalibrationRecoveryManager] Bekleyen işlem temizlendi (başarılı commit).
[00:17:15.434] [INFO] [CalibrationStreamPublisher] Uygulanan değişiklik yayınlandı: Ignition adres: IgnitionTable[3,4]
[00:17:15.435] [INFO] [AutoTuneEventPublisher] Domain olayı yayınlandı: MapChangeApplied (Oturum: 5d936857-b878-40bd-8bcf-7ec0204c4dba)
[00:17:15.435] [INFO] [AutoTuneEventPublisher] Domain olayı yayınlandı: DecisionCreated (Oturum: 5d936857-b878-40bd-8bcf-7ec0204c4dba)
[00:17:15.436] [INFO] [CalibrationSnapshotManager] Snapshot oluşturuldu: 1d9d2048-6fef-4c62-a7f9-060fd38ec95b, Hücre sayısı: 1
[00:17:15.438] [INFO] [CalibrationRecoveryManager] Bekleyen işlem kaydedildi: 7a1709a3-e7f6-4300-a8d3-46e22bc54fbf
[00:17:15.441] [INFO] [CalibrationManager] Değişiklik kaydedildi: FuelVETable Hücre [3,4] [16 -> 60]
[00:17:15.443] [INFO] [CalibrationRecoveryManager] Bekleyen işlem temizlendi (başarılı commit).
[00:17:15.443] [INFO] [CalibrationStreamPublisher] Uygulanan değişiklik yayınlandı: VE adres: FuelVETable[3,4]
[00:17:15.443] [INFO] [AutoTuneEventPublisher] Domain olayı yayınlandı: MapChangeApplied (Oturum: 5d936857-b878-40bd-8bcf-7ec0204c4dba)
[00:17:15.465] [INFO] [AutoTuneEventPublisher] Domain olayı yayınlandı: TelemetryWindowAccepted (Oturum: 5d936857-b878-40bd-8bcf-7ec0204c4dba)
[00:17:15.466] [INFO] [AutoTuneEventPublisher] Domain olayı yayınlandı: SafetyViolation (Oturum: 5d936857-b878-40bd-8bcf-7ec0204c4dba)
[00:17:15.466] [INFO] [AutoTuneEventPublisher] Domain olayı yayınlandı: DecisionCreated (Oturum: 5d936857-b878-40bd-8bcf-7ec0204c4dba)
[00:17:15.466] [INFO] [CalibrationSnapshotManager] Snapshot oluşturuldu: e7b5fab5-4fb1-460a-8f6c-47c0e288eeea, Hücre sayısı: 1
[00:17:15.469] [INFO] [CalibrationRecoveryManager] Bekleyen işlem kaydedildi: 0d008b72-ed9b-4857-ba98-007ab02b44d1
[00:17:15.476] [INFO] [CalibrationManager] Değişiklik kaydedildi: AFRTargetTable Hücre [3,4] [60 -> 15]
[00:17:15.477] [INFO] [CalibrationRecoveryManager] Bekleyen işlem temizlendi (başarılı commit).
[00:17:15.477] [INFO] [CalibrationStreamPublisher] Uygulanan değişiklik yayınlandı: Lambda adres: AFRTargetTable[3,4]
[00:17:15.478] [INFO] [AutoTuneEventPublisher] Domain olayı yayınlandı: MapChangeApplied (Oturum: 5d936857-b878-40bd-8bcf-7ec0204c4dba)
[00:17:15.478] [INFO] [AutoTuneEventPublisher] Domain olayı yayınlandı: DecisionCreated (Oturum: 5d936857-b878-40bd-8bcf-7ec0204c4dba)
[00:17:15.479] [INFO] [CalibrationSnapshotManager] Snapshot oluşturuldu: c7bb9c8d-08b1-48c1-b5aa-43fcae76816f, Hücre sayısı: 1
[00:17:15.481] [INFO] [CalibrationRecoveryManager] Bekleyen işlem kaydedildi: 3a2b59ee-dba1-4703-a123-adee70298d79
[00:17:15.485] [INFO] [CalibrationManager] Değişiklik kaydedildi: IgnitionTable Hücre [3,4] [15 -> 16]
[00:17:15.486] [INFO] [CalibrationRecoveryManager] Bekleyen işlem temizlendi (başarılı commit).
[00:17:15.486] [INFO] [CalibrationStreamPublisher] Uygulanan değişiklik yayınlandı: Ignition adres: IgnitionTable[3,4]
[00:17:15.487] [INFO] [AutoTuneEventPublisher] Domain olayı yayınlandı: MapChangeApplied (Oturum: 5d936857-b878-40bd-8bcf-7ec0204c4dba)
[00:17:15.487] [INFO] [AutoTuneEventPublisher] Domain olayı yayınlandı: DecisionCreated (Oturum: 5d936857-b878-40bd-8bcf-7ec0204c4dba)
[00:17:15.488] [INFO] [CalibrationSnapshotManager] Snapshot oluşturuldu: 1668d6a7-6190-46e3-8c6d-8a006cc3a2b4, Hücre sayısı: 1
[00:17:15.490] [INFO] [CalibrationRecoveryManager] Bekleyen işlem kaydedildi: bf92a274-343f-419c-a143-d037be306b3b
[00:17:15.494] [INFO] [CalibrationManager] Değişiklik kaydedildi: FuelVETable Hücre [3,4] [16 -> 60]
[00:17:15.495] [INFO] [CalibrationRecoveryManager] Bekleyen işlem temizlendi (başarılı commit).
[00:17:15.496] [INFO] [CalibrationStreamPublisher] Uygulanan değişiklik yayınlandı: VE adres: FuelVETable[3,4]
[00:17:15.496] [INFO] [AutoTuneEventPublisher] Domain olayı yayınlandı: MapChangeApplied (Oturum: 5d936857-b878-40bd-8bcf-7ec0204c4dba)
[00:17:15.512] [INFO] [AutoTuneEventPublisher] Domain olayı yayınlandı: TelemetryWindowAccepted (Oturum: 5d936857-b878-40bd-8bcf-7ec0204c4dba)
[00:17:15.513] [INFO] [AutoTuneEventPublisher] Domain olayı yayınlandı: SafetyViolation (Oturum: 5d936857-b878-40bd-8bcf-7ec0204c4dba)
[00:17:15.513] [INFO] [AutoTuneEventPublisher] Domain olayı yayınlandı: DecisionCreated (Oturum: 5d936857-b878-40bd-8bcf-7ec0204c4dba)
[00:17:15.513] [INFO] [CalibrationSnapshotManager] Snapshot oluşturuldu: 01ad479e-ec1a-4426-aedc-d3eb9603a7a8, Hücre sayısı: 1
[00:17:15.516] [INFO] [CalibrationRecoveryManager] Bekleyen işlem kaydedildi: 04e3ed59-0243-40e1-b519-3e166a915ae1
[00:17:15.519] [INFO] [CalibrationManager] Değişiklik kaydedildi: AFRTargetTable Hücre [3,4] [60 -> 15]
[00:17:15.520] [INFO] [CalibrationRecoveryManager] Bekleyen işlem temizlendi (başarılı commit).
[00:17:15.520] [INFO] [CalibrationStreamPublisher] Uygulanan değişiklik yayınlandı: Lambda adres: AFRTargetTable[3,4]
[00:17:15.521] [INFO] [AutoTuneEventPublisher] Domain olayı yayınlandı: MapChangeApplied (Oturum: 5d936857-b878-40bd-8bcf-7ec0204c4dba)
[00:17:15.521] [INFO] [AutoTuneEventPublisher] Domain olayı yayınlandı: DecisionCreated (Oturum: 5d936857-b878-40bd-8bcf-7ec0204c4dba)
[00:17:15.521] [INFO] [CalibrationSnapshotManager] Snapshot oluşturuldu: 76794b8f-2d8a-4a39-9940-15b5a3e70850, Hücre sayısı: 1
[00:17:15.524] [INFO] [CalibrationRecoveryManager] Bekleyen işlem kaydedildi: 1310ca70-9a32-431d-9da0-dfa491dc806c
[00:17:15.527] [INFO] [CalibrationManager] Değişiklik kaydedildi: IgnitionTable Hücre [3,4] [15 -> 16]
[00:17:15.528] [INFO] [CalibrationRecoveryManager] Bekleyen işlem temizlendi (başarılı commit).
[00:17:15.528] [INFO] [CalibrationStreamPublisher] Uygulanan değişiklik yayınlandı: Ignition adres: IgnitionTable[3,4]
[00:17:15.529] [INFO] [AutoTuneEventPublisher] Domain olayı yayınlandı: MapChangeApplied (Oturum: 5d936857-b878-40bd-8bcf-7ec0204c4dba)
[00:17:15.529] [INFO] [AutoTuneEventPublisher] Domain olayı yayınlandı: DecisionCreated (Oturum: 5d936857-b878-40bd-8bcf-7ec0204c4dba)
[00:17:15.529] [INFO] [CalibrationSnapshotManager] Snapshot oluşturuldu: 2e33b356-59a3-490f-8aae-8d1d4cc1600d, Hücre sayısı: 1
[00:17:15.532] [INFO] [CalibrationRecoveryManager] Bekleyen işlem kaydedildi: d13dce17-5989-490c-9a66-26034a7633a2
[00:17:15.542] [INFO] [CalibrationManager] Değişiklik kaydedildi: FuelVETable Hücre [3,4] [16 -> 60]
[00:17:15.543] [INFO] [CalibrationRecoveryManager] Bekleyen işlem temizlendi (başarılı commit).
[00:17:15.544] [INFO] [CalibrationStreamPublisher] Uygulanan değişiklik yayınlandı: VE adres: FuelVETable[3,4]
[00:17:15.544] [INFO] [AutoTuneEventPublisher] Domain olayı yayınlandı: MapChangeApplied (Oturum: 5d936857-b878-40bd-8bcf-7ec0204c4dba)
[00:17:15.559] [INFO] [AutoTuneEventPublisher] Domain olayı yayınlandı: TelemetryWindowAccepted (Oturum: 5d936857-b878-40bd-8bcf-7ec0204c4dba)
[00:17:15.560] [INFO] [AutoTuneEventPublisher] Domain olayı yayınlandı: SafetyViolation (Oturum: 5d936857-b878-40bd-8bcf-7ec0204c4dba)
[00:17:15.560] [INFO] [AutoTuneEventPublisher] Domain olayı yayınlandı: DecisionCreated (Oturum: 5d936857-b878-40bd-8bcf-7ec0204c4dba)
[00:17:15.560] [INFO] [CalibrationSnapshotManager] Snapshot oluşturuldu: 8e1e65f7-c888-48c1-9f10-70fabe7efcea, Hücre sayısı: 1
[00:17:15.562] [INFO] [CalibrationRecoveryManager] Bekleyen işlem kaydedildi: 22eb21ed-d7bb-4f7c-92a7-8eb7e47882af
[00:17:15.566] [INFO] [CalibrationManager] Değişiklik kaydedildi: AFRTargetTable Hücre [3,4] [60 -> 15]
[00:17:15.567] [INFO] [CalibrationRecoveryManager] Bekleyen işlem temizlendi (başarılı commit).
[00:17:15.567] [INFO] [CalibrationStreamPublisher] Uygulanan değişiklik yayınlandı: Lambda adres: AFRTargetTable[3,4]
[00:17:15.568] [INFO] [AutoTuneEventPublisher] Domain olayı yayınlandı: MapChangeApplied (Oturum: 5d936857-b878-40bd-8bcf-7ec0204c4dba)
[00:17:15.568] [INFO] [AutoTuneEventPublisher] Domain olayı yayınlandı: DecisionCreated (Oturum: 5d936857-b878-40bd-8bcf-7ec0204c4dba)
[00:17:15.568] [INFO] [CalibrationSnapshotManager] Snapshot oluşturuldu: 7d638812-ed27-418b-a852-dadfbc1c0fbe, Hücre sayısı: 1
[00:17:15.570] [INFO] [CalibrationRecoveryManager] Bekleyen işlem kaydedildi: 9569c967-83f4-456f-9490-c3927b2584a5
[00:17:15.574] [INFO] [CalibrationManager] Değişiklik kaydedildi: IgnitionTable Hücre [3,4] [15 -> 16]
[00:17:15.575] [INFO] [CalibrationRecoveryManager] Bekleyen işlem temizlendi (başarılı commit).
[00:17:15.575] [INFO] [CalibrationStreamPublisher] Uygulanan değişiklik yayınlandı: Ignition adres: IgnitionTable[3,4]
[00:17:15.576] [INFO] [AutoTuneEventPublisher] Domain olayı yayınlandı: MapChangeApplied (Oturum: 5d936857-b878-40bd-8bcf-7ec0204c4dba)
[00:17:15.576] [INFO] [AutoTuneEventPublisher] Domain olayı yayınlandı: DecisionCreated (Oturum: 5d936857-b878-40bd-8bcf-7ec0204c4dba)
[00:17:15.576] [INFO] [CalibrationSnapshotManager] Snapshot oluşturuldu: e45e3330-fa1c-4a86-91ca-6dd221a94813, Hücre sayısı: 1
[00:17:15.578] [INFO] [CalibrationRecoveryManager] Bekleyen işlem kaydedildi: ceef5199-423a-489a-8aa3-89db73e35284
[00:17:15.582] [INFO] [CalibrationManager] Değişiklik kaydedildi: FuelVETable Hücre [3,4] [16 -> 60]
[00:17:15.584] [INFO] [CalibrationRecoveryManager] Bekleyen işlem temizlendi (başarılı commit).
[00:17:15.584] [INFO] [CalibrationStreamPublisher] Uygulanan değişiklik yayınlandı: VE adres: FuelVETable[3,4]
[00:17:15.584] [INFO] [AutoTuneEventPublisher] Domain olayı yayınlandı: MapChangeApplied (Oturum: 5d936857-b878-40bd-8bcf-7ec0204c4dba)
[00:17:15.919] [INFO] [AutoTuneEventPublisher] Domain olayı yayınlandı: SessionStopped (Oturum: 5d936857-b878-40bd-8bcf-7ec0204c4dba)
[00:17:15.920] [INFO] [TestHarness] Test tamamlandÄ±: 93 geÃ§ti, 9 kaldÄ±
[00:17:15.921] [WARNING] [RomIdentifier] ROM imzası hiçbir ECU profiliyle eşleşmedi.
[00:17:15.921] [INFO] [Program] Test sonuçları:
â•â•â•â•â•â•â•â•â•â•â•â•â•â•â•â•â•â•â•â•â•â•â•â•â•â•â•â•â•â•â•â•â•â•â•â•â•â•â•â•â•â•â•â•â•â•â•
  HONDATUNER â€” OTOMATÄ°K TEST SÃœÄ°TÄ°
â•â•â•â•â•â•â•â•â•â•â•â•â•â•â•â•â•â•â•â•â•â•â•â•â•â•â•â•â•â•â•â•â•â•â•â•â•â•â•â•â•â•â•â•â•â•â•

â”€â”€ ROM Testleri â”€â”€â”€â”€â”€â”€â”€â”€â”€â”€â”€â”€â”€â”€â”€â”€â”€â”€â”€â”€â”€â”€â”€â”€â”€â”€â”€â”€â”€â”€
  âœ… ROM Identifier â€” 32KB boÅŸ ROM tanÄ±ma
  âœ… ROM Identifier â€” yanlÄ±ÅŸ boyut reddi
  âœ… ROM Patch â€” doÄŸrulama ve uygulama
  âœ… ROM Patch â€” rollback geri yÃ¼kleme

â”€â”€ Kalibrasyon Testleri â”€â”€â”€â”€â”€â”€â”€â”€â”€â”€â”€â”€â”€â”€â”€â”€â”€â”€â”€â”€â”€â”€â”€
  âœ… Injector Scaling â€” 240â†’440cc
  âœ… Injector Scaling â€” clamp to 255
  âœ… Calibration Engine â€” Commit applies value to ROM buffer
  âœ… Calibration Engine â€” Rollback restores original values in ROM buffer
  âœ… Calibration Engine â€” Undo and Redo states are fully synchronized
  âœ… Calibration Engine â€” Safety validator rejects OOR Rev Limit changes

â”€â”€ Faz 4: Map Engine & Interpolation Testleri â”€â”€
  âœ… Map Engine â€” Cell write and read accuracy
  âœ… Map Engine â€” Scale factors conversion logic
  âœ… Map Engine â€” Invalid offset out-of-range bounds check
  âœ… Map Engine â€” Transaction commits, rollbacks, and Undo/Redo integration
  âœ… Interpolation â€” 4 neighbor bilinear cell weight sum equals exactly 1.0

â”€â”€ AutoTune GÃ¼venlik Testleri â”€â”€â”€â”€â”€â”€â”€â”€â”€â”€â”€â”€â”€â”€â”€â”€â”€
  âœ… AutoTune â€” dÃ¼ÅŸÃ¼k ECT reddi
  âœ… AutoTune â€” dÃ¼ÅŸÃ¼k batarya reddi
  âœ… AutoTune â€” dÃ¼zeltme kÄ±rpma (Â±12%)

── Faz 5: Checksum Engine & Safety Layer Testleri ──
  âœ… Checksum â€” Stock ROM passes validation
  âœ… Checksum â€” Corrupt byte fails validation
  âœ… Checksum â€” Map change updates checksum successfully
  âœ… Checksum â€” VerifyBeforeSave detects bad checksum and returns false
  âœ… Checksum â€” Reloaded ROM checksum is valid
  âœ… Checksum â€” Multiple regions validation is successful

── ROM Patch Engine v2 Testleri ──
  âŒ PatchEngine — Başarılı Yama Uygulama (Hata: Yama tanımları arasında 'LaunchControl' bulunamadı.)
  âŒ PatchEngine — Yanlış ExpectedBytes Koruması (Hata: Yama tanımları arasında 'LaunchControl' bulunamadı.)
  âŒ PatchEngine — Uyumsuz ECU Koruması (Hata: Yama tanımları arasında 'SpeedLimiterPatch' bulunamadı.)
  âŒ PatchEngine — ROM Boyut Limiti Koruması (Hata: Yama tanımları arasında 'LaunchControl' bulunamadı.)
  âŒ PatchEngine — Yamayı Geri Alma (Rollback) (Apply Hata: Yama tanımları arasında 'LaunchControl' bulunamadı.)
  âŒ PatchEngine — İşlem (Transaction) Commit Entegrasyonu (Hata: Yama tanımları arasında 'LaunchControl' bulunamadı.)
  âœ… PatchEngine — İşlem Geri Alma (Transaction Rollback)
  âŒ PatchEngine — Otomatik Checksum Güncelleme (Hata: Yama tanımları arasında 'LaunchControl' bulunamadı.)
  âŒ PatchEngine — Audit Loglama Kontrolü (Hata: logs=LaunchControl:FAILED: Yama tanımları arasında 'LaunchControl' bulunamadı.)
  âŒ PatchEngine — Profil Destekli Yamaları Bulma

── Phase 7: Telemetry & Live Datalog Bus Engine Testleri ──
  âœ… Telemetry - Event Bus Publish & Subscribe
  âœ… Telemetry - Event Bus Metrics Kontrolü
  âœ… Telemetry - Kanalsal Matematiksel Formül Çözümleme
  âœ… Telemetry - Backpressure DropOldest Politikası
  âœ… Telemetry - Backpressure DropNewest Politikası
  âœ… Telemetry - Backpressure BlockPublisher Politikası
  âœ… Telemetry - Yapılandırma Dosya İzleyicisi (Hot Reload)
  âœ… Telemetry - Erişim Kontrolü Yetkilendirme Hiyerarşisi
  âœ… Telemetry - SystemClock Monotonic Ticks
  âœ… Telemetry - HighResolutionClock Performance Ticks
  âœ… Telemetry - ReplayClock Geri Oynatıcı Zaman Akışı
  âœ… Telemetry - Dairesel Bellek (RingBuffer) Kapasite Tanımı
  âœ… Telemetry - RingBuffer Aşımında Overwrite (FIFO Overlay)
  âœ… Telemetry - Moving Average Gürültü Azaltma Filtresi
  âœ… Telemetry - Median (Ortanca) Filtreleme
  âœ… Telemetry - LowPass Üstel Sinyal Yumuşatma
  âœ… Telemetry - HighPass Dalgalanma Odaklı Sinyal Filtresi
  âœ… Telemetry - MockProvider Canlı Veri Akış Simülasyonu
  âœ… Telemetry - Sağlık İzleme (HealthMonitor) Parametreleri
  âœ… Telemetry - HealthMonitor Bağlantı Kaybı Anomali Algılama
  âœ… Telemetry - Analiz Hattı (AnalyzerPipeline) Sıralı Çalışma
  âœ… Telemetry - Engine Profil Geçiş Yönetimi (Street -> Dyno)
  âœ… Telemetry - Engine Canlı Datalogging Yaşam Döngüsü
  âœ… Telemetry - GC Basıncını Azaltan Frame Nesne Havuzu
  âœ… Telemetry - Salt-Okunur (Immutable) Snaphsot Yapısı
  âœ… Telemetry - Multi-Thread Veri Giriş Stress Testi

── Phase 8: AutoTune Closed Loop Engine Testleri ──
  âœ… AutoTune - State transitions (Start, Pause, Resume, Stop) lifecycle verification
  âœ… AutoTune - Confidence score calculation under low deviation is high
  âœ… AutoTune - Confidence score calculation under high deviation is low
  âœ… AutoTune - Stable window filter standard deviation and length checks
  âœ… AutoTune - Config validator rejects JSON with missing target attributes
  âœ… AutoTune - Config validator rejects out of bounds parameter variables
  âœ… AutoTune - ParameterType safety enum structure check
  âœ… AutoTune - Session manager multi session conflict prevention
  âœ… AutoTune - Session manager releases lock and allows new allocation
  âœ… AutoTune - Recovery manager logs interrupt trace successfully to file
  âœ… AutoTune - Recovery manager restores trace and validates details
  âœ… AutoTune - Diff engine returns detailed comparison matrix values
  âœ… AutoTune - CSV Package export contains session identity and values
  âœ… AutoTune - Replay simulator matches telemetry lists deterministically
  âœ… AutoTune - SafetyRuleProvider loads dynamic rules successfully
  âœ… AutoTune - QualityScoreCalculator rates stoichiometric history cleanly near 100
  âœ… AutoTune - Telemetry loss pause and reconnect validation cycle
  âœ… AutoTune - Domain event emitter publishes valid structured transition events
  âœ… AutoTune - Calibration RTP stream publishing streams virtual changes
  âœ… AutoTune - Replay validation checks run determinism bounds
  âœ… AutoTune - Persistence layer correctly serializes state machine records and migrates schema V1 to V2
  âœ… AutoTune - Query service retrieves session lists correctly
  âœ… AutoTune - Command service issues control triggers successfully
  âœ… AutoTune - Hardware checks and SafeMode blocks writing calibrations
  âœ… AutoTune - Cell lock manager acquires, releases and traps conflicts

── Faz 9: RTP Emulator & Real-Time Calibration Engine Testleri ──
  âœ… RTP - Engine correctly registers and resolves from DI ServiceContainer
  âœ… RTP - Connection state machine cycles correctly through all states
  âœ… RTP - Transient write failures trigger automatic retries and recover successfully
  âœ… RTP - Consecutive calibration edits coalesce into a single block write
  âœ… RTP - Multi-threaded queue guarantees strict sequential write ordering
  âœ… RTP - Execution latency benchmark tracking meets target limits
  âœ… RTP - Engine sustains high-frequency (500+) update throughput stress
  âœ… RTP - Background sync worker terminates cleanly on CancellationToken request
  âœ… RTP - Hardware disconnect automatically halts sync and raises Faulted event
  âœ… RTP - Enforces read-back verification after writing values to emulator
  âœ… RTP - Idempotent synchronization ignores duplicate writes to target cells
  âœ… RTP - Backpressure policy DropOldest purges oldest queued changes under load
  âœ… RTP - Backpressure policy RejectNewest drops new updates under queue overflow
  âœ… RTP - Backpressure policy BlockProducer controls producer rates correctly
  âœ… RTP - Validation layer rejects bad config schema values at initialization
  âœ… RTP - Restores un-synced calibration state queue records on startup
  âœ… RTP - Synchronizes concurrently applied AutoTune decisions to hardware

â•â•â•â•â•â•â•â•â•â•â•â•â•â•â•â•â•â•â•â•â•â•â•â•â•â•â•â•â•â•â•â•â•â•â•â•â•â•â•â•â•â•â•â•â•â•â•
  SONUÃ‡: 93 baÅŸarÄ±lÄ±, 9 baÅŸarÄ±sÄ±z
â•â•â•â•â•â•â•â•â•â•â•â•â•â•â•â•â•â•â•â•â•â•â•â•â•â•â•â•â•â•â•â•â•â•â•â•â•â•â•â•â•â•â•â•â•â•â•
[00:17:15.921] [INFO] [Program] Örnek ROM test sonuçları:
── Örnek ROM Test Çerçevesi ───────────────────
  ✅ Checksum offset geçerli
  ✅ Bozuk ROM reddedildi
  ✅ Fuel map sınırları geçerli
  ✅ Ignition map sınırları geçerli
  ✅ Tüm profiller 32KB ROM boyutu

  Sonuç: 5 geçti, 0 kaldı
