[04:41:12.061] [INFO] [RomIdentifier] ECU Tanımlandı: P06 (Confidence: %45,7)
[04:41:12.066] [WARNING] [RomIdentifier] ROM imzası hiçbir ECU profiliyle eşleşmedi.
[04:41:12.067] [INFO] [RomPatchManager] Yama uygulandı: TEST_PATCH_1 @ 0x000A
[04:41:12.067] [INFO] [RomPatchManager] Yama uygulandı: TEST_PATCH_ROLLBACK @ 0x000A
[04:41:12.068] [INFO] [RomPatchManager] Yama geri alındı: TEST_PATCH_ROLLBACK
[04:41:12.069] [INFO] [InjectorManager] Fuel haritası ölçeklendi: 240cc → 440cc (oran: 0,545)
[04:41:12.069] [INFO] [InjectorManager] Fuel haritası ölçeklendi: 440cc → 240cc (oran: 1,833)
[04:41:12.123] [INFO] [CalibrationManager] Değişiklik kaydedildi: Fuel Cell [0,0] [50 -> 60]
[04:41:12.125] [INFO] [CalibrationManager] Değişiklik kaydedildi: Fuel Cell [0,0] [50 -> 60]
[04:41:12.126] [INFO] [CalibrationManager] Değişiklik kaydedildi: Fuel Cell [0,0] [50 -> 75]
[04:41:12.132] [INFO] [CalibrationManager] Değişiklik kaydedildi: FuelMapTest Hücre [4,5] [0 -> 123]
[04:41:12.142] [INFO] [CalibrationManager] Değişiklik kaydedildi: FuelMapTest Hücre [0,0] [0 -> 125]
[04:41:12.149] [INFO] [CalibrationManager] Değişiklik kaydedildi: FuelMapTest Hücre [1,1] [0 -> 150]
[04:41:12.166] [INFO] [CalibrationManager] Değişiklik kaydedildi: FuelMapTest Hücre [1,1] [0 -> 150]
[04:41:12.174] [DEBUG] [AutoTuneValidator] Reddedildi [ECT_LOW]: Motor sıcaklığı düşük: 50°C < 72°C
[04:41:12.174] [DEBUG] [AutoTuneValidator] Reddedildi [BATT_LOW]: Batarya düşük: 10,5V < 12V
[04:41:12.196] [INFO] [EcuDatabaseManager] Toplam 8 dinamik ECU profili yüklendi.
[04:41:12.214] [INFO] [ChecksumTest] [TRACE-1] romBuffer[0]=00
[04:41:12.222] [INFO] [ChecksumTest] [TRACE-2] tempFile[0]=00
[04:41:12.223] [INFO] [ChecksumTest] [TRACE-3] loadedBuffer[0]=00
[04:41:12.224] [INFO] [ChecksumTest] [TRACE-4] beforeSaveBuffer[0]=00
[04:41:12.226] [INFO] [ChecksumTest] [TRACE-5] afterSaveParserBuffer[0]=00
[04:41:12.234] [INFO] [ChecksumTest] [TRACE-6] reloadedFile[0]=00
[04:41:12.243] [INFO] [CalibrationManager] Değişiklik kaydedildi: Patch.LaunchControl.Byte0 [144 -> 205]
[04:41:12.253] [INFO] [CalibrationManager] Değişiklik kaydedildi: Patch.LaunchControl.Byte1 [144 -> 25]
[04:41:12.255] [INFO] [PatchEngine] Yama başarıyla uygulandı: LaunchControl @ 0x1FB0
[04:41:12.261] [INFO] [CalibrationManager] Değişiklik kaydedildi: Patch.LaunchControl.Byte0 [144 -> 205]
[04:41:12.270] [INFO] [CalibrationManager] Değişiklik kaydedildi: Patch.LaunchControl.Byte1 [144 -> 25]
[04:41:12.272] [INFO] [PatchEngine] Yama başarıyla uygulandı: LaunchControl @ 0x1FB0
[04:41:12.280] [INFO] [CalibrationManager] Değişiklik kaydedildi: Patch.LaunchControl.Byte0 [205 -> 144]
[04:41:12.289] [INFO] [CalibrationManager] Değişiklik kaydedildi: Patch.LaunchControl.Byte1 [25 -> 144]
[04:41:12.291] [INFO] [PatchEngine] Yama başarıyla geri alındı (Rollback): LaunchControl
[04:41:12.298] [INFO] [CalibrationManager] Değişiklik kaydedildi: Patch.LaunchControl.Byte0 [144 -> 205]
[04:41:12.307] [INFO] [CalibrationManager] Değişiklik kaydedildi: Patch.LaunchControl.Byte1 [144 -> 25]
[04:41:12.309] [INFO] [PatchEngine] Yama başarıyla uygulandı: LaunchControl @ 0x1FB0
[04:41:12.320] [INFO] [CalibrationManager] Değişiklik kaydedildi: Patch.LaunchControl.Byte0 [144 -> 205]
[04:41:12.330] [INFO] [CalibrationManager] Değişiklik kaydedildi: Patch.LaunchControl.Byte1 [144 -> 25]
[04:41:12.332] [INFO] [PatchEngine] Yama başarıyla uygulandı: LaunchControl @ 0x1FB0
[04:41:12.344] [INFO] [CalibrationManager] Değişiklik kaydedildi: Patch.LaunchControl.Byte0 [144 -> 205]
[04:41:12.352] [INFO] [CalibrationManager] Değişiklik kaydedildi: Patch.LaunchControl.Byte1 [144 -> 25]
[04:41:12.354] [INFO] [PatchEngine] Yama başarıyla uygulandı: LaunchControl @ 0x1FB0
[04:41:12.361] [INFO] [CalibrationManager] Değişiklik kaydedildi: Patch.LaunchControl.Byte0 [144 -> 205]
[04:41:12.368] [INFO] [CalibrationManager] Değişiklik kaydedildi: Patch.LaunchControl.Byte1 [144 -> 25]
[04:41:12.370] [INFO] [PatchEngine] Yama başarıyla uygulandı: LaunchControl @ 0x1FB0
[04:41:13.758] [INFO] [AutoTuneSafetyManager] Güvenlik limitleri yüklendi. Etkin kural sayısı: 4
[04:41:13.759] [INFO] [AutoTuneEventPublisher] Domain olayı yayınlandı: SessionCreated (Oturum: a219c744-e865-4353-a1d3-00c1cfc955a8)
[04:41:13.759] [INFO] [AutoTuneEngine] Oturum başarıyla başlatıldı: a219c744-e865-4353-a1d3-00c1cfc955a8
[04:41:13.760] [INFO] [AutoTuneEventPublisher] Domain olayı yayınlandı: SessionPaused (Oturum: a219c744-e865-4353-a1d3-00c1cfc955a8)
[04:41:13.760] [INFO] [AutoTuneEventPublisher] Domain olayı yayınlandı: SessionResumed (Oturum: a219c744-e865-4353-a1d3-00c1cfc955a8)
[04:41:13.760] [INFO] [AutoTuneEventPublisher] Domain olayı yayınlandı: SessionStopped (Oturum: a219c744-e865-4353-a1d3-00c1cfc955a8)
[04:41:13.776] [INFO] [CalibrationRecoveryManager] Bekleyen işlem kaydedildi: TX-TEMP
[04:41:13.785] [INFO] [CalibrationRecoveryManager] Bekleyen işlem temizlendi (başarılı commit).
[04:41:13.787] [INFO] [CalibrationRecoveryManager] Bekleyen işlem kaydedildi: TX-TEMP2
[04:41:13.793] [INFO] [CalibrationRecoveryManager] Yarım kalmış işlem geri yükleniyor: TX-TEMP2
[04:41:13.794] [INFO] [CalibrationSnapshotManager] Snapshot geri yükleniyor: SNAP-TEMP2, Kurtarılacak hücre: 1
[04:41:13.794] [INFO] [CalibrationRecoveryManager] Bekleyen işlem temizlendi (başarılı commit).
[04:41:13.798] [INFO] [AutoTuneSafetyManager] Güvenlik limitleri yüklendi. Etkin kural sayısı: 4
[04:41:13.798] [INFO] [AutoTuneEventPublisher] Domain olayı yayınlandı: SessionCreated (Oturum: 34029341-3f64-4e38-b11c-bdba3bbc4d68)
[04:41:13.799] [INFO] [AutoTuneEngine] Oturum başarıyla başlatıldı: 34029341-3f64-4e38-b11c-bdba3bbc4d68
[04:41:13.799] [INFO] [AutoTuneEventPublisher] Domain olayı yayınlandı: SessionPaused (Oturum: 34029341-3f64-4e38-b11c-bdba3bbc4d68)
[04:41:13.800] [INFO] [AutoTuneEventPublisher] Domain olayı yayınlandı: SessionResumed (Oturum: 34029341-3f64-4e38-b11c-bdba3bbc4d68)
[04:41:13.800] [INFO] [AutoTuneEventPublisher] Domain olayı yayınlandı: SessionStopped (Oturum: 34029341-3f64-4e38-b11c-bdba3bbc4d68)
[04:41:13.800] [INFO] [AutoTuneSafetyManager] Güvenlik limitleri yüklendi. Etkin kural sayısı: 4
[04:41:13.800] [INFO] [AutoTuneEventPublisher] Domain olayı yayınlandı: SessionCreated (Oturum: 42ffbf4d-e2e5-42dc-8da4-69878681af50)
[04:41:13.801] [INFO] [AutoTuneEngine] Oturum başarıyla başlatıldı: 42ffbf4d-e2e5-42dc-8da4-69878681af50
[04:41:13.801] [INFO] [AutoTuneEventPublisher] Domain olayı yayınlandı: SessionStopped (Oturum: 42ffbf4d-e2e5-42dc-8da4-69878681af50)
[04:41:13.801] [INFO] [AutoTuneSafetyManager] Güvenlik limitleri yüklendi. Etkin kural sayısı: 4
[04:41:13.802] [INFO] [AutoTuneEventPublisher] Domain olayı yayınlandı: SessionCreated (Oturum: 07b39fb6-b031-429b-bf08-fba3669a7714)
[04:41:13.802] [INFO] [AutoTuneEngine] Oturum başarıyla başlatıldı: 07b39fb6-b031-429b-bf08-fba3669a7714
[04:41:13.802] [INFO] [AutoTuneEventPublisher] Domain olayı yayınlandı: TelemetryWindowAccepted (Oturum: 07b39fb6-b031-429b-bf08-fba3669a7714)
[04:41:13.807] [INFO] [AutoTuneEventPublisher] Domain olayı yayınlandı: DecisionCreated (Oturum: 07b39fb6-b031-429b-bf08-fba3669a7714)
[04:41:13.809] [INFO] [CalibrationStreamPublisher] Uygulanan değişiklik yayınlandı: Fuel adres: FuelVETable[3,4]
[04:41:13.810] [INFO] [AutoTuneEventPublisher] Domain olayı yayınlandı: DecisionCreated (Oturum: 07b39fb6-b031-429b-bf08-fba3669a7714)
[04:41:13.810] [INFO] [CalibrationStreamPublisher] Uygulanan değişiklik yayınlandı: Lambda adres: AFRTargetTable[3,4]
[04:41:13.811] [INFO] [AutoTuneEventPublisher] Domain olayı yayınlandı: DecisionCreated (Oturum: 07b39fb6-b031-429b-bf08-fba3669a7714)
[04:41:13.811] [INFO] [CalibrationStreamPublisher] Uygulanan değişiklik yayınlandı: Ignition adres: IgnitionTable[3,4]
[04:41:13.812] [INFO] [AutoTuneEventPublisher] Domain olayı yayınlandı: DecisionCreated (Oturum: 07b39fb6-b031-429b-bf08-fba3669a7714)
[04:41:13.812] [INFO] [CalibrationStreamPublisher] Uygulanan değişiklik yayınlandı: VE adres: FuelVETable[3,4]
[04:41:13.812] [INFO] [AutoTuneEventPublisher] Domain olayı yayınlandı: TelemetryWindowAccepted (Oturum: 07b39fb6-b031-429b-bf08-fba3669a7714)
[04:41:13.812] [INFO] [AutoTuneEventPublisher] Domain olayı yayınlandı: DecisionCreated (Oturum: 07b39fb6-b031-429b-bf08-fba3669a7714)
[04:41:13.813] [INFO] [CalibrationStreamPublisher] Uygulanan değişiklik yayınlandı: Fuel adres: FuelVETable[3,4]
[04:41:13.813] [INFO] [AutoTuneEventPublisher] Domain olayı yayınlandı: DecisionCreated (Oturum: 07b39fb6-b031-429b-bf08-fba3669a7714)
[04:41:13.813] [INFO] [CalibrationStreamPublisher] Uygulanan değişiklik yayınlandı: Lambda adres: AFRTargetTable[3,4]
[04:41:13.813] [INFO] [AutoTuneEventPublisher] Domain olayı yayınlandı: DecisionCreated (Oturum: 07b39fb6-b031-429b-bf08-fba3669a7714)
[04:41:13.813] [INFO] [CalibrationStreamPublisher] Uygulanan değişiklik yayınlandı: Ignition adres: IgnitionTable[3,4]
[04:41:13.813] [INFO] [AutoTuneEventPublisher] Domain olayı yayınlandı: DecisionCreated (Oturum: 07b39fb6-b031-429b-bf08-fba3669a7714)
[04:41:13.814] [INFO] [CalibrationStreamPublisher] Uygulanan değişiklik yayınlandı: VE adres: FuelVETable[3,4]
[04:41:13.814] [INFO] [AutoTuneEventPublisher] Domain olayı yayınlandı: TelemetryWindowAccepted (Oturum: 07b39fb6-b031-429b-bf08-fba3669a7714)
[04:41:13.814] [INFO] [AutoTuneEventPublisher] Domain olayı yayınlandı: DecisionCreated (Oturum: 07b39fb6-b031-429b-bf08-fba3669a7714)
[04:41:13.814] [INFO] [CalibrationStreamPublisher] Uygulanan değişiklik yayınlandı: Fuel adres: FuelVETable[3,4]
[04:41:13.814] [INFO] [AutoTuneEventPublisher] Domain olayı yayınlandı: DecisionCreated (Oturum: 07b39fb6-b031-429b-bf08-fba3669a7714)
[04:41:13.815] [INFO] [CalibrationStreamPublisher] Uygulanan değişiklik yayınlandı: Lambda adres: AFRTargetTable[3,4]
[04:41:13.815] [INFO] [AutoTuneEventPublisher] Domain olayı yayınlandı: DecisionCreated (Oturum: 07b39fb6-b031-429b-bf08-fba3669a7714)
[04:41:13.815] [INFO] [CalibrationStreamPublisher] Uygulanan değişiklik yayınlandı: Ignition adres: IgnitionTable[3,4]
[04:41:13.815] [INFO] [AutoTuneEventPublisher] Domain olayı yayınlandı: DecisionCreated (Oturum: 07b39fb6-b031-429b-bf08-fba3669a7714)
[04:41:13.815] [INFO] [CalibrationStreamPublisher] Uygulanan değişiklik yayınlandı: VE adres: FuelVETable[3,4]
[04:41:13.815] [INFO] [AutoTuneEventPublisher] Domain olayı yayınlandı: TelemetryWindowAccepted (Oturum: 07b39fb6-b031-429b-bf08-fba3669a7714)
[04:41:13.816] [INFO] [AutoTuneEventPublisher] Domain olayı yayınlandı: DecisionCreated (Oturum: 07b39fb6-b031-429b-bf08-fba3669a7714)
[04:41:13.816] [INFO] [CalibrationStreamPublisher] Uygulanan değişiklik yayınlandı: Fuel adres: FuelVETable[3,4]
[04:41:13.816] [INFO] [AutoTuneEventPublisher] Domain olayı yayınlandı: DecisionCreated (Oturum: 07b39fb6-b031-429b-bf08-fba3669a7714)
[04:41:13.816] [INFO] [CalibrationStreamPublisher] Uygulanan değişiklik yayınlandı: Lambda adres: AFRTargetTable[3,4]
[04:41:13.816] [INFO] [AutoTuneEventPublisher] Domain olayı yayınlandı: DecisionCreated (Oturum: 07b39fb6-b031-429b-bf08-fba3669a7714)
[04:41:13.816] [INFO] [CalibrationStreamPublisher] Uygulanan değişiklik yayınlandı: Ignition adres: IgnitionTable[3,4]
[04:41:13.816] [INFO] [AutoTuneEventPublisher] Domain olayı yayınlandı: DecisionCreated (Oturum: 07b39fb6-b031-429b-bf08-fba3669a7714)
[04:41:13.816] [INFO] [CalibrationStreamPublisher] Uygulanan değişiklik yayınlandı: VE adres: FuelVETable[3,4]
[04:41:13.817] [INFO] [AutoTuneEventPublisher] Domain olayı yayınlandı: TelemetryWindowAccepted (Oturum: 07b39fb6-b031-429b-bf08-fba3669a7714)
[04:41:13.817] [INFO] [AutoTuneEventPublisher] Domain olayı yayınlandı: DecisionCreated (Oturum: 07b39fb6-b031-429b-bf08-fba3669a7714)
[04:41:13.817] [INFO] [CalibrationStreamPublisher] Uygulanan değişiklik yayınlandı: Fuel adres: FuelVETable[3,4]
[04:41:13.817] [INFO] [AutoTuneEventPublisher] Domain olayı yayınlandı: DecisionCreated (Oturum: 07b39fb6-b031-429b-bf08-fba3669a7714)
[04:41:13.817] [INFO] [CalibrationStreamPublisher] Uygulanan değişiklik yayınlandı: Lambda adres: AFRTargetTable[3,4]
[04:41:13.818] [INFO] [AutoTuneEventPublisher] Domain olayı yayınlandı: DecisionCreated (Oturum: 07b39fb6-b031-429b-bf08-fba3669a7714)
[04:41:13.818] [INFO] [CalibrationStreamPublisher] Uygulanan değişiklik yayınlandı: Ignition adres: IgnitionTable[3,4]
[04:41:13.818] [INFO] [AutoTuneEventPublisher] Domain olayı yayınlandı: DecisionCreated (Oturum: 07b39fb6-b031-429b-bf08-fba3669a7714)
[04:41:13.818] [INFO] [CalibrationStreamPublisher] Uygulanan değişiklik yayınlandı: VE adres: FuelVETable[3,4]
[04:41:13.818] [INFO] [AutoTuneEventPublisher] Domain olayı yayınlandı: TelemetryWindowAccepted (Oturum: 07b39fb6-b031-429b-bf08-fba3669a7714)
[04:41:13.818] [INFO] [AutoTuneEventPublisher] Domain olayı yayınlandı: DecisionCreated (Oturum: 07b39fb6-b031-429b-bf08-fba3669a7714)
[04:41:13.819] [INFO] [CalibrationStreamPublisher] Uygulanan değişiklik yayınlandı: Fuel adres: FuelVETable[3,4]
[04:41:13.819] [INFO] [AutoTuneEventPublisher] Domain olayı yayınlandı: DecisionCreated (Oturum: 07b39fb6-b031-429b-bf08-fba3669a7714)
[04:41:13.819] [INFO] [CalibrationStreamPublisher] Uygulanan değişiklik yayınlandı: Lambda adres: AFRTargetTable[3,4]
[04:41:13.819] [INFO] [AutoTuneEventPublisher] Domain olayı yayınlandı: DecisionCreated (Oturum: 07b39fb6-b031-429b-bf08-fba3669a7714)
[04:41:13.819] [INFO] [CalibrationStreamPublisher] Uygulanan değişiklik yayınlandı: Ignition adres: IgnitionTable[3,4]
[04:41:13.819] [INFO] [AutoTuneEventPublisher] Domain olayı yayınlandı: DecisionCreated (Oturum: 07b39fb6-b031-429b-bf08-fba3669a7714)
[04:41:13.819] [INFO] [CalibrationStreamPublisher] Uygulanan değişiklik yayınlandı: VE adres: FuelVETable[3,4]
[04:41:13.819] [INFO] [AutoTuneEventPublisher] Domain olayı yayınlandı: SessionStopped (Oturum: 07b39fb6-b031-429b-bf08-fba3669a7714)
[04:41:13.824] [INFO] [AdaptiveMemory] V1 hafıza verisi V2 şemasına başarıyla taşındı. Toplam kayıt: 1
[04:41:13.824] [INFO] [AutoTuneSafetyManager] Güvenlik limitleri yüklendi. Etkin kural sayısı: 4
[04:41:13.825] [INFO] [AutoTuneEventPublisher] Domain olayı yayınlandı: SessionCreated (Oturum: 120d1dc8-55fb-474a-8fce-f3b2cc5f997e)
[04:41:13.825] [INFO] [AutoTuneEngine] Oturum başarıyla başlatıldı: 120d1dc8-55fb-474a-8fce-f3b2cc5f997e
[04:41:13.825] [INFO] [AutoTuneEventPublisher] Domain olayı yayınlandı: SessionStopped (Oturum: 120d1dc8-55fb-474a-8fce-f3b2cc5f997e)
[04:41:13.825] [INFO] [AutoTuneSafetyManager] Güvenlik limitleri yüklendi. Etkin kural sayısı: 4
[04:41:13.825] [INFO] [AutoTuneEventPublisher] Domain olayı yayınlandı: SessionCreated (Oturum: 8d858695-6502-4e28-ac53-ae1c583ad8d3)
[04:41:13.826] [INFO] [AutoTuneEngine] Oturum başarıyla başlatıldı: 8d858695-6502-4e28-ac53-ae1c583ad8d3
[04:41:13.826] [INFO] [AutoTuneEventPublisher] Domain olayı yayınlandı: SessionStopped (Oturum: 8d858695-6502-4e28-ac53-ae1c583ad8d3)
[04:41:13.828] [INFO] [RtpCalibrationEngine] Connecting to RTP emulator...
[04:41:13.828] [INFO] [RtpCalibrationEngine] RTP emulator connected successfully.
[04:41:13.828] [INFO] [RtpCalibrationEngine] Real-time synchronization active.
[04:41:13.828] [INFO] [RtpCalibrationEngine] Real-time synchronization paused.
[04:41:13.829] [INFO] [RtpCalibrationEngine] RTP Emulator disconnected.
[04:41:13.830] [INFO] [RtpCalibrationEngine] Connecting to RTP emulator...
[04:41:13.830] [INFO] [RtpCalibrationEngine] RTP emulator connected successfully.
[04:41:13.830] [INFO] [RtpCalibrationEngine] Real-time synchronization active.
[04:41:13.832] [INFO] [CalibrationManager] Değişiklik kaydedildi:  [ -> 99]
[04:41:14.038] [INFO] [RtpCalibrationEngine] Connecting to RTP emulator...
[04:41:14.038] [INFO] [RtpCalibrationEngine] RTP emulator connected successfully.
[04:41:14.040] [INFO] [CalibrationManager] Değişiklik kaydedildi:  [ -> 10]
[04:41:14.042] [INFO] [CalibrationManager] Değişiklik kaydedildi:  [ -> 11]
[04:41:14.049] [INFO] [CalibrationManager] Değişiklik kaydedildi:  [ -> 12]
[04:41:14.049] [INFO] [RtpCalibrationEngine] Real-time synchronization active.
[04:41:14.257] [INFO] [RtpCalibrationEngine] Connecting to RTP emulator...
[04:41:14.257] [INFO] [RtpCalibrationEngine] RTP emulator connected successfully.
[04:41:14.260] [INFO] [CalibrationManager] Değişiklik kaydedildi:  [ -> 1]
[04:41:14.268] [INFO] [CalibrationManager] Değişiklik kaydedildi:  [ -> 2]
[04:41:14.277] [INFO] [CalibrationManager] Değişiklik kaydedildi:  [ -> 3]
[04:41:14.277] [INFO] [RtpCalibrationEngine] Real-time synchronization active.
[04:41:14.481] [INFO] [RtpCalibrationEngine] Connecting to RTP emulator...
[04:41:14.481] [INFO] [RtpCalibrationEngine] RTP emulator connected successfully.
[04:41:14.481] [INFO] [RtpCalibrationEngine] Real-time synchronization active.
[04:41:14.483] [INFO] [CalibrationManager] Değişiklik kaydedildi:  [ -> 45]
[04:41:14.688] [INFO] [RtpCalibrationEngine] Connecting to RTP emulator...
[04:41:14.688] [INFO] [RtpCalibrationEngine] RTP emulator connected successfully.
[04:41:14.688] [INFO] [RtpCalibrationEngine] Real-time synchronization active.
[04:41:14.691] [INFO] [CalibrationManager] Değişiklik kaydedildi:  [ -> 5]
[04:41:14.693] [INFO] [CalibrationManager] Değişiklik kaydedildi:  [ -> 5]
[04:41:14.694] [INFO] [CalibrationManager] Değişiklik kaydedildi:  [ -> 5]
[04:41:14.703] [INFO] [CalibrationManager] Değişiklik kaydedildi:  [ -> 5]
[04:41:14.705] [INFO] [CalibrationManager] Değişiklik kaydedildi:  [ -> 5]
[04:41:14.706] [INFO] [CalibrationManager] Değişiklik kaydedildi:  [ -> 5]
[04:41:14.708] [INFO] [CalibrationManager] Değişiklik kaydedildi:  [ -> 5]
[04:41:14.709] [INFO] [CalibrationManager] Değişiklik kaydedildi:  [ -> 5]
[04:41:14.710] [INFO] [CalibrationManager] Değişiklik kaydedildi:  [ -> 5]
[04:41:14.711] [INFO] [CalibrationManager] Değişiklik kaydedildi:  [ -> 5]
[04:41:14.713] [INFO] [CalibrationManager] Değişiklik kaydedildi:  [ -> 5]
[04:41:14.714] [INFO] [CalibrationManager] Değişiklik kaydedildi:  [ -> 5]
[04:41:14.720] [INFO] [CalibrationManager] Değişiklik kaydedildi:  [ -> 5]
[04:41:14.721] [INFO] [CalibrationManager] Değişiklik kaydedildi:  [ -> 5]
[04:41:14.723] [INFO] [CalibrationManager] Değişiklik kaydedildi:  [ -> 5]
[04:41:14.724] [INFO] [CalibrationManager] Değişiklik kaydedildi:  [ -> 5]
[04:41:14.732] [INFO] [CalibrationManager] Değişiklik kaydedildi:  [ -> 5]
[04:41:14.733] [INFO] [CalibrationManager] Değişiklik kaydedildi:  [ -> 5]
[04:41:14.734] [INFO] [CalibrationManager] Değişiklik kaydedildi:  [ -> 5]
[04:41:14.736] [INFO] [CalibrationManager] Değişiklik kaydedildi:  [ -> 5]
[04:41:14.737] [INFO] [CalibrationManager] Değişiklik kaydedildi:  [ -> 5]
[04:41:14.738] [INFO] [CalibrationManager] Değişiklik kaydedildi:  [ -> 5]
[04:41:14.740] [INFO] [CalibrationManager] Değişiklik kaydedildi:  [ -> 5]
[04:41:14.741] [INFO] [CalibrationManager] Değişiklik kaydedildi:  [ -> 5]
[04:41:14.742] [INFO] [CalibrationManager] Değişiklik kaydedildi:  [ -> 5]
[04:41:14.744] [INFO] [CalibrationManager] Değişiklik kaydedildi:  [ -> 5]
[04:41:14.745] [INFO] [CalibrationManager] Değişiklik kaydedildi:  [ -> 5]
[04:41:14.746] [INFO] [CalibrationManager] Değişiklik kaydedildi:  [ -> 5]
[04:41:14.748] [INFO] [CalibrationManager] Değişiklik kaydedildi:  [ -> 5]
[04:41:14.749] [INFO] [CalibrationManager] Değişiklik kaydedildi:  [ -> 5]
[04:41:14.750] [INFO] [CalibrationManager] Değişiklik kaydedildi:  [ -> 5]
[04:41:14.751] [INFO] [CalibrationManager] Değişiklik kaydedildi:  [ -> 5]
[04:41:14.753] [INFO] [CalibrationManager] Değişiklik kaydedildi:  [ -> 5]
[04:41:14.754] [INFO] [CalibrationManager] Değişiklik kaydedildi:  [ -> 5]
[04:41:14.755] [INFO] [CalibrationManager] Değişiklik kaydedildi:  [ -> 5]
[04:41:14.756] [INFO] [CalibrationManager] Değişiklik kaydedildi:  [ -> 5]
[04:41:14.758] [INFO] [CalibrationManager] Değişiklik kaydedildi:  [ -> 5]
[04:41:14.759] [INFO] [CalibrationManager] Değişiklik kaydedildi:  [ -> 5]
[04:41:14.760] [INFO] [CalibrationManager] Değişiklik kaydedildi:  [ -> 5]
[04:41:14.762] [INFO] [CalibrationManager] Değişiklik kaydedildi:  [ -> 5]
[04:41:14.763] [INFO] [CalibrationManager] Değişiklik kaydedildi:  [ -> 5]
[04:41:14.764] [INFO] [CalibrationManager] Değişiklik kaydedildi:  [ -> 5]
[04:41:14.766] [INFO] [CalibrationManager] Değişiklik kaydedildi:  [ -> 5]
[04:41:14.767] [INFO] [CalibrationManager] Değişiklik kaydedildi:  [ -> 5]
[04:41:14.768] [INFO] [CalibrationManager] Değişiklik kaydedildi:  [ -> 5]
[04:41:14.770] [INFO] [CalibrationManager] Değişiklik kaydedildi:  [ -> 5]
[04:41:14.771] [INFO] [CalibrationManager] Değişiklik kaydedildi:  [ -> 5]
[04:41:14.772] [INFO] [CalibrationManager] Değişiklik kaydedildi:  [ -> 5]
[04:41:14.773] [INFO] [CalibrationManager] Değişiklik kaydedildi:  [ -> 5]
[04:41:14.775] [INFO] [CalibrationManager] Değişiklik kaydedildi:  [ -> 5]
[04:41:14.776] [INFO] [CalibrationManager] Değişiklik kaydedildi:  [ -> 5]
[04:41:14.777] [INFO] [CalibrationManager] Değişiklik kaydedildi:  [ -> 5]
[04:41:14.779] [INFO] [CalibrationManager] Değişiklik kaydedildi:  [ -> 5]
[04:41:14.780] [INFO] [CalibrationManager] Değişiklik kaydedildi:  [ -> 5]
[04:41:14.781] [INFO] [CalibrationManager] Değişiklik kaydedildi:  [ -> 5]
[04:41:14.782] [INFO] [CalibrationManager] Değişiklik kaydedildi:  [ -> 5]
[04:41:14.784] [INFO] [CalibrationManager] Değişiklik kaydedildi:  [ -> 5]
[04:41:14.785] [INFO] [CalibrationManager] Değişiklik kaydedildi:  [ -> 5]
[04:41:14.786] [INFO] [CalibrationManager] Değişiklik kaydedildi:  [ -> 5]
[04:41:14.787] [INFO] [CalibrationManager] Değişiklik kaydedildi:  [ -> 5]
[04:41:14.789] [INFO] [CalibrationManager] Değişiklik kaydedildi:  [ -> 5]
[04:41:14.790] [INFO] [CalibrationManager] Değişiklik kaydedildi:  [ -> 5]
[04:41:14.791] [INFO] [CalibrationManager] Değişiklik kaydedildi:  [ -> 5]
[04:41:14.792] [INFO] [CalibrationManager] Değişiklik kaydedildi:  [ -> 5]
[04:41:14.794] [INFO] [CalibrationManager] Değişiklik kaydedildi:  [ -> 5]
[04:41:14.795] [INFO] [CalibrationManager] Değişiklik kaydedildi:  [ -> 5]
[04:41:14.796] [INFO] [CalibrationManager] Değişiklik kaydedildi:  [ -> 5]
[04:41:14.798] [INFO] [CalibrationManager] Değişiklik kaydedildi:  [ -> 5]
[04:41:14.799] [INFO] [CalibrationManager] Değişiklik kaydedildi:  [ -> 5]
[04:41:14.801] [INFO] [CalibrationManager] Değişiklik kaydedildi:  [ -> 5]
[04:41:14.802] [INFO] [CalibrationManager] Değişiklik kaydedildi:  [ -> 5]
[04:41:14.803] [INFO] [CalibrationManager] Değişiklik kaydedildi:  [ -> 5]
[04:41:14.805] [INFO] [CalibrationManager] Değişiklik kaydedildi:  [ -> 5]
[04:41:14.806] [INFO] [CalibrationManager] Değişiklik kaydedildi:  [ -> 5]
[04:41:14.813] [INFO] [CalibrationManager] Değişiklik kaydedildi:  [ -> 5]
[04:41:14.814] [INFO] [CalibrationManager] Değişiklik kaydedildi:  [ -> 5]
[04:41:14.815] [INFO] [CalibrationManager] Değişiklik kaydedildi:  [ -> 5]
[04:41:14.817] [INFO] [CalibrationManager] Değişiklik kaydedildi:  [ -> 5]
[04:41:14.818] [INFO] [CalibrationManager] Değişiklik kaydedildi:  [ -> 5]
[04:41:14.819] [INFO] [CalibrationManager] Değişiklik kaydedildi:  [ -> 5]
[04:41:14.821] [INFO] [CalibrationManager] Değişiklik kaydedildi:  [ -> 5]
[04:41:14.822] [INFO] [CalibrationManager] Değişiklik kaydedildi:  [ -> 5]
[04:41:14.824] [INFO] [CalibrationManager] Değişiklik kaydedildi:  [ -> 5]
[04:41:14.825] [INFO] [CalibrationManager] Değişiklik kaydedildi:  [ -> 5]
[04:41:14.826] [INFO] [CalibrationManager] Değişiklik kaydedildi:  [ -> 5]
[04:41:14.828] [INFO] [CalibrationManager] Değişiklik kaydedildi:  [ -> 5]
[04:41:14.829] [INFO] [CalibrationManager] Değişiklik kaydedildi:  [ -> 5]
[04:41:14.831] [INFO] [CalibrationManager] Değişiklik kaydedildi:  [ -> 5]
[04:41:14.832] [INFO] [CalibrationManager] Değişiklik kaydedildi:  [ -> 5]
[04:41:14.834] [INFO] [CalibrationManager] Değişiklik kaydedildi:  [ -> 5]
[04:41:14.835] [INFO] [CalibrationManager] Değişiklik kaydedildi:  [ -> 5]
[04:41:14.837] [INFO] [CalibrationManager] Değişiklik kaydedildi:  [ -> 5]
[04:41:14.838] [INFO] [CalibrationManager] Değişiklik kaydedildi:  [ -> 5]
[04:41:14.840] [INFO] [CalibrationManager] Değişiklik kaydedildi:  [ -> 5]
[04:41:14.842] [INFO] [CalibrationManager] Değişiklik kaydedildi:  [ -> 5]
[04:41:14.843] [INFO] [CalibrationManager] Değişiklik kaydedildi:  [ -> 5]
[04:41:14.845] [INFO] [CalibrationManager] Değişiklik kaydedildi:  [ -> 5]
[04:41:14.846] [INFO] [CalibrationManager] Değişiklik kaydedildi:  [ -> 5]
[04:41:14.848] [INFO] [CalibrationManager] Değişiklik kaydedildi:  [ -> 5]
[04:41:14.849] [INFO] [CalibrationManager] Değişiklik kaydedildi:  [ -> 5]
[04:41:14.851] [INFO] [CalibrationManager] Değişiklik kaydedildi:  [ -> 5]
[04:41:14.853] [INFO] [CalibrationManager] Değişiklik kaydedildi:  [ -> 5]
[04:41:14.854] [INFO] [CalibrationManager] Değişiklik kaydedildi:  [ -> 5]
[04:41:14.857] [INFO] [CalibrationManager] Değişiklik kaydedildi:  [ -> 5]
[04:41:14.858] [INFO] [CalibrationManager] Değişiklik kaydedildi:  [ -> 5]
[04:41:14.860] [INFO] [CalibrationManager] Değişiklik kaydedildi:  [ -> 5]
[04:41:14.866] [INFO] [CalibrationManager] Değişiklik kaydedildi:  [ -> 5]
[04:41:14.868] [INFO] [CalibrationManager] Değişiklik kaydedildi:  [ -> 5]
[04:41:14.870] [INFO] [CalibrationManager] Değişiklik kaydedildi:  [ -> 5]
[04:41:14.871] [INFO] [CalibrationManager] Değişiklik kaydedildi:  [ -> 5]
[04:41:14.872] [INFO] [CalibrationManager] Değişiklik kaydedildi:  [ -> 5]
[04:41:14.874] [INFO] [CalibrationManager] Değişiklik kaydedildi:  [ -> 5]
[04:41:14.876] [INFO] [CalibrationManager] Değişiklik kaydedildi:  [ -> 5]
[04:41:14.878] [INFO] [CalibrationManager] Değişiklik kaydedildi:  [ -> 5]
[04:41:14.880] [INFO] [CalibrationManager] Değişiklik kaydedildi:  [ -> 5]
[04:41:14.882] [INFO] [CalibrationManager] Değişiklik kaydedildi:  [ -> 5]
[04:41:14.883] [INFO] [CalibrationManager] Değişiklik kaydedildi:  [ -> 5]
[04:41:14.885] [INFO] [CalibrationManager] Değişiklik kaydedildi:  [ -> 5]
[04:41:14.887] [INFO] [CalibrationManager] Değişiklik kaydedildi:  [ -> 5]
[04:41:14.888] [INFO] [CalibrationManager] Değişiklik kaydedildi:  [ -> 5]
[04:41:14.890] [INFO] [CalibrationManager] Değişiklik kaydedildi:  [ -> 5]
[04:41:14.891] [INFO] [CalibrationManager] Değişiklik kaydedildi:  [ -> 5]
[04:41:14.893] [INFO] [CalibrationManager] Değişiklik kaydedildi:  [ -> 5]
[04:41:14.894] [INFO] [CalibrationManager] Değişiklik kaydedildi:  [ -> 5]
[04:41:14.896] [INFO] [CalibrationManager] Değişiklik kaydedildi:  [ -> 5]
[04:41:14.898] [INFO] [CalibrationManager] Değişiklik kaydedildi:  [ -> 5]
[04:41:14.899] [INFO] [CalibrationManager] Değişiklik kaydedildi:  [ -> 5]
[04:41:14.901] [INFO] [CalibrationManager] Değişiklik kaydedildi:  [ -> 5]
[04:41:14.903] [INFO] [CalibrationManager] Değişiklik kaydedildi:  [ -> 5]
[04:41:14.904] [INFO] [CalibrationManager] Değişiklik kaydedildi:  [ -> 5]
[04:41:14.906] [INFO] [CalibrationManager] Değişiklik kaydedildi:  [ -> 5]
[04:41:14.908] [INFO] [CalibrationManager] Değişiklik kaydedildi:  [ -> 5]
[04:41:14.909] [INFO] [CalibrationManager] Değişiklik kaydedildi:  [ -> 5]
[04:41:14.911] [INFO] [CalibrationManager] Değişiklik kaydedildi:  [ -> 5]
[04:41:14.913] [INFO] [CalibrationManager] Değişiklik kaydedildi:  [ -> 5]
[04:41:14.914] [INFO] [CalibrationManager] Değişiklik kaydedildi:  [ -> 5]
[04:41:14.916] [INFO] [CalibrationManager] Değişiklik kaydedildi:  [ -> 5]
[04:41:14.918] [INFO] [CalibrationManager] Değişiklik kaydedildi:  [ -> 5]
[04:41:14.920] [INFO] [CalibrationManager] Değişiklik kaydedildi:  [ -> 5]
[04:41:14.921] [INFO] [CalibrationManager] Değişiklik kaydedildi:  [ -> 5]
[04:41:14.923] [INFO] [CalibrationManager] Değişiklik kaydedildi:  [ -> 5]
[04:41:14.924] [INFO] [CalibrationManager] Değişiklik kaydedildi:  [ -> 5]
[04:41:14.926] [INFO] [CalibrationManager] Değişiklik kaydedildi:  [ -> 5]
[04:41:14.927] [INFO] [CalibrationManager] Değişiklik kaydedildi:  [ -> 5]
[04:41:14.929] [INFO] [CalibrationManager] Değişiklik kaydedildi:  [ -> 5]
[04:41:14.930] [INFO] [CalibrationManager] Değişiklik kaydedildi:  [ -> 5]
[04:41:14.932] [INFO] [CalibrationManager] Değişiklik kaydedildi:  [ -> 5]
[04:41:14.935] [INFO] [CalibrationManager] Değişiklik kaydedildi:  [ -> 5]
[04:41:14.937] [INFO] [CalibrationManager] Değişiklik kaydedildi:  [ -> 5]
[04:41:14.939] [INFO] [CalibrationManager] Değişiklik kaydedildi:  [ -> 5]
[04:41:14.940] [INFO] [CalibrationManager] Değişiklik kaydedildi:  [ -> 5]
[04:41:14.942] [INFO] [CalibrationManager] Değişiklik kaydedildi:  [ -> 5]
[04:41:14.943] [INFO] [CalibrationManager] Değişiklik kaydedildi:  [ -> 5]
[04:41:14.945] [INFO] [CalibrationManager] Değişiklik kaydedildi:  [ -> 5]
[04:41:14.947] [INFO] [CalibrationManager] Değişiklik kaydedildi:  [ -> 5]
[04:41:14.949] [INFO] [CalibrationManager] Değişiklik kaydedildi:  [ -> 5]
[04:41:14.951] [INFO] [CalibrationManager] Değişiklik kaydedildi:  [ -> 5]
[04:41:14.952] [INFO] [CalibrationManager] Değişiklik kaydedildi:  [ -> 5]
[04:41:14.954] [INFO] [CalibrationManager] Değişiklik kaydedildi:  [ -> 5]
[04:41:14.956] [INFO] [CalibrationManager] Değişiklik kaydedildi:  [ -> 5]
[04:41:14.957] [INFO] [CalibrationManager] Değişiklik kaydedildi:  [ -> 5]
[04:41:14.958] [INFO] [CalibrationManager] Değişiklik kaydedildi:  [ -> 5]
[04:41:14.959] [INFO] [CalibrationManager] Değişiklik kaydedildi:  [ -> 5]
[04:41:14.961] [INFO] [CalibrationManager] Değişiklik kaydedildi:  [ -> 5]
[04:41:14.962] [INFO] [CalibrationManager] Değişiklik kaydedildi:  [ -> 5]
[04:41:14.963] [INFO] [CalibrationManager] Değişiklik kaydedildi:  [ -> 5]
[04:41:14.965] [INFO] [CalibrationManager] Değişiklik kaydedildi:  [ -> 5]
[04:41:14.966] [INFO] [CalibrationManager] Değişiklik kaydedildi:  [ -> 5]
[04:41:14.967] [INFO] [CalibrationManager] Değişiklik kaydedildi:  [ -> 5]
[04:41:14.969] [INFO] [CalibrationManager] Değişiklik kaydedildi:  [ -> 5]
[04:41:14.971] [INFO] [CalibrationManager] Değişiklik kaydedildi:  [ -> 5]
[04:41:14.972] [INFO] [CalibrationManager] Değişiklik kaydedildi:  [ -> 5]
[04:41:14.974] [INFO] [CalibrationManager] Değişiklik kaydedildi:  [ -> 5]
[04:41:14.975] [INFO] [CalibrationManager] Değişiklik kaydedildi:  [ -> 5]
[04:41:14.976] [INFO] [CalibrationManager] Değişiklik kaydedildi:  [ -> 5]
[04:41:14.978] [INFO] [CalibrationManager] Değişiklik kaydedildi:  [ -> 5]
[04:41:14.979] [INFO] [CalibrationManager] Değişiklik kaydedildi:  [ -> 5]
[04:41:14.981] [INFO] [CalibrationManager] Değişiklik kaydedildi:  [ -> 5]
[04:41:14.982] [INFO] [CalibrationManager] Değişiklik kaydedildi:  [ -> 5]
[04:41:14.984] [INFO] [CalibrationManager] Değişiklik kaydedildi:  [ -> 5]
[04:41:14.985] [INFO] [CalibrationManager] Değişiklik kaydedildi:  [ -> 5]
[04:41:14.987] [INFO] [CalibrationManager] Değişiklik kaydedildi:  [ -> 5]
[04:41:14.988] [INFO] [CalibrationManager] Değişiklik kaydedildi:  [ -> 5]
[04:41:14.990] [INFO] [CalibrationManager] Değişiklik kaydedildi:  [ -> 5]
[04:41:14.991] [INFO] [CalibrationManager] Değişiklik kaydedildi:  [ -> 5]
[04:41:14.993] [INFO] [CalibrationManager] Değişiklik kaydedildi:  [ -> 5]
[04:41:14.994] [INFO] [CalibrationManager] Değişiklik kaydedildi:  [ -> 5]
[04:41:14.995] [INFO] [CalibrationManager] Değişiklik kaydedildi:  [ -> 5]
[04:41:14.997] [INFO] [CalibrationManager] Değişiklik kaydedildi:  [ -> 5]
[04:41:14.998] [INFO] [CalibrationManager] Değişiklik kaydedildi:  [ -> 5]
[04:41:15.000] [INFO] [CalibrationManager] Değişiklik kaydedildi:  [ -> 5]
[04:41:15.001] [INFO] [CalibrationManager] Değişiklik kaydedildi:  [ -> 5]
[04:41:15.003] [INFO] [CalibrationManager] Değişiklik kaydedildi:  [ -> 5]
[04:41:15.005] [INFO] [CalibrationManager] Değişiklik kaydedildi:  [ -> 5]
[04:41:15.006] [INFO] [CalibrationManager] Değişiklik kaydedildi:  [ -> 5]
[04:41:15.008] [INFO] [CalibrationManager] Değişiklik kaydedildi:  [ -> 5]
[04:41:15.009] [INFO] [CalibrationManager] Değişiklik kaydedildi:  [ -> 5]
[04:41:15.010] [INFO] [CalibrationManager] Değişiklik kaydedildi:  [ -> 5]
[04:41:15.012] [INFO] [CalibrationManager] Değişiklik kaydedildi:  [ -> 5]
[04:41:15.014] [INFO] [CalibrationManager] Değişiklik kaydedildi:  [ -> 5]
[04:41:15.015] [INFO] [CalibrationManager] Değişiklik kaydedildi:  [ -> 5]
[04:41:15.017] [INFO] [CalibrationManager] Değişiklik kaydedildi:  [ -> 5]
[04:41:15.018] [INFO] [CalibrationManager] Değişiklik kaydedildi:  [ -> 5]
[04:41:15.019] [INFO] [CalibrationManager] Değişiklik kaydedildi:  [ -> 5]
[04:41:15.021] [INFO] [CalibrationManager] Değişiklik kaydedildi:  [ -> 5]
[04:41:15.022] [INFO] [CalibrationManager] Değişiklik kaydedildi:  [ -> 5]
[04:41:15.024] [INFO] [CalibrationManager] Değişiklik kaydedildi:  [ -> 5]
[04:41:15.025] [INFO] [CalibrationManager] Değişiklik kaydedildi:  [ -> 5]
[04:41:15.027] [INFO] [CalibrationManager] Değişiklik kaydedildi:  [ -> 5]
[04:41:15.029] [INFO] [CalibrationManager] Değişiklik kaydedildi:  [ -> 5]
[04:41:15.030] [INFO] [CalibrationManager] Değişiklik kaydedildi:  [ -> 5]
[04:41:15.032] [INFO] [CalibrationManager] Değişiklik kaydedildi:  [ -> 5]
[04:41:15.035] [INFO] [CalibrationManager] Değişiklik kaydedildi:  [ -> 5]
[04:41:15.036] [INFO] [CalibrationManager] Değişiklik kaydedildi:  [ -> 5]
[04:41:15.038] [INFO] [CalibrationManager] Değişiklik kaydedildi:  [ -> 5]
[04:41:15.039] [INFO] [CalibrationManager] Değişiklik kaydedildi:  [ -> 5]
[04:41:15.041] [INFO] [CalibrationManager] Değişiklik kaydedildi:  [ -> 5]
[04:41:15.042] [INFO] [CalibrationManager] Değişiklik kaydedildi:  [ -> 5]
[04:41:15.044] [INFO] [CalibrationManager] Değişiklik kaydedildi:  [ -> 5]
[04:41:15.045] [INFO] [CalibrationManager] Değişiklik kaydedildi:  [ -> 5]
[04:41:15.047] [INFO] [CalibrationManager] Değişiklik kaydedildi:  [ -> 5]
[04:41:15.048] [INFO] [CalibrationManager] Değişiklik kaydedildi:  [ -> 5]
[04:41:15.050] [INFO] [CalibrationManager] Değişiklik kaydedildi:  [ -> 5]
[04:41:15.051] [INFO] [CalibrationManager] Değişiklik kaydedildi:  [ -> 5]
[04:41:15.053] [INFO] [CalibrationManager] Değişiklik kaydedildi:  [ -> 5]
[04:41:15.054] [INFO] [CalibrationManager] Değişiklik kaydedildi:  [ -> 5]
[04:41:15.055] [INFO] [CalibrationManager] Değişiklik kaydedildi:  [ -> 5]
[04:41:15.057] [INFO] [CalibrationManager] Değişiklik kaydedildi:  [ -> 5]
[04:41:15.058] [INFO] [CalibrationManager] Değişiklik kaydedildi:  [ -> 5]
[04:41:15.060] [INFO] [CalibrationManager] Değişiklik kaydedildi:  [ -> 5]
[04:41:15.061] [INFO] [CalibrationManager] Değişiklik kaydedildi:  [ -> 5]
[04:41:15.063] [INFO] [CalibrationManager] Değişiklik kaydedildi:  [ -> 5]
[04:41:15.064] [INFO] [CalibrationManager] Değişiklik kaydedildi:  [ -> 5]
[04:41:15.066] [INFO] [CalibrationManager] Değişiklik kaydedildi:  [ -> 5]
[04:41:15.067] [INFO] [CalibrationManager] Değişiklik kaydedildi:  [ -> 5]
[04:41:15.069] [INFO] [CalibrationManager] Değişiklik kaydedildi:  [ -> 5]
[04:41:15.070] [INFO] [CalibrationManager] Değişiklik kaydedildi:  [ -> 5]
[04:41:15.072] [INFO] [CalibrationManager] Değişiklik kaydedildi:  [ -> 5]
[04:41:15.073] [INFO] [CalibrationManager] Değişiklik kaydedildi:  [ -> 5]
[04:41:15.075] [INFO] [CalibrationManager] Değişiklik kaydedildi:  [ -> 5]
[04:41:15.076] [INFO] [CalibrationManager] Değişiklik kaydedildi:  [ -> 5]
[04:41:15.077] [INFO] [CalibrationManager] Değişiklik kaydedildi:  [ -> 5]
[04:41:15.080] [INFO] [CalibrationManager] Değişiklik kaydedildi:  [ -> 5]
[04:41:15.082] [INFO] [CalibrationManager] Değişiklik kaydedildi:  [ -> 5]
[04:41:15.083] [INFO] [CalibrationManager] Değişiklik kaydedildi:  [ -> 5]
[04:41:15.085] [INFO] [CalibrationManager] Değişiklik kaydedildi:  [ -> 5]
[04:41:15.090] [WARNING] [RtpCalibrationEngine] Could not save persistent sync queue: The process cannot access the file 'C:\Users\ayhan\OneDrive\Desktop\Canlı OBD2 Araç Telemetri Ekranı\HondaTuner\bin\Debug\net6.0-windows\Database\pending_rtp_queue.json' because it is being used by another process.
[04:41:15.090] [INFO] [CalibrationManager] Değişiklik kaydedildi:  [ -> 5]
[04:41:15.092] [INFO] [CalibrationManager] Değişiklik kaydedildi:  [ -> 5]
[04:41:15.094] [INFO] [CalibrationManager] Değişiklik kaydedildi:  [ -> 5]
[04:41:15.096] [INFO] [CalibrationManager] Değişiklik kaydedildi:  [ -> 5]
[04:41:15.098] [INFO] [CalibrationManager] Değişiklik kaydedildi:  [ -> 5]
[04:41:15.100] [INFO] [CalibrationManager] Değişiklik kaydedildi:  [ -> 5]
[04:41:15.102] [INFO] [CalibrationManager] Değişiklik kaydedildi:  [ -> 5]
[04:41:15.104] [INFO] [CalibrationManager] Değişiklik kaydedildi:  [ -> 5]
[04:41:15.106] [INFO] [CalibrationManager] Değişiklik kaydedildi:  [ -> 5]
[04:41:15.108] [INFO] [CalibrationManager] Değişiklik kaydedildi:  [ -> 5]
[04:41:15.110] [INFO] [CalibrationManager] Değişiklik kaydedildi:  [ -> 5]
[04:41:15.112] [INFO] [CalibrationManager] Değişiklik kaydedildi:  [ -> 5]
[04:41:15.113] [INFO] [CalibrationManager] Değişiklik kaydedildi:  [ -> 5]
[04:41:15.115] [INFO] [CalibrationManager] Değişiklik kaydedildi:  [ -> 5]
[04:41:15.118] [INFO] [CalibrationManager] Değişiklik kaydedildi:  [ -> 5]
[04:41:15.120] [INFO] [CalibrationManager] Değişiklik kaydedildi:  [ -> 5]
[04:41:15.122] [INFO] [CalibrationManager] Değişiklik kaydedildi:  [ -> 5]
[04:41:15.124] [INFO] [CalibrationManager] Değişiklik kaydedildi:  [ -> 5]
[04:41:15.126] [INFO] [CalibrationManager] Değişiklik kaydedildi:  [ -> 5]
[04:41:15.128] [INFO] [CalibrationManager] Değişiklik kaydedildi:  [ -> 5]
[04:41:15.129] [INFO] [CalibrationManager] Değişiklik kaydedildi:  [ -> 5]
[04:41:15.131] [INFO] [CalibrationManager] Değişiklik kaydedildi:  [ -> 5]
[04:41:15.133] [INFO] [CalibrationManager] Değişiklik kaydedildi:  [ -> 5]
[04:41:15.135] [INFO] [CalibrationManager] Değişiklik kaydedildi:  [ -> 5]
[04:41:15.137] [INFO] [CalibrationManager] Değişiklik kaydedildi:  [ -> 5]
[04:41:15.139] [INFO] [CalibrationManager] Değişiklik kaydedildi:  [ -> 5]
[04:41:15.141] [INFO] [CalibrationManager] Değişiklik kaydedildi:  [ -> 5]
[04:41:15.142] [INFO] [CalibrationManager] Değişiklik kaydedildi:  [ -> 5]
[04:41:15.144] [INFO] [CalibrationManager] Değişiklik kaydedildi:  [ -> 5]
[04:41:15.146] [INFO] [CalibrationManager] Değişiklik kaydedildi:  [ -> 5]
[04:41:15.148] [INFO] [CalibrationManager] Değişiklik kaydedildi:  [ -> 5]
[04:41:15.150] [INFO] [CalibrationManager] Değişiklik kaydedildi:  [ -> 5]
[04:41:15.152] [INFO] [CalibrationManager] Değişiklik kaydedildi:  [ -> 5]
[04:41:15.153] [INFO] [CalibrationManager] Değişiklik kaydedildi:  [ -> 5]
[04:41:15.155] [INFO] [CalibrationManager] Değişiklik kaydedildi:  [ -> 5]
[04:41:15.157] [INFO] [CalibrationManager] Değişiklik kaydedildi:  [ -> 5]
[04:41:15.159] [INFO] [CalibrationManager] Değişiklik kaydedildi:  [ -> 5]
[04:41:15.161] [INFO] [CalibrationManager] Değişiklik kaydedildi:  [ -> 5]
[04:41:15.162] [INFO] [CalibrationManager] Değişiklik kaydedildi:  [ -> 5]
[04:41:15.164] [INFO] [CalibrationManager] Değişiklik kaydedildi:  [ -> 5]
[04:41:15.166] [INFO] [CalibrationManager] Değişiklik kaydedildi:  [ -> 5]
[04:41:15.168] [INFO] [CalibrationManager] Değişiklik kaydedildi:  [ -> 5]
[04:41:15.174] [INFO] [CalibrationManager] Değişiklik kaydedildi:  [ -> 5]
[04:41:15.176] [INFO] [CalibrationManager] Değişiklik kaydedildi:  [ -> 5]
[04:41:15.178] [INFO] [CalibrationManager] Değişiklik kaydedildi:  [ -> 5]
[04:41:15.179] [INFO] [CalibrationManager] Değişiklik kaydedildi:  [ -> 5]
[04:41:15.181] [INFO] [CalibrationManager] Değişiklik kaydedildi:  [ -> 5]
[04:41:15.184] [INFO] [CalibrationManager] Değişiklik kaydedildi:  [ -> 5]
[04:41:15.186] [INFO] [CalibrationManager] Değişiklik kaydedildi:  [ -> 5]
[04:41:15.187] [INFO] [CalibrationManager] Değişiklik kaydedildi:  [ -> 5]
[04:41:15.189] [INFO] [CalibrationManager] Değişiklik kaydedildi:  [ -> 5]
[04:41:15.191] [INFO] [CalibrationManager] Değişiklik kaydedildi:  [ -> 5]
[04:41:15.192] [INFO] [CalibrationManager] Değişiklik kaydedildi:  [ -> 5]
[04:41:15.197] [INFO] [CalibrationManager] Değişiklik kaydedildi:  [ -> 5]
[04:41:15.200] [INFO] [CalibrationManager] Değişiklik kaydedildi:  [ -> 5]
[04:41:15.201] [INFO] [CalibrationManager] Değişiklik kaydedildi:  [ -> 5]
[04:41:15.203] [INFO] [CalibrationManager] Değişiklik kaydedildi:  [ -> 5]
[04:41:15.205] [INFO] [CalibrationManager] Değişiklik kaydedildi:  [ -> 5]
[04:41:15.207] [INFO] [CalibrationManager] Değişiklik kaydedildi:  [ -> 5]
[04:41:15.209] [INFO] [CalibrationManager] Değişiklik kaydedildi:  [ -> 5]
[04:41:15.211] [INFO] [CalibrationManager] Değişiklik kaydedildi:  [ -> 5]
[04:41:15.213] [INFO] [CalibrationManager] Değişiklik kaydedildi:  [ -> 5]
[04:41:15.215] [INFO] [CalibrationManager] Değişiklik kaydedildi:  [ -> 5]
[04:41:15.218] [INFO] [CalibrationManager] Değişiklik kaydedildi:  [ -> 5]
[04:41:15.220] [INFO] [CalibrationManager] Değişiklik kaydedildi:  [ -> 5]
[04:41:15.222] [INFO] [CalibrationManager] Değişiklik kaydedildi:  [ -> 5]
[04:41:15.235] [INFO] [CalibrationManager] Değişiklik kaydedildi:  [ -> 5]
[04:41:15.237] [INFO] [CalibrationManager] Değişiklik kaydedildi:  [ -> 5]
[04:41:15.239] [INFO] [CalibrationManager] Değişiklik kaydedildi:  [ -> 5]
[04:41:15.241] [INFO] [CalibrationManager] Değişiklik kaydedildi:  [ -> 5]
[04:41:15.243] [INFO] [CalibrationManager] Değişiklik kaydedildi:  [ -> 5]
[04:41:15.246] [INFO] [CalibrationManager] Değişiklik kaydedildi:  [ -> 5]
[04:41:15.247] [INFO] [CalibrationManager] Değişiklik kaydedildi:  [ -> 5]
[04:41:15.249] [INFO] [CalibrationManager] Değişiklik kaydedildi:  [ -> 5]
[04:41:15.251] [INFO] [CalibrationManager] Değişiklik kaydedildi:  [ -> 5]
[04:41:15.253] [INFO] [CalibrationManager] Değişiklik kaydedildi:  [ -> 5]
[04:41:15.255] [INFO] [CalibrationManager] Değişiklik kaydedildi:  [ -> 5]
[04:41:15.257] [INFO] [CalibrationManager] Değişiklik kaydedildi:  [ -> 5]
[04:41:15.259] [INFO] [CalibrationManager] Değişiklik kaydedildi:  [ -> 5]
[04:41:15.261] [INFO] [CalibrationManager] Değişiklik kaydedildi:  [ -> 5]
[04:41:15.263] [INFO] [CalibrationManager] Değişiklik kaydedildi:  [ -> 5]
[04:41:15.265] [INFO] [CalibrationManager] Değişiklik kaydedildi:  [ -> 5]
[04:41:15.267] [INFO] [CalibrationManager] Değişiklik kaydedildi:  [ -> 5]
[04:41:15.269] [INFO] [CalibrationManager] Değişiklik kaydedildi:  [ -> 5]
[04:41:15.270] [INFO] [CalibrationManager] Değişiklik kaydedildi:  [ -> 5]
[04:41:15.272] [INFO] [CalibrationManager] Değişiklik kaydedildi:  [ -> 5]
[04:41:15.274] [INFO] [CalibrationManager] Değişiklik kaydedildi:  [ -> 5]
[04:41:15.276] [INFO] [CalibrationManager] Değişiklik kaydedildi:  [ -> 5]
[04:41:15.277] [INFO] [CalibrationManager] Değişiklik kaydedildi:  [ -> 5]
[04:41:15.279] [INFO] [CalibrationManager] Değişiklik kaydedildi:  [ -> 5]
[04:41:15.281] [INFO] [CalibrationManager] Değişiklik kaydedildi:  [ -> 5]
[04:41:15.283] [INFO] [CalibrationManager] Değişiklik kaydedildi:  [ -> 5]
[04:41:15.285] [INFO] [CalibrationManager] Değişiklik kaydedildi:  [ -> 5]
[04:41:15.288] [INFO] [CalibrationManager] Değişiklik kaydedildi:  [ -> 5]
[04:41:15.289] [INFO] [CalibrationManager] Değişiklik kaydedildi:  [ -> 5]
[04:41:15.291] [INFO] [CalibrationManager] Değişiklik kaydedildi:  [ -> 5]
[04:41:15.295] [INFO] [CalibrationManager] Değişiklik kaydedildi:  [ -> 5]
[04:41:15.299] [INFO] [CalibrationManager] Değişiklik kaydedildi:  [ -> 5]
[04:41:15.301] [INFO] [CalibrationManager] Değişiklik kaydedildi:  [ -> 5]
[04:41:15.303] [INFO] [CalibrationManager] Değişiklik kaydedildi:  [ -> 5]
[04:41:15.305] [INFO] [CalibrationManager] Değişiklik kaydedildi:  [ -> 5]
[04:41:15.307] [INFO] [CalibrationManager] Değişiklik kaydedildi:  [ -> 5]
[04:41:15.309] [INFO] [CalibrationManager] Değişiklik kaydedildi:  [ -> 5]
[04:41:15.311] [INFO] [CalibrationManager] Değişiklik kaydedildi:  [ -> 5]
[04:41:15.313] [INFO] [CalibrationManager] Değişiklik kaydedildi:  [ -> 5]
[04:41:15.316] [INFO] [CalibrationManager] Değişiklik kaydedildi:  [ -> 5]
[04:41:15.318] [INFO] [CalibrationManager] Değişiklik kaydedildi:  [ -> 5]
[04:41:15.320] [INFO] [CalibrationManager] Değişiklik kaydedildi:  [ -> 5]
[04:41:15.322] [INFO] [CalibrationManager] Değişiklik kaydedildi:  [ -> 5]
[04:41:15.324] [INFO] [CalibrationManager] Değişiklik kaydedildi:  [ -> 5]
[04:41:15.327] [INFO] [CalibrationManager] Değişiklik kaydedildi:  [ -> 5]
[04:41:15.337] [INFO] [CalibrationManager] Değişiklik kaydedildi:  [ -> 5]
[04:41:15.339] [INFO] [CalibrationManager] Değişiklik kaydedildi:  [ -> 5]
[04:41:15.340] [INFO] [CalibrationManager] Değişiklik kaydedildi:  [ -> 5]
[04:41:15.343] [INFO] [CalibrationManager] Değişiklik kaydedildi:  [ -> 5]
[04:41:15.344] [INFO] [CalibrationManager] Değişiklik kaydedildi:  [ -> 5]
[04:41:15.346] [INFO] [CalibrationManager] Değişiklik kaydedildi:  [ -> 5]
[04:41:15.348] [INFO] [CalibrationManager] Değişiklik kaydedildi:  [ -> 5]
[04:41:15.350] [INFO] [CalibrationManager] Değişiklik kaydedildi:  [ -> 5]
[04:41:15.352] [INFO] [CalibrationManager] Değişiklik kaydedildi:  [ -> 5]
[04:41:15.354] [INFO] [CalibrationManager] Değişiklik kaydedildi:  [ -> 5]
[04:41:15.356] [INFO] [CalibrationManager] Değişiklik kaydedildi:  [ -> 5]
[04:41:15.358] [INFO] [CalibrationManager] Değişiklik kaydedildi:  [ -> 5]
[04:41:15.360] [INFO] [CalibrationManager] Değişiklik kaydedildi:  [ -> 5]
[04:41:15.362] [INFO] [CalibrationManager] Değişiklik kaydedildi:  [ -> 5]
[04:41:15.364] [INFO] [CalibrationManager] Değişiklik kaydedildi:  [ -> 5]
[04:41:15.366] [INFO] [CalibrationManager] Değişiklik kaydedildi:  [ -> 5]
[04:41:15.367] [INFO] [CalibrationManager] Değişiklik kaydedildi:  [ -> 5]
[04:41:15.370] [INFO] [CalibrationManager] Değişiklik kaydedildi:  [ -> 5]
[04:41:15.372] [INFO] [CalibrationManager] Değişiklik kaydedildi:  [ -> 5]
[04:41:15.374] [INFO] [CalibrationManager] Değişiklik kaydedildi:  [ -> 5]
[04:41:15.375] [INFO] [CalibrationManager] Değişiklik kaydedildi:  [ -> 5]
[04:41:15.378] [INFO] [CalibrationManager] Değişiklik kaydedildi:  [ -> 5]
[04:41:15.380] [INFO] [CalibrationManager] Değişiklik kaydedildi:  [ -> 5]
[04:41:15.383] [INFO] [CalibrationManager] Değişiklik kaydedildi:  [ -> 5]
[04:41:15.384] [INFO] [CalibrationManager] Değişiklik kaydedildi:  [ -> 5]
[04:41:15.386] [INFO] [CalibrationManager] Değişiklik kaydedildi:  [ -> 5]
[04:41:15.388] [INFO] [CalibrationManager] Değişiklik kaydedildi:  [ -> 5]
[04:41:15.390] [INFO] [CalibrationManager] Değişiklik kaydedildi:  [ -> 5]
[04:41:15.392] [INFO] [CalibrationManager] Değişiklik kaydedildi:  [ -> 5]
[04:41:15.393] [INFO] [CalibrationManager] Değişiklik kaydedildi:  [ -> 5]
[04:41:15.395] [INFO] [CalibrationManager] Değişiklik kaydedildi:  [ -> 5]
[04:41:15.398] [INFO] [CalibrationManager] Değişiklik kaydedildi:  [ -> 5]
[04:41:15.400] [INFO] [CalibrationManager] Değişiklik kaydedildi:  [ -> 5]
[04:41:15.402] [INFO] [CalibrationManager] Değişiklik kaydedildi:  [ -> 5]
[04:41:15.404] [INFO] [CalibrationManager] Değişiklik kaydedildi:  [ -> 5]
[04:41:15.406] [INFO] [CalibrationManager] Değişiklik kaydedildi:  [ -> 5]
[04:41:15.409] [INFO] [CalibrationManager] Değişiklik kaydedildi:  [ -> 5]
[04:41:15.411] [INFO] [CalibrationManager] Değişiklik kaydedildi:  [ -> 5]
[04:41:15.413] [INFO] [CalibrationManager] Değişiklik kaydedildi:  [ -> 5]
[04:41:15.415] [INFO] [CalibrationManager] Değişiklik kaydedildi:  [ -> 5]
[04:41:15.418] [INFO] [CalibrationManager] Değişiklik kaydedildi:  [ -> 5]
[04:41:15.420] [INFO] [CalibrationManager] Değişiklik kaydedildi:  [ -> 5]
[04:41:15.422] [INFO] [CalibrationManager] Değişiklik kaydedildi:  [ -> 5]
[04:41:15.424] [INFO] [CalibrationManager] Değişiklik kaydedildi:  [ -> 5]
[04:41:15.426] [INFO] [CalibrationManager] Değişiklik kaydedildi:  [ -> 5]
[04:41:15.428] [INFO] [CalibrationManager] Değişiklik kaydedildi:  [ -> 5]
[04:41:15.430] [INFO] [CalibrationManager] Değişiklik kaydedildi:  [ -> 5]
[04:41:15.432] [INFO] [CalibrationManager] Değişiklik kaydedildi:  [ -> 5]
[04:41:15.434] [INFO] [CalibrationManager] Değişiklik kaydedildi:  [ -> 5]
[04:41:15.436] [INFO] [CalibrationManager] Değişiklik kaydedildi:  [ -> 5]
[04:41:15.438] [INFO] [CalibrationManager] Değişiklik kaydedildi:  [ -> 5]
[04:41:15.439] [INFO] [CalibrationManager] Değişiklik kaydedildi:  [ -> 5]
[04:41:15.441] [INFO] [CalibrationManager] Değişiklik kaydedildi:  [ -> 5]
[04:41:15.443] [INFO] [CalibrationManager] Değişiklik kaydedildi:  [ -> 5]
[04:41:15.446] [INFO] [CalibrationManager] Değişiklik kaydedildi:  [ -> 5]
[04:41:15.447] [INFO] [CalibrationManager] Değişiklik kaydedildi:  [ -> 5]
[04:41:15.449] [INFO] [CalibrationManager] Değişiklik kaydedildi:  [ -> 5]
[04:41:15.452] [INFO] [CalibrationManager] Değişiklik kaydedildi:  [ -> 5]
[04:41:15.454] [INFO] [CalibrationManager] Değişiklik kaydedildi:  [ -> 5]
[04:41:15.456] [INFO] [CalibrationManager] Değişiklik kaydedildi:  [ -> 5]
[04:41:15.460] [INFO] [CalibrationManager] Değişiklik kaydedildi:  [ -> 5]
[04:41:15.462] [INFO] [CalibrationManager] Değişiklik kaydedildi:  [ -> 5]
[04:41:15.464] [INFO] [CalibrationManager] Değişiklik kaydedildi:  [ -> 5]
[04:41:15.466] [INFO] [CalibrationManager] Değişiklik kaydedildi:  [ -> 5]
[04:41:15.467] [INFO] [CalibrationManager] Değişiklik kaydedildi:  [ -> 5]
[04:41:15.469] [INFO] [CalibrationManager] Değişiklik kaydedildi:  [ -> 5]
[04:41:15.471] [INFO] [CalibrationManager] Değişiklik kaydedildi:  [ -> 5]
[04:41:15.473] [INFO] [CalibrationManager] Değişiklik kaydedildi:  [ -> 5]
[04:41:15.474] [INFO] [CalibrationManager] Değişiklik kaydedildi:  [ -> 5]
[04:41:15.476] [INFO] [CalibrationManager] Değişiklik kaydedildi:  [ -> 5]
[04:41:15.478] [INFO] [CalibrationManager] Değişiklik kaydedildi:  [ -> 5]
[04:41:15.480] [INFO] [CalibrationManager] Değişiklik kaydedildi:  [ -> 5]
[04:41:15.482] [INFO] [CalibrationManager] Değişiklik kaydedildi:  [ -> 5]
[04:41:15.484] [INFO] [CalibrationManager] Değişiklik kaydedildi:  [ -> 5]
[04:41:15.486] [INFO] [CalibrationManager] Değişiklik kaydedildi:  [ -> 5]
[04:41:15.488] [INFO] [CalibrationManager] Değişiklik kaydedildi:  [ -> 5]
[04:41:15.490] [INFO] [CalibrationManager] Değişiklik kaydedildi:  [ -> 5]
[04:41:15.492] [INFO] [CalibrationManager] Değişiklik kaydedildi:  [ -> 5]
[04:41:15.495] [INFO] [CalibrationManager] Değişiklik kaydedildi:  [ -> 5]
[04:41:15.497] [INFO] [CalibrationManager] Değişiklik kaydedildi:  [ -> 5]
[04:41:15.499] [INFO] [CalibrationManager] Değişiklik kaydedildi:  [ -> 5]
[04:41:15.501] [INFO] [CalibrationManager] Değişiklik kaydedildi:  [ -> 5]
[04:41:15.503] [INFO] [CalibrationManager] Değişiklik kaydedildi:  [ -> 5]
[04:41:15.504] [INFO] [CalibrationManager] Değişiklik kaydedildi:  [ -> 5]
[04:41:15.506] [INFO] [CalibrationManager] Değişiklik kaydedildi:  [ -> 5]
[04:41:15.510] [INFO] [CalibrationManager] Değişiklik kaydedildi:  [ -> 5]
[04:41:15.512] [INFO] [CalibrationManager] Değişiklik kaydedildi:  [ -> 5]
[04:41:15.515] [INFO] [CalibrationManager] Değişiklik kaydedildi:  [ -> 5]
[04:41:15.517] [INFO] [CalibrationManager] Değişiklik kaydedildi:  [ -> 5]
[04:41:15.519] [INFO] [CalibrationManager] Değişiklik kaydedildi:  [ -> 5]
[04:41:15.521] [INFO] [CalibrationManager] Değişiklik kaydedildi:  [ -> 5]
[04:41:15.522] [INFO] [CalibrationManager] Değişiklik kaydedildi:  [ -> 5]
[04:41:15.524] [INFO] [CalibrationManager] Değişiklik kaydedildi:  [ -> 5]
[04:41:15.526] [INFO] [CalibrationManager] Değişiklik kaydedildi:  [ -> 5]
[04:41:15.528] [INFO] [CalibrationManager] Değişiklik kaydedildi:  [ -> 5]
[04:41:15.532] [INFO] [CalibrationManager] Değişiklik kaydedildi:  [ -> 5]
[04:41:15.533] [INFO] [CalibrationManager] Değişiklik kaydedildi:  [ -> 5]
[04:41:15.535] [INFO] [CalibrationManager] Değişiklik kaydedildi:  [ -> 5]
[04:41:15.538] [INFO] [CalibrationManager] Değişiklik kaydedildi:  [ -> 5]
[04:41:15.539] [INFO] [CalibrationManager] Değişiklik kaydedildi:  [ -> 5]
[04:41:15.542] [INFO] [CalibrationManager] Değişiklik kaydedildi:  [ -> 5]
[04:41:15.543] [INFO] [CalibrationManager] Değişiklik kaydedildi:  [ -> 5]
[04:41:15.546] [INFO] [CalibrationManager] Değişiklik kaydedildi:  [ -> 5]
[04:41:15.548] [INFO] [CalibrationManager] Değişiklik kaydedildi:  [ -> 5]
[04:41:15.549] [INFO] [CalibrationManager] Değişiklik kaydedildi:  [ -> 5]
[04:41:15.551] [INFO] [CalibrationManager] Değişiklik kaydedildi:  [ -> 5]
[04:41:15.553] [INFO] [CalibrationManager] Değişiklik kaydedildi:  [ -> 5]
[04:41:15.555] [INFO] [CalibrationManager] Değişiklik kaydedildi:  [ -> 5]
[04:41:15.557] [INFO] [CalibrationManager] Değişiklik kaydedildi:  [ -> 5]
[04:41:15.559] [INFO] [CalibrationManager] Değişiklik kaydedildi:  [ -> 5]
[04:41:15.561] [INFO] [CalibrationManager] Değişiklik kaydedildi:  [ -> 5]
[04:41:15.564] [INFO] [CalibrationManager] Değişiklik kaydedildi:  [ -> 5]
[04:41:15.566] [INFO] [CalibrationManager] Değişiklik kaydedildi:  [ -> 5]
[04:41:15.567] [INFO] [CalibrationManager] Değişiklik kaydedildi:  [ -> 5]
[04:41:15.569] [INFO] [CalibrationManager] Değişiklik kaydedildi:  [ -> 5]
[04:41:15.571] [INFO] [CalibrationManager] Değişiklik kaydedildi:  [ -> 5]
[04:41:15.574] [INFO] [CalibrationManager] Değişiklik kaydedildi:  [ -> 5]
[04:41:15.575] [INFO] [CalibrationManager] Değişiklik kaydedildi:  [ -> 5]
[04:41:15.577] [INFO] [CalibrationManager] Değişiklik kaydedildi:  [ -> 5]
[04:41:15.579] [INFO] [CalibrationManager] Değişiklik kaydedildi:  [ -> 5]
[04:41:15.581] [INFO] [CalibrationManager] Değişiklik kaydedildi:  [ -> 5]
[04:41:15.582] [INFO] [CalibrationManager] Değişiklik kaydedildi:  [ -> 5]
[04:41:15.584] [INFO] [CalibrationManager] Değişiklik kaydedildi:  [ -> 5]
[04:41:15.585] [INFO] [CalibrationManager] Değişiklik kaydedildi:  [ -> 5]
[04:41:15.587] [INFO] [CalibrationManager] Değişiklik kaydedildi:  [ -> 5]
[04:41:15.589] [INFO] [CalibrationManager] Değişiklik kaydedildi:  [ -> 5]
[04:41:15.591] [INFO] [CalibrationManager] Değişiklik kaydedildi:  [ -> 5]
[04:41:15.594] [INFO] [CalibrationManager] Değişiklik kaydedildi:  [ -> 5]
[04:41:15.596] [INFO] [CalibrationManager] Değişiklik kaydedildi:  [ -> 5]
[04:41:15.598] [INFO] [CalibrationManager] Değişiklik kaydedildi:  [ -> 5]
[04:41:15.600] [INFO] [CalibrationManager] Değişiklik kaydedildi:  [ -> 5]
[04:41:15.602] [INFO] [CalibrationManager] Değişiklik kaydedildi:  [ -> 5]
[04:41:15.604] [INFO] [CalibrationManager] Değişiklik kaydedildi:  [ -> 5]
[04:41:15.606] [INFO] [CalibrationManager] Değişiklik kaydedildi:  [ -> 5]
[04:41:15.608] [INFO] [CalibrationManager] Değişiklik kaydedildi:  [ -> 5]
[04:41:15.610] [INFO] [CalibrationManager] Değişiklik kaydedildi:  [ -> 5]
[04:41:15.612] [INFO] [CalibrationManager] Değişiklik kaydedildi:  [ -> 5]
[04:41:15.615] [INFO] [CalibrationManager] Değişiklik kaydedildi:  [ -> 5]
[04:41:15.617] [INFO] [CalibrationManager] Değişiklik kaydedildi:  [ -> 5]
[04:41:15.619] [INFO] [CalibrationManager] Değişiklik kaydedildi:  [ -> 5]
[04:41:15.620] [INFO] [CalibrationManager] Değişiklik kaydedildi:  [ -> 5]
[04:41:15.622] [INFO] [CalibrationManager] Değişiklik kaydedildi:  [ -> 5]
[04:41:15.625] [INFO] [CalibrationManager] Değişiklik kaydedildi:  [ -> 5]
[04:41:16.035] [INFO] [RtpCalibrationEngine] Connecting to RTP emulator...
[04:41:16.036] [INFO] [RtpCalibrationEngine] RTP emulator connected successfully.
[04:41:16.036] [INFO] [RtpCalibrationEngine] Real-time synchronization active.
[04:41:16.036] [INFO] [RtpCalibrationEngine] Connecting to RTP emulator...
[04:41:16.036] [INFO] [RtpCalibrationEngine] RTP emulator connected successfully.
[04:41:16.037] [INFO] [RtpCalibrationEngine] Real-time synchronization active.
[04:41:16.039] [INFO] [CalibrationManager] Değişiklik kaydedildi:  [ -> 55]
[04:41:16.118] [ERROR] [RtpCalibrationEngine] Batch write execution failed: Batch block verification write failed: Simulated block write exception
[04:41:16.246] [INFO] [RtpCalibrationEngine] Connecting to RTP emulator...
[04:41:16.246] [INFO] [RtpCalibrationEngine] RTP emulator connected successfully.
[04:41:16.246] [INFO] [RtpCalibrationEngine] Real-time synchronization active.
[04:41:16.249] [INFO] [CalibrationManager] Değişiklik kaydedildi:  [ -> 88]
[04:41:16.325] [ERROR] [RtpCalibrationEngine] Batch write execution failed: Batch block verification write failed: Batch block verify mismatch at relative index 0. Expected: 88, Actual: 167
[04:41:16.458] [INFO] [RtpCalibrationEngine] Connecting to RTP emulator...
[04:41:16.458] [INFO] [RtpCalibrationEngine] RTP emulator connected successfully.
[04:41:16.459] [INFO] [RtpCalibrationEngine] Real-time synchronization active.
[04:41:16.461] [INFO] [CalibrationManager] Değişiklik kaydedildi:  [ -> 22]
[04:41:16.568] [INFO] [CalibrationManager] Değişiklik kaydedildi:  [ -> 22]
[04:41:16.685] [INFO] [CalibrationManager] Değişiklik kaydedildi:  [ -> 0]
[04:41:16.694] [INFO] [CalibrationManager] Değişiklik kaydedildi:  [ -> 1]
[04:41:16.703] [INFO] [CalibrationManager] Değişiklik kaydedildi:  [ -> 2]
[04:41:16.712] [INFO] [CalibrationManager] Değişiklik kaydedildi:  [ -> 3]
[04:41:16.721] [INFO] [CalibrationManager] Değişiklik kaydedildi:  [ -> 4]
[04:41:16.728] [INFO] [CalibrationManager] Değişiklik kaydedildi:  [ -> 5]
[04:41:16.737] [INFO] [CalibrationManager] Değişiklik kaydedildi:  [ -> 6]
[04:41:16.741] [INFO] [CalibrationManager] Değişiklik kaydedildi:  [ -> 0]
[04:41:16.750] [INFO] [CalibrationManager] Değişiklik kaydedildi:  [ -> 1]
[04:41:16.760] [INFO] [CalibrationManager] Değişiklik kaydedildi:  [ -> 2]
[04:41:16.769] [INFO] [CalibrationManager] Değişiklik kaydedildi:  [ -> 3]
[04:41:16.776] [INFO] [CalibrationManager] Değişiklik kaydedildi:  [ -> 4]
[04:41:16.785] [INFO] [CalibrationManager] Değişiklik kaydedildi:  [ -> 5]
[04:41:16.787] [INFO] [CalibrationManager] Değişiklik kaydedildi:  [ -> 6]
[04:41:16.792] [INFO] [CalibrationManager] Değişiklik kaydedildi:  [ -> 0]
[04:41:16.800] [INFO] [CalibrationManager] Değişiklik kaydedildi:  [ -> 1]
[04:41:16.808] [INFO] [CalibrationManager] Değişiklik kaydedildi:  [ -> 2]
[04:41:16.818] [INFO] [CalibrationManager] Değişiklik kaydedildi:  [ -> 3]
[04:41:16.828] [INFO] [CalibrationManager] Değişiklik kaydedildi:  [ -> 4]
[04:41:16.941] [INFO] [CalibrationManager] Değişiklik kaydedildi:  [ -> 5]
[04:41:17.048] [INFO] [CalibrationManager] Değişiklik kaydedildi:  [ -> 6]
[04:41:17.051] [ERROR] [RtpCalibrationEngine] RTP Configuration validation failed: Retry count must be between 0 and 10. (Parameter 'RetryCount')
[04:41:17.054] [INFO] [RtpCalibrationEngine] Recovered 1 pending changes from persistent queue on disk.
[04:41:17.075] [INFO] [RtpCalibrationEngine] Connecting to RTP emulator...
[04:41:17.076] [INFO] [RtpCalibrationEngine] RTP emulator connected successfully.
[04:41:17.076] [INFO] [RtpCalibrationEngine] Real-time synchronization active.
[04:41:17.085] [INFO] [AutoTuneSafetyManager] Güvenlik limitleri yüklendi. Etkin kural sayısı: 4
[04:41:17.085] [INFO] [AutoTuneEventPublisher] Domain olayı yayınlandı: SessionCreated (Oturum: 490d83f5-f8be-40bf-be2d-71cd86bb01fd)
[04:41:17.085] [INFO] [AutoTuneEngine] Oturum başarıyla başlatıldı: 490d83f5-f8be-40bf-be2d-71cd86bb01fd
[04:41:17.236] [INFO] [AutoTuneEventPublisher] Domain olayı yayınlandı: TelemetryWindowAccepted (Oturum: 490d83f5-f8be-40bf-be2d-71cd86bb01fd)
[04:41:17.236] [INFO] [AutoTuneEventPublisher] Domain olayı yayınlandı: SafetyViolation (Oturum: 490d83f5-f8be-40bf-be2d-71cd86bb01fd)
[04:41:17.236] [INFO] [AutoTuneEventPublisher] Domain olayı yayınlandı: DecisionCreated (Oturum: 490d83f5-f8be-40bf-be2d-71cd86bb01fd)
[04:41:17.237] [INFO] [CalibrationSnapshotManager] Snapshot oluşturuldu: 61a1e1a2-aeb0-4365-8621-4d1628b7182e, Hücre sayısı: 1
[04:41:17.238] [INFO] [CalibrationRecoveryManager] Bekleyen işlem kaydedildi: 78778848-baba-4238-af56-c770f4a17848
[04:41:17.240] [INFO] [CalibrationManager] Değişiklik kaydedildi: AFRTargetTable Hücre [3,4] [0 -> 15]
[04:41:17.241] [INFO] [CalibrationRecoveryManager] Bekleyen işlem temizlendi (başarılı commit).
[04:41:17.241] [INFO] [CalibrationStreamPublisher] Uygulanan değişiklik yayınlandı: Lambda adres: AFRTargetTable[3,4]
[04:41:17.241] [INFO] [AutoTuneEventPublisher] Domain olayı yayınlandı: MapChangeApplied (Oturum: 490d83f5-f8be-40bf-be2d-71cd86bb01fd)
[04:41:17.241] [INFO] [AutoTuneEventPublisher] Domain olayı yayınlandı: DecisionCreated (Oturum: 490d83f5-f8be-40bf-be2d-71cd86bb01fd)
[04:41:17.241] [INFO] [CalibrationSnapshotManager] Snapshot oluşturuldu: 35183a66-c4a7-40bb-a0d4-dc967d00cb27, Hücre sayısı: 1
[04:41:17.243] [INFO] [CalibrationRecoveryManager] Bekleyen işlem kaydedildi: 3717a432-6fdc-4d91-b561-af9dee555145
[04:41:17.244] [INFO] [CalibrationManager] Değişiklik kaydedildi: IgnitionTable Hücre [3,4] [15 -> 16]
[04:41:17.246] [INFO] [CalibrationRecoveryManager] Bekleyen işlem temizlendi (başarılı commit).
[04:41:17.246] [INFO] [CalibrationStreamPublisher] Uygulanan değişiklik yayınlandı: Ignition adres: IgnitionTable[3,4]
[04:41:17.246] [INFO] [AutoTuneEventPublisher] Domain olayı yayınlandı: MapChangeApplied (Oturum: 490d83f5-f8be-40bf-be2d-71cd86bb01fd)
[04:41:17.246] [INFO] [AutoTuneEventPublisher] Domain olayı yayınlandı: DecisionCreated (Oturum: 490d83f5-f8be-40bf-be2d-71cd86bb01fd)
[04:41:17.246] [INFO] [CalibrationSnapshotManager] Snapshot oluşturuldu: 16133975-ed84-47f4-91fe-8466860be6ba, Hücre sayısı: 1
[04:41:17.247] [INFO] [CalibrationRecoveryManager] Bekleyen işlem kaydedildi: 088cc1e4-7278-48b2-a220-cc4a4dad5d93
[04:41:17.249] [INFO] [CalibrationManager] Değişiklik kaydedildi: FuelVETable Hücre [3,4] [16 -> 60]
[04:41:17.250] [INFO] [CalibrationRecoveryManager] Bekleyen işlem temizlendi (başarılı commit).
[04:41:17.250] [INFO] [CalibrationStreamPublisher] Uygulanan değişiklik yayınlandı: VE adres: FuelVETable[3,4]
[04:41:17.251] [INFO] [AutoTuneEventPublisher] Domain olayı yayınlandı: MapChangeApplied (Oturum: 490d83f5-f8be-40bf-be2d-71cd86bb01fd)
[04:41:17.279] [INFO] [AutoTuneEventPublisher] Domain olayı yayınlandı: TelemetryWindowAccepted (Oturum: 490d83f5-f8be-40bf-be2d-71cd86bb01fd)
[04:41:17.279] [INFO] [AutoTuneEventPublisher] Domain olayı yayınlandı: SafetyViolation (Oturum: 490d83f5-f8be-40bf-be2d-71cd86bb01fd)
[04:41:17.279] [INFO] [AutoTuneEventPublisher] Domain olayı yayınlandı: DecisionCreated (Oturum: 490d83f5-f8be-40bf-be2d-71cd86bb01fd)
[04:41:17.279] [INFO] [CalibrationSnapshotManager] Snapshot oluşturuldu: cef08447-006a-4045-964f-1e3f82c909d3, Hücre sayısı: 1
[04:41:17.281] [INFO] [CalibrationRecoveryManager] Bekleyen işlem kaydedildi: c4c336b1-7aab-4985-877f-49b2381f8938
[04:41:17.282] [INFO] [CalibrationManager] Değişiklik kaydedildi: AFRTargetTable Hücre [3,4] [60 -> 15]
[04:41:17.283] [INFO] [CalibrationRecoveryManager] Bekleyen işlem temizlendi (başarılı commit).
[04:41:17.283] [INFO] [CalibrationStreamPublisher] Uygulanan değişiklik yayınlandı: Lambda adres: AFRTargetTable[3,4]
[04:41:17.284] [INFO] [AutoTuneEventPublisher] Domain olayı yayınlandı: MapChangeApplied (Oturum: 490d83f5-f8be-40bf-be2d-71cd86bb01fd)
[04:41:17.284] [INFO] [AutoTuneEventPublisher] Domain olayı yayınlandı: DecisionCreated (Oturum: 490d83f5-f8be-40bf-be2d-71cd86bb01fd)
[04:41:17.284] [INFO] [CalibrationSnapshotManager] Snapshot oluşturuldu: 13dcad8c-fef7-403d-ba77-a5dcad85e758, Hücre sayısı: 1
[04:41:17.285] [INFO] [CalibrationRecoveryManager] Bekleyen işlem kaydedildi: 7faea60c-b749-41b9-b4ba-e337e7e0afb9
[04:41:17.289] [INFO] [CalibrationManager] Değişiklik kaydedildi: IgnitionTable Hücre [3,4] [15 -> 16]
[04:41:17.290] [INFO] [CalibrationRecoveryManager] Bekleyen işlem temizlendi (başarılı commit).
[04:41:17.290] [INFO] [CalibrationStreamPublisher] Uygulanan değişiklik yayınlandı: Ignition adres: IgnitionTable[3,4]
[04:41:17.290] [INFO] [AutoTuneEventPublisher] Domain olayı yayınlandı: MapChangeApplied (Oturum: 490d83f5-f8be-40bf-be2d-71cd86bb01fd)
[04:41:17.290] [INFO] [AutoTuneEventPublisher] Domain olayı yayınlandı: DecisionCreated (Oturum: 490d83f5-f8be-40bf-be2d-71cd86bb01fd)
[04:41:17.290] [INFO] [CalibrationSnapshotManager] Snapshot oluşturuldu: ea3a4c63-0ce9-4bee-95b7-498f21aba3b4, Hücre sayısı: 1
[04:41:17.292] [INFO] [CalibrationRecoveryManager] Bekleyen işlem kaydedildi: 5f2b611e-ff36-4e8a-b57b-8d8d172b0611
[04:41:17.293] [INFO] [CalibrationManager] Değişiklik kaydedildi: FuelVETable Hücre [3,4] [16 -> 60]
[04:41:17.294] [INFO] [CalibrationRecoveryManager] Bekleyen işlem temizlendi (başarılı commit).
[04:41:17.294] [INFO] [CalibrationStreamPublisher] Uygulanan değişiklik yayınlandı: VE adres: FuelVETable[3,4]
[04:41:17.294] [INFO] [AutoTuneEventPublisher] Domain olayı yayınlandı: MapChangeApplied (Oturum: 490d83f5-f8be-40bf-be2d-71cd86bb01fd)
[04:41:17.312] [INFO] [AutoTuneEventPublisher] Domain olayı yayınlandı: TelemetryWindowAccepted (Oturum: 490d83f5-f8be-40bf-be2d-71cd86bb01fd)
[04:41:17.312] [INFO] [AutoTuneEventPublisher] Domain olayı yayınlandı: SafetyViolation (Oturum: 490d83f5-f8be-40bf-be2d-71cd86bb01fd)
[04:41:17.312] [INFO] [AutoTuneEventPublisher] Domain olayı yayınlandı: DecisionCreated (Oturum: 490d83f5-f8be-40bf-be2d-71cd86bb01fd)
[04:41:17.312] [INFO] [CalibrationSnapshotManager] Snapshot oluşturuldu: d8dd197c-6651-457e-9770-e19b50e19b53, Hücre sayısı: 1
[04:41:17.314] [INFO] [CalibrationRecoveryManager] Bekleyen işlem kaydedildi: 6facdf26-1215-4162-b26f-8df6859df148
[04:41:17.315] [INFO] [CalibrationManager] Değişiklik kaydedildi: AFRTargetTable Hücre [3,4] [60 -> 15]
[04:41:17.316] [INFO] [CalibrationRecoveryManager] Bekleyen işlem temizlendi (başarılı commit).
[04:41:17.316] [INFO] [CalibrationStreamPublisher] Uygulanan değişiklik yayınlandı: Lambda adres: AFRTargetTable[3,4]
[04:41:17.316] [INFO] [AutoTuneEventPublisher] Domain olayı yayınlandı: MapChangeApplied (Oturum: 490d83f5-f8be-40bf-be2d-71cd86bb01fd)
[04:41:17.316] [INFO] [AutoTuneEventPublisher] Domain olayı yayınlandı: DecisionCreated (Oturum: 490d83f5-f8be-40bf-be2d-71cd86bb01fd)
[04:41:17.317] [INFO] [CalibrationSnapshotManager] Snapshot oluşturuldu: 393fcdc0-e79a-4ae9-afa8-a0dad0188f47, Hücre sayısı: 1
[04:41:17.318] [INFO] [CalibrationRecoveryManager] Bekleyen işlem kaydedildi: afd83008-f7c8-4fe2-85e1-863b941f290d
[04:41:17.320] [INFO] [CalibrationManager] Değişiklik kaydedildi: IgnitionTable Hücre [3,4] [15 -> 16]
[04:41:17.321] [INFO] [CalibrationRecoveryManager] Bekleyen işlem temizlendi (başarılı commit).
[04:41:17.321] [INFO] [CalibrationStreamPublisher] Uygulanan değişiklik yayınlandı: Ignition adres: IgnitionTable[3,4]
[04:41:17.321] [INFO] [AutoTuneEventPublisher] Domain olayı yayınlandı: MapChangeApplied (Oturum: 490d83f5-f8be-40bf-be2d-71cd86bb01fd)
[04:41:17.321] [INFO] [AutoTuneEventPublisher] Domain olayı yayınlandı: DecisionCreated (Oturum: 490d83f5-f8be-40bf-be2d-71cd86bb01fd)
[04:41:17.321] [INFO] [CalibrationSnapshotManager] Snapshot oluşturuldu: db9be28e-1e70-4b1b-9010-62dd1bbd2a5d, Hücre sayısı: 1
[04:41:17.323] [INFO] [CalibrationRecoveryManager] Bekleyen işlem kaydedildi: f0b67402-1f85-4e42-816d-47253b15cee2
[04:41:17.325] [INFO] [CalibrationManager] Değişiklik kaydedildi: FuelVETable Hücre [3,4] [16 -> 60]
[04:41:17.325] [INFO] [CalibrationRecoveryManager] Bekleyen işlem temizlendi (başarılı commit).
[04:41:17.326] [INFO] [CalibrationStreamPublisher] Uygulanan değişiklik yayınlandı: VE adres: FuelVETable[3,4]
[04:41:17.326] [INFO] [AutoTuneEventPublisher] Domain olayı yayınlandı: MapChangeApplied (Oturum: 490d83f5-f8be-40bf-be2d-71cd86bb01fd)
[04:41:17.346] [INFO] [AutoTuneEventPublisher] Domain olayı yayınlandı: TelemetryWindowAccepted (Oturum: 490d83f5-f8be-40bf-be2d-71cd86bb01fd)
[04:41:17.347] [INFO] [AutoTuneEventPublisher] Domain olayı yayınlandı: SafetyViolation (Oturum: 490d83f5-f8be-40bf-be2d-71cd86bb01fd)
[04:41:17.347] [INFO] [AutoTuneEventPublisher] Domain olayı yayınlandı: DecisionCreated (Oturum: 490d83f5-f8be-40bf-be2d-71cd86bb01fd)
[04:41:17.347] [INFO] [CalibrationSnapshotManager] Snapshot oluşturuldu: 7cc18a7a-4fe5-4988-a5bc-113378ecef2b, Hücre sayısı: 1
[04:41:17.348] [INFO] [CalibrationRecoveryManager] Bekleyen işlem kaydedildi: ecfb8e7c-8bf4-4084-8a26-b477385f8574
[04:41:17.350] [INFO] [CalibrationManager] Değişiklik kaydedildi: AFRTargetTable Hücre [3,4] [60 -> 15]
[04:41:17.351] [INFO] [CalibrationRecoveryManager] Bekleyen işlem temizlendi (başarılı commit).
[04:41:17.351] [INFO] [CalibrationStreamPublisher] Uygulanan değişiklik yayınlandı: Lambda adres: AFRTargetTable[3,4]
[04:41:17.352] [INFO] [AutoTuneEventPublisher] Domain olayı yayınlandı: MapChangeApplied (Oturum: 490d83f5-f8be-40bf-be2d-71cd86bb01fd)
[04:41:17.352] [INFO] [AutoTuneEventPublisher] Domain olayı yayınlandı: DecisionCreated (Oturum: 490d83f5-f8be-40bf-be2d-71cd86bb01fd)
[04:41:17.352] [INFO] [CalibrationSnapshotManager] Snapshot oluşturuldu: b467aaed-34aa-4646-9a73-5a7b3ad7b02e, Hücre sayısı: 1
[04:41:17.353] [INFO] [CalibrationRecoveryManager] Bekleyen işlem kaydedildi: cd8dd486-918e-48d2-ab62-d5893236a6d2
[04:41:17.361] [INFO] [CalibrationManager] Değişiklik kaydedildi: IgnitionTable Hücre [3,4] [15 -> 16]
[04:41:17.362] [INFO] [CalibrationRecoveryManager] Bekleyen işlem temizlendi (başarılı commit).
[04:41:17.362] [INFO] [CalibrationStreamPublisher] Uygulanan değişiklik yayınlandı: Ignition adres: IgnitionTable[3,4]
[04:41:17.362] [INFO] [AutoTuneEventPublisher] Domain olayı yayınlandı: MapChangeApplied (Oturum: 490d83f5-f8be-40bf-be2d-71cd86bb01fd)
[04:41:17.362] [INFO] [AutoTuneEventPublisher] Domain olayı yayınlandı: DecisionCreated (Oturum: 490d83f5-f8be-40bf-be2d-71cd86bb01fd)
[04:41:17.367] [INFO] [CalibrationSnapshotManager] Snapshot oluşturuldu: 9854974a-0a7e-451e-beb4-ea370d61ad6e, Hücre sayısı: 1
[04:41:17.368] [INFO] [CalibrationRecoveryManager] Bekleyen işlem kaydedildi: 97458bb7-cefb-47d3-b83b-d836acaa9b3e
[04:41:17.371] [INFO] [CalibrationManager] Değişiklik kaydedildi: FuelVETable Hücre [3,4] [16 -> 60]
[04:41:17.372] [INFO] [CalibrationRecoveryManager] Bekleyen işlem temizlendi (başarılı commit).
[04:41:17.372] [INFO] [CalibrationStreamPublisher] Uygulanan değişiklik yayınlandı: VE adres: FuelVETable[3,4]
[04:41:17.372] [INFO] [AutoTuneEventPublisher] Domain olayı yayınlandı: MapChangeApplied (Oturum: 490d83f5-f8be-40bf-be2d-71cd86bb01fd)
[04:41:17.388] [INFO] [AutoTuneEventPublisher] Domain olayı yayınlandı: TelemetryWindowAccepted (Oturum: 490d83f5-f8be-40bf-be2d-71cd86bb01fd)
[04:41:17.389] [INFO] [AutoTuneEventPublisher] Domain olayı yayınlandı: SafetyViolation (Oturum: 490d83f5-f8be-40bf-be2d-71cd86bb01fd)
[04:41:17.389] [INFO] [AutoTuneEventPublisher] Domain olayı yayınlandı: DecisionCreated (Oturum: 490d83f5-f8be-40bf-be2d-71cd86bb01fd)
[04:41:17.389] [INFO] [CalibrationSnapshotManager] Snapshot oluşturuldu: 459ab3d2-7b85-457f-87d2-ff007fbed3ec, Hücre sayısı: 1
[04:41:17.391] [INFO] [CalibrationRecoveryManager] Bekleyen işlem kaydedildi: e435a805-020c-4755-ab3d-6ea326457f91
[04:41:17.393] [INFO] [CalibrationManager] Değişiklik kaydedildi: AFRTargetTable Hücre [3,4] [60 -> 15]
[04:41:17.394] [INFO] [CalibrationRecoveryManager] Bekleyen işlem temizlendi (başarılı commit).
[04:41:17.394] [INFO] [CalibrationStreamPublisher] Uygulanan değişiklik yayınlandı: Lambda adres: AFRTargetTable[3,4]
[04:41:17.394] [INFO] [AutoTuneEventPublisher] Domain olayı yayınlandı: MapChangeApplied (Oturum: 490d83f5-f8be-40bf-be2d-71cd86bb01fd)
[04:41:17.394] [INFO] [AutoTuneEventPublisher] Domain olayı yayınlandı: DecisionCreated (Oturum: 490d83f5-f8be-40bf-be2d-71cd86bb01fd)
[04:41:17.394] [INFO] [CalibrationSnapshotManager] Snapshot oluşturuldu: b69e4771-142d-4573-8cc3-0d702cca496d, Hücre sayısı: 1
[04:41:17.395] [INFO] [CalibrationRecoveryManager] Bekleyen işlem kaydedildi: 7453d7a4-711f-4cdc-a2db-44ebd2c3907a
[04:41:17.397] [INFO] [CalibrationManager] Değişiklik kaydedildi: IgnitionTable Hücre [3,4] [15 -> 16]
[04:41:17.398] [INFO] [CalibrationRecoveryManager] Bekleyen işlem temizlendi (başarılı commit).
[04:41:17.399] [INFO] [CalibrationStreamPublisher] Uygulanan değişiklik yayınlandı: Ignition adres: IgnitionTable[3,4]
[04:41:17.399] [INFO] [AutoTuneEventPublisher] Domain olayı yayınlandı: MapChangeApplied (Oturum: 490d83f5-f8be-40bf-be2d-71cd86bb01fd)
[04:41:17.399] [INFO] [AutoTuneEventPublisher] Domain olayı yayınlandı: DecisionCreated (Oturum: 490d83f5-f8be-40bf-be2d-71cd86bb01fd)
[04:41:17.399] [INFO] [CalibrationSnapshotManager] Snapshot oluşturuldu: 307ddb25-96c8-44dd-a080-b98dbaaf91eb, Hücre sayısı: 1
[04:41:17.400] [INFO] [CalibrationRecoveryManager] Bekleyen işlem kaydedildi: a7351173-1bf5-49c9-9cc7-0eebfec7d2f7
[04:41:17.402] [INFO] [CalibrationManager] Değişiklik kaydedildi: FuelVETable Hücre [3,4] [16 -> 60]
[04:41:17.403] [INFO] [CalibrationRecoveryManager] Bekleyen işlem temizlendi (başarılı commit).
[04:41:17.403] [INFO] [CalibrationStreamPublisher] Uygulanan değişiklik yayınlandı: VE adres: FuelVETable[3,4]
[04:41:17.403] [INFO] [AutoTuneEventPublisher] Domain olayı yayınlandı: MapChangeApplied (Oturum: 490d83f5-f8be-40bf-be2d-71cd86bb01fd)
[04:41:17.417] [INFO] [AutoTuneEventPublisher] Domain olayı yayınlandı: TelemetryWindowAccepted (Oturum: 490d83f5-f8be-40bf-be2d-71cd86bb01fd)
[04:41:17.418] [INFO] [AutoTuneEventPublisher] Domain olayı yayınlandı: SafetyViolation (Oturum: 490d83f5-f8be-40bf-be2d-71cd86bb01fd)
[04:41:17.418] [INFO] [AutoTuneEventPublisher] Domain olayı yayınlandı: DecisionCreated (Oturum: 490d83f5-f8be-40bf-be2d-71cd86bb01fd)
[04:41:17.418] [INFO] [CalibrationSnapshotManager] Snapshot oluşturuldu: 6414d5a4-236a-4f7f-885e-7d50b60eeb58, Hücre sayısı: 1
[04:41:17.419] [INFO] [CalibrationRecoveryManager] Bekleyen işlem kaydedildi: eb2b3815-7bf6-44e7-8fbe-7115d7dd6987
[04:41:17.421] [INFO] [CalibrationManager] Değişiklik kaydedildi: AFRTargetTable Hücre [3,4] [60 -> 15]
[04:41:17.422] [INFO] [CalibrationRecoveryManager] Bekleyen işlem temizlendi (başarılı commit).
[04:41:17.422] [INFO] [CalibrationStreamPublisher] Uygulanan değişiklik yayınlandı: Lambda adres: AFRTargetTable[3,4]
[04:41:17.422] [INFO] [AutoTuneEventPublisher] Domain olayı yayınlandı: MapChangeApplied (Oturum: 490d83f5-f8be-40bf-be2d-71cd86bb01fd)
[04:41:17.422] [INFO] [AutoTuneEventPublisher] Domain olayı yayınlandı: DecisionCreated (Oturum: 490d83f5-f8be-40bf-be2d-71cd86bb01fd)
[04:41:17.423] [INFO] [CalibrationSnapshotManager] Snapshot oluşturuldu: 6e3c68c3-3db8-4601-b183-f4a866f53384, Hücre sayısı: 1
[04:41:17.424] [INFO] [CalibrationRecoveryManager] Bekleyen işlem kaydedildi: d81f0ccf-6838-4de3-b736-9341f8c8f2f1
[04:41:17.426] [INFO] [CalibrationManager] Değişiklik kaydedildi: IgnitionTable Hücre [3,4] [15 -> 16]
[04:41:17.427] [INFO] [CalibrationRecoveryManager] Bekleyen işlem temizlendi (başarılı commit).
[04:41:17.427] [INFO] [CalibrationStreamPublisher] Uygulanan değişiklik yayınlandı: Ignition adres: IgnitionTable[3,4]
[04:41:17.427] [INFO] [AutoTuneEventPublisher] Domain olayı yayınlandı: MapChangeApplied (Oturum: 490d83f5-f8be-40bf-be2d-71cd86bb01fd)
[04:41:17.427] [INFO] [AutoTuneEventPublisher] Domain olayı yayınlandı: DecisionCreated (Oturum: 490d83f5-f8be-40bf-be2d-71cd86bb01fd)
[04:41:17.428] [INFO] [CalibrationSnapshotManager] Snapshot oluşturuldu: 696c2f0b-6b4d-4e65-a784-169bdbf96a98, Hücre sayısı: 1
[04:41:17.429] [INFO] [CalibrationRecoveryManager] Bekleyen işlem kaydedildi: fe4c8b37-1b1a-4c57-a977-f65af7e819a9
[04:41:17.431] [INFO] [CalibrationManager] Değişiklik kaydedildi: FuelVETable Hücre [3,4] [16 -> 60]
[04:41:17.432] [INFO] [CalibrationRecoveryManager] Bekleyen işlem temizlendi (başarılı commit).
[04:41:17.432] [INFO] [CalibrationStreamPublisher] Uygulanan değişiklik yayınlandı: VE adres: FuelVETable[3,4]
[04:41:17.432] [INFO] [AutoTuneEventPublisher] Domain olayı yayınlandı: MapChangeApplied (Oturum: 490d83f5-f8be-40bf-be2d-71cd86bb01fd)
[04:41:17.750] [INFO] [AutoTuneEventPublisher] Domain olayı yayınlandı: SessionStopped (Oturum: 490d83f5-f8be-40bf-be2d-71cd86bb01fd)
[04:41:17.752] [INFO] [TestHarness] Test tamamlandÄ±: 102 geÃ§ti, 0 kaldÄ±
[04:41:17.753] [WARNING] [RomIdentifier] ROM imzası hiçbir ECU profiliyle eşleşmedi.
[04:41:17.753] [INFO] [Program] Test sonuçları:
â•â•â•â•â•â•â•â•â•â•â•â•â•â•â•â•â•â•â•â•â•â•â•â•â•â•â•â•â•â•â•â•â•â•â•â•â•â•â•â•â•â•â•â•â•â•â•
  HONDATUNER â€” OTOMATÄ°K TEST SÃœÄ°TÄ°
â•â•â•â•â•â•â•â•â•â•â•â•â•â•â•â•â•â•â•â•â•â•â•â•â•â•â•â•â•â•â•â•â•â•â•â•â•â•â•â•â•â•â•â•â•â•â•

â”€â”€ ROM Testleri â”€â”€â”€â”€â”€â”€â”€â”€â”€â”€â”€â”€â”€â”€â”€â”€â”€â”€â”€â”€â”€â”€â”€â”€â”€â”€â”€â”€â”€â”€
  âœ… ROM Identifier â€” 32KB boÅŸ ROM tanÄ±ma
  âœ… ROM Identifier â€” yanlÄ±ÅŸ boyut reddi
  âœ… ROM Patch â€” doÄŸrulama ve uygulama
  âœ… ROM Patch â€” rollback geri yÃ¼kleme

â”€â”€ Kalibrasyon Testleri â”€â”€â”€â”€â”€â”€â”€â”€â”€â”€â”€â”€â”€â”€â”€â”€â”€â”€â”€â”€â”€â”€â”€
  âœ… Injector Scaling â€” 240â†’440cc
  âœ… Injector Scaling â€” clamp to 255
  âœ… Calibration Engine â€” Commit applies value to ROM buffer
  âœ… Calibration Engine â€” Rollback restores original values in ROM buffer
  âœ… Calibration Engine â€” Undo and Redo states are fully synchronized
  âœ… Calibration Engine â€” Safety validator rejects OOR Rev Limit changes

â”€â”€ Faz 4: Map Engine & Interpolation Testleri â”€â”€
  âœ… Map Engine â€” Cell write and read accuracy
  âœ… Map Engine â€” Scale factors conversion logic
  âœ… Map Engine â€” Invalid offset out-of-range bounds check
  âœ… Map Engine â€” Transaction commits, rollbacks, and Undo/Redo integration
  âœ… Interpolation â€” 4 neighbor bilinear cell weight sum equals exactly 1.0

â”€â”€ AutoTune GÃ¼venlik Testleri â”€â”€â”€â”€â”€â”€â”€â”€â”€â”€â”€â”€â”€â”€â”€â”€â”€
  âœ… AutoTune â€” dÃ¼ÅŸÃ¼k ECT reddi
  âœ… AutoTune â€” dÃ¼ÅŸÃ¼k batarya reddi
  âœ… AutoTune â€” dÃ¼zeltme kÄ±rpma (Â±12%)

── Faz 5: Checksum Engine & Safety Layer Testleri ──
  âœ… Checksum â€” Stock ROM passes validation
  âœ… Checksum â€” Corrupt byte fails validation
  âœ… Checksum â€” Map change updates checksum successfully
  âœ… Checksum â€” VerifyBeforeSave detects bad checksum and returns false
  âœ… Checksum â€” Reloaded ROM checksum is valid
  âœ… Checksum â€” Multiple regions validation is successful

── ROM Patch Engine v2 Testleri ──
  âœ… PatchEngine — Başarılı Yama Uygulama
  âœ… PatchEngine — Yanlış ExpectedBytes Koruması
  âœ… PatchEngine — Uyumsuz ECU Koruması
  âœ… PatchEngine — ROM Boyut Limiti Koruması
  âœ… PatchEngine — Yamayı Geri Alma (Rollback)
  âœ… PatchEngine — İşlem (Transaction) Commit Entegrasyonu
  âœ… PatchEngine — İşlem Geri Alma (Transaction Rollback)
  âœ… PatchEngine — Otomatik Checksum Güncelleme
  âœ… PatchEngine — Audit Loglama Kontrolü
  âœ… PatchEngine — Profil Destekli Yamaları Bulma

── Phase 7: Telemetry & Live Datalog Bus Engine Testleri ──
  âœ… Telemetry - Event Bus Publish & Subscribe
  âœ… Telemetry - Event Bus Metrics Kontrolü
  âœ… Telemetry - Kanalsal Matematiksel Formül Çözümleme
  âœ… Telemetry - Backpressure DropOldest Politikası
  âœ… Telemetry - Backpressure DropNewest Politikası
  âœ… Telemetry - Backpressure BlockPublisher Politikası
  âœ… Telemetry - Yapılandırma Dosya İzleyicisi (Hot Reload)
  âœ… Telemetry - Erişim Kontrolü Yetkilendirme Hiyerarşisi
  âœ… Telemetry - SystemClock Monotonic Ticks
  âœ… Telemetry - HighResolutionClock Performance Ticks
  âœ… Telemetry - ReplayClock Geri Oynatıcı Zaman Akışı
  âœ… Telemetry - Dairesel Bellek (RingBuffer) Kapasite Tanımı
  âœ… Telemetry - RingBuffer Aşımında Overwrite (FIFO Overlay)
  âœ… Telemetry - Moving Average Gürültü Azaltma Filtresi
  âœ… Telemetry - Median (Ortanca) Filtreleme
  âœ… Telemetry - LowPass Üstel Sinyal Yumuşatma
  âœ… Telemetry - HighPass Dalgalanma Odaklı Sinyal Filtresi
  âœ… Telemetry - MockProvider Canlı Veri Akış Simülasyonu
  âœ… Telemetry - Sağlık İzleme (HealthMonitor) Parametreleri
  âœ… Telemetry - HealthMonitor Bağlantı Kaybı Anomali Algılama
  âœ… Telemetry - Analiz Hattı (AnalyzerPipeline) Sıralı Çalışma
  âœ… Telemetry - Engine Profil Geçiş Yönetimi (Street -> Dyno)
  âœ… Telemetry - Engine Canlı Datalogging Yaşam Döngüsü
  âœ… Telemetry - GC Basıncını Azaltan Frame Nesne Havuzu
  âœ… Telemetry - Salt-Okunur (Immutable) Snaphsot Yapısı
  âœ… Telemetry - Multi-Thread Veri Giriş Stress Testi

── Phase 8: AutoTune Closed Loop Engine Testleri ──
  âœ… AutoTune - State transitions (Start, Pause, Resume, Stop) lifecycle verification
  âœ… AutoTune - Confidence score calculation under low deviation is high
  âœ… AutoTune - Confidence score calculation under high deviation is low
  âœ… AutoTune - Stable window filter standard deviation and length checks
  âœ… AutoTune - Config validator rejects JSON with missing target attributes
  âœ… AutoTune - Config validator rejects out of bounds parameter variables
  âœ… AutoTune - ParameterType safety enum structure check
  âœ… AutoTune - Session manager multi session conflict prevention
  âœ… AutoTune - Session manager releases lock and allows new allocation
  âœ… AutoTune - Recovery manager logs interrupt trace successfully to file
  âœ… AutoTune - Recovery manager restores trace and validates details
  âœ… AutoTune - Diff engine returns detailed comparison matrix values
  âœ… AutoTune - CSV Package export contains session identity and values
  âœ… AutoTune - Replay simulator matches telemetry lists deterministically
  âœ… AutoTune - SafetyRuleProvider loads dynamic rules successfully
  âœ… AutoTune - QualityScoreCalculator rates stoichiometric history cleanly near 100
  âœ… AutoTune - Telemetry loss pause and reconnect validation cycle
  âœ… AutoTune - Domain event emitter publishes valid structured transition events
  âœ… AutoTune - Calibration RTP stream publishing streams virtual changes
  âœ… AutoTune - Replay validation checks run determinism bounds
  âœ… AutoTune - Persistence layer correctly serializes state machine records and migrates schema V1 to V2
  âœ… AutoTune - Query service retrieves session lists correctly
  âœ… AutoTune - Command service issues control triggers successfully
  âœ… AutoTune - Hardware checks and SafeMode blocks writing calibrations
  âœ… AutoTune - Cell lock manager acquires, releases and traps conflicts

── Faz 9: RTP Emulator & Real-Time Calibration Engine Testleri ──
  âœ… RTP - Engine correctly registers and resolves from DI ServiceContainer
  âœ… RTP - Connection state machine cycles correctly through all states
  âœ… RTP - Transient write failures trigger automatic retries and recover successfully
  âœ… RTP - Consecutive calibration edits coalesce into a single block write
  âœ… RTP - Multi-threaded queue guarantees strict sequential write ordering
  âœ… RTP - Execution latency benchmark tracking meets target limits
  âœ… RTP - Engine sustains high-frequency (500+) update throughput stress
  âœ… RTP - Background sync worker terminates cleanly on CancellationToken request
  âœ… RTP - Hardware disconnect automatically halts sync and raises Faulted event
  âœ… RTP - Enforces read-back verification after writing values to emulator
  âœ… RTP - Idempotent synchronization ignores duplicate writes to target cells
  âœ… RTP - Backpressure policy DropOldest purges oldest queued changes under load
  âœ… RTP - Backpressure policy RejectNewest drops new updates under queue overflow
  âœ… RTP - Backpressure policy BlockProducer controls producer rates correctly
  âœ… RTP - Validation layer rejects bad config schema values at initialization
  âœ… RTP - Restores un-synced calibration state queue records on startup
  âœ… RTP - Synchronizes concurrently applied AutoTune decisions to hardware

â•â•â•â•â•â•â•â•â•â•â•â•â•â•â•â•â•â•â•â•â•â•â•â•â•â•â•â•â•â•â•â•â•â•â•â•â•â•â•â•â•â•â•â•â•â•â•
  SONUÃ‡: 102 baÅŸarÄ±lÄ±, 0 baÅŸarÄ±sÄ±z
â•â•â•â•â•â•â•â•â•â•â•â•â•â•â•â•â•â•â•â•â•â•â•â•â•â•â•â•â•â•â•â•â•â•â•â•â•â•â•â•â•â•â•â•â•â•â•
[04:41:17.753] [INFO] [Program] Örnek ROM test sonuçları:
── Örnek ROM Test Çerçevesi ───────────────────
  ✅ Checksum offset geçerli
  ✅ Bozuk ROM reddedildi
  ✅ Fuel map sınırları geçerli
  ✅ Ignition map sınırları geçerli
  ✅ Tüm profiller 32KB ROM boyutu

  Sonuç: 5 geçti, 0 kaldı
