[17:06:04.801] [INFO] [RomIdentifier] ECU Tanımlandı: P06 (Confidence: %45,7)
[17:06:04.804] [WARNING] [RomIdentifier] ROM imzası hiçbir ECU profiliyle eşleşmedi.
[17:06:04.805] [INFO] [RomPatchManager] Yama uygulandı: TEST_PATCH_1 @ 0x000A
[17:06:04.805] [INFO] [RomPatchManager] Yama uygulandı: TEST_PATCH_ROLLBACK @ 0x000A
[17:06:04.806] [INFO] [RomPatchManager] Yama geri alındı: TEST_PATCH_ROLLBACK
[17:06:04.806] [INFO] [InjectorManager] Fuel haritası ölçeklendi: 240cc → 440cc (oran: 0,545)
[17:06:04.807] [INFO] [InjectorManager] Fuel haritası ölçeklendi: 440cc → 240cc (oran: 1,833)
[17:06:04.861] [INFO] [CalibrationManager] Değişiklik kaydedildi: Fuel Cell [0,0] [50 -> 60]
[17:06:04.862] [INFO] [CalibrationManager] Değişiklik kaydedildi: Fuel Cell [0,0] [50 -> 60]
[17:06:04.863] [INFO] [CalibrationManager] Değişiklik kaydedildi: Fuel Cell [0,0] [50 -> 75]
[17:06:04.870] [INFO] [CalibrationManager] Değişiklik kaydedildi: FuelMapTest Hücre [4,5] [0 -> 123]
[17:06:04.880] [INFO] [CalibrationManager] Değişiklik kaydedildi: FuelMapTest Hücre [0,0] [0 -> 125]
[17:06:04.889] [INFO] [CalibrationManager] Değişiklik kaydedildi: FuelMapTest Hücre [1,1] [0 -> 150]
[17:06:04.895] [INFO] [CalibrationManager] Değişiklik kaydedildi: FuelMapTest Hücre [1,1] [0 -> 150]
[17:06:04.913] [DEBUG] [AutoTuneValidator] Reddedildi [ECT_LOW]: Motor sıcaklığı düşük: 50°C < 72°C
[17:06:04.913] [DEBUG] [AutoTuneValidator] Reddedildi [BATT_LOW]: Batarya düşük: 10,5V < 12V
[17:06:04.937] [INFO] [EcuDatabaseManager] Toplam 8 dinamik ECU profili yüklendi.
[17:06:04.950] [INFO] [ChecksumTest] [TRACE-1] romBuffer[0]=00
[17:06:04.955] [INFO] [ChecksumTest] [TRACE-2] tempFile[0]=00
[17:06:04.956] [INFO] [ChecksumTest] [TRACE-3] loadedBuffer[0]=00
[17:06:04.957] [INFO] [ChecksumTest] [TRACE-4] beforeSaveBuffer[0]=00
[17:06:04.961] [INFO] [ChecksumTest] [TRACE-5] afterSaveParserBuffer[0]=00
[17:06:04.968] [INFO] [ChecksumTest] [TRACE-6] reloadedFile[0]=00
[17:06:04.977] [INFO] [CalibrationManager] Değişiklik kaydedildi: Patch.LaunchControl.Byte0 [144 -> 205]
[17:06:04.985] [INFO] [CalibrationManager] Değişiklik kaydedildi: Patch.LaunchControl.Byte1 [144 -> 25]
[17:06:04.987] [INFO] [PatchEngine] Yama başarıyla uygulandı: LaunchControl @ 0x1FB0
[17:06:04.995] [INFO] [CalibrationManager] Değişiklik kaydedildi: Patch.LaunchControl.Byte0 [144 -> 205]
[17:06:05.006] [INFO] [CalibrationManager] Değişiklik kaydedildi: Patch.LaunchControl.Byte1 [144 -> 25]
[17:06:05.008] [INFO] [PatchEngine] Yama başarıyla uygulandı: LaunchControl @ 0x1FB0
[17:06:05.011] [INFO] [CalibrationManager] Değişiklik kaydedildi: Patch.LaunchControl.Byte0 [205 -> 144]
[17:06:05.017] [INFO] [CalibrationManager] Değişiklik kaydedildi: Patch.LaunchControl.Byte1 [25 -> 144]
[17:06:05.019] [INFO] [PatchEngine] Yama başarıyla geri alındı (Rollback): LaunchControl
[17:06:05.023] [INFO] [CalibrationManager] Değişiklik kaydedildi: Patch.LaunchControl.Byte0 [144 -> 205]
[17:06:05.029] [INFO] [CalibrationManager] Değişiklik kaydedildi: Patch.LaunchControl.Byte1 [144 -> 25]
[17:06:05.031] [INFO] [PatchEngine] Yama başarıyla uygulandı: LaunchControl @ 0x1FB0
[17:06:05.041] [INFO] [CalibrationManager] Değişiklik kaydedildi: Patch.LaunchControl.Byte0 [144 -> 205]
[17:06:05.051] [INFO] [CalibrationManager] Değişiklik kaydedildi: Patch.LaunchControl.Byte1 [144 -> 25]
[17:06:05.053] [INFO] [PatchEngine] Yama başarıyla uygulandı: LaunchControl @ 0x1FB0
[17:06:05.073] [INFO] [CalibrationManager] Değişiklik kaydedildi: Patch.LaunchControl.Byte0 [144 -> 205]
[17:06:05.079] [INFO] [CalibrationManager] Değişiklik kaydedildi: Patch.LaunchControl.Byte1 [144 -> 25]
[17:06:05.080] [INFO] [PatchEngine] Yama başarıyla uygulandı: LaunchControl @ 0x1FB0
[17:06:05.087] [INFO] [CalibrationManager] Değişiklik kaydedildi: Patch.LaunchControl.Byte0 [144 -> 205]
[17:06:05.092] [INFO] [CalibrationManager] Değişiklik kaydedildi: Patch.LaunchControl.Byte1 [144 -> 25]
[17:06:05.094] [INFO] [PatchEngine] Yama başarıyla uygulandı: LaunchControl @ 0x1FB0
[17:06:06.404] [INFO] [AutoTuneSafetyManager] Güvenlik limitleri yüklendi. Etkin kural sayısı: 4
[17:06:06.404] [INFO] [AutoTuneEventPublisher] Domain olayı yayınlandı: SessionCreated (Oturum: 23e67aec-a2e9-4705-8acb-a55093ae2d0e)
[17:06:06.405] [INFO] [AutoTuneEngine] Oturum başarıyla başlatıldı: 23e67aec-a2e9-4705-8acb-a55093ae2d0e
[17:06:06.405] [INFO] [AutoTuneEventPublisher] Domain olayı yayınlandı: SessionPaused (Oturum: 23e67aec-a2e9-4705-8acb-a55093ae2d0e)
[17:06:06.405] [INFO] [AutoTuneEventPublisher] Domain olayı yayınlandı: SessionResumed (Oturum: 23e67aec-a2e9-4705-8acb-a55093ae2d0e)
[17:06:06.406] [INFO] [AutoTuneEventPublisher] Domain olayı yayınlandı: SessionStopped (Oturum: 23e67aec-a2e9-4705-8acb-a55093ae2d0e)
[17:06:06.414] [INFO] [CalibrationRecoveryManager] Bekleyen işlem kaydedildi: TX-TEMP
[17:06:06.422] [INFO] [CalibrationRecoveryManager] Bekleyen işlem temizlendi (başarılı commit).
[17:06:06.424] [INFO] [CalibrationRecoveryManager] Bekleyen işlem kaydedildi: TX-TEMP2
[17:06:06.431] [INFO] [CalibrationRecoveryManager] Yarım kalmış işlem geri yükleniyor: TX-TEMP2
[17:06:06.432] [INFO] [CalibrationSnapshotManager] Snapshot geri yükleniyor: SNAP-TEMP2, Kurtarılacak hücre: 1
[17:06:06.432] [INFO] [CalibrationRecoveryManager] Bekleyen işlem temizlendi (başarılı commit).
[17:06:06.436] [INFO] [AutoTuneSafetyManager] Güvenlik limitleri yüklendi. Etkin kural sayısı: 4
[17:06:06.436] [INFO] [AutoTuneEventPublisher] Domain olayı yayınlandı: SessionCreated (Oturum: da58a6fb-0fd8-4b69-a7f0-c064022f99c4)
[17:06:06.436] [INFO] [AutoTuneEngine] Oturum başarıyla başlatıldı: da58a6fb-0fd8-4b69-a7f0-c064022f99c4
[17:06:06.437] [INFO] [AutoTuneEventPublisher] Domain olayı yayınlandı: SessionPaused (Oturum: da58a6fb-0fd8-4b69-a7f0-c064022f99c4)
[17:06:06.437] [INFO] [AutoTuneEventPublisher] Domain olayı yayınlandı: SessionResumed (Oturum: da58a6fb-0fd8-4b69-a7f0-c064022f99c4)
[17:06:06.437] [INFO] [AutoTuneEventPublisher] Domain olayı yayınlandı: SessionStopped (Oturum: da58a6fb-0fd8-4b69-a7f0-c064022f99c4)
[17:06:06.438] [INFO] [AutoTuneSafetyManager] Güvenlik limitleri yüklendi. Etkin kural sayısı: 4
[17:06:06.438] [INFO] [AutoTuneEventPublisher] Domain olayı yayınlandı: SessionCreated (Oturum: b70d9c89-fbca-4d63-8d02-52a19dcb11b6)
[17:06:06.438] [INFO] [AutoTuneEngine] Oturum başarıyla başlatıldı: b70d9c89-fbca-4d63-8d02-52a19dcb11b6
[17:06:06.438] [INFO] [AutoTuneEventPublisher] Domain olayı yayınlandı: SessionStopped (Oturum: b70d9c89-fbca-4d63-8d02-52a19dcb11b6)
[17:06:06.439] [INFO] [AutoTuneSafetyManager] Güvenlik limitleri yüklendi. Etkin kural sayısı: 4
[17:06:06.439] [INFO] [AutoTuneEventPublisher] Domain olayı yayınlandı: SessionCreated (Oturum: f8f1b389-4419-409f-8a41-2ce546acb075)
[17:06:06.439] [INFO] [AutoTuneEngine] Oturum başarıyla başlatıldı: f8f1b389-4419-409f-8a41-2ce546acb075
[17:06:06.439] [INFO] [AutoTuneEventPublisher] Domain olayı yayınlandı: TelemetryWindowAccepted (Oturum: f8f1b389-4419-409f-8a41-2ce546acb075)
[17:06:06.444] [INFO] [AutoTuneEventPublisher] Domain olayı yayınlandı: DecisionCreated (Oturum: f8f1b389-4419-409f-8a41-2ce546acb075)
[17:06:06.445] [INFO] [CalibrationStreamPublisher] Uygulanan değişiklik yayınlandı: Fuel adres: FuelVETable[3,4]
[17:06:06.447] [INFO] [AutoTuneEventPublisher] Domain olayı yayınlandı: DecisionCreated (Oturum: f8f1b389-4419-409f-8a41-2ce546acb075)
[17:06:06.447] [INFO] [CalibrationStreamPublisher] Uygulanan değişiklik yayınlandı: Lambda adres: AFRTargetTable[3,4]
[17:06:06.448] [INFO] [AutoTuneEventPublisher] Domain olayı yayınlandı: DecisionCreated (Oturum: f8f1b389-4419-409f-8a41-2ce546acb075)
[17:06:06.448] [INFO] [CalibrationStreamPublisher] Uygulanan değişiklik yayınlandı: Ignition adres: IgnitionTable[3,4]
[17:06:06.449] [INFO] [AutoTuneEventPublisher] Domain olayı yayınlandı: DecisionCreated (Oturum: f8f1b389-4419-409f-8a41-2ce546acb075)
[17:06:06.449] [INFO] [CalibrationStreamPublisher] Uygulanan değişiklik yayınlandı: VE adres: FuelVETable[3,4]
[17:06:06.449] [INFO] [AutoTuneEventPublisher] Domain olayı yayınlandı: TelemetryWindowAccepted (Oturum: f8f1b389-4419-409f-8a41-2ce546acb075)
[17:06:06.450] [INFO] [AutoTuneEventPublisher] Domain olayı yayınlandı: DecisionCreated (Oturum: f8f1b389-4419-409f-8a41-2ce546acb075)
[17:06:06.450] [INFO] [CalibrationStreamPublisher] Uygulanan değişiklik yayınlandı: Fuel adres: FuelVETable[3,4]
[17:06:06.450] [INFO] [AutoTuneEventPublisher] Domain olayı yayınlandı: DecisionCreated (Oturum: f8f1b389-4419-409f-8a41-2ce546acb075)
[17:06:06.450] [INFO] [CalibrationStreamPublisher] Uygulanan değişiklik yayınlandı: Lambda adres: AFRTargetTable[3,4]
[17:06:06.450] [INFO] [AutoTuneEventPublisher] Domain olayı yayınlandı: DecisionCreated (Oturum: f8f1b389-4419-409f-8a41-2ce546acb075)
[17:06:06.450] [INFO] [CalibrationStreamPublisher] Uygulanan değişiklik yayınlandı: Ignition adres: IgnitionTable[3,4]
[17:06:06.451] [INFO] [AutoTuneEventPublisher] Domain olayı yayınlandı: DecisionCreated (Oturum: f8f1b389-4419-409f-8a41-2ce546acb075)
[17:06:06.451] [INFO] [CalibrationStreamPublisher] Uygulanan değişiklik yayınlandı: VE adres: FuelVETable[3,4]
[17:06:06.451] [INFO] [AutoTuneEventPublisher] Domain olayı yayınlandı: TelemetryWindowAccepted (Oturum: f8f1b389-4419-409f-8a41-2ce546acb075)
[17:06:06.451] [INFO] [AutoTuneEventPublisher] Domain olayı yayınlandı: DecisionCreated (Oturum: f8f1b389-4419-409f-8a41-2ce546acb075)
[17:06:06.451] [INFO] [CalibrationStreamPublisher] Uygulanan değişiklik yayınlandı: Fuel adres: FuelVETable[3,4]
[17:06:06.451] [INFO] [AutoTuneEventPublisher] Domain olayı yayınlandı: DecisionCreated (Oturum: f8f1b389-4419-409f-8a41-2ce546acb075)
[17:06:06.452] [INFO] [CalibrationStreamPublisher] Uygulanan değişiklik yayınlandı: Lambda adres: AFRTargetTable[3,4]
[17:06:06.452] [INFO] [AutoTuneEventPublisher] Domain olayı yayınlandı: DecisionCreated (Oturum: f8f1b389-4419-409f-8a41-2ce546acb075)
[17:06:06.452] [INFO] [CalibrationStreamPublisher] Uygulanan değişiklik yayınlandı: Ignition adres: IgnitionTable[3,4]
[17:06:06.452] [INFO] [AutoTuneEventPublisher] Domain olayı yayınlandı: DecisionCreated (Oturum: f8f1b389-4419-409f-8a41-2ce546acb075)
[17:06:06.452] [INFO] [CalibrationStreamPublisher] Uygulanan değişiklik yayınlandı: VE adres: FuelVETable[3,4]
[17:06:06.452] [INFO] [AutoTuneEventPublisher] Domain olayı yayınlandı: TelemetryWindowAccepted (Oturum: f8f1b389-4419-409f-8a41-2ce546acb075)
[17:06:06.453] [INFO] [AutoTuneEventPublisher] Domain olayı yayınlandı: DecisionCreated (Oturum: f8f1b389-4419-409f-8a41-2ce546acb075)
[17:06:06.453] [INFO] [CalibrationStreamPublisher] Uygulanan değişiklik yayınlandı: Fuel adres: FuelVETable[3,4]
[17:06:06.453] [INFO] [AutoTuneEventPublisher] Domain olayı yayınlandı: DecisionCreated (Oturum: f8f1b389-4419-409f-8a41-2ce546acb075)
[17:06:06.453] [INFO] [CalibrationStreamPublisher] Uygulanan değişiklik yayınlandı: Lambda adres: AFRTargetTable[3,4]
[17:06:06.453] [INFO] [AutoTuneEventPublisher] Domain olayı yayınlandı: DecisionCreated (Oturum: f8f1b389-4419-409f-8a41-2ce546acb075)
[17:06:06.453] [INFO] [CalibrationStreamPublisher] Uygulanan değişiklik yayınlandı: Ignition adres: IgnitionTable[3,4]
[17:06:06.453] [INFO] [AutoTuneEventPublisher] Domain olayı yayınlandı: DecisionCreated (Oturum: f8f1b389-4419-409f-8a41-2ce546acb075)
[17:06:06.454] [INFO] [CalibrationStreamPublisher] Uygulanan değişiklik yayınlandı: VE adres: FuelVETable[3,4]
[17:06:06.454] [INFO] [AutoTuneEventPublisher] Domain olayı yayınlandı: TelemetryWindowAccepted (Oturum: f8f1b389-4419-409f-8a41-2ce546acb075)
[17:06:06.454] [INFO] [AutoTuneEventPublisher] Domain olayı yayınlandı: DecisionCreated (Oturum: f8f1b389-4419-409f-8a41-2ce546acb075)
[17:06:06.454] [INFO] [CalibrationStreamPublisher] Uygulanan değişiklik yayınlandı: Fuel adres: FuelVETable[3,4]
[17:06:06.454] [INFO] [AutoTuneEventPublisher] Domain olayı yayınlandı: DecisionCreated (Oturum: f8f1b389-4419-409f-8a41-2ce546acb075)
[17:06:06.454] [INFO] [CalibrationStreamPublisher] Uygulanan değişiklik yayınlandı: Lambda adres: AFRTargetTable[3,4]
[17:06:06.454] [INFO] [AutoTuneEventPublisher] Domain olayı yayınlandı: DecisionCreated (Oturum: f8f1b389-4419-409f-8a41-2ce546acb075)
[17:06:06.455] [INFO] [CalibrationStreamPublisher] Uygulanan değişiklik yayınlandı: Ignition adres: IgnitionTable[3,4]
[17:06:06.455] [INFO] [AutoTuneEventPublisher] Domain olayı yayınlandı: DecisionCreated (Oturum: f8f1b389-4419-409f-8a41-2ce546acb075)
[17:06:06.455] [INFO] [CalibrationStreamPublisher] Uygulanan değişiklik yayınlandı: VE adres: FuelVETable[3,4]
[17:06:06.455] [INFO] [AutoTuneEventPublisher] Domain olayı yayınlandı: TelemetryWindowAccepted (Oturum: f8f1b389-4419-409f-8a41-2ce546acb075)
[17:06:06.455] [INFO] [AutoTuneEventPublisher] Domain olayı yayınlandı: DecisionCreated (Oturum: f8f1b389-4419-409f-8a41-2ce546acb075)
[17:06:06.455] [INFO] [CalibrationStreamPublisher] Uygulanan değişiklik yayınlandı: Fuel adres: FuelVETable[3,4]
[17:06:06.456] [INFO] [AutoTuneEventPublisher] Domain olayı yayınlandı: DecisionCreated (Oturum: f8f1b389-4419-409f-8a41-2ce546acb075)
[17:06:06.456] [INFO] [CalibrationStreamPublisher] Uygulanan değişiklik yayınlandı: Lambda adres: AFRTargetTable[3,4]
[17:06:06.456] [INFO] [AutoTuneEventPublisher] Domain olayı yayınlandı: DecisionCreated (Oturum: f8f1b389-4419-409f-8a41-2ce546acb075)
[17:06:06.456] [INFO] [CalibrationStreamPublisher] Uygulanan değişiklik yayınlandı: Ignition adres: IgnitionTable[3,4]
[17:06:06.456] [INFO] [AutoTuneEventPublisher] Domain olayı yayınlandı: DecisionCreated (Oturum: f8f1b389-4419-409f-8a41-2ce546acb075)
[17:06:06.456] [INFO] [CalibrationStreamPublisher] Uygulanan değişiklik yayınlandı: VE adres: FuelVETable[3,4]
[17:06:06.456] [INFO] [AutoTuneEventPublisher] Domain olayı yayınlandı: SessionStopped (Oturum: f8f1b389-4419-409f-8a41-2ce546acb075)
[17:06:06.460] [INFO] [AdaptiveMemory] V1 hafıza verisi V2 şemasına başarıyla taşındı. Toplam kayıt: 1
[17:06:06.461] [INFO] [AutoTuneSafetyManager] Güvenlik limitleri yüklendi. Etkin kural sayısı: 4
[17:06:06.461] [INFO] [AutoTuneEventPublisher] Domain olayı yayınlandı: SessionCreated (Oturum: 2d166bab-9488-47d1-bd7c-04f178c228a0)
[17:06:06.461] [INFO] [AutoTuneEngine] Oturum başarıyla başlatıldı: 2d166bab-9488-47d1-bd7c-04f178c228a0
[17:06:06.462] [INFO] [AutoTuneEventPublisher] Domain olayı yayınlandı: SessionStopped (Oturum: 2d166bab-9488-47d1-bd7c-04f178c228a0)
[17:06:06.462] [INFO] [AutoTuneSafetyManager] Güvenlik limitleri yüklendi. Etkin kural sayısı: 4
[17:06:06.462] [INFO] [AutoTuneEventPublisher] Domain olayı yayınlandı: SessionCreated (Oturum: c6d4f0b7-5b94-4380-843d-f925175f19f3)
[17:06:06.462] [INFO] [AutoTuneEngine] Oturum başarıyla başlatıldı: c6d4f0b7-5b94-4380-843d-f925175f19f3
[17:06:06.462] [INFO] [AutoTuneEventPublisher] Domain olayı yayınlandı: SessionStopped (Oturum: c6d4f0b7-5b94-4380-843d-f925175f19f3)
[17:06:06.464] [INFO] [RtpCalibrationEngine] Connecting to RTP emulator...
[17:06:06.464] [INFO] [RtpCalibrationEngine] RTP emulator connected successfully.
[17:06:06.465] [INFO] [RtpCalibrationEngine] Real-time synchronization active.
[17:06:06.465] [INFO] [RtpCalibrationEngine] Real-time synchronization paused.
[17:06:06.465] [INFO] [RtpCalibrationEngine] RTP Emulator disconnected.
[17:06:06.466] [INFO] [RtpCalibrationEngine] Connecting to RTP emulator...
[17:06:06.466] [INFO] [RtpCalibrationEngine] RTP emulator connected successfully.
[17:06:06.466] [INFO] [RtpCalibrationEngine] Real-time synchronization active.
[17:06:06.469] [INFO] [CalibrationManager] Değişiklik kaydedildi:  [ -> 99]
[17:06:06.671] [INFO] [RtpCalibrationEngine] Connecting to RTP emulator...
[17:06:06.671] [INFO] [RtpCalibrationEngine] RTP emulator connected successfully.
[17:06:06.673] [INFO] [CalibrationManager] Değişiklik kaydedildi:  [ -> 10]
[17:06:06.683] [INFO] [CalibrationManager] Değişiklik kaydedildi:  [ -> 11]
[17:06:06.692] [INFO] [CalibrationManager] Değişiklik kaydedildi:  [ -> 12]
[17:06:06.692] [INFO] [RtpCalibrationEngine] Real-time synchronization active.
[17:06:06.894] [INFO] [RtpCalibrationEngine] Connecting to RTP emulator...
[17:06:06.894] [INFO] [RtpCalibrationEngine] RTP emulator connected successfully.
[17:06:06.896] [INFO] [CalibrationManager] Değişiklik kaydedildi:  [ -> 1]
[17:06:06.906] [INFO] [CalibrationManager] Değişiklik kaydedildi:  [ -> 2]
[17:06:06.913] [INFO] [CalibrationManager] Değişiklik kaydedildi:  [ -> 3]
[17:06:06.913] [INFO] [RtpCalibrationEngine] Real-time synchronization active.
[17:06:07.120] [INFO] [RtpCalibrationEngine] Connecting to RTP emulator...
[17:06:07.120] [INFO] [RtpCalibrationEngine] RTP emulator connected successfully.
[17:06:07.120] [INFO] [RtpCalibrationEngine] Real-time synchronization active.
[17:06:07.122] [INFO] [CalibrationManager] Değişiklik kaydedildi:  [ -> 45]
[17:06:07.330] [INFO] [RtpCalibrationEngine] Connecting to RTP emulator...
[17:06:07.330] [INFO] [RtpCalibrationEngine] RTP emulator connected successfully.
[17:06:07.331] [INFO] [RtpCalibrationEngine] Real-time synchronization active.
[17:06:07.333] [INFO] [CalibrationManager] Değişiklik kaydedildi:  [ -> 5]
[17:06:07.334] [INFO] [CalibrationManager] Değişiklik kaydedildi:  [ -> 5]
[17:06:07.344] [WARNING] [RtpCalibrationEngine] Could not save persistent sync queue: The process cannot access the file 'C:\Users\ayhan\OneDrive\Desktop\Canlı OBD2 Araç Telemetri Ekranı\HondaTuner\bin\Debug\net6.0-windows\Database\pending_rtp_queue.json' because it is being used by another process.
[17:06:07.345] [INFO] [CalibrationManager] Değişiklik kaydedildi:  [ -> 5]
[17:06:07.346] [INFO] [CalibrationManager] Değişiklik kaydedildi:  [ -> 5]
[17:06:07.356] [WARNING] [RtpCalibrationEngine] Could not save persistent sync queue: The process cannot access the file 'C:\Users\ayhan\OneDrive\Desktop\Canlı OBD2 Araç Telemetri Ekranı\HondaTuner\bin\Debug\net6.0-windows\Database\pending_rtp_queue.json' because it is being used by another process.
[17:06:07.361] [INFO] [CalibrationManager] Değişiklik kaydedildi:  [ -> 5]
[17:06:07.362] [INFO] [CalibrationManager] Değişiklik kaydedildi:  [ -> 5]
[17:06:07.364] [INFO] [CalibrationManager] Değişiklik kaydedildi:  [ -> 5]
[17:06:07.365] [INFO] [CalibrationManager] Değişiklik kaydedildi:  [ -> 5]
[17:06:07.367] [INFO] [CalibrationManager] Değişiklik kaydedildi:  [ -> 5]
[17:06:07.368] [INFO] [CalibrationManager] Değişiklik kaydedildi:  [ -> 5]
[17:06:07.369] [INFO] [CalibrationManager] Değişiklik kaydedildi:  [ -> 5]
[17:06:07.371] [INFO] [CalibrationManager] Değişiklik kaydedildi:  [ -> 5]
[17:06:07.376] [INFO] [CalibrationManager] Değişiklik kaydedildi:  [ -> 5]
[17:06:07.377] [INFO] [CalibrationManager] Değişiklik kaydedildi:  [ -> 5]
[17:06:07.379] [INFO] [CalibrationManager] Değişiklik kaydedildi:  [ -> 5]
[17:06:07.380] [INFO] [CalibrationManager] Değişiklik kaydedildi:  [ -> 5]
[17:06:07.381] [INFO] [CalibrationManager] Değişiklik kaydedildi:  [ -> 5]
[17:06:07.382] [INFO] [CalibrationManager] Değişiklik kaydedildi:  [ -> 5]
[17:06:07.384] [INFO] [CalibrationManager] Değişiklik kaydedildi:  [ -> 5]
[17:06:07.385] [INFO] [CalibrationManager] Değişiklik kaydedildi:  [ -> 5]
[17:06:07.386] [INFO] [CalibrationManager] Değişiklik kaydedildi:  [ -> 5]
[17:06:07.387] [INFO] [CalibrationManager] Değişiklik kaydedildi:  [ -> 5]
[17:06:07.389] [INFO] [CalibrationManager] Değişiklik kaydedildi:  [ -> 5]
[17:06:07.390] [INFO] [CalibrationManager] Değişiklik kaydedildi:  [ -> 5]
[17:06:07.391] [INFO] [CalibrationManager] Değişiklik kaydedildi:  [ -> 5]
[17:06:07.392] [INFO] [CalibrationManager] Değişiklik kaydedildi:  [ -> 5]
[17:06:07.393] [INFO] [CalibrationManager] Değişiklik kaydedildi:  [ -> 5]
[17:06:07.395] [INFO] [CalibrationManager] Değişiklik kaydedildi:  [ -> 5]
[17:06:07.396] [INFO] [CalibrationManager] Değişiklik kaydedildi:  [ -> 5]
[17:06:07.397] [INFO] [CalibrationManager] Değişiklik kaydedildi:  [ -> 5]
[17:06:07.398] [INFO] [CalibrationManager] Değişiklik kaydedildi:  [ -> 5]
[17:06:07.399] [INFO] [CalibrationManager] Değişiklik kaydedildi:  [ -> 5]
[17:06:07.400] [INFO] [CalibrationManager] Değişiklik kaydedildi:  [ -> 5]
[17:06:07.402] [INFO] [CalibrationManager] Değişiklik kaydedildi:  [ -> 5]
[17:06:07.403] [INFO] [CalibrationManager] Değişiklik kaydedildi:  [ -> 5]
[17:06:07.404] [INFO] [CalibrationManager] Değişiklik kaydedildi:  [ -> 5]
[17:06:07.405] [INFO] [CalibrationManager] Değişiklik kaydedildi:  [ -> 5]
[17:06:07.407] [INFO] [CalibrationManager] Değişiklik kaydedildi:  [ -> 5]
[17:06:07.408] [INFO] [CalibrationManager] Değişiklik kaydedildi:  [ -> 5]
[17:06:07.409] [INFO] [CalibrationManager] Değişiklik kaydedildi:  [ -> 5]
[17:06:07.410] [INFO] [CalibrationManager] Değişiklik kaydedildi:  [ -> 5]
[17:06:07.411] [INFO] [CalibrationManager] Değişiklik kaydedildi:  [ -> 5]
[17:06:07.412] [INFO] [CalibrationManager] Değişiklik kaydedildi:  [ -> 5]
[17:06:07.414] [INFO] [CalibrationManager] Değişiklik kaydedildi:  [ -> 5]
[17:06:07.415] [INFO] [CalibrationManager] Değişiklik kaydedildi:  [ -> 5]
[17:06:07.416] [INFO] [CalibrationManager] Değişiklik kaydedildi:  [ -> 5]
[17:06:07.417] [INFO] [CalibrationManager] Değişiklik kaydedildi:  [ -> 5]
[17:06:07.418] [INFO] [CalibrationManager] Değişiklik kaydedildi:  [ -> 5]
[17:06:07.420] [INFO] [CalibrationManager] Değişiklik kaydedildi:  [ -> 5]
[17:06:07.421] [INFO] [CalibrationManager] Değişiklik kaydedildi:  [ -> 5]
[17:06:07.422] [INFO] [CalibrationManager] Değişiklik kaydedildi:  [ -> 5]
[17:06:07.423] [INFO] [CalibrationManager] Değişiklik kaydedildi:  [ -> 5]
[17:06:07.425] [INFO] [CalibrationManager] Değişiklik kaydedildi:  [ -> 5]
[17:06:07.426] [INFO] [CalibrationManager] Değişiklik kaydedildi:  [ -> 5]
[17:06:07.427] [INFO] [CalibrationManager] Değişiklik kaydedildi:  [ -> 5]
[17:06:07.428] [INFO] [CalibrationManager] Değişiklik kaydedildi:  [ -> 5]
[17:06:07.429] [INFO] [CalibrationManager] Değişiklik kaydedildi:  [ -> 5]
[17:06:07.431] [INFO] [CalibrationManager] Değişiklik kaydedildi:  [ -> 5]
[17:06:07.432] [INFO] [CalibrationManager] Değişiklik kaydedildi:  [ -> 5]
[17:06:07.433] [INFO] [CalibrationManager] Değişiklik kaydedildi:  [ -> 5]
[17:06:07.435] [INFO] [CalibrationManager] Değişiklik kaydedildi:  [ -> 5]
[17:06:07.436] [INFO] [CalibrationManager] Değişiklik kaydedildi:  [ -> 5]
[17:06:07.438] [INFO] [CalibrationManager] Değişiklik kaydedildi:  [ -> 5]
[17:06:07.446] [INFO] [CalibrationManager] Değişiklik kaydedildi:  [ -> 5]
[17:06:07.447] [INFO] [CalibrationManager] Değişiklik kaydedildi:  [ -> 5]
[17:06:07.448] [INFO] [CalibrationManager] Değişiklik kaydedildi:  [ -> 5]
[17:06:07.450] [INFO] [CalibrationManager] Değişiklik kaydedildi:  [ -> 5]
[17:06:07.451] [INFO] [CalibrationManager] Değişiklik kaydedildi:  [ -> 5]
[17:06:07.452] [INFO] [CalibrationManager] Değişiklik kaydedildi:  [ -> 5]
[17:06:07.454] [INFO] [CalibrationManager] Değişiklik kaydedildi:  [ -> 5]
[17:06:07.455] [INFO] [CalibrationManager] Değişiklik kaydedildi:  [ -> 5]
[17:06:07.456] [INFO] [CalibrationManager] Değişiklik kaydedildi:  [ -> 5]
[17:06:07.457] [INFO] [CalibrationManager] Değişiklik kaydedildi:  [ -> 5]
[17:06:07.458] [INFO] [CalibrationManager] Değişiklik kaydedildi:  [ -> 5]
[17:06:07.460] [INFO] [CalibrationManager] Değişiklik kaydedildi:  [ -> 5]
[17:06:07.461] [INFO] [CalibrationManager] Değişiklik kaydedildi:  [ -> 5]
[17:06:07.462] [INFO] [CalibrationManager] Değişiklik kaydedildi:  [ -> 5]
[17:06:07.464] [INFO] [CalibrationManager] Değişiklik kaydedildi:  [ -> 5]
[17:06:07.465] [INFO] [CalibrationManager] Değişiklik kaydedildi:  [ -> 5]
[17:06:07.466] [INFO] [CalibrationManager] Değişiklik kaydedildi:  [ -> 5]
[17:06:07.467] [INFO] [CalibrationManager] Değişiklik kaydedildi:  [ -> 5]
[17:06:07.468] [INFO] [CalibrationManager] Değişiklik kaydedildi:  [ -> 5]
[17:06:07.470] [INFO] [CalibrationManager] Değişiklik kaydedildi:  [ -> 5]
[17:06:07.471] [INFO] [CalibrationManager] Değişiklik kaydedildi:  [ -> 5]
[17:06:07.472] [INFO] [CalibrationManager] Değişiklik kaydedildi:  [ -> 5]
[17:06:07.473] [INFO] [CalibrationManager] Değişiklik kaydedildi:  [ -> 5]
[17:06:07.475] [INFO] [CalibrationManager] Değişiklik kaydedildi:  [ -> 5]
[17:06:07.476] [INFO] [CalibrationManager] Değişiklik kaydedildi:  [ -> 5]
[17:06:07.477] [INFO] [CalibrationManager] Değişiklik kaydedildi:  [ -> 5]
[17:06:07.478] [INFO] [CalibrationManager] Değişiklik kaydedildi:  [ -> 5]
[17:06:07.480] [INFO] [CalibrationManager] Değişiklik kaydedildi:  [ -> 5]
[17:06:07.481] [INFO] [CalibrationManager] Değişiklik kaydedildi:  [ -> 5]
[17:06:07.482] [INFO] [CalibrationManager] Değişiklik kaydedildi:  [ -> 5]
[17:06:07.484] [INFO] [CalibrationManager] Değişiklik kaydedildi:  [ -> 5]
[17:06:07.485] [INFO] [CalibrationManager] Değişiklik kaydedildi:  [ -> 5]
[17:06:07.487] [INFO] [CalibrationManager] Değişiklik kaydedildi:  [ -> 5]
[17:06:07.488] [INFO] [CalibrationManager] Değişiklik kaydedildi:  [ -> 5]
[17:06:07.489] [INFO] [CalibrationManager] Değişiklik kaydedildi:  [ -> 5]
[17:06:07.490] [INFO] [CalibrationManager] Değişiklik kaydedildi:  [ -> 5]
[17:06:07.492] [INFO] [CalibrationManager] Değişiklik kaydedildi:  [ -> 5]
[17:06:07.493] [INFO] [CalibrationManager] Değişiklik kaydedildi:  [ -> 5]
[17:06:07.495] [INFO] [CalibrationManager] Değişiklik kaydedildi:  [ -> 5]
[17:06:07.497] [INFO] [CalibrationManager] Değişiklik kaydedildi:  [ -> 5]
[17:06:07.499] [INFO] [CalibrationManager] Değişiklik kaydedildi:  [ -> 5]
[17:06:07.500] [INFO] [CalibrationManager] Değişiklik kaydedildi:  [ -> 5]
[17:06:07.501] [INFO] [CalibrationManager] Değişiklik kaydedildi:  [ -> 5]
[17:06:07.503] [INFO] [CalibrationManager] Değişiklik kaydedildi:  [ -> 5]
[17:06:07.504] [INFO] [CalibrationManager] Değişiklik kaydedildi:  [ -> 5]
[17:06:07.506] [INFO] [CalibrationManager] Değişiklik kaydedildi:  [ -> 5]
[17:06:07.507] [INFO] [CalibrationManager] Değişiklik kaydedildi:  [ -> 5]
[17:06:07.508] [INFO] [CalibrationManager] Değişiklik kaydedildi:  [ -> 5]
[17:06:07.510] [INFO] [CalibrationManager] Değişiklik kaydedildi:  [ -> 5]
[17:06:07.511] [INFO] [CalibrationManager] Değişiklik kaydedildi:  [ -> 5]
[17:06:07.513] [INFO] [CalibrationManager] Değişiklik kaydedildi:  [ -> 5]
[17:06:07.514] [INFO] [CalibrationManager] Değişiklik kaydedildi:  [ -> 5]
[17:06:07.515] [INFO] [CalibrationManager] Değişiklik kaydedildi:  [ -> 5]
[17:06:07.517] [INFO] [CalibrationManager] Değişiklik kaydedildi:  [ -> 5]
[17:06:07.518] [INFO] [CalibrationManager] Değişiklik kaydedildi:  [ -> 5]
[17:06:07.520] [INFO] [CalibrationManager] Değişiklik kaydedildi:  [ -> 5]
[17:06:07.521] [INFO] [CalibrationManager] Değişiklik kaydedildi:  [ -> 5]
[17:06:07.522] [INFO] [CalibrationManager] Değişiklik kaydedildi:  [ -> 5]
[17:06:07.524] [INFO] [CalibrationManager] Değişiklik kaydedildi:  [ -> 5]
[17:06:07.525] [INFO] [CalibrationManager] Değişiklik kaydedildi:  [ -> 5]
[17:06:07.526] [INFO] [CalibrationManager] Değişiklik kaydedildi:  [ -> 5]
[17:06:07.528] [INFO] [CalibrationManager] Değişiklik kaydedildi:  [ -> 5]
[17:06:07.529] [INFO] [CalibrationManager] Değişiklik kaydedildi:  [ -> 5]
[17:06:07.530] [INFO] [CalibrationManager] Değişiklik kaydedildi:  [ -> 5]
[17:06:07.532] [INFO] [CalibrationManager] Değişiklik kaydedildi:  [ -> 5]
[17:06:07.533] [INFO] [CalibrationManager] Değişiklik kaydedildi:  [ -> 5]
[17:06:07.534] [INFO] [CalibrationManager] Değişiklik kaydedildi:  [ -> 5]
[17:06:07.536] [INFO] [CalibrationManager] Değişiklik kaydedildi:  [ -> 5]
[17:06:07.537] [INFO] [CalibrationManager] Değişiklik kaydedildi:  [ -> 5]
[17:06:07.539] [INFO] [CalibrationManager] Değişiklik kaydedildi:  [ -> 5]
[17:06:07.540] [INFO] [CalibrationManager] Değişiklik kaydedildi:  [ -> 5]
[17:06:07.541] [INFO] [CalibrationManager] Değişiklik kaydedildi:  [ -> 5]
[17:06:07.543] [INFO] [CalibrationManager] Değişiklik kaydedildi:  [ -> 5]
[17:06:07.545] [INFO] [CalibrationManager] Değişiklik kaydedildi:  [ -> 5]
[17:06:07.546] [INFO] [CalibrationManager] Değişiklik kaydedildi:  [ -> 5]
[17:06:07.547] [INFO] [CalibrationManager] Değişiklik kaydedildi:  [ -> 5]
[17:06:07.549] [INFO] [CalibrationManager] Değişiklik kaydedildi:  [ -> 5]
[17:06:07.550] [INFO] [CalibrationManager] Değişiklik kaydedildi:  [ -> 5]
[17:06:07.552] [INFO] [CalibrationManager] Değişiklik kaydedildi:  [ -> 5]
[17:06:07.553] [INFO] [CalibrationManager] Değişiklik kaydedildi:  [ -> 5]
[17:06:07.555] [INFO] [CalibrationManager] Değişiklik kaydedildi:  [ -> 5]
[17:06:07.556] [INFO] [CalibrationManager] Değişiklik kaydedildi:  [ -> 5]
[17:06:07.558] [INFO] [CalibrationManager] Değişiklik kaydedildi:  [ -> 5]
[17:06:07.559] [INFO] [CalibrationManager] Değişiklik kaydedildi:  [ -> 5]
[17:06:07.561] [INFO] [CalibrationManager] Değişiklik kaydedildi:  [ -> 5]
[17:06:07.562] [INFO] [CalibrationManager] Değişiklik kaydedildi:  [ -> 5]
[17:06:07.564] [INFO] [CalibrationManager] Değişiklik kaydedildi:  [ -> 5]
[17:06:07.566] [INFO] [CalibrationManager] Değişiklik kaydedildi:  [ -> 5]
[17:06:07.567] [INFO] [CalibrationManager] Değişiklik kaydedildi:  [ -> 5]
[17:06:07.569] [INFO] [CalibrationManager] Değişiklik kaydedildi:  [ -> 5]
[17:06:07.570] [INFO] [CalibrationManager] Değişiklik kaydedildi:  [ -> 5]
[17:06:07.572] [INFO] [CalibrationManager] Değişiklik kaydedildi:  [ -> 5]
[17:06:07.573] [INFO] [CalibrationManager] Değişiklik kaydedildi:  [ -> 5]
[17:06:07.575] [INFO] [CalibrationManager] Değişiklik kaydedildi:  [ -> 5]
[17:06:07.576] [INFO] [CalibrationManager] Değişiklik kaydedildi:  [ -> 5]
[17:06:07.578] [INFO] [CalibrationManager] Değişiklik kaydedildi:  [ -> 5]
[17:06:07.579] [INFO] [CalibrationManager] Değişiklik kaydedildi:  [ -> 5]
[17:06:07.581] [INFO] [CalibrationManager] Değişiklik kaydedildi:  [ -> 5]
[17:06:07.582] [INFO] [CalibrationManager] Değişiklik kaydedildi:  [ -> 5]
[17:06:07.583] [INFO] [CalibrationManager] Değişiklik kaydedildi:  [ -> 5]
[17:06:07.585] [INFO] [CalibrationManager] Değişiklik kaydedildi:  [ -> 5]
[17:06:07.586] [INFO] [CalibrationManager] Değişiklik kaydedildi:  [ -> 5]
[17:06:07.587] [INFO] [CalibrationManager] Değişiklik kaydedildi:  [ -> 5]
[17:06:07.589] [INFO] [CalibrationManager] Değişiklik kaydedildi:  [ -> 5]
[17:06:07.590] [INFO] [CalibrationManager] Değişiklik kaydedildi:  [ -> 5]
[17:06:07.592] [INFO] [CalibrationManager] Değişiklik kaydedildi:  [ -> 5]
[17:06:07.593] [INFO] [CalibrationManager] Değişiklik kaydedildi:  [ -> 5]
[17:06:07.595] [INFO] [CalibrationManager] Değişiklik kaydedildi:  [ -> 5]
[17:06:07.596] [INFO] [CalibrationManager] Değişiklik kaydedildi:  [ -> 5]
[17:06:07.598] [INFO] [CalibrationManager] Değişiklik kaydedildi:  [ -> 5]
[17:06:07.599] [INFO] [CalibrationManager] Değişiklik kaydedildi:  [ -> 5]
[17:06:07.600] [INFO] [CalibrationManager] Değişiklik kaydedildi:  [ -> 5]
[17:06:07.602] [INFO] [CalibrationManager] Değişiklik kaydedildi:  [ -> 5]
[17:06:07.603] [INFO] [CalibrationManager] Değişiklik kaydedildi:  [ -> 5]
[17:06:07.604] [INFO] [CalibrationManager] Değişiklik kaydedildi:  [ -> 5]
[17:06:07.606] [INFO] [CalibrationManager] Değişiklik kaydedildi:  [ -> 5]
[17:06:07.613] [WARNING] [RtpCalibrationEngine] Could not save persistent sync queue: The process cannot access the file 'C:\Users\ayhan\OneDrive\Desktop\Canlı OBD2 Araç Telemetri Ekranı\HondaTuner\bin\Debug\net6.0-windows\Database\pending_rtp_queue.json' because it is being used by another process.
[17:06:07.614] [INFO] [CalibrationManager] Değişiklik kaydedildi:  [ -> 5]
[17:06:07.615] [INFO] [CalibrationManager] Değişiklik kaydedildi:  [ -> 5]
[17:06:07.617] [INFO] [CalibrationManager] Değişiklik kaydedildi:  [ -> 5]
[17:06:07.618] [INFO] [CalibrationManager] Değişiklik kaydedildi:  [ -> 5]
[17:06:07.619] [INFO] [CalibrationManager] Değişiklik kaydedildi:  [ -> 5]
[17:06:07.621] [INFO] [CalibrationManager] Değişiklik kaydedildi:  [ -> 5]
[17:06:07.622] [INFO] [CalibrationManager] Değişiklik kaydedildi:  [ -> 5]
[17:06:07.624] [INFO] [CalibrationManager] Değişiklik kaydedildi:  [ -> 5]
[17:06:07.625] [INFO] [CalibrationManager] Değişiklik kaydedildi:  [ -> 5]
[17:06:07.627] [INFO] [CalibrationManager] Değişiklik kaydedildi:  [ -> 5]
[17:06:07.628] [INFO] [CalibrationManager] Değişiklik kaydedildi:  [ -> 5]
[17:06:07.630] [INFO] [CalibrationManager] Değişiklik kaydedildi:  [ -> 5]
[17:06:07.631] [INFO] [CalibrationManager] Değişiklik kaydedildi:  [ -> 5]
[17:06:07.633] [INFO] [CalibrationManager] Değişiklik kaydedildi:  [ -> 5]
[17:06:07.634] [INFO] [CalibrationManager] Değişiklik kaydedildi:  [ -> 5]
[17:06:07.636] [INFO] [CalibrationManager] Değişiklik kaydedildi:  [ -> 5]
[17:06:07.638] [INFO] [CalibrationManager] Değişiklik kaydedildi:  [ -> 5]
[17:06:07.639] [INFO] [CalibrationManager] Değişiklik kaydedildi:  [ -> 5]
[17:06:07.641] [INFO] [CalibrationManager] Değişiklik kaydedildi:  [ -> 5]
[17:06:07.642] [INFO] [CalibrationManager] Değişiklik kaydedildi:  [ -> 5]
[17:06:07.644] [INFO] [CalibrationManager] Değişiklik kaydedildi:  [ -> 5]
[17:06:07.645] [INFO] [CalibrationManager] Değişiklik kaydedildi:  [ -> 5]
[17:06:07.647] [INFO] [CalibrationManager] Değişiklik kaydedildi:  [ -> 5]
[17:06:07.648] [INFO] [CalibrationManager] Değişiklik kaydedildi:  [ -> 5]
[17:06:07.655] [INFO] [CalibrationManager] Değişiklik kaydedildi:  [ -> 5]
[17:06:07.657] [INFO] [CalibrationManager] Değişiklik kaydedildi:  [ -> 5]
[17:06:07.658] [INFO] [CalibrationManager] Değişiklik kaydedildi:  [ -> 5]
[17:06:07.660] [INFO] [CalibrationManager] Değişiklik kaydedildi:  [ -> 5]
[17:06:07.661] [INFO] [CalibrationManager] Değişiklik kaydedildi:  [ -> 5]
[17:06:07.663] [INFO] [CalibrationManager] Değişiklik kaydedildi:  [ -> 5]
[17:06:07.664] [INFO] [CalibrationManager] Değişiklik kaydedildi:  [ -> 5]
[17:06:07.665] [INFO] [CalibrationManager] Değişiklik kaydedildi:  [ -> 5]
[17:06:07.667] [INFO] [CalibrationManager] Değişiklik kaydedildi:  [ -> 5]
[17:06:07.670] [INFO] [CalibrationManager] Değişiklik kaydedildi:  [ -> 5]
[17:06:07.671] [INFO] [CalibrationManager] Değişiklik kaydedildi:  [ -> 5]
[17:06:07.673] [INFO] [CalibrationManager] Değişiklik kaydedildi:  [ -> 5]
[17:06:07.674] [INFO] [CalibrationManager] Değişiklik kaydedildi:  [ -> 5]
[17:06:07.676] [INFO] [CalibrationManager] Değişiklik kaydedildi:  [ -> 5]
[17:06:07.678] [INFO] [CalibrationManager] Değişiklik kaydedildi:  [ -> 5]
[17:06:07.679] [INFO] [CalibrationManager] Değişiklik kaydedildi:  [ -> 5]
[17:06:07.680] [INFO] [CalibrationManager] Değişiklik kaydedildi:  [ -> 5]
[17:06:07.682] [INFO] [CalibrationManager] Değişiklik kaydedildi:  [ -> 5]
[17:06:07.683] [INFO] [CalibrationManager] Değişiklik kaydedildi:  [ -> 5]
[17:06:07.685] [INFO] [CalibrationManager] Değişiklik kaydedildi:  [ -> 5]
[17:06:07.686] [INFO] [CalibrationManager] Değişiklik kaydedildi:  [ -> 5]
[17:06:07.688] [INFO] [CalibrationManager] Değişiklik kaydedildi:  [ -> 5]
[17:06:07.689] [INFO] [CalibrationManager] Değişiklik kaydedildi:  [ -> 5]
[17:06:07.691] [INFO] [CalibrationManager] Değişiklik kaydedildi:  [ -> 5]
[17:06:07.692] [INFO] [CalibrationManager] Değişiklik kaydedildi:  [ -> 5]
[17:06:07.693] [INFO] [CalibrationManager] Değişiklik kaydedildi:  [ -> 5]
[17:06:07.695] [INFO] [CalibrationManager] Değişiklik kaydedildi:  [ -> 5]
[17:06:07.696] [INFO] [CalibrationManager] Değişiklik kaydedildi:  [ -> 5]
[17:06:07.698] [INFO] [CalibrationManager] Değişiklik kaydedildi:  [ -> 5]
[17:06:07.699] [INFO] [CalibrationManager] Değişiklik kaydedildi:  [ -> 5]
[17:06:07.700] [INFO] [CalibrationManager] Değişiklik kaydedildi:  [ -> 5]
[17:06:07.702] [INFO] [CalibrationManager] Değişiklik kaydedildi:  [ -> 5]
[17:06:07.703] [INFO] [CalibrationManager] Değişiklik kaydedildi:  [ -> 5]
[17:06:07.705] [INFO] [CalibrationManager] Değişiklik kaydedildi:  [ -> 5]
[17:06:07.706] [INFO] [CalibrationManager] Değişiklik kaydedildi:  [ -> 5]
[17:06:07.708] [INFO] [CalibrationManager] Değişiklik kaydedildi:  [ -> 5]
[17:06:07.709] [INFO] [CalibrationManager] Değişiklik kaydedildi:  [ -> 5]
[17:06:07.711] [INFO] [CalibrationManager] Değişiklik kaydedildi:  [ -> 5]
[17:06:07.717] [WARNING] [RtpCalibrationEngine] Could not save persistent sync queue: The process cannot access the file 'C:\Users\ayhan\OneDrive\Desktop\Canlı OBD2 Araç Telemetri Ekranı\HondaTuner\bin\Debug\net6.0-windows\Database\pending_rtp_queue.json' because it is being used by another process.
[17:06:07.718] [INFO] [CalibrationManager] Değişiklik kaydedildi:  [ -> 5]
[17:06:07.721] [INFO] [CalibrationManager] Değişiklik kaydedildi:  [ -> 5]
[17:06:07.723] [INFO] [CalibrationManager] Değişiklik kaydedildi:  [ -> 5]
[17:06:07.725] [INFO] [CalibrationManager] Değişiklik kaydedildi:  [ -> 5]
[17:06:07.727] [INFO] [CalibrationManager] Değişiklik kaydedildi:  [ -> 5]
[17:06:07.729] [INFO] [CalibrationManager] Değişiklik kaydedildi:  [ -> 5]
[17:06:07.731] [INFO] [CalibrationManager] Değişiklik kaydedildi:  [ -> 5]
[17:06:07.732] [INFO] [CalibrationManager] Değişiklik kaydedildi:  [ -> 5]
[17:06:07.733] [INFO] [CalibrationManager] Değişiklik kaydedildi:  [ -> 5]
[17:06:07.735] [INFO] [CalibrationManager] Değişiklik kaydedildi:  [ -> 5]
[17:06:07.737] [INFO] [CalibrationManager] Değişiklik kaydedildi:  [ -> 5]
[17:06:07.738] [INFO] [CalibrationManager] Değişiklik kaydedildi:  [ -> 5]
[17:06:07.740] [INFO] [CalibrationManager] Değişiklik kaydedildi:  [ -> 5]
[17:06:07.742] [INFO] [CalibrationManager] Değişiklik kaydedildi:  [ -> 5]
[17:06:07.743] [INFO] [CalibrationManager] Değişiklik kaydedildi:  [ -> 5]
[17:06:07.745] [INFO] [CalibrationManager] Değişiklik kaydedildi:  [ -> 5]
[17:06:07.747] [INFO] [CalibrationManager] Değişiklik kaydedildi:  [ -> 5]
[17:06:07.748] [INFO] [CalibrationManager] Değişiklik kaydedildi:  [ -> 5]
[17:06:07.750] [INFO] [CalibrationManager] Değişiklik kaydedildi:  [ -> 5]
[17:06:07.752] [INFO] [CalibrationManager] Değişiklik kaydedildi:  [ -> 5]
[17:06:07.753] [INFO] [CalibrationManager] Değişiklik kaydedildi:  [ -> 5]
[17:06:07.755] [INFO] [CalibrationManager] Değişiklik kaydedildi:  [ -> 5]
[17:06:07.757] [INFO] [CalibrationManager] Değişiklik kaydedildi:  [ -> 5]
[17:06:07.758] [INFO] [CalibrationManager] Değişiklik kaydedildi:  [ -> 5]
[17:06:07.760] [INFO] [CalibrationManager] Değişiklik kaydedildi:  [ -> 5]
[17:06:07.762] [INFO] [CalibrationManager] Değişiklik kaydedildi:  [ -> 5]
[17:06:07.763] [INFO] [CalibrationManager] Değişiklik kaydedildi:  [ -> 5]
[17:06:07.765] [INFO] [CalibrationManager] Değişiklik kaydedildi:  [ -> 5]
[17:06:07.768] [INFO] [CalibrationManager] Değişiklik kaydedildi:  [ -> 5]
[17:06:07.769] [INFO] [CalibrationManager] Değişiklik kaydedildi:  [ -> 5]
[17:06:07.771] [INFO] [CalibrationManager] Değişiklik kaydedildi:  [ -> 5]
[17:06:07.772] [INFO] [CalibrationManager] Değişiklik kaydedildi:  [ -> 5]
[17:06:07.774] [INFO] [CalibrationManager] Değişiklik kaydedildi:  [ -> 5]
[17:06:07.776] [INFO] [CalibrationManager] Değişiklik kaydedildi:  [ -> 5]
[17:06:07.777] [INFO] [CalibrationManager] Değişiklik kaydedildi:  [ -> 5]
[17:06:07.779] [INFO] [CalibrationManager] Değişiklik kaydedildi:  [ -> 5]
[17:06:07.780] [INFO] [CalibrationManager] Değişiklik kaydedildi:  [ -> 5]
[17:06:07.782] [INFO] [CalibrationManager] Değişiklik kaydedildi:  [ -> 5]
[17:06:07.783] [INFO] [CalibrationManager] Değişiklik kaydedildi:  [ -> 5]
[17:06:07.785] [INFO] [CalibrationManager] Değişiklik kaydedildi:  [ -> 5]
[17:06:07.786] [INFO] [CalibrationManager] Değişiklik kaydedildi:  [ -> 5]
[17:06:07.788] [INFO] [CalibrationManager] Değişiklik kaydedildi:  [ -> 5]
[17:06:07.790] [INFO] [CalibrationManager] Değişiklik kaydedildi:  [ -> 5]
[17:06:07.791] [INFO] [CalibrationManager] Değişiklik kaydedildi:  [ -> 5]
[17:06:07.792] [INFO] [CalibrationManager] Değişiklik kaydedildi:  [ -> 5]
[17:06:07.799] [INFO] [CalibrationManager] Değişiklik kaydedildi:  [ -> 5]
[17:06:07.801] [INFO] [CalibrationManager] Değişiklik kaydedildi:  [ -> 5]
[17:06:07.803] [INFO] [CalibrationManager] Değişiklik kaydedildi:  [ -> 5]
[17:06:07.804] [INFO] [CalibrationManager] Değişiklik kaydedildi:  [ -> 5]
[17:06:07.806] [INFO] [CalibrationManager] Değişiklik kaydedildi:  [ -> 5]
[17:06:07.807] [INFO] [CalibrationManager] Değişiklik kaydedildi:  [ -> 5]
[17:06:07.809] [INFO] [CalibrationManager] Değişiklik kaydedildi:  [ -> 5]
[17:06:07.812] [INFO] [CalibrationManager] Değişiklik kaydedildi:  [ -> 5]
[17:06:07.813] [INFO] [CalibrationManager] Değişiklik kaydedildi:  [ -> 5]
[17:06:07.815] [INFO] [CalibrationManager] Değişiklik kaydedildi:  [ -> 5]
[17:06:07.816] [INFO] [CalibrationManager] Değişiklik kaydedildi:  [ -> 5]
[17:06:07.818] [INFO] [CalibrationManager] Değişiklik kaydedildi:  [ -> 5]
[17:06:07.820] [INFO] [CalibrationManager] Değişiklik kaydedildi:  [ -> 5]
[17:06:07.821] [INFO] [CalibrationManager] Değişiklik kaydedildi:  [ -> 5]
[17:06:07.822] [INFO] [CalibrationManager] Değişiklik kaydedildi:  [ -> 5]
[17:06:07.824] [INFO] [CalibrationManager] Değişiklik kaydedildi:  [ -> 5]
[17:06:07.825] [INFO] [CalibrationManager] Değişiklik kaydedildi:  [ -> 5]
[17:06:07.828] [INFO] [CalibrationManager] Değişiklik kaydedildi:  [ -> 5]
[17:06:07.829] [INFO] [CalibrationManager] Değişiklik kaydedildi:  [ -> 5]
[17:06:07.831] [INFO] [CalibrationManager] Değişiklik kaydedildi:  [ -> 5]
[17:06:07.832] [INFO] [CalibrationManager] Değişiklik kaydedildi:  [ -> 5]
[17:06:07.833] [INFO] [CalibrationManager] Değişiklik kaydedildi:  [ -> 5]
[17:06:07.835] [INFO] [CalibrationManager] Değişiklik kaydedildi:  [ -> 5]
[17:06:07.836] [INFO] [CalibrationManager] Değişiklik kaydedildi:  [ -> 5]
[17:06:07.838] [INFO] [CalibrationManager] Değişiklik kaydedildi:  [ -> 5]
[17:06:07.839] [INFO] [CalibrationManager] Değişiklik kaydedildi:  [ -> 5]
[17:06:07.842] [INFO] [CalibrationManager] Değişiklik kaydedildi:  [ -> 5]
[17:06:07.843] [INFO] [CalibrationManager] Değişiklik kaydedildi:  [ -> 5]
[17:06:07.845] [INFO] [CalibrationManager] Değişiklik kaydedildi:  [ -> 5]
[17:06:07.847] [INFO] [CalibrationManager] Değişiklik kaydedildi:  [ -> 5]
[17:06:07.848] [INFO] [CalibrationManager] Değişiklik kaydedildi:  [ -> 5]
[17:06:07.851] [INFO] [CalibrationManager] Değişiklik kaydedildi:  [ -> 5]
[17:06:07.853] [INFO] [CalibrationManager] Değişiklik kaydedildi:  [ -> 5]
[17:06:07.854] [INFO] [CalibrationManager] Değişiklik kaydedildi:  [ -> 5]
[17:06:07.856] [INFO] [CalibrationManager] Değişiklik kaydedildi:  [ -> 5]
[17:06:07.858] [INFO] [CalibrationManager] Değişiklik kaydedildi:  [ -> 5]
[17:06:07.860] [INFO] [CalibrationManager] Değişiklik kaydedildi:  [ -> 5]
[17:06:07.861] [INFO] [CalibrationManager] Değişiklik kaydedildi:  [ -> 5]
[17:06:07.863] [INFO] [CalibrationManager] Değişiklik kaydedildi:  [ -> 5]
[17:06:07.864] [INFO] [CalibrationManager] Değişiklik kaydedildi:  [ -> 5]
[17:06:07.866] [INFO] [CalibrationManager] Değişiklik kaydedildi:  [ -> 5]
[17:06:07.868] [INFO] [CalibrationManager] Değişiklik kaydedildi:  [ -> 5]
[17:06:07.869] [INFO] [CalibrationManager] Değişiklik kaydedildi:  [ -> 5]
[17:06:07.871] [INFO] [CalibrationManager] Değişiklik kaydedildi:  [ -> 5]
[17:06:07.872] [INFO] [CalibrationManager] Değişiklik kaydedildi:  [ -> 5]
[17:06:07.874] [INFO] [CalibrationManager] Değişiklik kaydedildi:  [ -> 5]
[17:06:07.876] [INFO] [CalibrationManager] Değişiklik kaydedildi:  [ -> 5]
[17:06:07.877] [INFO] [CalibrationManager] Değişiklik kaydedildi:  [ -> 5]
[17:06:07.879] [INFO] [CalibrationManager] Değişiklik kaydedildi:  [ -> 5]
[17:06:07.881] [INFO] [CalibrationManager] Değişiklik kaydedildi:  [ -> 5]
[17:06:07.882] [INFO] [CalibrationManager] Değişiklik kaydedildi:  [ -> 5]
[17:06:07.884] [INFO] [CalibrationManager] Değişiklik kaydedildi:  [ -> 5]
[17:06:07.886] [INFO] [CalibrationManager] Değişiklik kaydedildi:  [ -> 5]
[17:06:07.888] [INFO] [CalibrationManager] Değişiklik kaydedildi:  [ -> 5]
[17:06:07.890] [INFO] [CalibrationManager] Değişiklik kaydedildi:  [ -> 5]
[17:06:07.892] [INFO] [CalibrationManager] Değişiklik kaydedildi:  [ -> 5]
[17:06:07.894] [INFO] [CalibrationManager] Değişiklik kaydedildi:  [ -> 5]
[17:06:07.896] [INFO] [CalibrationManager] Değişiklik kaydedildi:  [ -> 5]
[17:06:07.898] [INFO] [CalibrationManager] Değişiklik kaydedildi:  [ -> 5]
[17:06:07.900] [INFO] [CalibrationManager] Değişiklik kaydedildi:  [ -> 5]
[17:06:07.902] [INFO] [CalibrationManager] Değişiklik kaydedildi:  [ -> 5]
[17:06:07.905] [INFO] [CalibrationManager] Değişiklik kaydedildi:  [ -> 5]
[17:06:07.907] [INFO] [CalibrationManager] Değişiklik kaydedildi:  [ -> 5]
[17:06:07.910] [INFO] [CalibrationManager] Değişiklik kaydedildi:  [ -> 5]
[17:06:07.912] [INFO] [CalibrationManager] Değişiklik kaydedildi:  [ -> 5]
[17:06:07.914] [INFO] [CalibrationManager] Değişiklik kaydedildi:  [ -> 5]
[17:06:07.917] [INFO] [CalibrationManager] Değişiklik kaydedildi:  [ -> 5]
[17:06:07.919] [INFO] [CalibrationManager] Değişiklik kaydedildi:  [ -> 5]
[17:06:07.922] [INFO] [CalibrationManager] Değişiklik kaydedildi:  [ -> 5]
[17:06:07.924] [INFO] [CalibrationManager] Değişiklik kaydedildi:  [ -> 5]
[17:06:07.926] [INFO] [CalibrationManager] Değişiklik kaydedildi:  [ -> 5]
[17:06:07.928] [INFO] [CalibrationManager] Değişiklik kaydedildi:  [ -> 5]
[17:06:07.931] [INFO] [CalibrationManager] Değişiklik kaydedildi:  [ -> 5]
[17:06:07.933] [INFO] [CalibrationManager] Değişiklik kaydedildi:  [ -> 5]
[17:06:07.936] [INFO] [CalibrationManager] Değişiklik kaydedildi:  [ -> 5]
[17:06:07.938] [INFO] [CalibrationManager] Değişiklik kaydedildi:  [ -> 5]
[17:06:07.940] [INFO] [CalibrationManager] Değişiklik kaydedildi:  [ -> 5]
[17:06:07.942] [INFO] [CalibrationManager] Değişiklik kaydedildi:  [ -> 5]
[17:06:07.943] [INFO] [CalibrationManager] Değişiklik kaydedildi:  [ -> 5]
[17:06:07.945] [INFO] [CalibrationManager] Değişiklik kaydedildi:  [ -> 5]
[17:06:07.948] [INFO] [CalibrationManager] Değişiklik kaydedildi:  [ -> 5]
[17:06:07.950] [INFO] [CalibrationManager] Değişiklik kaydedildi:  [ -> 5]
[17:06:07.953] [INFO] [CalibrationManager] Değişiklik kaydedildi:  [ -> 5]
[17:06:07.954] [INFO] [CalibrationManager] Değişiklik kaydedildi:  [ -> 5]
[17:06:07.956] [INFO] [CalibrationManager] Değişiklik kaydedildi:  [ -> 5]
[17:06:07.959] [INFO] [CalibrationManager] Değişiklik kaydedildi:  [ -> 5]
[17:06:07.961] [INFO] [CalibrationManager] Değişiklik kaydedildi:  [ -> 5]
[17:06:07.963] [INFO] [CalibrationManager] Değişiklik kaydedildi:  [ -> 5]
[17:06:07.978] [INFO] [CalibrationManager] Değişiklik kaydedildi:  [ -> 5]
[17:06:07.980] [INFO] [CalibrationManager] Değişiklik kaydedildi:  [ -> 5]
[17:06:07.982] [INFO] [CalibrationManager] Değişiklik kaydedildi:  [ -> 5]
[17:06:07.983] [INFO] [CalibrationManager] Değişiklik kaydedildi:  [ -> 5]
[17:06:07.985] [INFO] [CalibrationManager] Değişiklik kaydedildi:  [ -> 5]
[17:06:07.987] [INFO] [CalibrationManager] Değişiklik kaydedildi:  [ -> 5]
[17:06:07.990] [INFO] [CalibrationManager] Değişiklik kaydedildi:  [ -> 5]
[17:06:07.992] [INFO] [CalibrationManager] Değişiklik kaydedildi:  [ -> 5]
[17:06:07.994] [INFO] [CalibrationManager] Değişiklik kaydedildi:  [ -> 5]
[17:06:07.996] [INFO] [CalibrationManager] Değişiklik kaydedildi:  [ -> 5]
[17:06:07.998] [INFO] [CalibrationManager] Değişiklik kaydedildi:  [ -> 5]
[17:06:07.999] [INFO] [CalibrationManager] Değişiklik kaydedildi:  [ -> 5]
[17:06:08.001] [INFO] [CalibrationManager] Değişiklik kaydedildi:  [ -> 5]
[17:06:08.003] [INFO] [CalibrationManager] Değişiklik kaydedildi:  [ -> 5]
[17:06:08.005] [INFO] [CalibrationManager] Değişiklik kaydedildi:  [ -> 5]
[17:06:08.007] [INFO] [CalibrationManager] Değişiklik kaydedildi:  [ -> 5]
[17:06:08.021] [INFO] [CalibrationManager] Değişiklik kaydedildi:  [ -> 5]
[17:06:08.024] [INFO] [CalibrationManager] Değişiklik kaydedildi:  [ -> 5]
[17:06:08.026] [INFO] [CalibrationManager] Değişiklik kaydedildi:  [ -> 5]
[17:06:08.028] [INFO] [CalibrationManager] Değişiklik kaydedildi:  [ -> 5]
[17:06:08.030] [INFO] [CalibrationManager] Değişiklik kaydedildi:  [ -> 5]
[17:06:08.031] [INFO] [CalibrationManager] Değişiklik kaydedildi:  [ -> 5]
[17:06:08.033] [INFO] [CalibrationManager] Değişiklik kaydedildi:  [ -> 5]
[17:06:08.035] [INFO] [CalibrationManager] Değişiklik kaydedildi:  [ -> 5]
[17:06:08.037] [INFO] [CalibrationManager] Değişiklik kaydedildi:  [ -> 5]
[17:06:08.039] [INFO] [CalibrationManager] Değişiklik kaydedildi:  [ -> 5]
[17:06:08.041] [INFO] [CalibrationManager] Değişiklik kaydedildi:  [ -> 5]
[17:06:08.043] [INFO] [CalibrationManager] Değişiklik kaydedildi:  [ -> 5]
[17:06:08.045] [INFO] [CalibrationManager] Değişiklik kaydedildi:  [ -> 5]
[17:06:08.046] [INFO] [CalibrationManager] Değişiklik kaydedildi:  [ -> 5]
[17:06:08.048] [INFO] [CalibrationManager] Değişiklik kaydedildi:  [ -> 5]
[17:06:08.050] [INFO] [CalibrationManager] Değişiklik kaydedildi:  [ -> 5]
[17:06:08.052] [INFO] [CalibrationManager] Değişiklik kaydedildi:  [ -> 5]
[17:06:08.053] [INFO] [CalibrationManager] Değişiklik kaydedildi:  [ -> 5]
[17:06:08.055] [INFO] [CalibrationManager] Değişiklik kaydedildi:  [ -> 5]
[17:06:08.056] [INFO] [CalibrationManager] Değişiklik kaydedildi:  [ -> 5]
[17:06:08.058] [INFO] [CalibrationManager] Değişiklik kaydedildi:  [ -> 5]
[17:06:08.060] [INFO] [CalibrationManager] Değişiklik kaydedildi:  [ -> 5]
[17:06:08.062] [INFO] [CalibrationManager] Değişiklik kaydedildi:  [ -> 5]
[17:06:08.063] [INFO] [CalibrationManager] Değişiklik kaydedildi:  [ -> 5]
[17:06:08.065] [INFO] [CalibrationManager] Değişiklik kaydedildi:  [ -> 5]
[17:06:08.067] [INFO] [CalibrationManager] Değişiklik kaydedildi:  [ -> 5]
[17:06:08.069] [INFO] [CalibrationManager] Değişiklik kaydedildi:  [ -> 5]
[17:06:08.071] [INFO] [CalibrationManager] Değişiklik kaydedildi:  [ -> 5]
[17:06:08.073] [INFO] [CalibrationManager] Değişiklik kaydedildi:  [ -> 5]
[17:06:08.075] [INFO] [CalibrationManager] Değişiklik kaydedildi:  [ -> 5]
[17:06:08.077] [INFO] [CalibrationManager] Değişiklik kaydedildi:  [ -> 5]
[17:06:08.078] [INFO] [CalibrationManager] Değişiklik kaydedildi:  [ -> 5]
[17:06:08.080] [INFO] [CalibrationManager] Değişiklik kaydedildi:  [ -> 5]
[17:06:08.082] [INFO] [CalibrationManager] Değişiklik kaydedildi:  [ -> 5]
[17:06:08.084] [INFO] [CalibrationManager] Değişiklik kaydedildi:  [ -> 5]
[17:06:08.086] [INFO] [CalibrationManager] Değişiklik kaydedildi:  [ -> 5]
[17:06:08.087] [INFO] [CalibrationManager] Değişiklik kaydedildi:  [ -> 5]
[17:06:08.089] [INFO] [CalibrationManager] Değişiklik kaydedildi:  [ -> 5]
[17:06:08.091] [INFO] [CalibrationManager] Değişiklik kaydedildi:  [ -> 5]
[17:06:08.093] [INFO] [CalibrationManager] Değişiklik kaydedildi:  [ -> 5]
[17:06:08.095] [INFO] [CalibrationManager] Değişiklik kaydedildi:  [ -> 5]
[17:06:08.096] [INFO] [CalibrationManager] Değişiklik kaydedildi:  [ -> 5]
[17:06:08.098] [INFO] [CalibrationManager] Değişiklik kaydedildi:  [ -> 5]
[17:06:08.100] [INFO] [CalibrationManager] Değişiklik kaydedildi:  [ -> 5]
[17:06:08.101] [INFO] [CalibrationManager] Değişiklik kaydedildi:  [ -> 5]
[17:06:08.104] [INFO] [CalibrationManager] Değişiklik kaydedildi:  [ -> 5]
[17:06:08.106] [INFO] [CalibrationManager] Değişiklik kaydedildi:  [ -> 5]
[17:06:08.107] [INFO] [CalibrationManager] Değişiklik kaydedildi:  [ -> 5]
[17:06:08.109] [INFO] [CalibrationManager] Değişiklik kaydedildi:  [ -> 5]
[17:06:08.111] [INFO] [CalibrationManager] Değişiklik kaydedildi:  [ -> 5]
[17:06:08.112] [INFO] [CalibrationManager] Değişiklik kaydedildi:  [ -> 5]
[17:06:08.114] [INFO] [CalibrationManager] Değişiklik kaydedildi:  [ -> 5]
[17:06:08.115] [INFO] [CalibrationManager] Değişiklik kaydedildi:  [ -> 5]
[17:06:08.117] [INFO] [CalibrationManager] Değişiklik kaydedildi:  [ -> 5]
[17:06:08.119] [INFO] [CalibrationManager] Değişiklik kaydedildi:  [ -> 5]
[17:06:08.120] [INFO] [CalibrationManager] Değişiklik kaydedildi:  [ -> 5]
[17:06:08.122] [INFO] [CalibrationManager] Değişiklik kaydedildi:  [ -> 5]
[17:06:08.124] [INFO] [CalibrationManager] Değişiklik kaydedildi:  [ -> 5]
[17:06:08.125] [INFO] [CalibrationManager] Değişiklik kaydedildi:  [ -> 5]
[17:06:08.127] [INFO] [CalibrationManager] Değişiklik kaydedildi:  [ -> 5]
[17:06:08.129] [INFO] [CalibrationManager] Değişiklik kaydedildi:  [ -> 5]
[17:06:08.130] [INFO] [CalibrationManager] Değişiklik kaydedildi:  [ -> 5]
[17:06:08.133] [INFO] [CalibrationManager] Değişiklik kaydedildi:  [ -> 5]
[17:06:08.135] [INFO] [CalibrationManager] Değişiklik kaydedildi:  [ -> 5]
[17:06:08.136] [INFO] [CalibrationManager] Değişiklik kaydedildi:  [ -> 5]
[17:06:08.138] [INFO] [CalibrationManager] Değişiklik kaydedildi:  [ -> 5]
[17:06:08.139] [INFO] [CalibrationManager] Değişiklik kaydedildi:  [ -> 5]
[17:06:08.141] [INFO] [CalibrationManager] Değişiklik kaydedildi:  [ -> 5]
[17:06:08.143] [INFO] [CalibrationManager] Değişiklik kaydedildi:  [ -> 5]
[17:06:08.145] [INFO] [CalibrationManager] Değişiklik kaydedildi:  [ -> 5]
[17:06:08.146] [INFO] [CalibrationManager] Değişiklik kaydedildi:  [ -> 5]
[17:06:08.148] [INFO] [CalibrationManager] Değişiklik kaydedildi:  [ -> 5]
[17:06:08.150] [INFO] [CalibrationManager] Değişiklik kaydedildi:  [ -> 5]
[17:06:08.151] [INFO] [CalibrationManager] Değişiklik kaydedildi:  [ -> 5]
[17:06:08.153] [INFO] [CalibrationManager] Değişiklik kaydedildi:  [ -> 5]
[17:06:08.155] [INFO] [CalibrationManager] Değişiklik kaydedildi:  [ -> 5]
[17:06:08.157] [INFO] [CalibrationManager] Değişiklik kaydedildi:  [ -> 5]
[17:06:08.158] [INFO] [CalibrationManager] Değişiklik kaydedildi:  [ -> 5]
[17:06:08.161] [INFO] [CalibrationManager] Değişiklik kaydedildi:  [ -> 5]
[17:06:08.162] [INFO] [CalibrationManager] Değişiklik kaydedildi:  [ -> 5]
[17:06:08.164] [INFO] [CalibrationManager] Değişiklik kaydedildi:  [ -> 5]
[17:06:08.166] [INFO] [CalibrationManager] Değişiklik kaydedildi:  [ -> 5]
[17:06:08.167] [INFO] [CalibrationManager] Değişiklik kaydedildi:  [ -> 5]
[17:06:08.169] [INFO] [CalibrationManager] Değişiklik kaydedildi:  [ -> 5]
[17:06:08.171] [INFO] [CalibrationManager] Değişiklik kaydedildi:  [ -> 5]
[17:06:08.173] [INFO] [CalibrationManager] Değişiklik kaydedildi:  [ -> 5]
[17:06:08.175] [INFO] [CalibrationManager] Değişiklik kaydedildi:  [ -> 5]
[17:06:08.177] [INFO] [CalibrationManager] Değişiklik kaydedildi:  [ -> 5]
[17:06:08.179] [INFO] [CalibrationManager] Değişiklik kaydedildi:  [ -> 5]
[17:06:08.180] [INFO] [CalibrationManager] Değişiklik kaydedildi:  [ -> 5]
[17:06:08.182] [INFO] [CalibrationManager] Değişiklik kaydedildi:  [ -> 5]
[17:06:08.184] [INFO] [CalibrationManager] Değişiklik kaydedildi:  [ -> 5]
[17:06:08.186] [INFO] [CalibrationManager] Değişiklik kaydedildi:  [ -> 5]
[17:06:08.187] [INFO] [CalibrationManager] Değişiklik kaydedildi:  [ -> 5]
[17:06:08.190] [INFO] [CalibrationManager] Değişiklik kaydedildi:  [ -> 5]
[17:06:08.191] [INFO] [CalibrationManager] Değişiklik kaydedildi:  [ -> 5]
[17:06:08.193] [INFO] [CalibrationManager] Değişiklik kaydedildi:  [ -> 5]
[17:06:08.195] [INFO] [CalibrationManager] Değişiklik kaydedildi:  [ -> 5]
[17:06:08.197] [INFO] [CalibrationManager] Değişiklik kaydedildi:  [ -> 5]
[17:06:08.198] [INFO] [CalibrationManager] Değişiklik kaydedildi:  [ -> 5]
[17:06:08.200] [INFO] [CalibrationManager] Değişiklik kaydedildi:  [ -> 5]
[17:06:08.202] [INFO] [CalibrationManager] Değişiklik kaydedildi:  [ -> 5]
[17:06:08.203] [INFO] [CalibrationManager] Değişiklik kaydedildi:  [ -> 5]
[17:06:08.205] [INFO] [CalibrationManager] Değişiklik kaydedildi:  [ -> 5]
[17:06:08.206] [INFO] [CalibrationManager] Değişiklik kaydedildi:  [ -> 5]
[17:06:08.208] [INFO] [CalibrationManager] Değişiklik kaydedildi:  [ -> 5]
[17:06:08.210] [INFO] [CalibrationManager] Değişiklik kaydedildi:  [ -> 5]
[17:06:08.212] [INFO] [CalibrationManager] Değişiklik kaydedildi:  [ -> 5]
[17:06:08.214] [INFO] [CalibrationManager] Değişiklik kaydedildi:  [ -> 5]
[17:06:08.216] [INFO] [CalibrationManager] Değişiklik kaydedildi:  [ -> 5]
[17:06:08.629] [INFO] [RtpCalibrationEngine] Connecting to RTP emulator...
[17:06:08.629] [INFO] [RtpCalibrationEngine] RTP emulator connected successfully.
[17:06:08.630] [INFO] [RtpCalibrationEngine] Real-time synchronization active.
[17:06:08.630] [INFO] [RtpCalibrationEngine] Connecting to RTP emulator...
[17:06:08.630] [INFO] [RtpCalibrationEngine] RTP emulator connected successfully.
[17:06:08.630] [INFO] [RtpCalibrationEngine] Real-time synchronization active.
[17:06:08.633] [INFO] [CalibrationManager] Değişiklik kaydedildi:  [ -> 55]
[17:06:08.708] [ERROR] [RtpCalibrationEngine] Batch write execution failed: Batch block verification write failed: Simulated block write exception
[17:06:08.838] [INFO] [RtpCalibrationEngine] Connecting to RTP emulator...
[17:06:08.838] [INFO] [RtpCalibrationEngine] RTP emulator connected successfully.
[17:06:08.838] [INFO] [RtpCalibrationEngine] Real-time synchronization active.
[17:06:08.841] [INFO] [CalibrationManager] Değişiklik kaydedildi:  [ -> 88]
[17:06:08.928] [ERROR] [RtpCalibrationEngine] Batch write execution failed: Batch block verification write failed: Batch block verify mismatch at relative index 0. Expected: 88, Actual: 167
[17:06:09.045] [INFO] [RtpCalibrationEngine] Connecting to RTP emulator...
[17:06:09.046] [INFO] [RtpCalibrationEngine] RTP emulator connected successfully.
[17:06:09.046] [INFO] [RtpCalibrationEngine] Real-time synchronization active.
[17:06:09.049] [INFO] [CalibrationManager] Değişiklik kaydedildi:  [ -> 22]
[17:06:09.159] [INFO] [CalibrationManager] Değişiklik kaydedildi:  [ -> 22]
[17:06:09.267] [INFO] [CalibrationManager] Değişiklik kaydedildi:  [ -> 0]
[17:06:09.276] [INFO] [CalibrationManager] Değişiklik kaydedildi:  [ -> 1]
[17:06:09.285] [INFO] [CalibrationManager] Değişiklik kaydedildi:  [ -> 2]
[17:06:09.293] [INFO] [CalibrationManager] Değişiklik kaydedildi:  [ -> 3]
[17:06:09.305] [INFO] [CalibrationManager] Değişiklik kaydedildi:  [ -> 4]
[17:06:09.331] [INFO] [CalibrationManager] Değişiklik kaydedildi:  [ -> 5]
[17:06:09.339] [INFO] [CalibrationManager] Değişiklik kaydedildi:  [ -> 6]
[17:06:09.343] [INFO] [CalibrationManager] Değişiklik kaydedildi:  [ -> 0]
[17:06:09.349] [INFO] [CalibrationManager] Değişiklik kaydedildi:  [ -> 1]
[17:06:09.358] [INFO] [CalibrationManager] Değişiklik kaydedildi:  [ -> 2]
[17:06:09.367] [INFO] [CalibrationManager] Değişiklik kaydedildi:  [ -> 3]
[17:06:09.376] [INFO] [CalibrationManager] Değişiklik kaydedildi:  [ -> 4]
[17:06:09.387] [INFO] [CalibrationManager] Değişiklik kaydedildi:  [ -> 5]
[17:06:09.388] [INFO] [CalibrationManager] Değişiklik kaydedildi:  [ -> 6]
[17:06:09.392] [INFO] [CalibrationManager] Değişiklik kaydedildi:  [ -> 0]
[17:06:09.400] [INFO] [CalibrationManager] Değişiklik kaydedildi:  [ -> 1]
[17:06:09.408] [INFO] [CalibrationManager] Değişiklik kaydedildi:  [ -> 2]
[17:06:09.417] [INFO] [CalibrationManager] Değişiklik kaydedildi:  [ -> 3]
[17:06:09.423] [INFO] [CalibrationManager] Değişiklik kaydedildi:  [ -> 4]
[17:06:09.552] [INFO] [CalibrationManager] Değişiklik kaydedildi:  [ -> 5]
[17:06:09.662] [INFO] [CalibrationManager] Değişiklik kaydedildi:  [ -> 6]
[17:06:09.664] [ERROR] [RtpCalibrationEngine] RTP Configuration validation failed: Retry count must be between 0 and 10. (Parameter 'RetryCount')
[17:06:09.667] [INFO] [RtpCalibrationEngine] Recovered 1 pending changes from persistent queue on disk.
[17:06:09.691] [INFO] [RtpCalibrationEngine] Connecting to RTP emulator...
[17:06:09.691] [INFO] [RtpCalibrationEngine] RTP emulator connected successfully.
[17:06:09.691] [INFO] [RtpCalibrationEngine] Real-time synchronization active.
[17:06:09.697] [INFO] [AutoTuneSafetyManager] Güvenlik limitleri yüklendi. Etkin kural sayısı: 4
[17:06:09.697] [INFO] [AutoTuneEventPublisher] Domain olayı yayınlandı: SessionCreated (Oturum: 5ced221f-f78c-4919-a6fb-388dc810dd40)
[17:06:09.697] [INFO] [AutoTuneEngine] Oturum başarıyla başlatıldı: 5ced221f-f78c-4919-a6fb-388dc810dd40
[17:06:09.853] [INFO] [AutoTuneEventPublisher] Domain olayı yayınlandı: TelemetryWindowAccepted (Oturum: 5ced221f-f78c-4919-a6fb-388dc810dd40)
[17:06:09.853] [INFO] [AutoTuneEventPublisher] Domain olayı yayınlandı: SafetyViolation (Oturum: 5ced221f-f78c-4919-a6fb-388dc810dd40)
[17:06:09.854] [INFO] [AutoTuneEventPublisher] Domain olayı yayınlandı: DecisionCreated (Oturum: 5ced221f-f78c-4919-a6fb-388dc810dd40)
[17:06:09.854] [INFO] [CalibrationSnapshotManager] Snapshot oluşturuldu: 1717bcf9-6998-4a5b-9884-8e29bf79f9ff, Hücre sayısı: 1
[17:06:09.856] [INFO] [CalibrationRecoveryManager] Bekleyen işlem kaydedildi: cd6c3b2f-e3e6-47c0-b867-7c7c8044891f
[17:06:09.857] [INFO] [CalibrationManager] Değişiklik kaydedildi: AFRTargetTable Hücre [3,4] [0 -> 15]
[17:06:09.858] [INFO] [CalibrationRecoveryManager] Bekleyen işlem temizlendi (başarılı commit).
[17:06:09.859] [INFO] [CalibrationStreamPublisher] Uygulanan değişiklik yayınlandı: Lambda adres: AFRTargetTable[3,4]
[17:06:09.859] [INFO] [AutoTuneEventPublisher] Domain olayı yayınlandı: MapChangeApplied (Oturum: 5ced221f-f78c-4919-a6fb-388dc810dd40)
[17:06:09.859] [INFO] [AutoTuneEventPublisher] Domain olayı yayınlandı: DecisionCreated (Oturum: 5ced221f-f78c-4919-a6fb-388dc810dd40)
[17:06:09.859] [INFO] [CalibrationSnapshotManager] Snapshot oluşturuldu: 4f8c7a1e-594b-4995-8736-2edeca5d1c11, Hücre sayısı: 1
[17:06:09.860] [INFO] [CalibrationRecoveryManager] Bekleyen işlem kaydedildi: 523a8d73-ba8f-43ef-96df-17e57803c75a
[17:06:09.862] [INFO] [CalibrationManager] Değişiklik kaydedildi: IgnitionTable Hücre [3,4] [15 -> 16]
[17:06:09.863] [INFO] [CalibrationRecoveryManager] Bekleyen işlem temizlendi (başarılı commit).
[17:06:09.863] [INFO] [CalibrationStreamPublisher] Uygulanan değişiklik yayınlandı: Ignition adres: IgnitionTable[3,4]
[17:06:09.863] [INFO] [AutoTuneEventPublisher] Domain olayı yayınlandı: MapChangeApplied (Oturum: 5ced221f-f78c-4919-a6fb-388dc810dd40)
[17:06:09.863] [INFO] [AutoTuneEventPublisher] Domain olayı yayınlandı: DecisionCreated (Oturum: 5ced221f-f78c-4919-a6fb-388dc810dd40)
[17:06:09.863] [INFO] [CalibrationSnapshotManager] Snapshot oluşturuldu: ca6708d4-3076-488c-8abd-c35f3c73c62a, Hücre sayısı: 1
[17:06:09.864] [INFO] [CalibrationRecoveryManager] Bekleyen işlem kaydedildi: e25d82cd-c938-4a7d-9b52-311e49522022
[17:06:09.866] [INFO] [CalibrationManager] Değişiklik kaydedildi: FuelVETable Hücre [3,4] [16 -> 60]
[17:06:09.867] [INFO] [CalibrationRecoveryManager] Bekleyen işlem temizlendi (başarılı commit).
[17:06:09.867] [INFO] [CalibrationStreamPublisher] Uygulanan değişiklik yayınlandı: VE adres: FuelVETable[3,4]
[17:06:09.867] [INFO] [AutoTuneEventPublisher] Domain olayı yayınlandı: MapChangeApplied (Oturum: 5ced221f-f78c-4919-a6fb-388dc810dd40)
[17:06:09.882] [INFO] [AutoTuneEventPublisher] Domain olayı yayınlandı: TelemetryWindowAccepted (Oturum: 5ced221f-f78c-4919-a6fb-388dc810dd40)
[17:06:09.883] [INFO] [AutoTuneEventPublisher] Domain olayı yayınlandı: SafetyViolation (Oturum: 5ced221f-f78c-4919-a6fb-388dc810dd40)
[17:06:09.883] [INFO] [AutoTuneEventPublisher] Domain olayı yayınlandı: DecisionCreated (Oturum: 5ced221f-f78c-4919-a6fb-388dc810dd40)
[17:06:09.883] [INFO] [CalibrationSnapshotManager] Snapshot oluşturuldu: b304c535-8634-44b7-9d68-1c5680cff2df, Hücre sayısı: 1
[17:06:09.884] [INFO] [CalibrationRecoveryManager] Bekleyen işlem kaydedildi: 963a5c08-6dcf-41e2-833b-54fd01097896
[17:06:09.886] [INFO] [CalibrationManager] Değişiklik kaydedildi: AFRTargetTable Hücre [3,4] [60 -> 15]
[17:06:09.887] [INFO] [CalibrationRecoveryManager] Bekleyen işlem temizlendi (başarılı commit).
[17:06:09.887] [INFO] [CalibrationStreamPublisher] Uygulanan değişiklik yayınlandı: Lambda adres: AFRTargetTable[3,4]
[17:06:09.887] [INFO] [AutoTuneEventPublisher] Domain olayı yayınlandı: MapChangeApplied (Oturum: 5ced221f-f78c-4919-a6fb-388dc810dd40)
[17:06:09.888] [INFO] [AutoTuneEventPublisher] Domain olayı yayınlandı: DecisionCreated (Oturum: 5ced221f-f78c-4919-a6fb-388dc810dd40)
[17:06:09.888] [INFO] [CalibrationSnapshotManager] Snapshot oluşturuldu: 9221c3b7-9b7f-48a6-88e7-1905d1cefbed, Hücre sayısı: 1
[17:06:09.889] [INFO] [CalibrationRecoveryManager] Bekleyen işlem kaydedildi: f99fe77a-11ba-4407-9670-5348056b6a9f
[17:06:09.892] [INFO] [CalibrationManager] Değişiklik kaydedildi: IgnitionTable Hücre [3,4] [15 -> 16]
[17:06:09.893] [INFO] [CalibrationRecoveryManager] Bekleyen işlem temizlendi (başarılı commit).
[17:06:09.893] [INFO] [CalibrationStreamPublisher] Uygulanan değişiklik yayınlandı: Ignition adres: IgnitionTable[3,4]
[17:06:09.893] [INFO] [AutoTuneEventPublisher] Domain olayı yayınlandı: MapChangeApplied (Oturum: 5ced221f-f78c-4919-a6fb-388dc810dd40)
[17:06:09.893] [INFO] [AutoTuneEventPublisher] Domain olayı yayınlandı: DecisionCreated (Oturum: 5ced221f-f78c-4919-a6fb-388dc810dd40)
[17:06:09.893] [INFO] [CalibrationSnapshotManager] Snapshot oluşturuldu: 549b0761-f0f7-4c50-935f-fca47e23f576, Hücre sayısı: 1
[17:06:09.894] [INFO] [CalibrationRecoveryManager] Bekleyen işlem kaydedildi: 2f50594c-de16-489c-93bc-d4f607b88c27
[17:06:09.896] [INFO] [CalibrationManager] Değişiklik kaydedildi: FuelVETable Hücre [3,4] [16 -> 60]
[17:06:09.897] [INFO] [CalibrationRecoveryManager] Bekleyen işlem temizlendi (başarılı commit).
[17:06:09.897] [INFO] [CalibrationStreamPublisher] Uygulanan değişiklik yayınlandı: VE adres: FuelVETable[3,4]
[17:06:09.897] [INFO] [AutoTuneEventPublisher] Domain olayı yayınlandı: MapChangeApplied (Oturum: 5ced221f-f78c-4919-a6fb-388dc810dd40)
[17:06:09.913] [INFO] [AutoTuneEventPublisher] Domain olayı yayınlandı: TelemetryWindowAccepted (Oturum: 5ced221f-f78c-4919-a6fb-388dc810dd40)
[17:06:09.913] [INFO] [AutoTuneEventPublisher] Domain olayı yayınlandı: SafetyViolation (Oturum: 5ced221f-f78c-4919-a6fb-388dc810dd40)
[17:06:09.913] [INFO] [AutoTuneEventPublisher] Domain olayı yayınlandı: DecisionCreated (Oturum: 5ced221f-f78c-4919-a6fb-388dc810dd40)
[17:06:09.913] [INFO] [CalibrationSnapshotManager] Snapshot oluşturuldu: 481f911e-cae3-4959-b098-0652ed7e2ef8, Hücre sayısı: 1
[17:06:09.915] [INFO] [CalibrationRecoveryManager] Bekleyen işlem kaydedildi: 444953e9-e6c2-41eb-812b-2bd335b44c3e
[17:06:09.916] [INFO] [CalibrationManager] Değişiklik kaydedildi: AFRTargetTable Hücre [3,4] [60 -> 15]
[17:06:09.917] [INFO] [CalibrationRecoveryManager] Bekleyen işlem temizlendi (başarılı commit).
[17:06:09.917] [INFO] [CalibrationStreamPublisher] Uygulanan değişiklik yayınlandı: Lambda adres: AFRTargetTable[3,4]
[17:06:09.918] [INFO] [AutoTuneEventPublisher] Domain olayı yayınlandı: MapChangeApplied (Oturum: 5ced221f-f78c-4919-a6fb-388dc810dd40)
[17:06:09.918] [INFO] [AutoTuneEventPublisher] Domain olayı yayınlandı: DecisionCreated (Oturum: 5ced221f-f78c-4919-a6fb-388dc810dd40)
[17:06:09.918] [INFO] [CalibrationSnapshotManager] Snapshot oluşturuldu: 377623c2-9011-4b3d-99be-4a8554470805, Hücre sayısı: 1
[17:06:09.919] [INFO] [CalibrationRecoveryManager] Bekleyen işlem kaydedildi: ab78745c-0294-41c7-ab6b-3391d8b4df55
[17:06:09.921] [INFO] [CalibrationManager] Değişiklik kaydedildi: IgnitionTable Hücre [3,4] [15 -> 16]
[17:06:09.921] [INFO] [CalibrationRecoveryManager] Bekleyen işlem temizlendi (başarılı commit).
[17:06:09.922] [INFO] [CalibrationStreamPublisher] Uygulanan değişiklik yayınlandı: Ignition adres: IgnitionTable[3,4]
[17:06:09.922] [INFO] [AutoTuneEventPublisher] Domain olayı yayınlandı: MapChangeApplied (Oturum: 5ced221f-f78c-4919-a6fb-388dc810dd40)
[17:06:09.922] [INFO] [AutoTuneEventPublisher] Domain olayı yayınlandı: DecisionCreated (Oturum: 5ced221f-f78c-4919-a6fb-388dc810dd40)
[17:06:09.922] [INFO] [CalibrationSnapshotManager] Snapshot oluşturuldu: 97bc1307-fef4-401d-ae54-50a525b3bb91, Hücre sayısı: 1
[17:06:09.923] [INFO] [CalibrationRecoveryManager] Bekleyen işlem kaydedildi: f4ea1e34-7146-4468-a0de-8005318b99a3
[17:06:09.925] [INFO] [CalibrationManager] Değişiklik kaydedildi: FuelVETable Hücre [3,4] [16 -> 60]
[17:06:09.926] [INFO] [CalibrationRecoveryManager] Bekleyen işlem temizlendi (başarılı commit).
[17:06:09.926] [INFO] [CalibrationStreamPublisher] Uygulanan değişiklik yayınlandı: VE adres: FuelVETable[3,4]
[17:06:09.926] [INFO] [AutoTuneEventPublisher] Domain olayı yayınlandı: MapChangeApplied (Oturum: 5ced221f-f78c-4919-a6fb-388dc810dd40)
[17:06:09.937] [INFO] [AutoTuneEventPublisher] Domain olayı yayınlandı: TelemetryWindowAccepted (Oturum: 5ced221f-f78c-4919-a6fb-388dc810dd40)
[17:06:09.938] [INFO] [AutoTuneEventPublisher] Domain olayı yayınlandı: SafetyViolation (Oturum: 5ced221f-f78c-4919-a6fb-388dc810dd40)
[17:06:09.938] [INFO] [AutoTuneEventPublisher] Domain olayı yayınlandı: DecisionCreated (Oturum: 5ced221f-f78c-4919-a6fb-388dc810dd40)
[17:06:09.938] [INFO] [CalibrationSnapshotManager] Snapshot oluşturuldu: 4e32a441-f53a-4eeb-9e5b-348da0166ca1, Hücre sayısı: 1
[17:06:09.939] [INFO] [CalibrationRecoveryManager] Bekleyen işlem kaydedildi: 915abebf-b475-41cc-91ab-b6d311e90f25
[17:06:09.941] [INFO] [CalibrationManager] Değişiklik kaydedildi: AFRTargetTable Hücre [3,4] [60 -> 15]
[17:06:09.942] [INFO] [CalibrationRecoveryManager] Bekleyen işlem temizlendi (başarılı commit).
[17:06:09.942] [INFO] [CalibrationStreamPublisher] Uygulanan değişiklik yayınlandı: Lambda adres: AFRTargetTable[3,4]
[17:06:09.942] [INFO] [AutoTuneEventPublisher] Domain olayı yayınlandı: MapChangeApplied (Oturum: 5ced221f-f78c-4919-a6fb-388dc810dd40)
[17:06:09.942] [INFO] [AutoTuneEventPublisher] Domain olayı yayınlandı: DecisionCreated (Oturum: 5ced221f-f78c-4919-a6fb-388dc810dd40)
[17:06:09.942] [INFO] [CalibrationSnapshotManager] Snapshot oluşturuldu: 2b4f8e6d-6ba2-4ef0-9381-56c2bd59e07a, Hücre sayısı: 1
[17:06:09.944] [INFO] [CalibrationRecoveryManager] Bekleyen işlem kaydedildi: 25a858c7-af75-4745-8af1-66912106cb63
[17:06:09.945] [INFO] [CalibrationManager] Değişiklik kaydedildi: IgnitionTable Hücre [3,4] [15 -> 16]
[17:06:09.946] [INFO] [CalibrationRecoveryManager] Bekleyen işlem temizlendi (başarılı commit).
[17:06:09.946] [INFO] [CalibrationStreamPublisher] Uygulanan değişiklik yayınlandı: Ignition adres: IgnitionTable[3,4]
[17:06:09.946] [INFO] [AutoTuneEventPublisher] Domain olayı yayınlandı: MapChangeApplied (Oturum: 5ced221f-f78c-4919-a6fb-388dc810dd40)
[17:06:09.947] [INFO] [AutoTuneEventPublisher] Domain olayı yayınlandı: DecisionCreated (Oturum: 5ced221f-f78c-4919-a6fb-388dc810dd40)
[17:06:09.947] [INFO] [CalibrationSnapshotManager] Snapshot oluşturuldu: d8e2f1a1-95d0-43c8-9686-fc65760e4981, Hücre sayısı: 1
[17:06:09.948] [INFO] [CalibrationRecoveryManager] Bekleyen işlem kaydedildi: fb97184e-995b-4539-979b-0c6d2ab73006
[17:06:09.950] [INFO] [CalibrationManager] Değişiklik kaydedildi: FuelVETable Hücre [3,4] [16 -> 60]
[17:06:09.951] [INFO] [CalibrationRecoveryManager] Bekleyen işlem temizlendi (başarılı commit).
[17:06:09.951] [INFO] [CalibrationStreamPublisher] Uygulanan değişiklik yayınlandı: VE adres: FuelVETable[3,4]
[17:06:09.951] [INFO] [AutoTuneEventPublisher] Domain olayı yayınlandı: MapChangeApplied (Oturum: 5ced221f-f78c-4919-a6fb-388dc810dd40)
[17:06:09.962] [INFO] [AutoTuneEventPublisher] Domain olayı yayınlandı: TelemetryWindowAccepted (Oturum: 5ced221f-f78c-4919-a6fb-388dc810dd40)
[17:06:09.963] [INFO] [AutoTuneEventPublisher] Domain olayı yayınlandı: SafetyViolation (Oturum: 5ced221f-f78c-4919-a6fb-388dc810dd40)
[17:06:09.963] [INFO] [AutoTuneEventPublisher] Domain olayı yayınlandı: DecisionCreated (Oturum: 5ced221f-f78c-4919-a6fb-388dc810dd40)
[17:06:09.963] [INFO] [CalibrationSnapshotManager] Snapshot oluşturuldu: be4c4f48-c83c-4371-84b3-0b94218d563f, Hücre sayısı: 1
[17:06:09.964] [INFO] [CalibrationRecoveryManager] Bekleyen işlem kaydedildi: 2dcba074-a9b4-485d-ae09-74f67b320a8e
[17:06:09.966] [INFO] [CalibrationManager] Değişiklik kaydedildi: AFRTargetTable Hücre [3,4] [60 -> 15]
[17:06:09.967] [INFO] [CalibrationRecoveryManager] Bekleyen işlem temizlendi (başarılı commit).
[17:06:09.967] [INFO] [CalibrationStreamPublisher] Uygulanan değişiklik yayınlandı: Lambda adres: AFRTargetTable[3,4]
[17:06:09.967] [INFO] [AutoTuneEventPublisher] Domain olayı yayınlandı: MapChangeApplied (Oturum: 5ced221f-f78c-4919-a6fb-388dc810dd40)
[17:06:09.967] [INFO] [AutoTuneEventPublisher] Domain olayı yayınlandı: DecisionCreated (Oturum: 5ced221f-f78c-4919-a6fb-388dc810dd40)
[17:06:09.967] [INFO] [CalibrationSnapshotManager] Snapshot oluşturuldu: 16f99a88-b167-4032-9bf0-48f87eb938b1, Hücre sayısı: 1
[17:06:09.968] [INFO] [CalibrationRecoveryManager] Bekleyen işlem kaydedildi: 8375631e-e815-4866-ba62-59cf635b3564
[17:06:09.970] [INFO] [CalibrationManager] Değişiklik kaydedildi: IgnitionTable Hücre [3,4] [15 -> 16]
[17:06:09.971] [INFO] [CalibrationRecoveryManager] Bekleyen işlem temizlendi (başarılı commit).
[17:06:09.971] [INFO] [CalibrationStreamPublisher] Uygulanan değişiklik yayınlandı: Ignition adres: IgnitionTable[3,4]
[17:06:09.971] [INFO] [AutoTuneEventPublisher] Domain olayı yayınlandı: MapChangeApplied (Oturum: 5ced221f-f78c-4919-a6fb-388dc810dd40)
[17:06:09.972] [INFO] [AutoTuneEventPublisher] Domain olayı yayınlandı: DecisionCreated (Oturum: 5ced221f-f78c-4919-a6fb-388dc810dd40)
[17:06:09.972] [INFO] [CalibrationSnapshotManager] Snapshot oluşturuldu: f42dc15a-6dad-4d5f-bcdb-6ec92595ab19, Hücre sayısı: 1
[17:06:09.973] [INFO] [CalibrationRecoveryManager] Bekleyen işlem kaydedildi: f33705a8-10d8-475f-a1ef-b78115ca7a29
[17:06:09.975] [INFO] [CalibrationManager] Değişiklik kaydedildi: FuelVETable Hücre [3,4] [16 -> 60]
[17:06:09.975] [INFO] [CalibrationRecoveryManager] Bekleyen işlem temizlendi (başarılı commit).
[17:06:09.976] [INFO] [CalibrationStreamPublisher] Uygulanan değişiklik yayınlandı: VE adres: FuelVETable[3,4]
[17:06:09.976] [INFO] [AutoTuneEventPublisher] Domain olayı yayınlandı: MapChangeApplied (Oturum: 5ced221f-f78c-4919-a6fb-388dc810dd40)
[17:06:09.995] [INFO] [AutoTuneEventPublisher] Domain olayı yayınlandı: TelemetryWindowAccepted (Oturum: 5ced221f-f78c-4919-a6fb-388dc810dd40)
[17:06:09.995] [INFO] [AutoTuneEventPublisher] Domain olayı yayınlandı: SafetyViolation (Oturum: 5ced221f-f78c-4919-a6fb-388dc810dd40)
[17:06:09.995] [INFO] [AutoTuneEventPublisher] Domain olayı yayınlandı: DecisionCreated (Oturum: 5ced221f-f78c-4919-a6fb-388dc810dd40)
[17:06:09.995] [INFO] [CalibrationSnapshotManager] Snapshot oluşturuldu: 452a42f9-61a6-433f-9801-bc76cf05726d, Hücre sayısı: 1
[17:06:09.996] [INFO] [CalibrationRecoveryManager] Bekleyen işlem kaydedildi: 9543af0a-3d03-4c58-820a-197e82c1be4b
[17:06:09.998] [INFO] [CalibrationManager] Değişiklik kaydedildi: AFRTargetTable Hücre [3,4] [60 -> 15]
[17:06:09.999] [INFO] [CalibrationRecoveryManager] Bekleyen işlem temizlendi (başarılı commit).
[17:06:09.999] [INFO] [CalibrationStreamPublisher] Uygulanan değişiklik yayınlandı: Lambda adres: AFRTargetTable[3,4]
[17:06:09.999] [INFO] [AutoTuneEventPublisher] Domain olayı yayınlandı: MapChangeApplied (Oturum: 5ced221f-f78c-4919-a6fb-388dc810dd40)
[17:06:09.999] [INFO] [AutoTuneEventPublisher] Domain olayı yayınlandı: DecisionCreated (Oturum: 5ced221f-f78c-4919-a6fb-388dc810dd40)
[17:06:10.000] [INFO] [CalibrationSnapshotManager] Snapshot oluşturuldu: 3a365834-d9b9-4465-965d-de786ac3e9cc, Hücre sayısı: 1
[17:06:10.000] [INFO] [CalibrationRecoveryManager] Bekleyen işlem kaydedildi: bdde8067-8e9e-43c0-8401-bc1032b22cf9
[17:06:10.002] [INFO] [CalibrationManager] Değişiklik kaydedildi: IgnitionTable Hücre [3,4] [15 -> 16]
[17:06:10.003] [INFO] [CalibrationRecoveryManager] Bekleyen işlem temizlendi (başarılı commit).
[17:06:10.003] [INFO] [CalibrationStreamPublisher] Uygulanan değişiklik yayınlandı: Ignition adres: IgnitionTable[3,4]
[17:06:10.003] [INFO] [AutoTuneEventPublisher] Domain olayı yayınlandı: MapChangeApplied (Oturum: 5ced221f-f78c-4919-a6fb-388dc810dd40)
[17:06:10.003] [INFO] [AutoTuneEventPublisher] Domain olayı yayınlandı: DecisionCreated (Oturum: 5ced221f-f78c-4919-a6fb-388dc810dd40)
[17:06:10.004] [INFO] [CalibrationSnapshotManager] Snapshot oluşturuldu: bed5aeb9-153d-47af-b67e-3754128b9905, Hücre sayısı: 1
[17:06:10.005] [INFO] [CalibrationRecoveryManager] Bekleyen işlem kaydedildi: d13b9b89-6560-4cb9-a066-eed696c30257
[17:06:10.006] [INFO] [CalibrationManager] Değişiklik kaydedildi: FuelVETable Hücre [3,4] [16 -> 60]
[17:06:10.007] [INFO] [CalibrationRecoveryManager] Bekleyen işlem temizlendi (başarılı commit).
[17:06:10.008] [INFO] [CalibrationStreamPublisher] Uygulanan değişiklik yayınlandı: VE adres: FuelVETable[3,4]
[17:06:10.008] [INFO] [AutoTuneEventPublisher] Domain olayı yayınlandı: MapChangeApplied (Oturum: 5ced221f-f78c-4919-a6fb-388dc810dd40)
[17:06:10.337] [INFO] [AutoTuneEventPublisher] Domain olayı yayınlandı: SessionStopped (Oturum: 5ced221f-f78c-4919-a6fb-388dc810dd40)
[17:06:10.548] [INFO] [TestHarness] Test tamamlandÄ±: 109 geÃ§ti, 0 kaldÄ±
[17:06:10.549] [WARNING] [RomIdentifier] ROM imzası hiçbir ECU profiliyle eşleşmedi.
[17:06:10.549] [INFO] [Program] Test sonuçları:
â•â•â•â•â•â•â•â•â•â•â•â•â•â•â•â•â•â•â•â•â•â•â•â•â•â•â•â•â•â•â•â•â•â•â•â•â•â•â•â•â•â•â•â•â•â•â•
  HONDATUNER â€” OTOMATÄ°K TEST SÃœÄ°TÄ°
â•â•â•â•â•â•â•â•â•â•â•â•â•â•â•â•â•â•â•â•â•â•â•â•â•â•â•â•â•â•â•â•â•â•â•â•â•â•â•â•â•â•â•â•â•â•â•

â”€â”€ ROM Testleri â”€â”€â”€â”€â”€â”€â”€â”€â”€â”€â”€â”€â”€â”€â”€â”€â”€â”€â”€â”€â”€â”€â”€â”€â”€â”€â”€â”€â”€â”€
  ✅ ROM Identifier â€” 32KB boÅŸ ROM tanÄ±ma
  ✅ ROM Identifier â€” yanlÄ±ÅŸ boyut reddi
  ✅ ROM Patch â€” doÄŸrulama ve uygulama
  ✅ ROM Patch â€” rollback geri yÃ¼kleme

â”€â”€ Kalibrasyon Testleri â”€â”€â”€â”€â”€â”€â”€â”€â”€â”€â”€â”€â”€â”€â”€â”€â”€â”€â”€â”€â”€â”€â”€
  ✅ Injector Scaling â€” 240â†’440cc
  ✅ Injector Scaling â€” clamp to 255
  ✅ Calibration Engine â€” Commit applies value to ROM buffer
  ✅ Calibration Engine â€” Rollback restores original values in ROM buffer
  ✅ Calibration Engine â€” Undo and Redo states are fully synchronized
  ✅ Calibration Engine â€” Safety validator rejects OOR Rev Limit changes

â”€â”€ Faz 4: Map Engine & Interpolation Testleri â”€â”€
  ✅ Map Engine â€” Cell write and read accuracy
  ✅ Map Engine â€” Scale factors conversion logic
  ✅ Map Engine â€” Invalid offset out-of-range bounds check
  ✅ Map Engine â€” Transaction commits, rollbacks, and Undo/Redo integration
  ✅ Interpolation â€” 4 neighbor bilinear cell weight sum equals exactly 1.0

â”€â”€ AutoTune GÃ¼venlik Testleri â”€â”€â”€â”€â”€â”€â”€â”€â”€â”€â”€â”€â”€â”€â”€â”€â”€
  ✅ AutoTune â€” dÃ¼ÅŸÃ¼k ECT reddi
  ✅ AutoTune â€” dÃ¼ÅŸÃ¼k batarya reddi
  ✅ AutoTune â€” dÃ¼zeltme kÄ±rpma (Â±12%)

── Faz 5: Checksum Engine & Safety Layer Testleri ──
  ✅ Checksum â€” Stock ROM passes validation
  ✅ Checksum â€” Corrupt byte fails validation
  ✅ Checksum â€” Map change updates checksum successfully
  ✅ Checksum â€” VerifyBeforeSave detects bad checksum and returns false
  ✅ Checksum â€” Reloaded ROM checksum is valid
  ✅ Checksum â€” Multiple regions validation is successful

── ROM Patch Engine v2 Testleri ──
  ✅ PatchEngine — Başarılı Yama Uygulama
  ✅ PatchEngine — Yanlış ExpectedBytes Koruması
  ✅ PatchEngine — Uyumsuz ECU Koruması
  ✅ PatchEngine — ROM Boyut Limiti Koruması
  ✅ PatchEngine — Yamayı Geri Alma (Rollback)
  ✅ PatchEngine — İşlem (Transaction) Commit Entegrasyonu
  ✅ PatchEngine — İşlem Geri Alma (Transaction Rollback)
  ✅ PatchEngine — Otomatik Checksum Güncelleme
  ✅ PatchEngine — Audit Loglama Kontrolü
  ✅ PatchEngine — Profil Destekli Yamaları Bulma

── Phase 7: Telemetry & Live Datalog Bus Engine Testleri ──
  ✅ Telemetry - Event Bus Publish & Subscribe
  ✅ Telemetry - Event Bus Metrics Kontrolü
  ✅ Telemetry - Kanalsal Matematiksel Formül Çözümleme
  ✅ Telemetry - Backpressure DropOldest Politikası
  ✅ Telemetry - Backpressure DropNewest Politikası
  ✅ Telemetry - Backpressure BlockPublisher Politikası
  ✅ Telemetry - Yapılandırma Dosya İzleyicisi (Hot Reload)
  ✅ Telemetry - Erişim Kontrolü Yetkilendirme Hiyerarşisi
  ✅ Telemetry - SystemClock Monotonic Ticks
  ✅ Telemetry - HighResolutionClock Performance Ticks
  ✅ Telemetry - ReplayClock Geri Oynatıcı Zaman Akışı
  ✅ Telemetry - Dairesel Bellek (RingBuffer) Kapasite Tanımı
  ✅ Telemetry - RingBuffer Aşımında Overwrite (FIFO Overlay)
  ✅ Telemetry - Moving Average Gürültü Azaltma Filtresi
  ✅ Telemetry - Median (Ortanca) Filtreleme
  ✅ Telemetry - LowPass Üstel Sinyal Yumuşatma
  ✅ Telemetry - HighPass Dalgalanma Odaklı Sinyal Filtresi
  ✅ Telemetry - MockProvider Canlı Veri Akış Simülasyonu
  ✅ Telemetry - Sağlık İzleme (HealthMonitor) Parametreleri
  ✅ Telemetry - HealthMonitor Bağlantı Kaybı Anomali Algılama
  ✅ Telemetry - Analiz Hattı (AnalyzerPipeline) Sıralı Çalışma
  ✅ Telemetry - Engine Profil Geçiş Yönetimi (Street -> Dyno)
  ✅ Telemetry - Engine Canlı Datalogging Yaşam Döngüsü
  ✅ Telemetry - GC Basıncını Azaltan Frame Nesne Havuzu
  ✅ Telemetry - Salt-Okunur (Immutable) Snaphsot Yapısı
  ✅ Telemetry - Multi-Thread Veri Giriş Stress Testi

── Phase 8: AutoTune Closed Loop Engine Testleri ──
  ✅ AutoTune - State transitions (Start, Pause, Resume, Stop) lifecycle verification
  ✅ AutoTune - Confidence score calculation under low deviation is high
  ✅ AutoTune - Confidence score calculation under high deviation is low
  ✅ AutoTune - Stable window filter standard deviation and length checks
  ✅ AutoTune - Config validator rejects JSON with missing target attributes
  ✅ AutoTune - Config validator rejects out of bounds parameter variables
  ✅ AutoTune - ParameterType safety enum structure check
  ✅ AutoTune - Session manager multi session conflict prevention
  ✅ AutoTune - Session manager releases lock and allows new allocation
  ✅ AutoTune - Recovery manager logs interrupt trace successfully to file
  ✅ AutoTune - Recovery manager restores trace and validates details
  ✅ AutoTune - Diff engine returns detailed comparison matrix values
  ✅ AutoTune - CSV Package export contains session identity and values
  ✅ AutoTune - Replay simulator matches telemetry lists deterministically
  ✅ AutoTune - SafetyRuleProvider loads dynamic rules successfully
  ✅ AutoTune - QualityScoreCalculator rates stoichiometric history cleanly near 100
  ✅ AutoTune - Telemetry loss pause and reconnect validation cycle
  ✅ AutoTune - Domain event emitter publishes valid structured transition events
  ✅ AutoTune - Calibration RTP stream publishing streams virtual changes
  ✅ AutoTune - Replay validation checks run determinism bounds
  ✅ AutoTune - Persistence layer correctly serializes state machine records and migrates schema V1 to V2
  ✅ AutoTune - Query service retrieves session lists correctly
  ✅ AutoTune - Command service issues control triggers successfully
  ✅ AutoTune - Hardware checks and SafeMode blocks writing calibrations
  ✅ AutoTune - Cell lock manager acquires, releases and traps conflicts

── Faz 9: RTP Emulator & Real-Time Calibration Engine Testleri ──
  ✅ RTP - Engine correctly registers and resolves from DI ServiceContainer
  ✅ RTP - Connection state machine cycles correctly through all states
  ✅ RTP - Transient write failures trigger automatic retries and recover successfully
  ✅ RTP - Consecutive calibration edits coalesce into a single block write
  ✅ RTP - Multi-threaded queue guarantees strict sequential write ordering
  ✅ RTP - Execution latency benchmark tracking meets target limits
  ✅ RTP - Engine sustains high-frequency (500+) update throughput stress
  ✅ RTP - Background sync worker terminates cleanly on CancellationToken request
  ✅ RTP - Hardware disconnect automatically halts sync and raises Faulted event
  ✅ RTP - Enforces read-back verification after writing values to emulator
  ✅ RTP - Idempotent synchronization ignores duplicate writes to target cells
  ✅ RTP - Backpressure policy DropOldest purges oldest queued changes under load
  ✅ RTP - Backpressure policy RejectNewest drops new updates under queue overflow
  ✅ RTP - Backpressure policy BlockProducer controls producer rates correctly
  ✅ RTP - Validation layer rejects bad config schema values at initialization
  ✅ RTP - Restores un-synced calibration state queue records on startup
  ✅ RTP - Synchronizes concurrently applied AutoTune decisions to hardware
  ✅ TestMetadata_SerializationAndValidation
  ✅ TestReverseEngineering_ExtractionAndDecompilation
  ✅ TestAdvancedFuelCorrections
  ✅ TestAdvancedIgnition_DecodingAndCalibration
  ✅ TestVtecAndBoostControl_LogicAndAlarms
  ✅ TestEngineProtection_SafetiesAndAlarms
  ✅ TestDiagnosticsAndProtocols_A2LAndFreezeFrames

â•â•â•â•â•â•â•â•â•â•â•â•â•â•â•â•â•â•â•â•â•â•â•â•â•â•â•â•â•â•â•â•â•â•â•â•â•â•â•â•â•â•â•â•â•â•â•
  SONUÃ‡: 109 baÅŸarÄ±lÄ±, 0 baÅŸarÄ±sÄ±z
â•â•â•â•â•â•â•â•â•â•â•â•â•â•â•â•â•â•â•â•â•â•â•â•â•â•â•â•â•â•â•â•â•â•â•â•â•â•â•â•â•â•â•â•â•â•â•
[17:06:10.549] [INFO] [Program] Örnek ROM test sonuçları:
── Örnek ROM Test Çerçevesi ───────────────────
  ✅ Checksum offset geçerli
  ✅ Bozuk ROM reddedildi
  ✅ Fuel map sınırları geçerli
  ✅ Ignition map sınırları geçerli
  ✅ Tüm profiller 32KB ROM boyutu

  Sonuç: 5 geçti, 0 kaldı
