[17:18:53.904] [INFO] [RomIdentifier] ECU Tanımlandı: P06 (Confidence: %45,7)
[17:18:53.907] [WARNING] [RomIdentifier] ROM imzası hiçbir ECU profiliyle eşleşmedi.
[17:18:53.908] [INFO] [RomPatchManager] Yama uygulandı: TEST_PATCH_1 @ 0x000A
[17:18:53.908] [INFO] [RomPatchManager] Yama uygulandı: TEST_PATCH_ROLLBACK @ 0x000A
[17:18:53.908] [INFO] [RomPatchManager] Yama geri alındı: TEST_PATCH_ROLLBACK
[17:18:53.909] [INFO] [InjectorManager] Fuel haritası ölçeklendi: 240cc → 440cc (oran: 0,545)
[17:18:53.909] [INFO] [InjectorManager] Fuel haritası ölçeklendi: 440cc → 240cc (oran: 1,833)
[17:18:53.971] [INFO] [CalibrationManager] Değişiklik kaydedildi: Fuel Cell [0,0] [50 -> 60]
[17:18:53.972] [INFO] [CalibrationManager] Değişiklik kaydedildi: Fuel Cell [0,0] [50 -> 60]
[17:18:53.973] [INFO] [CalibrationManager] Değişiklik kaydedildi: Fuel Cell [0,0] [50 -> 75]
[17:18:53.980] [INFO] [CalibrationManager] Değişiklik kaydedildi: FuelMapTest Hücre [4,5] [0 -> 123]
[17:18:53.989] [INFO] [CalibrationManager] Değişiklik kaydedildi: FuelMapTest Hücre [0,0] [0 -> 125]
[17:18:53.998] [INFO] [CalibrationManager] Değişiklik kaydedildi: FuelMapTest Hücre [1,1] [0 -> 150]
[17:18:54.007] [INFO] [CalibrationManager] Değişiklik kaydedildi: FuelMapTest Hücre [1,1] [0 -> 150]
[17:18:54.017] [DEBUG] [AutoTuneValidator] Reddedildi [ECT_LOW]: Motor sıcaklığı düşük: 50°C < 72°C
[17:18:54.018] [DEBUG] [AutoTuneValidator] Reddedildi [BATT_LOW]: Batarya düşük: 10,5V < 12V
[17:18:54.040] [INFO] [EcuDatabaseManager] Toplam 8 dinamik ECU profili yüklendi.
[17:18:54.059] [INFO] [ChecksumTest] [TRACE-1] romBuffer[0]=00
[17:18:54.065] [INFO] [ChecksumTest] [TRACE-2] tempFile[0]=00
[17:18:54.066] [INFO] [ChecksumTest] [TRACE-3] loadedBuffer[0]=00
[17:18:54.067] [INFO] [ChecksumTest] [TRACE-4] beforeSaveBuffer[0]=00
[17:18:54.071] [INFO] [ChecksumTest] [TRACE-5] afterSaveParserBuffer[0]=00
[17:18:54.076] [INFO] [ChecksumTest] [TRACE-6] reloadedFile[0]=00
[17:18:54.085] [INFO] [CalibrationManager] Değişiklik kaydedildi: Patch.LaunchControl.Byte0 [144 -> 205]
[17:18:54.092] [INFO] [CalibrationManager] Değişiklik kaydedildi: Patch.LaunchControl.Byte1 [144 -> 25]
[17:18:54.094] [INFO] [PatchEngine] Yama başarıyla uygulandı: LaunchControl @ 0x1FB0
[17:18:54.101] [INFO] [CalibrationManager] Değişiklik kaydedildi: Patch.LaunchControl.Byte0 [144 -> 205]
[17:18:54.111] [INFO] [CalibrationManager] Değişiklik kaydedildi: Patch.LaunchControl.Byte1 [144 -> 25]
[17:18:54.113] [INFO] [PatchEngine] Yama başarıyla uygulandı: LaunchControl @ 0x1FB0
[17:18:54.121] [INFO] [CalibrationManager] Değişiklik kaydedildi: Patch.LaunchControl.Byte0 [205 -> 144]
[17:18:54.130] [INFO] [CalibrationManager] Değişiklik kaydedildi: Patch.LaunchControl.Byte1 [25 -> 144]
[17:18:54.131] [INFO] [PatchEngine] Yama başarıyla geri alındı (Rollback): LaunchControl
[17:18:54.139] [INFO] [CalibrationManager] Değişiklik kaydedildi: Patch.LaunchControl.Byte0 [144 -> 205]
[17:18:54.148] [INFO] [CalibrationManager] Değişiklik kaydedildi: Patch.LaunchControl.Byte1 [144 -> 25]
[17:18:54.150] [INFO] [PatchEngine] Yama başarıyla uygulandı: LaunchControl @ 0x1FB0
[17:18:54.160] [INFO] [CalibrationManager] Değişiklik kaydedildi: Patch.LaunchControl.Byte0 [144 -> 205]
[17:18:54.169] [INFO] [CalibrationManager] Değişiklik kaydedildi: Patch.LaunchControl.Byte1 [144 -> 25]
[17:18:54.171] [INFO] [PatchEngine] Yama başarıyla uygulandı: LaunchControl @ 0x1FB0
[17:18:54.187] [INFO] [CalibrationManager] Değişiklik kaydedildi: Patch.LaunchControl.Byte0 [144 -> 205]
[17:18:54.198] [INFO] [CalibrationManager] Değişiklik kaydedildi: Patch.LaunchControl.Byte1 [144 -> 25]
[17:18:54.200] [INFO] [PatchEngine] Yama başarıyla uygulandı: LaunchControl @ 0x1FB0
[17:18:54.207] [INFO] [CalibrationManager] Değişiklik kaydedildi: Patch.LaunchControl.Byte0 [144 -> 205]
[17:18:54.217] [INFO] [CalibrationManager] Değişiklik kaydedildi: Patch.LaunchControl.Byte1 [144 -> 25]
[17:18:54.219] [INFO] [PatchEngine] Yama başarıyla uygulandı: LaunchControl @ 0x1FB0
[17:18:55.931] [INFO] [AutoTuneSafetyManager] Güvenlik limitleri yüklendi. Etkin kural sayısı: 4
[17:18:55.932] [INFO] [AutoTuneEventPublisher] Domain olayı yayınlandı: SessionCreated (Oturum: 8dc452e0-c795-46cf-b5ab-9ded738b9b8f)
[17:18:55.932] [INFO] [AutoTuneEngine] Oturum başarıyla başlatıldı: 8dc452e0-c795-46cf-b5ab-9ded738b9b8f
[17:18:55.933] [INFO] [AutoTuneEventPublisher] Domain olayı yayınlandı: SessionPaused (Oturum: 8dc452e0-c795-46cf-b5ab-9ded738b9b8f)
[17:18:55.933] [INFO] [AutoTuneEventPublisher] Domain olayı yayınlandı: SessionResumed (Oturum: 8dc452e0-c795-46cf-b5ab-9ded738b9b8f)
[17:18:55.933] [INFO] [AutoTuneEventPublisher] Domain olayı yayınlandı: SessionStopped (Oturum: 8dc452e0-c795-46cf-b5ab-9ded738b9b8f)
[17:18:55.942] [INFO] [CalibrationRecoveryManager] Bekleyen işlem kaydedildi: TX-TEMP
[17:18:55.954] [INFO] [CalibrationRecoveryManager] Bekleyen işlem temizlendi (başarılı commit).
[17:18:55.956] [INFO] [CalibrationRecoveryManager] Bekleyen işlem kaydedildi: TX-TEMP2
[17:18:55.961] [INFO] [CalibrationRecoveryManager] Yarım kalmış işlem geri yükleniyor: TX-TEMP2
[17:18:55.961] [INFO] [CalibrationSnapshotManager] Snapshot geri yükleniyor: SNAP-TEMP2, Kurtarılacak hücre: 1
[17:18:55.962] [INFO] [CalibrationRecoveryManager] Bekleyen işlem temizlendi (başarılı commit).
[17:18:55.965] [INFO] [AutoTuneSafetyManager] Güvenlik limitleri yüklendi. Etkin kural sayısı: 4
[17:18:55.966] [INFO] [AutoTuneEventPublisher] Domain olayı yayınlandı: SessionCreated (Oturum: 4a17b4f1-bca4-45ec-8c68-757414fbb456)
[17:18:55.966] [INFO] [AutoTuneEngine] Oturum başarıyla başlatıldı: 4a17b4f1-bca4-45ec-8c68-757414fbb456
[17:18:55.967] [INFO] [AutoTuneEventPublisher] Domain olayı yayınlandı: SessionPaused (Oturum: 4a17b4f1-bca4-45ec-8c68-757414fbb456)
[17:18:55.967] [INFO] [AutoTuneEventPublisher] Domain olayı yayınlandı: SessionResumed (Oturum: 4a17b4f1-bca4-45ec-8c68-757414fbb456)
[17:18:55.967] [INFO] [AutoTuneEventPublisher] Domain olayı yayınlandı: SessionStopped (Oturum: 4a17b4f1-bca4-45ec-8c68-757414fbb456)
[17:18:55.967] [INFO] [AutoTuneSafetyManager] Güvenlik limitleri yüklendi. Etkin kural sayısı: 4
[17:18:55.968] [INFO] [AutoTuneEventPublisher] Domain olayı yayınlandı: SessionCreated (Oturum: 25fb82dd-dd14-4227-a65a-34c7e6395ae0)
[17:18:55.968] [INFO] [AutoTuneEngine] Oturum başarıyla başlatıldı: 25fb82dd-dd14-4227-a65a-34c7e6395ae0
[17:18:55.968] [INFO] [AutoTuneEventPublisher] Domain olayı yayınlandı: SessionStopped (Oturum: 25fb82dd-dd14-4227-a65a-34c7e6395ae0)
[17:18:55.969] [INFO] [AutoTuneSafetyManager] Güvenlik limitleri yüklendi. Etkin kural sayısı: 4
[17:18:55.969] [INFO] [AutoTuneEventPublisher] Domain olayı yayınlandı: SessionCreated (Oturum: c29e5237-b0bd-4825-b553-dd5912d70a29)
[17:18:55.969] [INFO] [AutoTuneEngine] Oturum başarıyla başlatıldı: c29e5237-b0bd-4825-b553-dd5912d70a29
[17:18:55.970] [INFO] [AutoTuneEventPublisher] Domain olayı yayınlandı: TelemetryWindowAccepted (Oturum: c29e5237-b0bd-4825-b553-dd5912d70a29)
[17:18:55.974] [INFO] [AutoTuneEventPublisher] Domain olayı yayınlandı: DecisionCreated (Oturum: c29e5237-b0bd-4825-b553-dd5912d70a29)
[17:18:55.976] [INFO] [CalibrationStreamPublisher] Uygulanan değişiklik yayınlandı: Fuel adres: FuelVETable[3,4]
[17:18:55.977] [INFO] [AutoTuneEventPublisher] Domain olayı yayınlandı: DecisionCreated (Oturum: c29e5237-b0bd-4825-b553-dd5912d70a29)
[17:18:55.978] [INFO] [CalibrationStreamPublisher] Uygulanan değişiklik yayınlandı: Lambda adres: AFRTargetTable[3,4]
[17:18:55.978] [INFO] [AutoTuneEventPublisher] Domain olayı yayınlandı: DecisionCreated (Oturum: c29e5237-b0bd-4825-b553-dd5912d70a29)
[17:18:55.978] [INFO] [CalibrationStreamPublisher] Uygulanan değişiklik yayınlandı: Ignition adres: IgnitionTable[3,4]
[17:18:55.980] [INFO] [AutoTuneEventPublisher] Domain olayı yayınlandı: DecisionCreated (Oturum: c29e5237-b0bd-4825-b553-dd5912d70a29)
[17:18:55.980] [INFO] [CalibrationStreamPublisher] Uygulanan değişiklik yayınlandı: VE adres: FuelVETable[3,4]
[17:18:55.980] [INFO] [AutoTuneEventPublisher] Domain olayı yayınlandı: TelemetryWindowAccepted (Oturum: c29e5237-b0bd-4825-b553-dd5912d70a29)
[17:18:55.980] [INFO] [AutoTuneEventPublisher] Domain olayı yayınlandı: DecisionCreated (Oturum: c29e5237-b0bd-4825-b553-dd5912d70a29)
[17:18:55.980] [INFO] [CalibrationStreamPublisher] Uygulanan değişiklik yayınlandı: Fuel adres: FuelVETable[3,4]
[17:18:55.981] [INFO] [AutoTuneEventPublisher] Domain olayı yayınlandı: DecisionCreated (Oturum: c29e5237-b0bd-4825-b553-dd5912d70a29)
[17:18:55.981] [INFO] [CalibrationStreamPublisher] Uygulanan değişiklik yayınlandı: Lambda adres: AFRTargetTable[3,4]
[17:18:55.981] [INFO] [AutoTuneEventPublisher] Domain olayı yayınlandı: DecisionCreated (Oturum: c29e5237-b0bd-4825-b553-dd5912d70a29)
[17:18:55.981] [INFO] [CalibrationStreamPublisher] Uygulanan değişiklik yayınlandı: Ignition adres: IgnitionTable[3,4]
[17:18:55.981] [INFO] [AutoTuneEventPublisher] Domain olayı yayınlandı: DecisionCreated (Oturum: c29e5237-b0bd-4825-b553-dd5912d70a29)
[17:18:55.981] [INFO] [CalibrationStreamPublisher] Uygulanan değişiklik yayınlandı: VE adres: FuelVETable[3,4]
[17:18:55.981] [INFO] [AutoTuneEventPublisher] Domain olayı yayınlandı: TelemetryWindowAccepted (Oturum: c29e5237-b0bd-4825-b553-dd5912d70a29)
[17:18:55.981] [INFO] [AutoTuneEventPublisher] Domain olayı yayınlandı: DecisionCreated (Oturum: c29e5237-b0bd-4825-b553-dd5912d70a29)
[17:18:55.982] [INFO] [CalibrationStreamPublisher] Uygulanan değişiklik yayınlandı: Fuel adres: FuelVETable[3,4]
[17:18:55.982] [INFO] [AutoTuneEventPublisher] Domain olayı yayınlandı: DecisionCreated (Oturum: c29e5237-b0bd-4825-b553-dd5912d70a29)
[17:18:55.982] [INFO] [CalibrationStreamPublisher] Uygulanan değişiklik yayınlandı: Lambda adres: AFRTargetTable[3,4]
[17:18:55.982] [INFO] [AutoTuneEventPublisher] Domain olayı yayınlandı: DecisionCreated (Oturum: c29e5237-b0bd-4825-b553-dd5912d70a29)
[17:18:55.982] [INFO] [CalibrationStreamPublisher] Uygulanan değişiklik yayınlandı: Ignition adres: IgnitionTable[3,4]
[17:18:55.982] [INFO] [AutoTuneEventPublisher] Domain olayı yayınlandı: DecisionCreated (Oturum: c29e5237-b0bd-4825-b553-dd5912d70a29)
[17:18:55.982] [INFO] [CalibrationStreamPublisher] Uygulanan değişiklik yayınlandı: VE adres: FuelVETable[3,4]
[17:18:55.983] [INFO] [AutoTuneEventPublisher] Domain olayı yayınlandı: TelemetryWindowAccepted (Oturum: c29e5237-b0bd-4825-b553-dd5912d70a29)
[17:18:55.983] [INFO] [AutoTuneEventPublisher] Domain olayı yayınlandı: DecisionCreated (Oturum: c29e5237-b0bd-4825-b553-dd5912d70a29)
[17:18:55.983] [INFO] [CalibrationStreamPublisher] Uygulanan değişiklik yayınlandı: Fuel adres: FuelVETable[3,4]
[17:18:55.983] [INFO] [AutoTuneEventPublisher] Domain olayı yayınlandı: DecisionCreated (Oturum: c29e5237-b0bd-4825-b553-dd5912d70a29)
[17:18:55.983] [INFO] [CalibrationStreamPublisher] Uygulanan değişiklik yayınlandı: Lambda adres: AFRTargetTable[3,4]
[17:18:55.983] [INFO] [AutoTuneEventPublisher] Domain olayı yayınlandı: DecisionCreated (Oturum: c29e5237-b0bd-4825-b553-dd5912d70a29)
[17:18:55.983] [INFO] [CalibrationStreamPublisher] Uygulanan değişiklik yayınlandı: Ignition adres: IgnitionTable[3,4]
[17:18:55.984] [INFO] [AutoTuneEventPublisher] Domain olayı yayınlandı: DecisionCreated (Oturum: c29e5237-b0bd-4825-b553-dd5912d70a29)
[17:18:55.984] [INFO] [CalibrationStreamPublisher] Uygulanan değişiklik yayınlandı: VE adres: FuelVETable[3,4]
[17:18:55.984] [INFO] [AutoTuneEventPublisher] Domain olayı yayınlandı: TelemetryWindowAccepted (Oturum: c29e5237-b0bd-4825-b553-dd5912d70a29)
[17:18:55.984] [INFO] [AutoTuneEventPublisher] Domain olayı yayınlandı: DecisionCreated (Oturum: c29e5237-b0bd-4825-b553-dd5912d70a29)
[17:18:55.985] [INFO] [CalibrationStreamPublisher] Uygulanan değişiklik yayınlandı: Fuel adres: FuelVETable[3,4]
[17:18:55.985] [INFO] [AutoTuneEventPublisher] Domain olayı yayınlandı: DecisionCreated (Oturum: c29e5237-b0bd-4825-b553-dd5912d70a29)
[17:18:55.985] [INFO] [CalibrationStreamPublisher] Uygulanan değişiklik yayınlandı: Lambda adres: AFRTargetTable[3,4]
[17:18:55.985] [INFO] [AutoTuneEventPublisher] Domain olayı yayınlandı: DecisionCreated (Oturum: c29e5237-b0bd-4825-b553-dd5912d70a29)
[17:18:55.985] [INFO] [CalibrationStreamPublisher] Uygulanan değişiklik yayınlandı: Ignition adres: IgnitionTable[3,4]
[17:18:55.985] [INFO] [AutoTuneEventPublisher] Domain olayı yayınlandı: DecisionCreated (Oturum: c29e5237-b0bd-4825-b553-dd5912d70a29)
[17:18:55.985] [INFO] [CalibrationStreamPublisher] Uygulanan değişiklik yayınlandı: VE adres: FuelVETable[3,4]
[17:18:55.985] [INFO] [AutoTuneEventPublisher] Domain olayı yayınlandı: TelemetryWindowAccepted (Oturum: c29e5237-b0bd-4825-b553-dd5912d70a29)
[17:18:55.986] [INFO] [AutoTuneEventPublisher] Domain olayı yayınlandı: DecisionCreated (Oturum: c29e5237-b0bd-4825-b553-dd5912d70a29)
[17:18:55.986] [INFO] [CalibrationStreamPublisher] Uygulanan değişiklik yayınlandı: Fuel adres: FuelVETable[3,4]
[17:18:55.986] [INFO] [AutoTuneEventPublisher] Domain olayı yayınlandı: DecisionCreated (Oturum: c29e5237-b0bd-4825-b553-dd5912d70a29)
[17:18:55.986] [INFO] [CalibrationStreamPublisher] Uygulanan değişiklik yayınlandı: Lambda adres: AFRTargetTable[3,4]
[17:18:55.987] [INFO] [AutoTuneEventPublisher] Domain olayı yayınlandı: DecisionCreated (Oturum: c29e5237-b0bd-4825-b553-dd5912d70a29)
[17:18:55.987] [INFO] [CalibrationStreamPublisher] Uygulanan değişiklik yayınlandı: Ignition adres: IgnitionTable[3,4]
[17:18:55.987] [INFO] [AutoTuneEventPublisher] Domain olayı yayınlandı: DecisionCreated (Oturum: c29e5237-b0bd-4825-b553-dd5912d70a29)
[17:18:55.988] [INFO] [CalibrationStreamPublisher] Uygulanan değişiklik yayınlandı: VE adres: FuelVETable[3,4]
[17:18:55.988] [INFO] [AutoTuneEventPublisher] Domain olayı yayınlandı: SessionStopped (Oturum: c29e5237-b0bd-4825-b553-dd5912d70a29)
[17:18:55.991] [INFO] [AdaptiveMemory] V1 hafıza verisi V2 şemasına başarıyla taşındı. Toplam kayıt: 1
[17:18:55.992] [INFO] [AutoTuneSafetyManager] Güvenlik limitleri yüklendi. Etkin kural sayısı: 4
[17:18:55.992] [INFO] [AutoTuneEventPublisher] Domain olayı yayınlandı: SessionCreated (Oturum: 79736916-72fe-4f8d-a775-dd92e6433520)
[17:18:55.992] [INFO] [AutoTuneEngine] Oturum başarıyla başlatıldı: 79736916-72fe-4f8d-a775-dd92e6433520
[17:18:55.993] [INFO] [AutoTuneEventPublisher] Domain olayı yayınlandı: SessionStopped (Oturum: 79736916-72fe-4f8d-a775-dd92e6433520)
[17:18:55.993] [INFO] [AutoTuneSafetyManager] Güvenlik limitleri yüklendi. Etkin kural sayısı: 4
[17:18:55.993] [INFO] [AutoTuneEventPublisher] Domain olayı yayınlandı: SessionCreated (Oturum: 481d1033-cd3b-4b9f-a5dc-6a166a765bc8)
[17:18:55.993] [INFO] [AutoTuneEngine] Oturum başarıyla başlatıldı: 481d1033-cd3b-4b9f-a5dc-6a166a765bc8
[17:18:55.993] [INFO] [AutoTuneEventPublisher] Domain olayı yayınlandı: SessionStopped (Oturum: 481d1033-cd3b-4b9f-a5dc-6a166a765bc8)
[17:18:55.995] [INFO] [RtpCalibrationEngine] Connecting to RTP emulator...
[17:18:55.995] [INFO] [RtpCalibrationEngine] RTP emulator connected successfully.
[17:18:55.995] [INFO] [RtpCalibrationEngine] Real-time synchronization active.
[17:18:55.996] [INFO] [RtpCalibrationEngine] Real-time synchronization paused.
[17:18:55.996] [INFO] [RtpCalibrationEngine] RTP Emulator disconnected.
[17:18:55.998] [INFO] [RtpCalibrationEngine] Connecting to RTP emulator...
[17:18:55.998] [INFO] [RtpCalibrationEngine] RTP emulator connected successfully.
[17:18:55.998] [INFO] [RtpCalibrationEngine] Real-time synchronization active.
[17:18:56.000] [INFO] [CalibrationManager] Değişiklik kaydedildi:  [ -> 99]
[17:18:56.207] [INFO] [RtpCalibrationEngine] Connecting to RTP emulator...
[17:18:56.207] [INFO] [RtpCalibrationEngine] RTP emulator connected successfully.
[17:18:56.209] [INFO] [CalibrationManager] Değişiklik kaydedildi:  [ -> 10]
[17:18:56.217] [INFO] [CalibrationManager] Değişiklik kaydedildi:  [ -> 11]
[17:18:56.227] [INFO] [CalibrationManager] Değişiklik kaydedildi:  [ -> 12]
[17:18:56.227] [INFO] [RtpCalibrationEngine] Real-time synchronization active.
[17:18:56.438] [INFO] [RtpCalibrationEngine] Connecting to RTP emulator...
[17:18:56.438] [INFO] [RtpCalibrationEngine] RTP emulator connected successfully.
[17:18:56.440] [INFO] [CalibrationManager] Değişiklik kaydedildi:  [ -> 1]
[17:18:56.450] [INFO] [CalibrationManager] Değişiklik kaydedildi:  [ -> 2]
[17:18:56.460] [INFO] [CalibrationManager] Değişiklik kaydedildi:  [ -> 3]
[17:18:56.460] [INFO] [RtpCalibrationEngine] Real-time synchronization active.
[17:18:56.671] [INFO] [RtpCalibrationEngine] Connecting to RTP emulator...
[17:18:56.671] [INFO] [RtpCalibrationEngine] RTP emulator connected successfully.
[17:18:56.672] [INFO] [RtpCalibrationEngine] Real-time synchronization active.
[17:18:56.674] [INFO] [CalibrationManager] Değişiklik kaydedildi:  [ -> 45]
[17:18:56.889] [INFO] [RtpCalibrationEngine] Connecting to RTP emulator...
[17:18:56.889] [INFO] [RtpCalibrationEngine] RTP emulator connected successfully.
[17:18:56.889] [INFO] [RtpCalibrationEngine] Real-time synchronization active.
[17:18:56.891] [INFO] [CalibrationManager] Değişiklik kaydedildi:  [ -> 5]
[17:18:56.892] [INFO] [CalibrationManager] Değişiklik kaydedildi:  [ -> 5]
[17:18:56.894] [INFO] [CalibrationManager] Değişiklik kaydedildi:  [ -> 5]
[17:18:56.895] [INFO] [CalibrationManager] Değişiklik kaydedildi:  [ -> 5]
[17:18:56.904] [WARNING] [RtpCalibrationEngine] Could not save persistent sync queue: The process cannot access the file 'C:\Users\ayhan\OneDrive\Desktop\Canlı OBD2 Araç Telemetri Ekranı\HondaTuner\bin\Debug\net6.0-windows\Database\pending_rtp_queue.json' because it is being used by another process.
[17:18:56.920] [INFO] [CalibrationManager] Değişiklik kaydedildi:  [ -> 5]
[17:18:56.921] [INFO] [CalibrationManager] Değişiklik kaydedildi:  [ -> 5]
[17:18:56.922] [INFO] [CalibrationManager] Değişiklik kaydedildi:  [ -> 5]
[17:18:56.924] [INFO] [CalibrationManager] Değişiklik kaydedildi:  [ -> 5]
[17:18:56.925] [INFO] [CalibrationManager] Değişiklik kaydedildi:  [ -> 5]
[17:18:56.926] [INFO] [CalibrationManager] Değişiklik kaydedildi:  [ -> 5]
[17:18:56.927] [INFO] [CalibrationManager] Değişiklik kaydedildi:  [ -> 5]
[17:18:56.933] [INFO] [CalibrationManager] Değişiklik kaydedildi:  [ -> 5]
[17:18:56.934] [INFO] [CalibrationManager] Değişiklik kaydedildi:  [ -> 5]
[17:18:56.935] [INFO] [CalibrationManager] Değişiklik kaydedildi:  [ -> 5]
[17:18:56.936] [INFO] [CalibrationManager] Değişiklik kaydedildi:  [ -> 5]
[17:18:56.944] [INFO] [CalibrationManager] Değişiklik kaydedildi:  [ -> 5]
[17:18:56.946] [INFO] [CalibrationManager] Değişiklik kaydedildi:  [ -> 5]
[17:18:56.947] [INFO] [CalibrationManager] Değişiklik kaydedildi:  [ -> 5]
[17:18:56.948] [INFO] [CalibrationManager] Değişiklik kaydedildi:  [ -> 5]
[17:18:56.950] [INFO] [CalibrationManager] Değişiklik kaydedildi:  [ -> 5]
[17:18:56.951] [INFO] [CalibrationManager] Değişiklik kaydedildi:  [ -> 5]
[17:18:56.952] [INFO] [CalibrationManager] Değişiklik kaydedildi:  [ -> 5]
[17:18:56.953] [INFO] [CalibrationManager] Değişiklik kaydedildi:  [ -> 5]
[17:18:56.954] [INFO] [CalibrationManager] Değişiklik kaydedildi:  [ -> 5]
[17:18:56.955] [INFO] [CalibrationManager] Değişiklik kaydedildi:  [ -> 5]
[17:18:56.957] [INFO] [CalibrationManager] Değişiklik kaydedildi:  [ -> 5]
[17:18:56.958] [INFO] [CalibrationManager] Değişiklik kaydedildi:  [ -> 5]
[17:18:56.959] [INFO] [CalibrationManager] Değişiklik kaydedildi:  [ -> 5]
[17:18:56.960] [INFO] [CalibrationManager] Değişiklik kaydedildi:  [ -> 5]
[17:18:56.961] [INFO] [CalibrationManager] Değişiklik kaydedildi:  [ -> 5]
[17:18:56.962] [INFO] [CalibrationManager] Değişiklik kaydedildi:  [ -> 5]
[17:18:56.963] [INFO] [CalibrationManager] Değişiklik kaydedildi:  [ -> 5]
[17:18:56.964] [INFO] [CalibrationManager] Değişiklik kaydedildi:  [ -> 5]
[17:18:56.965] [INFO] [CalibrationManager] Değişiklik kaydedildi:  [ -> 5]
[17:18:56.967] [INFO] [CalibrationManager] Değişiklik kaydedildi:  [ -> 5]
[17:18:56.968] [INFO] [CalibrationManager] Değişiklik kaydedildi:  [ -> 5]
[17:18:56.969] [INFO] [CalibrationManager] Değişiklik kaydedildi:  [ -> 5]
[17:18:56.970] [INFO] [CalibrationManager] Değişiklik kaydedildi:  [ -> 5]
[17:18:56.971] [INFO] [CalibrationManager] Değişiklik kaydedildi:  [ -> 5]
[17:18:56.973] [INFO] [CalibrationManager] Değişiklik kaydedildi:  [ -> 5]
[17:18:56.974] [INFO] [CalibrationManager] Değişiklik kaydedildi:  [ -> 5]
[17:18:56.975] [INFO] [CalibrationManager] Değişiklik kaydedildi:  [ -> 5]
[17:18:56.976] [INFO] [CalibrationManager] Değişiklik kaydedildi:  [ -> 5]
[17:18:56.977] [INFO] [CalibrationManager] Değişiklik kaydedildi:  [ -> 5]
[17:18:56.978] [INFO] [CalibrationManager] Değişiklik kaydedildi:  [ -> 5]
[17:18:56.979] [INFO] [CalibrationManager] Değişiklik kaydedildi:  [ -> 5]
[17:18:56.980] [INFO] [CalibrationManager] Değişiklik kaydedildi:  [ -> 5]
[17:18:56.982] [INFO] [CalibrationManager] Değişiklik kaydedildi:  [ -> 5]
[17:18:56.983] [INFO] [CalibrationManager] Değişiklik kaydedildi:  [ -> 5]
[17:18:56.984] [INFO] [CalibrationManager] Değişiklik kaydedildi:  [ -> 5]
[17:18:56.985] [INFO] [CalibrationManager] Değişiklik kaydedildi:  [ -> 5]
[17:18:56.986] [INFO] [CalibrationManager] Değişiklik kaydedildi:  [ -> 5]
[17:18:56.988] [INFO] [CalibrationManager] Değişiklik kaydedildi:  [ -> 5]
[17:18:56.989] [INFO] [CalibrationManager] Değişiklik kaydedildi:  [ -> 5]
[17:18:56.990] [INFO] [CalibrationManager] Değişiklik kaydedildi:  [ -> 5]
[17:18:56.991] [INFO] [CalibrationManager] Değişiklik kaydedildi:  [ -> 5]
[17:18:56.993] [INFO] [CalibrationManager] Değişiklik kaydedildi:  [ -> 5]
[17:18:56.994] [INFO] [CalibrationManager] Değişiklik kaydedildi:  [ -> 5]
[17:18:56.995] [INFO] [CalibrationManager] Değişiklik kaydedildi:  [ -> 5]
[17:18:56.996] [INFO] [CalibrationManager] Değişiklik kaydedildi:  [ -> 5]
[17:18:56.997] [INFO] [CalibrationManager] Değişiklik kaydedildi:  [ -> 5]
[17:18:56.998] [INFO] [CalibrationManager] Değişiklik kaydedildi:  [ -> 5]
[17:18:57.000] [INFO] [CalibrationManager] Değişiklik kaydedildi:  [ -> 5]
[17:18:57.001] [INFO] [CalibrationManager] Değişiklik kaydedildi:  [ -> 5]
[17:18:57.002] [INFO] [CalibrationManager] Değişiklik kaydedildi:  [ -> 5]
[17:18:57.003] [INFO] [CalibrationManager] Değişiklik kaydedildi:  [ -> 5]
[17:18:57.004] [INFO] [CalibrationManager] Değişiklik kaydedildi:  [ -> 5]
[17:18:57.006] [INFO] [CalibrationManager] Değişiklik kaydedildi:  [ -> 5]
[17:18:57.007] [INFO] [CalibrationManager] Değişiklik kaydedildi:  [ -> 5]
[17:18:57.008] [INFO] [CalibrationManager] Değişiklik kaydedildi:  [ -> 5]
[17:18:57.010] [INFO] [CalibrationManager] Değişiklik kaydedildi:  [ -> 5]
[17:18:57.011] [INFO] [CalibrationManager] Değişiklik kaydedildi:  [ -> 5]
[17:18:57.012] [INFO] [CalibrationManager] Değişiklik kaydedildi:  [ -> 5]
[17:18:57.013] [INFO] [CalibrationManager] Değişiklik kaydedildi:  [ -> 5]
[17:18:57.014] [INFO] [CalibrationManager] Değişiklik kaydedildi:  [ -> 5]
[17:18:57.016] [INFO] [CalibrationManager] Değişiklik kaydedildi:  [ -> 5]
[17:18:57.017] [INFO] [CalibrationManager] Değişiklik kaydedildi:  [ -> 5]
[17:18:57.018] [INFO] [CalibrationManager] Değişiklik kaydedildi:  [ -> 5]
[17:18:57.019] [INFO] [CalibrationManager] Değişiklik kaydedildi:  [ -> 5]
[17:18:57.020] [INFO] [CalibrationManager] Değişiklik kaydedildi:  [ -> 5]
[17:18:57.022] [INFO] [CalibrationManager] Değişiklik kaydedildi:  [ -> 5]
[17:18:57.023] [INFO] [CalibrationManager] Değişiklik kaydedildi:  [ -> 5]
[17:18:57.024] [INFO] [CalibrationManager] Değişiklik kaydedildi:  [ -> 5]
[17:18:57.026] [INFO] [CalibrationManager] Değişiklik kaydedildi:  [ -> 5]
[17:18:57.027] [INFO] [CalibrationManager] Değişiklik kaydedildi:  [ -> 5]
[17:18:57.028] [INFO] [CalibrationManager] Değişiklik kaydedildi:  [ -> 5]
[17:18:57.030] [INFO] [CalibrationManager] Değişiklik kaydedildi:  [ -> 5]
[17:18:57.031] [INFO] [CalibrationManager] Değişiklik kaydedildi:  [ -> 5]
[17:18:57.032] [INFO] [CalibrationManager] Değişiklik kaydedildi:  [ -> 5]
[17:18:57.034] [INFO] [CalibrationManager] Değişiklik kaydedildi:  [ -> 5]
[17:18:57.035] [INFO] [CalibrationManager] Değişiklik kaydedildi:  [ -> 5]
[17:18:57.036] [INFO] [CalibrationManager] Değişiklik kaydedildi:  [ -> 5]
[17:18:57.037] [INFO] [CalibrationManager] Değişiklik kaydedildi:  [ -> 5]
[17:18:57.039] [INFO] [CalibrationManager] Değişiklik kaydedildi:  [ -> 5]
[17:18:57.040] [INFO] [CalibrationManager] Değişiklik kaydedildi:  [ -> 5]
[17:18:57.041] [INFO] [CalibrationManager] Değişiklik kaydedildi:  [ -> 5]
[17:18:57.043] [INFO] [CalibrationManager] Değişiklik kaydedildi:  [ -> 5]
[17:18:57.044] [INFO] [CalibrationManager] Değişiklik kaydedildi:  [ -> 5]
[17:18:57.045] [INFO] [CalibrationManager] Değişiklik kaydedildi:  [ -> 5]
[17:18:57.046] [INFO] [CalibrationManager] Değişiklik kaydedildi:  [ -> 5]
[17:18:57.047] [INFO] [CalibrationManager] Değişiklik kaydedildi:  [ -> 5]
[17:18:57.048] [INFO] [CalibrationManager] Değişiklik kaydedildi:  [ -> 5]
[17:18:57.051] [INFO] [CalibrationManager] Değişiklik kaydedildi:  [ -> 5]
[17:18:57.052] [INFO] [CalibrationManager] Değişiklik kaydedildi:  [ -> 5]
[17:18:57.053] [INFO] [CalibrationManager] Değişiklik kaydedildi:  [ -> 5]
[17:18:57.054] [INFO] [CalibrationManager] Değişiklik kaydedildi:  [ -> 5]
[17:18:57.055] [INFO] [CalibrationManager] Değişiklik kaydedildi:  [ -> 5]
[17:18:57.056] [INFO] [CalibrationManager] Değişiklik kaydedildi:  [ -> 5]
[17:18:57.058] [INFO] [CalibrationManager] Değişiklik kaydedildi:  [ -> 5]
[17:18:57.059] [INFO] [CalibrationManager] Değişiklik kaydedildi:  [ -> 5]
[17:18:57.060] [INFO] [CalibrationManager] Değişiklik kaydedildi:  [ -> 5]
[17:18:57.061] [INFO] [CalibrationManager] Değişiklik kaydedildi:  [ -> 5]
[17:18:57.062] [INFO] [CalibrationManager] Değişiklik kaydedildi:  [ -> 5]
[17:18:57.063] [INFO] [CalibrationManager] Değişiklik kaydedildi:  [ -> 5]
[17:18:57.064] [INFO] [CalibrationManager] Değişiklik kaydedildi:  [ -> 5]
[17:18:57.066] [INFO] [CalibrationManager] Değişiklik kaydedildi:  [ -> 5]
[17:18:57.067] [INFO] [CalibrationManager] Değişiklik kaydedildi:  [ -> 5]
[17:18:57.068] [INFO] [CalibrationManager] Değişiklik kaydedildi:  [ -> 5]
[17:18:57.069] [INFO] [CalibrationManager] Değişiklik kaydedildi:  [ -> 5]
[17:18:57.071] [INFO] [CalibrationManager] Değişiklik kaydedildi:  [ -> 5]
[17:18:57.072] [INFO] [CalibrationManager] Değişiklik kaydedildi:  [ -> 5]
[17:18:57.073] [INFO] [CalibrationManager] Değişiklik kaydedildi:  [ -> 5]
[17:18:57.074] [INFO] [CalibrationManager] Değişiklik kaydedildi:  [ -> 5]
[17:18:57.075] [INFO] [CalibrationManager] Değişiklik kaydedildi:  [ -> 5]
[17:18:57.077] [INFO] [CalibrationManager] Değişiklik kaydedildi:  [ -> 5]
[17:18:57.078] [INFO] [CalibrationManager] Değişiklik kaydedildi:  [ -> 5]
[17:18:57.079] [INFO] [CalibrationManager] Değişiklik kaydedildi:  [ -> 5]
[17:18:57.080] [INFO] [CalibrationManager] Değişiklik kaydedildi:  [ -> 5]
[17:18:57.082] [INFO] [CalibrationManager] Değişiklik kaydedildi:  [ -> 5]
[17:18:57.083] [INFO] [CalibrationManager] Değişiklik kaydedildi:  [ -> 5]
[17:18:57.084] [INFO] [CalibrationManager] Değişiklik kaydedildi:  [ -> 5]
[17:18:57.086] [INFO] [CalibrationManager] Değişiklik kaydedildi:  [ -> 5]
[17:18:57.087] [INFO] [CalibrationManager] Değişiklik kaydedildi:  [ -> 5]
[17:18:57.088] [INFO] [CalibrationManager] Değişiklik kaydedildi:  [ -> 5]
[17:18:57.090] [INFO] [CalibrationManager] Değişiklik kaydedildi:  [ -> 5]
[17:18:57.091] [INFO] [CalibrationManager] Değişiklik kaydedildi:  [ -> 5]
[17:18:57.092] [INFO] [CalibrationManager] Değişiklik kaydedildi:  [ -> 5]
[17:18:57.093] [INFO] [CalibrationManager] Değişiklik kaydedildi:  [ -> 5]
[17:18:57.095] [INFO] [CalibrationManager] Değişiklik kaydedildi:  [ -> 5]
[17:18:57.096] [INFO] [CalibrationManager] Değişiklik kaydedildi:  [ -> 5]
[17:18:57.097] [INFO] [CalibrationManager] Değişiklik kaydedildi:  [ -> 5]
[17:18:57.098] [INFO] [CalibrationManager] Değişiklik kaydedildi:  [ -> 5]
[17:18:57.100] [INFO] [CalibrationManager] Değişiklik kaydedildi:  [ -> 5]
[17:18:57.101] [INFO] [CalibrationManager] Değişiklik kaydedildi:  [ -> 5]
[17:18:57.102] [INFO] [CalibrationManager] Değişiklik kaydedildi:  [ -> 5]
[17:18:57.104] [INFO] [CalibrationManager] Değişiklik kaydedildi:  [ -> 5]
[17:18:57.107] [INFO] [CalibrationManager] Değişiklik kaydedildi:  [ -> 5]
[17:18:57.108] [INFO] [CalibrationManager] Değişiklik kaydedildi:  [ -> 5]
[17:18:57.109] [INFO] [CalibrationManager] Değişiklik kaydedildi:  [ -> 5]
[17:18:57.111] [INFO] [CalibrationManager] Değişiklik kaydedildi:  [ -> 5]
[17:18:57.112] [INFO] [CalibrationManager] Değişiklik kaydedildi:  [ -> 5]
[17:18:57.113] [INFO] [CalibrationManager] Değişiklik kaydedildi:  [ -> 5]
[17:18:57.115] [INFO] [CalibrationManager] Değişiklik kaydedildi:  [ -> 5]
[17:18:57.116] [INFO] [CalibrationManager] Değişiklik kaydedildi:  [ -> 5]
[17:18:57.117] [INFO] [CalibrationManager] Değişiklik kaydedildi:  [ -> 5]
[17:18:57.119] [INFO] [CalibrationManager] Değişiklik kaydedildi:  [ -> 5]
[17:18:57.120] [INFO] [CalibrationManager] Değişiklik kaydedildi:  [ -> 5]
[17:18:57.121] [INFO] [CalibrationManager] Değişiklik kaydedildi:  [ -> 5]
[17:18:57.123] [INFO] [CalibrationManager] Değişiklik kaydedildi:  [ -> 5]
[17:18:57.124] [INFO] [CalibrationManager] Değişiklik kaydedildi:  [ -> 5]
[17:18:57.125] [INFO] [CalibrationManager] Değişiklik kaydedildi:  [ -> 5]
[17:18:57.127] [INFO] [CalibrationManager] Değişiklik kaydedildi:  [ -> 5]
[17:18:57.128] [INFO] [CalibrationManager] Değişiklik kaydedildi:  [ -> 5]
[17:18:57.129] [INFO] [CalibrationManager] Değişiklik kaydedildi:  [ -> 5]
[17:18:57.131] [INFO] [CalibrationManager] Değişiklik kaydedildi:  [ -> 5]
[17:18:57.132] [INFO] [CalibrationManager] Değişiklik kaydedildi:  [ -> 5]
[17:18:57.133] [INFO] [CalibrationManager] Değişiklik kaydedildi:  [ -> 5]
[17:18:57.134] [INFO] [CalibrationManager] Değişiklik kaydedildi:  [ -> 5]
[17:18:57.136] [INFO] [CalibrationManager] Değişiklik kaydedildi:  [ -> 5]
[17:18:57.137] [INFO] [CalibrationManager] Değişiklik kaydedildi:  [ -> 5]
[17:18:57.138] [INFO] [CalibrationManager] Değişiklik kaydedildi:  [ -> 5]
[17:18:57.140] [INFO] [CalibrationManager] Değişiklik kaydedildi:  [ -> 5]
[17:18:57.141] [INFO] [CalibrationManager] Değişiklik kaydedildi:  [ -> 5]
[17:18:57.142] [INFO] [CalibrationManager] Değişiklik kaydedildi:  [ -> 5]
[17:18:57.143] [INFO] [CalibrationManager] Değişiklik kaydedildi:  [ -> 5]
[17:18:57.144] [INFO] [CalibrationManager] Değişiklik kaydedildi:  [ -> 5]
[17:18:57.146] [INFO] [CalibrationManager] Değişiklik kaydedildi:  [ -> 5]
[17:18:57.147] [INFO] [CalibrationManager] Değişiklik kaydedildi:  [ -> 5]
[17:18:57.148] [INFO] [CalibrationManager] Değişiklik kaydedildi:  [ -> 5]
[17:18:57.150] [INFO] [CalibrationManager] Değişiklik kaydedildi:  [ -> 5]
[17:18:57.151] [INFO] [CalibrationManager] Değişiklik kaydedildi:  [ -> 5]
[17:18:57.152] [INFO] [CalibrationManager] Değişiklik kaydedildi:  [ -> 5]
[17:18:57.153] [INFO] [CalibrationManager] Değişiklik kaydedildi:  [ -> 5]
[17:18:57.155] [INFO] [CalibrationManager] Değişiklik kaydedildi:  [ -> 5]
[17:18:57.156] [INFO] [CalibrationManager] Değişiklik kaydedildi:  [ -> 5]
[17:18:57.157] [INFO] [CalibrationManager] Değişiklik kaydedildi:  [ -> 5]
[17:18:57.159] [INFO] [CalibrationManager] Değişiklik kaydedildi:  [ -> 5]
[17:18:57.160] [INFO] [CalibrationManager] Değişiklik kaydedildi:  [ -> 5]
[17:18:57.161] [INFO] [CalibrationManager] Değişiklik kaydedildi:  [ -> 5]
[17:18:57.162] [INFO] [CalibrationManager] Değişiklik kaydedildi:  [ -> 5]
[17:18:57.164] [INFO] [CalibrationManager] Değişiklik kaydedildi:  [ -> 5]
[17:18:57.165] [INFO] [CalibrationManager] Değişiklik kaydedildi:  [ -> 5]
[17:18:57.167] [INFO] [CalibrationManager] Değişiklik kaydedildi:  [ -> 5]
[17:18:57.168] [INFO] [CalibrationManager] Değişiklik kaydedildi:  [ -> 5]
[17:18:57.169] [INFO] [CalibrationManager] Değişiklik kaydedildi:  [ -> 5]
[17:18:57.171] [INFO] [CalibrationManager] Değişiklik kaydedildi:  [ -> 5]
[17:18:57.172] [INFO] [CalibrationManager] Değişiklik kaydedildi:  [ -> 5]
[17:18:57.173] [INFO] [CalibrationManager] Değişiklik kaydedildi:  [ -> 5]
[17:18:57.175] [INFO] [CalibrationManager] Değişiklik kaydedildi:  [ -> 5]
[17:18:57.176] [INFO] [CalibrationManager] Değişiklik kaydedildi:  [ -> 5]
[17:18:57.177] [INFO] [CalibrationManager] Değişiklik kaydedildi:  [ -> 5]
[17:18:57.179] [INFO] [CalibrationManager] Değişiklik kaydedildi:  [ -> 5]
[17:18:57.180] [INFO] [CalibrationManager] Değişiklik kaydedildi:  [ -> 5]
[17:18:57.181] [INFO] [CalibrationManager] Değişiklik kaydedildi:  [ -> 5]
[17:18:57.183] [INFO] [CalibrationManager] Değişiklik kaydedildi:  [ -> 5]
[17:18:57.184] [INFO] [CalibrationManager] Değişiklik kaydedildi:  [ -> 5]
[17:18:57.185] [INFO] [CalibrationManager] Değişiklik kaydedildi:  [ -> 5]
[17:18:57.187] [INFO] [CalibrationManager] Değişiklik kaydedildi:  [ -> 5]
[17:18:57.188] [INFO] [CalibrationManager] Değişiklik kaydedildi:  [ -> 5]
[17:18:57.189] [INFO] [CalibrationManager] Değişiklik kaydedildi:  [ -> 5]
[17:18:57.190] [INFO] [CalibrationManager] Değişiklik kaydedildi:  [ -> 5]
[17:18:57.192] [INFO] [CalibrationManager] Değişiklik kaydedildi:  [ -> 5]
[17:18:57.194] [INFO] [CalibrationManager] Değişiklik kaydedildi:  [ -> 5]
[17:18:57.195] [INFO] [CalibrationManager] Değişiklik kaydedildi:  [ -> 5]
[17:18:57.197] [INFO] [CalibrationManager] Değişiklik kaydedildi:  [ -> 5]
[17:18:57.198] [INFO] [CalibrationManager] Değişiklik kaydedildi:  [ -> 5]
[17:18:57.199] [INFO] [CalibrationManager] Değişiklik kaydedildi:  [ -> 5]
[17:18:57.200] [INFO] [CalibrationManager] Değişiklik kaydedildi:  [ -> 5]
[17:18:57.202] [INFO] [CalibrationManager] Değişiklik kaydedildi:  [ -> 5]
[17:18:57.206] [WARNING] [RtpCalibrationEngine] Could not save persistent sync queue: The process cannot access the file 'C:\Users\ayhan\OneDrive\Desktop\Canlı OBD2 Araç Telemetri Ekranı\HondaTuner\bin\Debug\net6.0-windows\Database\pending_rtp_queue.json' because it is being used by another process.
[17:18:57.215] [INFO] [CalibrationManager] Değişiklik kaydedildi:  [ -> 5]
[17:18:57.217] [INFO] [CalibrationManager] Değişiklik kaydedildi:  [ -> 5]
[17:18:57.218] [INFO] [CalibrationManager] Değişiklik kaydedildi:  [ -> 5]
[17:18:57.219] [INFO] [CalibrationManager] Değişiklik kaydedildi:  [ -> 5]
[17:18:57.221] [INFO] [CalibrationManager] Değişiklik kaydedildi:  [ -> 5]
[17:18:57.222] [INFO] [CalibrationManager] Değişiklik kaydedildi:  [ -> 5]
[17:18:57.223] [INFO] [CalibrationManager] Değişiklik kaydedildi:  [ -> 5]
[17:18:57.225] [INFO] [CalibrationManager] Değişiklik kaydedildi:  [ -> 5]
[17:18:57.226] [INFO] [CalibrationManager] Değişiklik kaydedildi:  [ -> 5]
[17:18:57.227] [INFO] [CalibrationManager] Değişiklik kaydedildi:  [ -> 5]
[17:18:57.229] [INFO] [CalibrationManager] Değişiklik kaydedildi:  [ -> 5]
[17:18:57.230] [INFO] [CalibrationManager] Değişiklik kaydedildi:  [ -> 5]
[17:18:57.231] [INFO] [CalibrationManager] Değişiklik kaydedildi:  [ -> 5]
[17:18:57.233] [INFO] [CalibrationManager] Değişiklik kaydedildi:  [ -> 5]
[17:18:57.234] [INFO] [CalibrationManager] Değişiklik kaydedildi:  [ -> 5]
[17:18:57.235] [INFO] [CalibrationManager] Değişiklik kaydedildi:  [ -> 5]
[17:18:57.237] [INFO] [CalibrationManager] Değişiklik kaydedildi:  [ -> 5]
[17:18:57.238] [INFO] [CalibrationManager] Değişiklik kaydedildi:  [ -> 5]
[17:18:57.239] [INFO] [CalibrationManager] Değişiklik kaydedildi:  [ -> 5]
[17:18:57.240] [INFO] [CalibrationManager] Değişiklik kaydedildi:  [ -> 5]
[17:18:57.242] [INFO] [CalibrationManager] Değişiklik kaydedildi:  [ -> 5]
[17:18:57.243] [INFO] [CalibrationManager] Değişiklik kaydedildi:  [ -> 5]
[17:18:57.245] [INFO] [CalibrationManager] Değişiklik kaydedildi:  [ -> 5]
[17:18:57.247] [INFO] [CalibrationManager] Değişiklik kaydedildi:  [ -> 5]
[17:18:57.248] [INFO] [CalibrationManager] Değişiklik kaydedildi:  [ -> 5]
[17:18:57.250] [INFO] [CalibrationManager] Değişiklik kaydedildi:  [ -> 5]
[17:18:57.251] [INFO] [CalibrationManager] Değişiklik kaydedildi:  [ -> 5]
[17:18:57.253] [INFO] [CalibrationManager] Değişiklik kaydedildi:  [ -> 5]
[17:18:57.254] [INFO] [CalibrationManager] Değişiklik kaydedildi:  [ -> 5]
[17:18:57.255] [INFO] [CalibrationManager] Değişiklik kaydedildi:  [ -> 5]
[17:18:57.257] [INFO] [CalibrationManager] Değişiklik kaydedildi:  [ -> 5]
[17:18:57.258] [INFO] [CalibrationManager] Değişiklik kaydedildi:  [ -> 5]
[17:18:57.259] [INFO] [CalibrationManager] Değişiklik kaydedildi:  [ -> 5]
[17:18:57.261] [INFO] [CalibrationManager] Değişiklik kaydedildi:  [ -> 5]
[17:18:57.262] [INFO] [CalibrationManager] Değişiklik kaydedildi:  [ -> 5]
[17:18:57.263] [INFO] [CalibrationManager] Değişiklik kaydedildi:  [ -> 5]
[17:18:57.265] [INFO] [CalibrationManager] Değişiklik kaydedildi:  [ -> 5]
[17:18:57.266] [INFO] [CalibrationManager] Değişiklik kaydedildi:  [ -> 5]
[17:18:57.268] [INFO] [CalibrationManager] Değişiklik kaydedildi:  [ -> 5]
[17:18:57.269] [INFO] [CalibrationManager] Değişiklik kaydedildi:  [ -> 5]
[17:18:57.270] [INFO] [CalibrationManager] Değişiklik kaydedildi:  [ -> 5]
[17:18:57.271] [INFO] [CalibrationManager] Değişiklik kaydedildi:  [ -> 5]
[17:18:57.273] [INFO] [CalibrationManager] Değişiklik kaydedildi:  [ -> 5]
[17:18:57.274] [INFO] [CalibrationManager] Değişiklik kaydedildi:  [ -> 5]
[17:18:57.276] [INFO] [CalibrationManager] Değişiklik kaydedildi:  [ -> 5]
[17:18:57.277] [INFO] [CalibrationManager] Değişiklik kaydedildi:  [ -> 5]
[17:18:57.278] [INFO] [CalibrationManager] Değişiklik kaydedildi:  [ -> 5]
[17:18:57.279] [INFO] [CalibrationManager] Değişiklik kaydedildi:  [ -> 5]
[17:18:57.281] [INFO] [CalibrationManager] Değişiklik kaydedildi:  [ -> 5]
[17:18:57.282] [INFO] [CalibrationManager] Değişiklik kaydedildi:  [ -> 5]
[17:18:57.284] [INFO] [CalibrationManager] Değişiklik kaydedildi:  [ -> 5]
[17:18:57.286] [INFO] [CalibrationManager] Değişiklik kaydedildi:  [ -> 5]
[17:18:57.287] [INFO] [CalibrationManager] Değişiklik kaydedildi:  [ -> 5]
[17:18:57.288] [INFO] [CalibrationManager] Değişiklik kaydedildi:  [ -> 5]
[17:18:57.290] [INFO] [CalibrationManager] Değişiklik kaydedildi:  [ -> 5]
[17:18:57.291] [INFO] [CalibrationManager] Değişiklik kaydedildi:  [ -> 5]
[17:18:57.292] [INFO] [CalibrationManager] Değişiklik kaydedildi:  [ -> 5]
[17:18:57.294] [INFO] [CalibrationManager] Değişiklik kaydedildi:  [ -> 5]
[17:18:57.295] [INFO] [CalibrationManager] Değişiklik kaydedildi:  [ -> 5]
[17:18:57.297] [INFO] [CalibrationManager] Değişiklik kaydedildi:  [ -> 5]
[17:18:57.298] [INFO] [CalibrationManager] Değişiklik kaydedildi:  [ -> 5]
[17:18:57.299] [INFO] [CalibrationManager] Değişiklik kaydedildi:  [ -> 5]
[17:18:57.300] [INFO] [CalibrationManager] Değişiklik kaydedildi:  [ -> 5]
[17:18:57.302] [INFO] [CalibrationManager] Değişiklik kaydedildi:  [ -> 5]
[17:18:57.303] [INFO] [CalibrationManager] Değişiklik kaydedildi:  [ -> 5]
[17:18:57.305] [INFO] [CalibrationManager] Değişiklik kaydedildi:  [ -> 5]
[17:18:57.306] [INFO] [CalibrationManager] Değişiklik kaydedildi:  [ -> 5]
[17:18:57.307] [INFO] [CalibrationManager] Değişiklik kaydedildi:  [ -> 5]
[17:18:57.309] [INFO] [CalibrationManager] Değişiklik kaydedildi:  [ -> 5]
[17:18:57.310] [INFO] [CalibrationManager] Değişiklik kaydedildi:  [ -> 5]
[17:18:57.311] [INFO] [CalibrationManager] Değişiklik kaydedildi:  [ -> 5]
[17:18:57.313] [INFO] [CalibrationManager] Değişiklik kaydedildi:  [ -> 5]
[17:18:57.314] [INFO] [CalibrationManager] Değişiklik kaydedildi:  [ -> 5]
[17:18:57.316] [INFO] [CalibrationManager] Değişiklik kaydedildi:  [ -> 5]
[17:18:57.318] [INFO] [CalibrationManager] Değişiklik kaydedildi:  [ -> 5]
[17:18:57.319] [INFO] [CalibrationManager] Değişiklik kaydedildi:  [ -> 5]
[17:18:57.321] [INFO] [CalibrationManager] Değişiklik kaydedildi:  [ -> 5]
[17:18:57.322] [INFO] [CalibrationManager] Değişiklik kaydedildi:  [ -> 5]
[17:18:57.323] [INFO] [CalibrationManager] Değişiklik kaydedildi:  [ -> 5]
[17:18:57.325] [INFO] [CalibrationManager] Değişiklik kaydedildi:  [ -> 5]
[17:18:57.326] [INFO] [CalibrationManager] Değişiklik kaydedildi:  [ -> 5]
[17:18:57.327] [INFO] [CalibrationManager] Değişiklik kaydedildi:  [ -> 5]
[17:18:57.329] [INFO] [CalibrationManager] Değişiklik kaydedildi:  [ -> 5]
[17:18:57.330] [INFO] [CalibrationManager] Değişiklik kaydedildi:  [ -> 5]
[17:18:57.332] [INFO] [CalibrationManager] Değişiklik kaydedildi:  [ -> 5]
[17:18:57.333] [INFO] [CalibrationManager] Değişiklik kaydedildi:  [ -> 5]
[17:18:57.334] [INFO] [CalibrationManager] Değişiklik kaydedildi:  [ -> 5]
[17:18:57.336] [INFO] [CalibrationManager] Değişiklik kaydedildi:  [ -> 5]
[17:18:57.337] [INFO] [CalibrationManager] Değişiklik kaydedildi:  [ -> 5]
[17:18:57.338] [INFO] [CalibrationManager] Değişiklik kaydedildi:  [ -> 5]
[17:18:57.340] [INFO] [CalibrationManager] Değişiklik kaydedildi:  [ -> 5]
[17:18:57.341] [INFO] [CalibrationManager] Değişiklik kaydedildi:  [ -> 5]
[17:18:57.343] [INFO] [CalibrationManager] Değişiklik kaydedildi:  [ -> 5]
[17:18:57.348] [INFO] [CalibrationManager] Değişiklik kaydedildi:  [ -> 5]
[17:18:57.350] [INFO] [CalibrationManager] Değişiklik kaydedildi:  [ -> 5]
[17:18:57.351] [INFO] [CalibrationManager] Değişiklik kaydedildi:  [ -> 5]
[17:18:57.353] [INFO] [CalibrationManager] Değişiklik kaydedildi:  [ -> 5]
[17:18:57.354] [INFO] [CalibrationManager] Değişiklik kaydedildi:  [ -> 5]
[17:18:57.356] [INFO] [CalibrationManager] Değişiklik kaydedildi:  [ -> 5]
[17:18:57.358] [INFO] [CalibrationManager] Değişiklik kaydedildi:  [ -> 5]
[17:18:57.359] [INFO] [CalibrationManager] Değişiklik kaydedildi:  [ -> 5]
[17:18:57.360] [INFO] [CalibrationManager] Değişiklik kaydedildi:  [ -> 5]
[17:18:57.362] [INFO] [CalibrationManager] Değişiklik kaydedildi:  [ -> 5]
[17:18:57.363] [INFO] [CalibrationManager] Değişiklik kaydedildi:  [ -> 5]
[17:18:57.364] [INFO] [CalibrationManager] Değişiklik kaydedildi:  [ -> 5]
[17:18:57.366] [INFO] [CalibrationManager] Değişiklik kaydedildi:  [ -> 5]
[17:18:57.367] [INFO] [CalibrationManager] Değişiklik kaydedildi:  [ -> 5]
[17:18:57.368] [INFO] [CalibrationManager] Değişiklik kaydedildi:  [ -> 5]
[17:18:57.371] [INFO] [CalibrationManager] Değişiklik kaydedildi:  [ -> 5]
[17:18:57.372] [INFO] [CalibrationManager] Değişiklik kaydedildi:  [ -> 5]
[17:18:57.373] [INFO] [CalibrationManager] Değişiklik kaydedildi:  [ -> 5]
[17:18:57.375] [INFO] [CalibrationManager] Değişiklik kaydedildi:  [ -> 5]
[17:18:57.376] [INFO] [CalibrationManager] Değişiklik kaydedildi:  [ -> 5]
[17:18:57.378] [INFO] [CalibrationManager] Değişiklik kaydedildi:  [ -> 5]
[17:18:57.379] [INFO] [CalibrationManager] Değişiklik kaydedildi:  [ -> 5]
[17:18:57.380] [INFO] [CalibrationManager] Değişiklik kaydedildi:  [ -> 5]
[17:18:57.382] [INFO] [CalibrationManager] Değişiklik kaydedildi:  [ -> 5]
[17:18:57.383] [INFO] [CalibrationManager] Değişiklik kaydedildi:  [ -> 5]
[17:18:57.385] [INFO] [CalibrationManager] Değişiklik kaydedildi:  [ -> 5]
[17:18:57.386] [INFO] [CalibrationManager] Değişiklik kaydedildi:  [ -> 5]
[17:18:57.388] [INFO] [CalibrationManager] Değişiklik kaydedildi:  [ -> 5]
[17:18:57.390] [INFO] [CalibrationManager] Değişiklik kaydedildi:  [ -> 5]
[17:18:57.391] [INFO] [CalibrationManager] Değişiklik kaydedildi:  [ -> 5]
[17:18:57.392] [INFO] [CalibrationManager] Değişiklik kaydedildi:  [ -> 5]
[17:18:57.394] [INFO] [CalibrationManager] Değişiklik kaydedildi:  [ -> 5]
[17:18:57.395] [INFO] [CalibrationManager] Değişiklik kaydedildi:  [ -> 5]
[17:18:57.396] [INFO] [CalibrationManager] Değişiklik kaydedildi:  [ -> 5]
[17:18:57.397] [INFO] [CalibrationManager] Değişiklik kaydedildi:  [ -> 5]
[17:18:57.399] [INFO] [CalibrationManager] Değişiklik kaydedildi:  [ -> 5]
[17:18:57.400] [INFO] [CalibrationManager] Değişiklik kaydedildi:  [ -> 5]
[17:18:57.402] [INFO] [CalibrationManager] Değişiklik kaydedildi:  [ -> 5]
[17:18:57.403] [INFO] [CalibrationManager] Değişiklik kaydedildi:  [ -> 5]
[17:18:57.404] [INFO] [CalibrationManager] Değişiklik kaydedildi:  [ -> 5]
[17:18:57.406] [INFO] [CalibrationManager] Değişiklik kaydedildi:  [ -> 5]
[17:18:57.407] [INFO] [CalibrationManager] Değişiklik kaydedildi:  [ -> 5]
[17:18:57.408] [INFO] [CalibrationManager] Değişiklik kaydedildi:  [ -> 5]
[17:18:57.410] [INFO] [CalibrationManager] Değişiklik kaydedildi:  [ -> 5]
[17:18:57.411] [INFO] [CalibrationManager] Değişiklik kaydedildi:  [ -> 5]
[17:18:57.412] [INFO] [CalibrationManager] Değişiklik kaydedildi:  [ -> 5]
[17:18:57.414] [INFO] [CalibrationManager] Değişiklik kaydedildi:  [ -> 5]
[17:18:57.415] [INFO] [CalibrationManager] Değişiklik kaydedildi:  [ -> 5]
[17:18:57.418] [INFO] [CalibrationManager] Değişiklik kaydedildi:  [ -> 5]
[17:18:57.419] [INFO] [CalibrationManager] Değişiklik kaydedildi:  [ -> 5]
[17:18:57.421] [INFO] [CalibrationManager] Değişiklik kaydedildi:  [ -> 5]
[17:18:57.422] [INFO] [CalibrationManager] Değişiklik kaydedildi:  [ -> 5]
[17:18:57.424] [INFO] [CalibrationManager] Değişiklik kaydedildi:  [ -> 5]
[17:18:57.425] [INFO] [CalibrationManager] Değişiklik kaydedildi:  [ -> 5]
[17:18:57.426] [INFO] [CalibrationManager] Değişiklik kaydedildi:  [ -> 5]
[17:18:57.428] [INFO] [CalibrationManager] Değişiklik kaydedildi:  [ -> 5]
[17:18:57.429] [INFO] [CalibrationManager] Değişiklik kaydedildi:  [ -> 5]
[17:18:57.431] [INFO] [CalibrationManager] Değişiklik kaydedildi:  [ -> 5]
[17:18:57.432] [INFO] [CalibrationManager] Değişiklik kaydedildi:  [ -> 5]
[17:18:57.433] [INFO] [CalibrationManager] Değişiklik kaydedildi:  [ -> 5]
[17:18:57.435] [INFO] [CalibrationManager] Değişiklik kaydedildi:  [ -> 5]
[17:18:57.436] [INFO] [CalibrationManager] Değişiklik kaydedildi:  [ -> 5]
[17:18:57.438] [INFO] [CalibrationManager] Değişiklik kaydedildi:  [ -> 5]
[17:18:57.439] [INFO] [CalibrationManager] Değişiklik kaydedildi:  [ -> 5]
[17:18:57.440] [INFO] [CalibrationManager] Değişiklik kaydedildi:  [ -> 5]
[17:18:57.442] [INFO] [CalibrationManager] Değişiklik kaydedildi:  [ -> 5]
[17:18:57.443] [INFO] [CalibrationManager] Değişiklik kaydedildi:  [ -> 5]
[17:18:57.445] [INFO] [CalibrationManager] Değişiklik kaydedildi:  [ -> 5]
[17:18:57.447] [INFO] [CalibrationManager] Değişiklik kaydedildi:  [ -> 5]
[17:18:57.449] [INFO] [CalibrationManager] Değişiklik kaydedildi:  [ -> 5]
[17:18:57.450] [INFO] [CalibrationManager] Değişiklik kaydedildi:  [ -> 5]
[17:18:57.452] [INFO] [CalibrationManager] Değişiklik kaydedildi:  [ -> 5]
[17:18:57.453] [INFO] [CalibrationManager] Değişiklik kaydedildi:  [ -> 5]
[17:18:57.454] [INFO] [CalibrationManager] Değişiklik kaydedildi:  [ -> 5]
[17:18:57.456] [INFO] [CalibrationManager] Değişiklik kaydedildi:  [ -> 5]
[17:18:57.457] [INFO] [CalibrationManager] Değişiklik kaydedildi:  [ -> 5]
[17:18:57.459] [INFO] [CalibrationManager] Değişiklik kaydedildi:  [ -> 5]
[17:18:57.460] [INFO] [CalibrationManager] Değişiklik kaydedildi:  [ -> 5]
[17:18:57.463] [INFO] [CalibrationManager] Değişiklik kaydedildi:  [ -> 5]
[17:18:57.465] [INFO] [CalibrationManager] Değişiklik kaydedildi:  [ -> 5]
[17:18:57.466] [INFO] [CalibrationManager] Değişiklik kaydedildi:  [ -> 5]
[17:18:57.468] [INFO] [CalibrationManager] Değişiklik kaydedildi:  [ -> 5]
[17:18:57.469] [INFO] [CalibrationManager] Değişiklik kaydedildi:  [ -> 5]
[17:18:57.470] [INFO] [CalibrationManager] Değişiklik kaydedildi:  [ -> 5]
[17:18:57.472] [INFO] [CalibrationManager] Değişiklik kaydedildi:  [ -> 5]
[17:18:57.473] [INFO] [CalibrationManager] Değişiklik kaydedildi:  [ -> 5]
[17:18:57.475] [INFO] [CalibrationManager] Değişiklik kaydedildi:  [ -> 5]
[17:18:57.477] [INFO] [CalibrationManager] Değişiklik kaydedildi:  [ -> 5]
[17:18:57.478] [INFO] [CalibrationManager] Değişiklik kaydedildi:  [ -> 5]
[17:18:57.480] [INFO] [CalibrationManager] Değişiklik kaydedildi:  [ -> 5]
[17:18:57.481] [INFO] [CalibrationManager] Değişiklik kaydedildi:  [ -> 5]
[17:18:57.483] [INFO] [CalibrationManager] Değişiklik kaydedildi:  [ -> 5]
[17:18:57.484] [INFO] [CalibrationManager] Değişiklik kaydedildi:  [ -> 5]
[17:18:57.485] [INFO] [CalibrationManager] Değişiklik kaydedildi:  [ -> 5]
[17:18:57.487] [INFO] [CalibrationManager] Değişiklik kaydedildi:  [ -> 5]
[17:18:57.488] [INFO] [CalibrationManager] Değişiklik kaydedildi:  [ -> 5]
[17:18:57.490] [INFO] [CalibrationManager] Değişiklik kaydedildi:  [ -> 5]
[17:18:57.492] [INFO] [CalibrationManager] Değişiklik kaydedildi:  [ -> 5]
[17:18:57.493] [INFO] [CalibrationManager] Değişiklik kaydedildi:  [ -> 5]
[17:18:57.495] [INFO] [CalibrationManager] Değişiklik kaydedildi:  [ -> 5]
[17:18:57.496] [INFO] [CalibrationManager] Değişiklik kaydedildi:  [ -> 5]
[17:18:57.498] [INFO] [CalibrationManager] Değişiklik kaydedildi:  [ -> 5]
[17:18:57.499] [INFO] [CalibrationManager] Değişiklik kaydedildi:  [ -> 5]
[17:18:57.501] [INFO] [CalibrationManager] Değişiklik kaydedildi:  [ -> 5]
[17:18:57.502] [INFO] [CalibrationManager] Değişiklik kaydedildi:  [ -> 5]
[17:18:57.505] [INFO] [CalibrationManager] Değişiklik kaydedildi:  [ -> 5]
[17:18:57.507] [INFO] [CalibrationManager] Değişiklik kaydedildi:  [ -> 5]
[17:18:57.508] [INFO] [CalibrationManager] Değişiklik kaydedildi:  [ -> 5]
[17:18:57.510] [INFO] [CalibrationManager] Değişiklik kaydedildi:  [ -> 5]
[17:18:57.511] [INFO] [CalibrationManager] Değişiklik kaydedildi:  [ -> 5]
[17:18:57.513] [INFO] [CalibrationManager] Değişiklik kaydedildi:  [ -> 5]
[17:18:57.514] [INFO] [CalibrationManager] Değişiklik kaydedildi:  [ -> 5]
[17:18:57.516] [INFO] [CalibrationManager] Değişiklik kaydedildi:  [ -> 5]
[17:18:57.517] [INFO] [CalibrationManager] Değişiklik kaydedildi:  [ -> 5]
[17:18:57.519] [INFO] [CalibrationManager] Değişiklik kaydedildi:  [ -> 5]
[17:18:57.520] [INFO] [CalibrationManager] Değişiklik kaydedildi:  [ -> 5]
[17:18:57.522] [INFO] [CalibrationManager] Değişiklik kaydedildi:  [ -> 5]
[17:18:57.523] [INFO] [CalibrationManager] Değişiklik kaydedildi:  [ -> 5]
[17:18:57.525] [INFO] [CalibrationManager] Değişiklik kaydedildi:  [ -> 5]
[17:18:57.526] [INFO] [CalibrationManager] Değişiklik kaydedildi:  [ -> 5]
[17:18:57.528] [INFO] [CalibrationManager] Değişiklik kaydedildi:  [ -> 5]
[17:18:57.529] [INFO] [CalibrationManager] Değişiklik kaydedildi:  [ -> 5]
[17:18:57.531] [INFO] [CalibrationManager] Değişiklik kaydedildi:  [ -> 5]
[17:18:57.533] [INFO] [CalibrationManager] Değişiklik kaydedildi:  [ -> 5]
[17:18:57.535] [INFO] [CalibrationManager] Değişiklik kaydedildi:  [ -> 5]
[17:18:57.536] [INFO] [CalibrationManager] Değişiklik kaydedildi:  [ -> 5]
[17:18:57.537] [INFO] [CalibrationManager] Değişiklik kaydedildi:  [ -> 5]
[17:18:57.539] [INFO] [CalibrationManager] Değişiklik kaydedildi:  [ -> 5]
[17:18:57.540] [INFO] [CalibrationManager] Değişiklik kaydedildi:  [ -> 5]
[17:18:57.542] [INFO] [CalibrationManager] Değişiklik kaydedildi:  [ -> 5]
[17:18:57.543] [INFO] [CalibrationManager] Değişiklik kaydedildi:  [ -> 5]
[17:18:57.544] [INFO] [CalibrationManager] Değişiklik kaydedildi:  [ -> 5]
[17:18:57.546] [INFO] [CalibrationManager] Değişiklik kaydedildi:  [ -> 5]
[17:18:57.547] [INFO] [CalibrationManager] Değişiklik kaydedildi:  [ -> 5]
[17:18:57.549] [INFO] [CalibrationManager] Değişiklik kaydedildi:  [ -> 5]
[17:18:57.550] [INFO] [CalibrationManager] Değişiklik kaydedildi:  [ -> 5]
[17:18:57.552] [INFO] [CalibrationManager] Değişiklik kaydedildi:  [ -> 5]
[17:18:57.553] [INFO] [CalibrationManager] Değişiklik kaydedildi:  [ -> 5]
[17:18:57.554] [INFO] [CalibrationManager] Değişiklik kaydedildi:  [ -> 5]
[17:18:57.556] [INFO] [CalibrationManager] Değişiklik kaydedildi:  [ -> 5]
[17:18:57.558] [INFO] [CalibrationManager] Değişiklik kaydedildi:  [ -> 5]
[17:18:57.560] [INFO] [CalibrationManager] Değişiklik kaydedildi:  [ -> 5]
[17:18:57.561] [INFO] [CalibrationManager] Değişiklik kaydedildi:  [ -> 5]
[17:18:57.563] [INFO] [CalibrationManager] Değişiklik kaydedildi:  [ -> 5]
[17:18:57.564] [INFO] [CalibrationManager] Değişiklik kaydedildi:  [ -> 5]
[17:18:57.566] [INFO] [CalibrationManager] Değişiklik kaydedildi:  [ -> 5]
[17:18:57.567] [INFO] [CalibrationManager] Değişiklik kaydedildi:  [ -> 5]
[17:18:57.569] [INFO] [CalibrationManager] Değişiklik kaydedildi:  [ -> 5]
[17:18:57.570] [INFO] [CalibrationManager] Değişiklik kaydedildi:  [ -> 5]
[17:18:57.572] [INFO] [CalibrationManager] Değişiklik kaydedildi:  [ -> 5]
[17:18:57.573] [INFO] [CalibrationManager] Değişiklik kaydedildi:  [ -> 5]
[17:18:57.575] [INFO] [CalibrationManager] Değişiklik kaydedildi:  [ -> 5]
[17:18:57.576] [INFO] [CalibrationManager] Değişiklik kaydedildi:  [ -> 5]
[17:18:57.577] [INFO] [CalibrationManager] Değişiklik kaydedildi:  [ -> 5]
[17:18:57.579] [INFO] [CalibrationManager] Değişiklik kaydedildi:  [ -> 5]
[17:18:57.580] [INFO] [CalibrationManager] Değişiklik kaydedildi:  [ -> 5]
[17:18:57.582] [INFO] [CalibrationManager] Değişiklik kaydedildi:  [ -> 5]
[17:18:57.584] [INFO] [CalibrationManager] Değişiklik kaydedildi:  [ -> 5]
[17:18:57.585] [INFO] [CalibrationManager] Değişiklik kaydedildi:  [ -> 5]
[17:18:57.587] [INFO] [CalibrationManager] Değişiklik kaydedildi:  [ -> 5]
[17:18:57.588] [INFO] [CalibrationManager] Değişiklik kaydedildi:  [ -> 5]
[17:18:57.590] [INFO] [CalibrationManager] Değişiklik kaydedildi:  [ -> 5]
[17:18:57.591] [INFO] [CalibrationManager] Değişiklik kaydedildi:  [ -> 5]
[17:18:57.593] [INFO] [CalibrationManager] Değişiklik kaydedildi:  [ -> 5]
[17:18:57.594] [INFO] [CalibrationManager] Değişiklik kaydedildi:  [ -> 5]
[17:18:57.596] [INFO] [CalibrationManager] Değişiklik kaydedildi:  [ -> 5]
[17:18:57.597] [INFO] [CalibrationManager] Değişiklik kaydedildi:  [ -> 5]
[17:18:57.598] [INFO] [CalibrationManager] Değişiklik kaydedildi:  [ -> 5]
[17:18:57.600] [INFO] [CalibrationManager] Değişiklik kaydedildi:  [ -> 5]
[17:18:57.601] [INFO] [CalibrationManager] Değişiklik kaydedildi:  [ -> 5]
[17:18:57.603] [INFO] [CalibrationManager] Değişiklik kaydedildi:  [ -> 5]
[17:18:57.604] [INFO] [CalibrationManager] Değişiklik kaydedildi:  [ -> 5]
[17:18:57.606] [INFO] [CalibrationManager] Değişiklik kaydedildi:  [ -> 5]
[17:18:57.608] [INFO] [CalibrationManager] Değişiklik kaydedildi:  [ -> 5]
[17:18:57.609] [INFO] [CalibrationManager] Değişiklik kaydedildi:  [ -> 5]
[17:18:57.611] [INFO] [CalibrationManager] Değişiklik kaydedildi:  [ -> 5]
[17:18:57.612] [INFO] [CalibrationManager] Değişiklik kaydedildi:  [ -> 5]
[17:18:57.614] [INFO] [CalibrationManager] Değişiklik kaydedildi:  [ -> 5]
[17:18:57.615] [INFO] [CalibrationManager] Değişiklik kaydedildi:  [ -> 5]
[17:18:57.616] [INFO] [CalibrationManager] Değişiklik kaydedildi:  [ -> 5]
[17:18:57.618] [INFO] [CalibrationManager] Değişiklik kaydedildi:  [ -> 5]
[17:18:57.619] [INFO] [CalibrationManager] Değişiklik kaydedildi:  [ -> 5]
[17:18:57.621] [INFO] [CalibrationManager] Değişiklik kaydedildi:  [ -> 5]
[17:18:57.622] [INFO] [CalibrationManager] Değişiklik kaydedildi:  [ -> 5]
[17:18:57.623] [INFO] [CalibrationManager] Değişiklik kaydedildi:  [ -> 5]
[17:18:57.625] [INFO] [CalibrationManager] Değişiklik kaydedildi:  [ -> 5]
[17:18:57.626] [INFO] [CalibrationManager] Değişiklik kaydedildi:  [ -> 5]
[17:18:57.629] [INFO] [CalibrationManager] Değişiklik kaydedildi:  [ -> 5]
[17:18:58.045] [INFO] [RtpCalibrationEngine] Connecting to RTP emulator...
[17:18:58.045] [INFO] [RtpCalibrationEngine] RTP emulator connected successfully.
[17:18:58.045] [INFO] [RtpCalibrationEngine] Real-time synchronization active.
[17:18:58.046] [INFO] [RtpCalibrationEngine] Connecting to RTP emulator...
[17:18:58.046] [INFO] [RtpCalibrationEngine] RTP emulator connected successfully.
[17:18:58.046] [INFO] [RtpCalibrationEngine] Real-time synchronization active.
[17:18:58.048] [INFO] [CalibrationManager] Değişiklik kaydedildi:  [ -> 55]
[17:18:58.146] [ERROR] [RtpCalibrationEngine] Batch write execution failed: Batch block verification write failed: Simulated block write exception
[17:18:58.257] [INFO] [RtpCalibrationEngine] Connecting to RTP emulator...
[17:18:58.257] [INFO] [RtpCalibrationEngine] RTP emulator connected successfully.
[17:18:58.257] [INFO] [RtpCalibrationEngine] Real-time synchronization active.
[17:18:58.259] [INFO] [CalibrationManager] Değişiklik kaydedildi:  [ -> 88]
[17:18:58.335] [ERROR] [RtpCalibrationEngine] Batch write execution failed: Batch block verification write failed: Batch block verify mismatch at relative index 0. Expected: 88, Actual: 167
[17:18:58.470] [INFO] [RtpCalibrationEngine] Connecting to RTP emulator...
[17:18:58.470] [INFO] [RtpCalibrationEngine] RTP emulator connected successfully.
[17:18:58.470] [INFO] [RtpCalibrationEngine] Real-time synchronization active.
[17:18:58.473] [INFO] [CalibrationManager] Değişiklik kaydedildi:  [ -> 22]
[17:18:58.580] [INFO] [CalibrationManager] Değişiklik kaydedildi:  [ -> 22]
[17:18:58.687] [INFO] [CalibrationManager] Değişiklik kaydedildi:  [ -> 0]
[17:18:58.697] [INFO] [CalibrationManager] Değişiklik kaydedildi:  [ -> 1]
[17:18:58.707] [INFO] [CalibrationManager] Değişiklik kaydedildi:  [ -> 2]
[17:18:58.717] [INFO] [CalibrationManager] Değişiklik kaydedildi:  [ -> 3]
[17:18:58.727] [INFO] [CalibrationManager] Değişiklik kaydedildi:  [ -> 4]
[17:18:58.750] [INFO] [CalibrationManager] Değişiklik kaydedildi:  [ -> 5]
[17:18:58.762] [INFO] [CalibrationManager] Değişiklik kaydedildi:  [ -> 6]
[17:18:58.773] [INFO] [CalibrationManager] Değişiklik kaydedildi:  [ -> 0]
[17:18:58.783] [INFO] [CalibrationManager] Değişiklik kaydedildi:  [ -> 1]
[17:18:58.794] [INFO] [CalibrationManager] Değişiklik kaydedildi:  [ -> 2]
[17:18:58.803] [INFO] [CalibrationManager] Değişiklik kaydedildi:  [ -> 3]
[17:18:58.813] [INFO] [CalibrationManager] Değişiklik kaydedildi:  [ -> 4]
[17:18:58.819] [INFO] [CalibrationManager] Değişiklik kaydedildi:  [ -> 5]
[17:18:58.821] [INFO] [CalibrationManager] Değişiklik kaydedildi:  [ -> 6]
[17:18:58.825] [INFO] [CalibrationManager] Değişiklik kaydedildi:  [ -> 0]
[17:18:58.832] [INFO] [CalibrationManager] Değişiklik kaydedildi:  [ -> 1]
[17:18:58.838] [INFO] [CalibrationManager] Değişiklik kaydedildi:  [ -> 2]
[17:18:58.844] [INFO] [CalibrationManager] Değişiklik kaydedildi:  [ -> 3]
[17:18:58.856] [INFO] [CalibrationManager] Değişiklik kaydedildi:  [ -> 4]
[17:18:58.965] [INFO] [CalibrationManager] Değişiklik kaydedildi:  [ -> 5]
[17:18:59.077] [INFO] [CalibrationManager] Değişiklik kaydedildi:  [ -> 6]
[17:18:59.079] [ERROR] [RtpCalibrationEngine] RTP Configuration validation failed: Retry count must be between 0 and 10. (Parameter 'RetryCount')
[17:18:59.081] [INFO] [RtpCalibrationEngine] Recovered 1 pending changes from persistent queue on disk.
[17:18:59.097] [INFO] [RtpCalibrationEngine] Connecting to RTP emulator...
[17:18:59.098] [INFO] [RtpCalibrationEngine] RTP emulator connected successfully.
[17:18:59.098] [INFO] [RtpCalibrationEngine] Real-time synchronization active.
[17:18:59.109] [INFO] [AutoTuneSafetyManager] Güvenlik limitleri yüklendi. Etkin kural sayısı: 4
[17:18:59.110] [INFO] [AutoTuneEventPublisher] Domain olayı yayınlandı: SessionCreated (Oturum: 27669b06-cd3e-4302-9a56-f9f6b5c8f243)
[17:18:59.110] [INFO] [AutoTuneEngine] Oturum başarıyla başlatıldı: 27669b06-cd3e-4302-9a56-f9f6b5c8f243
[17:18:59.253] [INFO] [AutoTuneEventPublisher] Domain olayı yayınlandı: TelemetryWindowAccepted (Oturum: 27669b06-cd3e-4302-9a56-f9f6b5c8f243)
[17:18:59.254] [INFO] [AutoTuneEventPublisher] Domain olayı yayınlandı: SafetyViolation (Oturum: 27669b06-cd3e-4302-9a56-f9f6b5c8f243)
[17:18:59.254] [INFO] [AutoTuneEventPublisher] Domain olayı yayınlandı: DecisionCreated (Oturum: 27669b06-cd3e-4302-9a56-f9f6b5c8f243)
[17:18:59.255] [INFO] [CalibrationSnapshotManager] Snapshot oluşturuldu: f6b595f1-aac2-4c27-83ea-e29c37872e61, Hücre sayısı: 1
[17:18:59.256] [INFO] [CalibrationRecoveryManager] Bekleyen işlem kaydedildi: 5906147b-d873-4c1c-9029-0f95e5aadd9c
[17:18:59.258] [INFO] [CalibrationManager] Değişiklik kaydedildi: AFRTargetTable Hücre [3,4] [0 -> 15]
[17:18:59.259] [INFO] [CalibrationRecoveryManager] Bekleyen işlem temizlendi (başarılı commit).
[17:18:59.259] [INFO] [CalibrationStreamPublisher] Uygulanan değişiklik yayınlandı: Lambda adres: AFRTargetTable[3,4]
[17:18:59.259] [INFO] [AutoTuneEventPublisher] Domain olayı yayınlandı: MapChangeApplied (Oturum: 27669b06-cd3e-4302-9a56-f9f6b5c8f243)
[17:18:59.260] [INFO] [AutoTuneEventPublisher] Domain olayı yayınlandı: DecisionCreated (Oturum: 27669b06-cd3e-4302-9a56-f9f6b5c8f243)
[17:18:59.260] [INFO] [CalibrationSnapshotManager] Snapshot oluşturuldu: d2a4c6be-ef04-4172-abf1-b814e19799b8, Hücre sayısı: 1
[17:18:59.261] [INFO] [CalibrationRecoveryManager] Bekleyen işlem kaydedildi: 5da01f9c-67c7-42bb-a313-aeb6c48700be
[17:18:59.262] [INFO] [CalibrationManager] Değişiklik kaydedildi: IgnitionTable Hücre [3,4] [15 -> 16]
[17:18:59.263] [INFO] [CalibrationRecoveryManager] Bekleyen işlem temizlendi (başarılı commit).
[17:18:59.263] [INFO] [CalibrationStreamPublisher] Uygulanan değişiklik yayınlandı: Ignition adres: IgnitionTable[3,4]
[17:18:59.264] [INFO] [AutoTuneEventPublisher] Domain olayı yayınlandı: MapChangeApplied (Oturum: 27669b06-cd3e-4302-9a56-f9f6b5c8f243)
[17:18:59.264] [INFO] [AutoTuneEventPublisher] Domain olayı yayınlandı: DecisionCreated (Oturum: 27669b06-cd3e-4302-9a56-f9f6b5c8f243)
[17:18:59.264] [INFO] [CalibrationSnapshotManager] Snapshot oluşturuldu: 99c97ca5-ecda-4e3c-8edf-71710e876f7e, Hücre sayısı: 1
[17:18:59.265] [INFO] [CalibrationRecoveryManager] Bekleyen işlem kaydedildi: a026f594-74ab-41b4-a789-ba08576759b1
[17:18:59.266] [INFO] [CalibrationManager] Değişiklik kaydedildi: FuelVETable Hücre [3,4] [16 -> 60]
[17:18:59.267] [INFO] [CalibrationRecoveryManager] Bekleyen işlem temizlendi (başarılı commit).
[17:18:59.267] [INFO] [CalibrationStreamPublisher] Uygulanan değişiklik yayınlandı: VE adres: FuelVETable[3,4]
[17:18:59.267] [INFO] [AutoTuneEventPublisher] Domain olayı yayınlandı: MapChangeApplied (Oturum: 27669b06-cd3e-4302-9a56-f9f6b5c8f243)
[17:18:59.285] [INFO] [AutoTuneEventPublisher] Domain olayı yayınlandı: TelemetryWindowAccepted (Oturum: 27669b06-cd3e-4302-9a56-f9f6b5c8f243)
[17:18:59.285] [INFO] [AutoTuneEventPublisher] Domain olayı yayınlandı: SafetyViolation (Oturum: 27669b06-cd3e-4302-9a56-f9f6b5c8f243)
[17:18:59.286] [INFO] [AutoTuneEventPublisher] Domain olayı yayınlandı: DecisionCreated (Oturum: 27669b06-cd3e-4302-9a56-f9f6b5c8f243)
[17:18:59.286] [INFO] [CalibrationSnapshotManager] Snapshot oluşturuldu: 83e58ce7-3e47-4285-9038-0227a2449bc7, Hücre sayısı: 1
[17:18:59.287] [INFO] [CalibrationRecoveryManager] Bekleyen işlem kaydedildi: ab6485a8-41e6-4a6e-86cc-3212eaf81fd7
[17:18:59.289] [INFO] [CalibrationManager] Değişiklik kaydedildi: AFRTargetTable Hücre [3,4] [60 -> 15]
[17:18:59.290] [INFO] [CalibrationRecoveryManager] Bekleyen işlem temizlendi (başarılı commit).
[17:18:59.290] [INFO] [CalibrationStreamPublisher] Uygulanan değişiklik yayınlandı: Lambda adres: AFRTargetTable[3,4]
[17:18:59.290] [INFO] [AutoTuneEventPublisher] Domain olayı yayınlandı: MapChangeApplied (Oturum: 27669b06-cd3e-4302-9a56-f9f6b5c8f243)
[17:18:59.290] [INFO] [AutoTuneEventPublisher] Domain olayı yayınlandı: DecisionCreated (Oturum: 27669b06-cd3e-4302-9a56-f9f6b5c8f243)
[17:18:59.290] [INFO] [CalibrationSnapshotManager] Snapshot oluşturuldu: 3f1e56f9-64e4-4395-8c55-a5235b923128, Hücre sayısı: 1
[17:18:59.291] [INFO] [CalibrationRecoveryManager] Bekleyen işlem kaydedildi: 3d894d60-52db-4476-bc21-8c8dd77f8c30
[17:18:59.295] [INFO] [CalibrationManager] Değişiklik kaydedildi: IgnitionTable Hücre [3,4] [15 -> 16]
[17:18:59.296] [INFO] [CalibrationRecoveryManager] Bekleyen işlem temizlendi (başarılı commit).
[17:18:59.296] [INFO] [CalibrationStreamPublisher] Uygulanan değişiklik yayınlandı: Ignition adres: IgnitionTable[3,4]
[17:18:59.296] [INFO] [AutoTuneEventPublisher] Domain olayı yayınlandı: MapChangeApplied (Oturum: 27669b06-cd3e-4302-9a56-f9f6b5c8f243)
[17:18:59.296] [INFO] [AutoTuneEventPublisher] Domain olayı yayınlandı: DecisionCreated (Oturum: 27669b06-cd3e-4302-9a56-f9f6b5c8f243)
[17:18:59.296] [INFO] [CalibrationSnapshotManager] Snapshot oluşturuldu: afb34d64-acb2-4278-b483-b1b4a19ead01, Hücre sayısı: 1
[17:18:59.297] [INFO] [CalibrationRecoveryManager] Bekleyen işlem kaydedildi: 21f5f378-a928-4ec5-90b8-4e9a15b03e42
[17:18:59.299] [INFO] [CalibrationManager] Değişiklik kaydedildi: FuelVETable Hücre [3,4] [16 -> 60]
[17:18:59.300] [INFO] [CalibrationRecoveryManager] Bekleyen işlem temizlendi (başarılı commit).
[17:18:59.300] [INFO] [CalibrationStreamPublisher] Uygulanan değişiklik yayınlandı: VE adres: FuelVETable[3,4]
[17:18:59.300] [INFO] [AutoTuneEventPublisher] Domain olayı yayınlandı: MapChangeApplied (Oturum: 27669b06-cd3e-4302-9a56-f9f6b5c8f243)
[17:18:59.317] [INFO] [AutoTuneEventPublisher] Domain olayı yayınlandı: TelemetryWindowAccepted (Oturum: 27669b06-cd3e-4302-9a56-f9f6b5c8f243)
[17:18:59.317] [INFO] [AutoTuneEventPublisher] Domain olayı yayınlandı: SafetyViolation (Oturum: 27669b06-cd3e-4302-9a56-f9f6b5c8f243)
[17:18:59.317] [INFO] [AutoTuneEventPublisher] Domain olayı yayınlandı: DecisionCreated (Oturum: 27669b06-cd3e-4302-9a56-f9f6b5c8f243)
[17:18:59.317] [INFO] [CalibrationSnapshotManager] Snapshot oluşturuldu: 05d2e697-afd2-4fc9-8a11-0b43df16edc3, Hücre sayısı: 1
[17:18:59.318] [INFO] [CalibrationRecoveryManager] Bekleyen işlem kaydedildi: 716f6aea-ed13-4c07-9a2c-b99a931edef8
[17:18:59.320] [INFO] [CalibrationManager] Değişiklik kaydedildi: AFRTargetTable Hücre [3,4] [60 -> 15]
[17:18:59.321] [INFO] [CalibrationRecoveryManager] Bekleyen işlem temizlendi (başarılı commit).
[17:18:59.321] [INFO] [CalibrationStreamPublisher] Uygulanan değişiklik yayınlandı: Lambda adres: AFRTargetTable[3,4]
[17:18:59.321] [INFO] [AutoTuneEventPublisher] Domain olayı yayınlandı: MapChangeApplied (Oturum: 27669b06-cd3e-4302-9a56-f9f6b5c8f243)
[17:18:59.321] [INFO] [AutoTuneEventPublisher] Domain olayı yayınlandı: DecisionCreated (Oturum: 27669b06-cd3e-4302-9a56-f9f6b5c8f243)
[17:18:59.322] [INFO] [CalibrationSnapshotManager] Snapshot oluşturuldu: 1b7b5709-f501-4f09-bf73-f51f115df8d8, Hücre sayısı: 1
[17:18:59.323] [INFO] [CalibrationRecoveryManager] Bekleyen işlem kaydedildi: b740d0ba-3e5f-4cd0-b6ad-79c2a7020281
[17:18:59.324] [INFO] [CalibrationManager] Değişiklik kaydedildi: IgnitionTable Hücre [3,4] [15 -> 16]
[17:18:59.325] [INFO] [CalibrationRecoveryManager] Bekleyen işlem temizlendi (başarılı commit).
[17:18:59.325] [INFO] [CalibrationStreamPublisher] Uygulanan değişiklik yayınlandı: Ignition adres: IgnitionTable[3,4]
[17:18:59.326] [INFO] [AutoTuneEventPublisher] Domain olayı yayınlandı: MapChangeApplied (Oturum: 27669b06-cd3e-4302-9a56-f9f6b5c8f243)
[17:18:59.326] [INFO] [AutoTuneEventPublisher] Domain olayı yayınlandı: DecisionCreated (Oturum: 27669b06-cd3e-4302-9a56-f9f6b5c8f243)
[17:18:59.326] [INFO] [CalibrationSnapshotManager] Snapshot oluşturuldu: 0b81fd1f-dd51-4ff1-83b0-b6161c24a0c8, Hücre sayısı: 1
[17:18:59.327] [INFO] [CalibrationRecoveryManager] Bekleyen işlem kaydedildi: 447dca7a-3713-4f37-9d71-16407ef833bc
[17:18:59.328] [INFO] [CalibrationManager] Değişiklik kaydedildi: FuelVETable Hücre [3,4] [16 -> 60]
[17:18:59.329] [INFO] [CalibrationRecoveryManager] Bekleyen işlem temizlendi (başarılı commit).
[17:18:59.329] [INFO] [CalibrationStreamPublisher] Uygulanan değişiklik yayınlandı: VE adres: FuelVETable[3,4]
[17:18:59.329] [INFO] [AutoTuneEventPublisher] Domain olayı yayınlandı: MapChangeApplied (Oturum: 27669b06-cd3e-4302-9a56-f9f6b5c8f243)
[17:18:59.349] [INFO] [AutoTuneEventPublisher] Domain olayı yayınlandı: TelemetryWindowAccepted (Oturum: 27669b06-cd3e-4302-9a56-f9f6b5c8f243)
[17:18:59.349] [INFO] [AutoTuneEventPublisher] Domain olayı yayınlandı: SafetyViolation (Oturum: 27669b06-cd3e-4302-9a56-f9f6b5c8f243)
[17:18:59.349] [INFO] [AutoTuneEventPublisher] Domain olayı yayınlandı: DecisionCreated (Oturum: 27669b06-cd3e-4302-9a56-f9f6b5c8f243)
[17:18:59.349] [INFO] [CalibrationSnapshotManager] Snapshot oluşturuldu: 5a6edb7e-e7dd-447f-8834-07b75bd24e04, Hücre sayısı: 1
[17:18:59.350] [INFO] [CalibrationRecoveryManager] Bekleyen işlem kaydedildi: c56d2295-8f3a-4ac7-a479-5aa26a8fa893
[17:18:59.352] [INFO] [CalibrationManager] Değişiklik kaydedildi: AFRTargetTable Hücre [3,4] [60 -> 15]
[17:18:59.353] [INFO] [CalibrationRecoveryManager] Bekleyen işlem temizlendi (başarılı commit).
[17:18:59.353] [INFO] [CalibrationStreamPublisher] Uygulanan değişiklik yayınlandı: Lambda adres: AFRTargetTable[3,4]
[17:18:59.353] [INFO] [AutoTuneEventPublisher] Domain olayı yayınlandı: MapChangeApplied (Oturum: 27669b06-cd3e-4302-9a56-f9f6b5c8f243)
[17:18:59.354] [INFO] [AutoTuneEventPublisher] Domain olayı yayınlandı: DecisionCreated (Oturum: 27669b06-cd3e-4302-9a56-f9f6b5c8f243)
[17:18:59.354] [INFO] [CalibrationSnapshotManager] Snapshot oluşturuldu: c538dded-720e-4a8d-afb9-26663472fd66, Hücre sayısı: 1
[17:18:59.355] [INFO] [CalibrationRecoveryManager] Bekleyen işlem kaydedildi: cb002e9f-8a27-4da0-ab79-67e3932a41b6
[17:18:59.357] [INFO] [CalibrationManager] Değişiklik kaydedildi: IgnitionTable Hücre [3,4] [15 -> 16]
[17:18:59.357] [INFO] [CalibrationRecoveryManager] Bekleyen işlem temizlendi (başarılı commit).
[17:18:59.358] [INFO] [CalibrationStreamPublisher] Uygulanan değişiklik yayınlandı: Ignition adres: IgnitionTable[3,4]
[17:18:59.358] [INFO] [AutoTuneEventPublisher] Domain olayı yayınlandı: MapChangeApplied (Oturum: 27669b06-cd3e-4302-9a56-f9f6b5c8f243)
[17:18:59.358] [INFO] [AutoTuneEventPublisher] Domain olayı yayınlandı: DecisionCreated (Oturum: 27669b06-cd3e-4302-9a56-f9f6b5c8f243)
[17:18:59.358] [INFO] [CalibrationSnapshotManager] Snapshot oluşturuldu: 5f192ca5-b84e-4ad3-801f-c263df38223c, Hücre sayısı: 1
[17:18:59.359] [INFO] [CalibrationRecoveryManager] Bekleyen işlem kaydedildi: d7cd7643-a724-4037-affb-0dfd4aa6a7b7
[17:18:59.361] [INFO] [CalibrationManager] Değişiklik kaydedildi: FuelVETable Hücre [3,4] [16 -> 60]
[17:18:59.362] [INFO] [CalibrationRecoveryManager] Bekleyen işlem temizlendi (başarılı commit).
[17:18:59.362] [INFO] [CalibrationStreamPublisher] Uygulanan değişiklik yayınlandı: VE adres: FuelVETable[3,4]
[17:18:59.362] [INFO] [AutoTuneEventPublisher] Domain olayı yayınlandı: MapChangeApplied (Oturum: 27669b06-cd3e-4302-9a56-f9f6b5c8f243)
[17:18:59.383] [INFO] [AutoTuneEventPublisher] Domain olayı yayınlandı: TelemetryWindowAccepted (Oturum: 27669b06-cd3e-4302-9a56-f9f6b5c8f243)
[17:18:59.383] [INFO] [AutoTuneEventPublisher] Domain olayı yayınlandı: SafetyViolation (Oturum: 27669b06-cd3e-4302-9a56-f9f6b5c8f243)
[17:18:59.383] [INFO] [AutoTuneEventPublisher] Domain olayı yayınlandı: DecisionCreated (Oturum: 27669b06-cd3e-4302-9a56-f9f6b5c8f243)
[17:18:59.383] [INFO] [CalibrationSnapshotManager] Snapshot oluşturuldu: 61a1c423-9831-4318-8651-35c2ad2b6369, Hücre sayısı: 1
[17:18:59.385] [INFO] [CalibrationRecoveryManager] Bekleyen işlem kaydedildi: 3e87765e-c4da-4885-92c1-d38f64c71712
[17:18:59.386] [INFO] [CalibrationManager] Değişiklik kaydedildi: AFRTargetTable Hücre [3,4] [60 -> 15]
[17:18:59.387] [INFO] [CalibrationRecoveryManager] Bekleyen işlem temizlendi (başarılı commit).
[17:18:59.387] [INFO] [CalibrationStreamPublisher] Uygulanan değişiklik yayınlandı: Lambda adres: AFRTargetTable[3,4]
[17:18:59.387] [INFO] [AutoTuneEventPublisher] Domain olayı yayınlandı: MapChangeApplied (Oturum: 27669b06-cd3e-4302-9a56-f9f6b5c8f243)
[17:18:59.387] [INFO] [AutoTuneEventPublisher] Domain olayı yayınlandı: DecisionCreated (Oturum: 27669b06-cd3e-4302-9a56-f9f6b5c8f243)
[17:18:59.387] [INFO] [CalibrationSnapshotManager] Snapshot oluşturuldu: 31b7e1e7-84b4-49c2-a73a-43fa6a74d021, Hücre sayısı: 1
[17:18:59.389] [INFO] [CalibrationRecoveryManager] Bekleyen işlem kaydedildi: e03e90be-f0ec-4bbb-8741-9363372d439f
[17:18:59.390] [INFO] [CalibrationManager] Değişiklik kaydedildi: IgnitionTable Hücre [3,4] [15 -> 16]
[17:18:59.391] [INFO] [CalibrationRecoveryManager] Bekleyen işlem temizlendi (başarılı commit).
[17:18:59.391] [INFO] [CalibrationStreamPublisher] Uygulanan değişiklik yayınlandı: Ignition adres: IgnitionTable[3,4]
[17:18:59.392] [INFO] [AutoTuneEventPublisher] Domain olayı yayınlandı: MapChangeApplied (Oturum: 27669b06-cd3e-4302-9a56-f9f6b5c8f243)
[17:18:59.392] [INFO] [AutoTuneEventPublisher] Domain olayı yayınlandı: DecisionCreated (Oturum: 27669b06-cd3e-4302-9a56-f9f6b5c8f243)
[17:18:59.392] [INFO] [CalibrationSnapshotManager] Snapshot oluşturuldu: 4d494cd6-6588-435c-9414-189c83a356d8, Hücre sayısı: 1
[17:18:59.393] [INFO] [CalibrationRecoveryManager] Bekleyen işlem kaydedildi: ab7f750f-15f2-442d-8460-edb7c5cb9de8
[17:18:59.394] [INFO] [CalibrationManager] Değişiklik kaydedildi: FuelVETable Hücre [3,4] [16 -> 60]
[17:18:59.395] [INFO] [CalibrationRecoveryManager] Bekleyen işlem temizlendi (başarılı commit).
[17:18:59.396] [INFO] [CalibrationStreamPublisher] Uygulanan değişiklik yayınlandı: VE adres: FuelVETable[3,4]
[17:18:59.396] [INFO] [AutoTuneEventPublisher] Domain olayı yayınlandı: MapChangeApplied (Oturum: 27669b06-cd3e-4302-9a56-f9f6b5c8f243)
[17:18:59.413] [INFO] [AutoTuneEventPublisher] Domain olayı yayınlandı: TelemetryWindowAccepted (Oturum: 27669b06-cd3e-4302-9a56-f9f6b5c8f243)
[17:18:59.413] [INFO] [AutoTuneEventPublisher] Domain olayı yayınlandı: SafetyViolation (Oturum: 27669b06-cd3e-4302-9a56-f9f6b5c8f243)
[17:18:59.414] [INFO] [AutoTuneEventPublisher] Domain olayı yayınlandı: DecisionCreated (Oturum: 27669b06-cd3e-4302-9a56-f9f6b5c8f243)
[17:18:59.414] [INFO] [CalibrationSnapshotManager] Snapshot oluşturuldu: fce0ca19-3344-4e65-a32b-0692ef0d20ab, Hücre sayısı: 1
[17:18:59.415] [INFO] [CalibrationRecoveryManager] Bekleyen işlem kaydedildi: 87b573e1-9df2-4010-8f53-caf7e6bee8ae
[17:18:59.417] [INFO] [CalibrationManager] Değişiklik kaydedildi: AFRTargetTable Hücre [3,4] [60 -> 15]
[17:18:59.418] [INFO] [CalibrationRecoveryManager] Bekleyen işlem temizlendi (başarılı commit).
[17:18:59.418] [INFO] [CalibrationStreamPublisher] Uygulanan değişiklik yayınlandı: Lambda adres: AFRTargetTable[3,4]
[17:18:59.418] [INFO] [AutoTuneEventPublisher] Domain olayı yayınlandı: MapChangeApplied (Oturum: 27669b06-cd3e-4302-9a56-f9f6b5c8f243)
[17:18:59.418] [INFO] [AutoTuneEventPublisher] Domain olayı yayınlandı: DecisionCreated (Oturum: 27669b06-cd3e-4302-9a56-f9f6b5c8f243)
[17:18:59.418] [INFO] [CalibrationSnapshotManager] Snapshot oluşturuldu: 75c93155-b7ff-4ad1-becc-90b41caa879f, Hücre sayısı: 1
[17:18:59.419] [INFO] [CalibrationRecoveryManager] Bekleyen işlem kaydedildi: 025652bf-f422-4a5f-a756-6dd35ef517ae
[17:18:59.421] [INFO] [CalibrationManager] Değişiklik kaydedildi: IgnitionTable Hücre [3,4] [15 -> 16]
[17:18:59.422] [INFO] [CalibrationRecoveryManager] Bekleyen işlem temizlendi (başarılı commit).
[17:18:59.422] [INFO] [CalibrationStreamPublisher] Uygulanan değişiklik yayınlandı: Ignition adres: IgnitionTable[3,4]
[17:18:59.422] [INFO] [AutoTuneEventPublisher] Domain olayı yayınlandı: MapChangeApplied (Oturum: 27669b06-cd3e-4302-9a56-f9f6b5c8f243)
[17:18:59.422] [INFO] [AutoTuneEventPublisher] Domain olayı yayınlandı: DecisionCreated (Oturum: 27669b06-cd3e-4302-9a56-f9f6b5c8f243)
[17:18:59.423] [INFO] [CalibrationSnapshotManager] Snapshot oluşturuldu: 67f51725-e281-41b7-b567-5fdad822705a, Hücre sayısı: 1
[17:18:59.424] [INFO] [CalibrationRecoveryManager] Bekleyen işlem kaydedildi: 483c4750-4884-4535-ac80-d0f9d88730de
[17:18:59.426] [INFO] [CalibrationManager] Değişiklik kaydedildi: FuelVETable Hücre [3,4] [16 -> 60]
[17:18:59.426] [INFO] [CalibrationRecoveryManager] Bekleyen işlem temizlendi (başarılı commit).
[17:18:59.427] [INFO] [CalibrationStreamPublisher] Uygulanan değişiklik yayınlandı: VE adres: FuelVETable[3,4]
[17:18:59.427] [INFO] [AutoTuneEventPublisher] Domain olayı yayınlandı: MapChangeApplied (Oturum: 27669b06-cd3e-4302-9a56-f9f6b5c8f243)
[17:18:59.748] [INFO] [AutoTuneEventPublisher] Domain olayı yayınlandı: SessionStopped (Oturum: 27669b06-cd3e-4302-9a56-f9f6b5c8f243)
[17:18:59.955] [INFO] [TestHarness] Test tamamlandÄ±: 110 geÃ§ti, 0 kaldÄ±
[17:18:59.955] [WARNING] [RomIdentifier] ROM imzası hiçbir ECU profiliyle eşleşmedi.
[17:18:59.955] [INFO] [Program] Test sonuçları:
â•â•â•â•â•â•â•â•â•â•â•â•â•â•â•â•â•â•â•â•â•â•â•â•â•â•â•â•â•â•â•â•â•â•â•â•â•â•â•â•â•â•â•â•â•â•â•
  HONDATUNER â€” OTOMATÄ°K TEST SÃœÄ°TÄ°
â•â•â•â•â•â•â•â•â•â•â•â•â•â•â•â•â•â•â•â•â•â•â•â•â•â•â•â•â•â•â•â•â•â•â•â•â•â•â•â•â•â•â•â•â•â•â•

â”€â”€ ROM Testleri â”€â”€â”€â”€â”€â”€â”€â”€â”€â”€â”€â”€â”€â”€â”€â”€â”€â”€â”€â”€â”€â”€â”€â”€â”€â”€â”€â”€â”€â”€
  ✅ ROM Identifier â€” 32KB boÅŸ ROM tanÄ±ma
  ✅ ROM Identifier â€” yanlÄ±ÅŸ boyut reddi
  ✅ ROM Patch â€” doÄŸrulama ve uygulama
  ✅ ROM Patch â€” rollback geri yÃ¼kleme

â”€â”€ Kalibrasyon Testleri â”€â”€â”€â”€â”€â”€â”€â”€â”€â”€â”€â”€â”€â”€â”€â”€â”€â”€â”€â”€â”€â”€â”€
  ✅ Injector Scaling â€” 240â†’440cc
  ✅ Injector Scaling â€” clamp to 255
  ✅ Calibration Engine â€” Commit applies value to ROM buffer
  ✅ Calibration Engine â€” Rollback restores original values in ROM buffer
  ✅ Calibration Engine â€” Undo and Redo states are fully synchronized
  ✅ Calibration Engine â€” Safety validator rejects OOR Rev Limit changes

â”€â”€ Faz 4: Map Engine & Interpolation Testleri â”€â”€
  ✅ Map Engine â€” Cell write and read accuracy
  ✅ Map Engine â€” Scale factors conversion logic
  ✅ Map Engine â€” Invalid offset out-of-range bounds check
  ✅ Map Engine â€” Transaction commits, rollbacks, and Undo/Redo integration
  ✅ Interpolation â€” 4 neighbor bilinear cell weight sum equals exactly 1.0

â”€â”€ AutoTune GÃ¼venlik Testleri â”€â”€â”€â”€â”€â”€â”€â”€â”€â”€â”€â”€â”€â”€â”€â”€â”€
  ✅ AutoTune â€” dÃ¼ÅŸÃ¼k ECT reddi
  ✅ AutoTune â€” dÃ¼ÅŸÃ¼k batarya reddi
  ✅ AutoTune â€” dÃ¼zeltme kÄ±rpma (Â±12%)

── Faz 5: Checksum Engine & Safety Layer Testleri ──
  ✅ Checksum â€” Stock ROM passes validation
  ✅ Checksum â€” Corrupt byte fails validation
  ✅ Checksum â€” Map change updates checksum successfully
  ✅ Checksum â€” VerifyBeforeSave detects bad checksum and returns false
  ✅ Checksum â€” Reloaded ROM checksum is valid
  ✅ Checksum â€” Multiple regions validation is successful

── ROM Patch Engine v2 Testleri ──
  ✅ PatchEngine — Başarılı Yama Uygulama
  ✅ PatchEngine — Yanlış ExpectedBytes Koruması
  ✅ PatchEngine — Uyumsuz ECU Koruması
  ✅ PatchEngine — ROM Boyut Limiti Koruması
  ✅ PatchEngine — Yamayı Geri Alma (Rollback)
  ✅ PatchEngine — İşlem (Transaction) Commit Entegrasyonu
  ✅ PatchEngine — İşlem Geri Alma (Transaction Rollback)
  ✅ PatchEngine — Otomatik Checksum Güncelleme
  ✅ PatchEngine — Audit Loglama Kontrolü
  ✅ PatchEngine — Profil Destekli Yamaları Bulma

── Phase 7: Telemetry & Live Datalog Bus Engine Testleri ──
  ✅ Telemetry - Event Bus Publish & Subscribe
  ✅ Telemetry - Event Bus Metrics Kontrolü
  ✅ Telemetry - Kanalsal Matematiksel Formül Çözümleme
  ✅ Telemetry - Backpressure DropOldest Politikası
  ✅ Telemetry - Backpressure DropNewest Politikası
  ✅ Telemetry - Backpressure BlockPublisher Politikası
  ✅ Telemetry - Yapılandırma Dosya İzleyicisi (Hot Reload)
  ✅ Telemetry - Erişim Kontrolü Yetkilendirme Hiyerarşisi
  ✅ Telemetry - SystemClock Monotonic Ticks
  ✅ Telemetry - HighResolutionClock Performance Ticks
  ✅ Telemetry - ReplayClock Geri Oynatıcı Zaman Akışı
  ✅ Telemetry - Dairesel Bellek (RingBuffer) Kapasite Tanımı
  ✅ Telemetry - RingBuffer Aşımında Overwrite (FIFO Overlay)
  ✅ Telemetry - Moving Average Gürültü Azaltma Filtresi
  ✅ Telemetry - Median (Ortanca) Filtreleme
  ✅ Telemetry - LowPass Üstel Sinyal Yumuşatma
  ✅ Telemetry - HighPass Dalgalanma Odaklı Sinyal Filtresi
  ✅ Telemetry - MockProvider Canlı Veri Akış Simülasyonu
  ✅ Telemetry - Sağlık İzleme (HealthMonitor) Parametreleri
  ✅ Telemetry - HealthMonitor Bağlantı Kaybı Anomali Algılama
  ✅ Telemetry - Analiz Hattı (AnalyzerPipeline) Sıralı Çalışma
  ✅ Telemetry - Engine Profil Geçiş Yönetimi (Street -> Dyno)
  ✅ Telemetry - Engine Canlı Datalogging Yaşam Döngüsü
  ✅ Telemetry - GC Basıncını Azaltan Frame Nesne Havuzu
  ✅ Telemetry - Salt-Okunur (Immutable) Snaphsot Yapısı
  ✅ Telemetry - Multi-Thread Veri Giriş Stress Testi

── Phase 8: AutoTune Closed Loop Engine Testleri ──
  ✅ AutoTune - State transitions (Start, Pause, Resume, Stop) lifecycle verification
  ✅ AutoTune - Confidence score calculation under low deviation is high
  ✅ AutoTune - Confidence score calculation under high deviation is low
  ✅ AutoTune - Stable window filter standard deviation and length checks
  ✅ AutoTune - Config validator rejects JSON with missing target attributes
  ✅ AutoTune - Config validator rejects out of bounds parameter variables
  ✅ AutoTune - ParameterType safety enum structure check
  ✅ AutoTune - Session manager multi session conflict prevention
  ✅ AutoTune - Session manager releases lock and allows new allocation
  ✅ AutoTune - Recovery manager logs interrupt trace successfully to file
  ✅ AutoTune - Recovery manager restores trace and validates details
  ✅ AutoTune - Diff engine returns detailed comparison matrix values
  ✅ AutoTune - CSV Package export contains session identity and values
  ✅ AutoTune - Replay simulator matches telemetry lists deterministically
  ✅ AutoTune - SafetyRuleProvider loads dynamic rules successfully
  ✅ AutoTune - QualityScoreCalculator rates stoichiometric history cleanly near 100
  ✅ AutoTune - Telemetry loss pause and reconnect validation cycle
  ✅ AutoTune - Domain event emitter publishes valid structured transition events
  ✅ AutoTune - Calibration RTP stream publishing streams virtual changes
  ✅ AutoTune - Replay validation checks run determinism bounds
  ✅ AutoTune - Persistence layer correctly serializes state machine records and migrates schema V1 to V2
  ✅ AutoTune - Query service retrieves session lists correctly
  ✅ AutoTune - Command service issues control triggers successfully
  ✅ AutoTune - Hardware checks and SafeMode blocks writing calibrations
  ✅ AutoTune - Cell lock manager acquires, releases and traps conflicts

── Faz 9: RTP Emulator & Real-Time Calibration Engine Testleri ──
  ✅ RTP - Engine correctly registers and resolves from DI ServiceContainer
  ✅ RTP - Connection state machine cycles correctly through all states
  ✅ RTP - Transient write failures trigger automatic retries and recover successfully
  ✅ RTP - Consecutive calibration edits coalesce into a single block write
  ✅ RTP - Multi-threaded queue guarantees strict sequential write ordering
  ✅ RTP - Execution latency benchmark tracking meets target limits
  ✅ RTP - Engine sustains high-frequency (500+) update throughput stress
  ✅ RTP - Background sync worker terminates cleanly on CancellationToken request
  ✅ RTP - Hardware disconnect automatically halts sync and raises Faulted event
  ✅ RTP - Enforces read-back verification after writing values to emulator
  ✅ RTP - Idempotent synchronization ignores duplicate writes to target cells
  ✅ RTP - Backpressure policy DropOldest purges oldest queued changes under load
  ✅ RTP - Backpressure policy RejectNewest drops new updates under queue overflow
  ✅ RTP - Backpressure policy BlockProducer controls producer rates correctly
  ✅ RTP - Validation layer rejects bad config schema values at initialization
  ✅ RTP - Restores un-synced calibration state queue records on startup
  ✅ RTP - Synchronizes concurrently applied AutoTune decisions to hardware
  ✅ TestMetadata_SerializationAndValidation
  ✅ TestReverseEngineering_ExtractionAndDecompilation
  ✅ TestAdvancedFuelCorrections
  ✅ TestAdvancedIgnition_DecodingAndCalibration
  ✅ TestVtecAndBoostControl_LogicAndAlarms
  ✅ TestEngineProtection_SafetiesAndAlarms
  ✅ TestDiagnosticsAndProtocols_A2LAndFreezeFrames
  ✅ TestDynoLogsAndVersions_EstimationAndBranches

â•â•â•â•â•â•â•â•â•â•â•â•â•â•â•â•â•â•â•â•â•â•â•â•â•â•â•â•â•â•â•â•â•â•â•â•â•â•â•â•â•â•â•â•â•â•â•
  SONUÃ‡: 110 baÅŸarÄ±lÄ±, 0 baÅŸarÄ±sÄ±z
â•â•â•â•â•â•â•â•â•â•â•â•â•â•â•â•â•â•â•â•â•â•â•â•â•â•â•â•â•â•â•â•â•â•â•â•â•â•â•â•â•â•â•â•â•â•â•
[17:18:59.956] [INFO] [Program] Örnek ROM test sonuçları:
── Örnek ROM Test Çerçevesi ───────────────────
  ✅ Checksum offset geçerli
  ✅ Bozuk ROM reddedildi
  ✅ Fuel map sınırları geçerli
  ✅ Ignition map sınırları geçerli
  ✅ Tüm profiller 32KB ROM boyutu

  Sonuç: 5 geçti, 0 kaldı
