[16:48:38.177] [INFO] [RomIdentifier] ECU Tanımlandı: P06 (Confidence: %45,7)
[16:48:38.181] [WARNING] [RomIdentifier] ROM imzası hiçbir ECU profiliyle eşleşmedi.
[16:48:38.182] [INFO] [RomPatchManager] Yama uygulandı: TEST_PATCH_1 @ 0x000A
[16:48:38.182] [INFO] [RomPatchManager] Yama uygulandı: TEST_PATCH_ROLLBACK @ 0x000A
[16:48:38.183] [INFO] [RomPatchManager] Yama geri alındı: TEST_PATCH_ROLLBACK
[16:48:38.184] [INFO] [InjectorManager] Fuel haritası ölçeklendi: 240cc → 440cc (oran: 0,545)
[16:48:38.184] [INFO] [InjectorManager] Fuel haritası ölçeklendi: 440cc → 240cc (oran: 1,833)
[16:48:38.238] [INFO] [CalibrationManager] Değişiklik kaydedildi: Fuel Cell [0,0] [50 -> 60]
[16:48:38.239] [INFO] [CalibrationManager] Değişiklik kaydedildi: Fuel Cell [0,0] [50 -> 60]
[16:48:38.240] [INFO] [CalibrationManager] Değişiklik kaydedildi: Fuel Cell [0,0] [50 -> 75]
[16:48:38.247] [INFO] [CalibrationManager] Değişiklik kaydedildi: FuelMapTest Hücre [4,5] [0 -> 123]
[16:48:38.254] [INFO] [CalibrationManager] Değişiklik kaydedildi: FuelMapTest Hücre [0,0] [0 -> 125]
[16:48:38.262] [INFO] [CalibrationManager] Değişiklik kaydedildi: FuelMapTest Hücre [1,1] [0 -> 150]
[16:48:38.275] [INFO] [CalibrationManager] Değişiklik kaydedildi: FuelMapTest Hücre [1,1] [0 -> 150]
[16:48:38.291] [DEBUG] [AutoTuneValidator] Reddedildi [ECT_LOW]: Motor sıcaklığı düşük: 50°C < 72°C
[16:48:38.291] [DEBUG] [AutoTuneValidator] Reddedildi [BATT_LOW]: Batarya düşük: 10,5V < 12V
[16:48:38.314] [INFO] [EcuDatabaseManager] Toplam 8 dinamik ECU profili yüklendi.
[16:48:38.328] [INFO] [ChecksumTest] [TRACE-1] romBuffer[0]=00
[16:48:38.339] [INFO] [ChecksumTest] [TRACE-2] tempFile[0]=00
[16:48:38.340] [INFO] [ChecksumTest] [TRACE-3] loadedBuffer[0]=00
[16:48:38.341] [INFO] [ChecksumTest] [TRACE-4] beforeSaveBuffer[0]=00
[16:48:38.344] [INFO] [ChecksumTest] [TRACE-5] afterSaveParserBuffer[0]=00
[16:48:38.352] [INFO] [ChecksumTest] [TRACE-6] reloadedFile[0]=00
[16:48:38.362] [INFO] [CalibrationManager] Değişiklik kaydedildi: Patch.LaunchControl.Byte0 [144 -> 205]
[16:48:38.371] [INFO] [CalibrationManager] Değişiklik kaydedildi: Patch.LaunchControl.Byte1 [144 -> 25]
[16:48:38.373] [INFO] [PatchEngine] Yama başarıyla uygulandı: LaunchControl @ 0x1FB0
[16:48:38.380] [INFO] [CalibrationManager] Değişiklik kaydedildi: Patch.LaunchControl.Byte0 [144 -> 205]
[16:48:38.390] [INFO] [CalibrationManager] Değişiklik kaydedildi: Patch.LaunchControl.Byte1 [144 -> 25]
[16:48:38.392] [INFO] [PatchEngine] Yama başarıyla uygulandı: LaunchControl @ 0x1FB0
[16:48:38.405] [INFO] [CalibrationManager] Değişiklik kaydedildi: Patch.LaunchControl.Byte0 [205 -> 144]
[16:48:38.420] [INFO] [CalibrationManager] Değişiklik kaydedildi: Patch.LaunchControl.Byte1 [25 -> 144]
[16:48:38.422] [INFO] [PatchEngine] Yama başarıyla geri alındı (Rollback): LaunchControl
[16:48:38.433] [INFO] [CalibrationManager] Değişiklik kaydedildi: Patch.LaunchControl.Byte0 [144 -> 205]
[16:48:38.443] [INFO] [CalibrationManager] Değişiklik kaydedildi: Patch.LaunchControl.Byte1 [144 -> 25]
[16:48:38.445] [INFO] [PatchEngine] Yama başarıyla uygulandı: LaunchControl @ 0x1FB0
[16:48:38.455] [INFO] [CalibrationManager] Değişiklik kaydedildi: Patch.LaunchControl.Byte0 [144 -> 205]
[16:48:38.465] [INFO] [CalibrationManager] Değişiklik kaydedildi: Patch.LaunchControl.Byte1 [144 -> 25]
[16:48:38.467] [INFO] [PatchEngine] Yama başarıyla uygulandı: LaunchControl @ 0x1FB0
[16:48:38.480] [INFO] [CalibrationManager] Değişiklik kaydedildi: Patch.LaunchControl.Byte0 [144 -> 205]
[16:48:38.485] [INFO] [CalibrationManager] Değişiklik kaydedildi: Patch.LaunchControl.Byte1 [144 -> 25]
[16:48:38.487] [INFO] [PatchEngine] Yama başarıyla uygulandı: LaunchControl @ 0x1FB0
[16:48:38.496] [INFO] [CalibrationManager] Değişiklik kaydedildi: Patch.LaunchControl.Byte0 [144 -> 205]
[16:48:38.501] [INFO] [CalibrationManager] Değişiklik kaydedildi: Patch.LaunchControl.Byte1 [144 -> 25]
[16:48:38.503] [INFO] [PatchEngine] Yama başarıyla uygulandı: LaunchControl @ 0x1FB0
[16:48:39.684] [INFO] [AutoTuneSafetyManager] Güvenlik limitleri yüklendi. Etkin kural sayısı: 4
[16:48:39.685] [INFO] [AutoTuneEventPublisher] Domain olayı yayınlandı: SessionCreated (Oturum: 731b7229-8b54-4676-a8fe-41381de1c88f)
[16:48:39.685] [INFO] [AutoTuneEngine] Oturum başarıyla başlatıldı: 731b7229-8b54-4676-a8fe-41381de1c88f
[16:48:39.686] [INFO] [AutoTuneEventPublisher] Domain olayı yayınlandı: SessionPaused (Oturum: 731b7229-8b54-4676-a8fe-41381de1c88f)
[16:48:39.686] [INFO] [AutoTuneEventPublisher] Domain olayı yayınlandı: SessionResumed (Oturum: 731b7229-8b54-4676-a8fe-41381de1c88f)
[16:48:39.687] [INFO] [AutoTuneEventPublisher] Domain olayı yayınlandı: SessionStopped (Oturum: 731b7229-8b54-4676-a8fe-41381de1c88f)
[16:48:39.708] [INFO] [CalibrationRecoveryManager] Bekleyen işlem kaydedildi: TX-TEMP
[16:48:39.719] [INFO] [CalibrationRecoveryManager] Bekleyen işlem temizlendi (başarılı commit).
[16:48:39.720] [INFO] [CalibrationRecoveryManager] Bekleyen işlem kaydedildi: TX-TEMP2
[16:48:39.729] [INFO] [CalibrationRecoveryManager] Yarım kalmış işlem geri yükleniyor: TX-TEMP2
[16:48:39.730] [INFO] [CalibrationSnapshotManager] Snapshot geri yükleniyor: SNAP-TEMP2, Kurtarılacak hücre: 1
[16:48:39.730] [INFO] [CalibrationRecoveryManager] Bekleyen işlem temizlendi (başarılı commit).
[16:48:39.734] [INFO] [AutoTuneSafetyManager] Güvenlik limitleri yüklendi. Etkin kural sayısı: 4
[16:48:39.734] [INFO] [AutoTuneEventPublisher] Domain olayı yayınlandı: SessionCreated (Oturum: f9f3695f-8f14-4645-b55c-24c2f122505c)
[16:48:39.735] [INFO] [AutoTuneEngine] Oturum başarıyla başlatıldı: f9f3695f-8f14-4645-b55c-24c2f122505c
[16:48:39.735] [INFO] [AutoTuneEventPublisher] Domain olayı yayınlandı: SessionPaused (Oturum: f9f3695f-8f14-4645-b55c-24c2f122505c)
[16:48:39.736] [INFO] [AutoTuneEventPublisher] Domain olayı yayınlandı: SessionResumed (Oturum: f9f3695f-8f14-4645-b55c-24c2f122505c)
[16:48:39.736] [INFO] [AutoTuneEventPublisher] Domain olayı yayınlandı: SessionStopped (Oturum: f9f3695f-8f14-4645-b55c-24c2f122505c)
[16:48:39.736] [INFO] [AutoTuneSafetyManager] Güvenlik limitleri yüklendi. Etkin kural sayısı: 4
[16:48:39.737] [INFO] [AutoTuneEventPublisher] Domain olayı yayınlandı: SessionCreated (Oturum: e54456a3-145d-4a2c-aa0b-37033dd72daa)
[16:48:39.737] [INFO] [AutoTuneEngine] Oturum başarıyla başlatıldı: e54456a3-145d-4a2c-aa0b-37033dd72daa
[16:48:39.737] [INFO] [AutoTuneEventPublisher] Domain olayı yayınlandı: SessionStopped (Oturum: e54456a3-145d-4a2c-aa0b-37033dd72daa)
[16:48:39.737] [INFO] [AutoTuneSafetyManager] Güvenlik limitleri yüklendi. Etkin kural sayısı: 4
[16:48:39.738] [INFO] [AutoTuneEventPublisher] Domain olayı yayınlandı: SessionCreated (Oturum: 75692081-531c-43a7-a4b6-40eaad5bbdac)
[16:48:39.738] [INFO] [AutoTuneEngine] Oturum başarıyla başlatıldı: 75692081-531c-43a7-a4b6-40eaad5bbdac
[16:48:39.738] [INFO] [AutoTuneEventPublisher] Domain olayı yayınlandı: TelemetryWindowAccepted (Oturum: 75692081-531c-43a7-a4b6-40eaad5bbdac)
[16:48:39.742] [INFO] [AutoTuneEventPublisher] Domain olayı yayınlandı: DecisionCreated (Oturum: 75692081-531c-43a7-a4b6-40eaad5bbdac)
[16:48:39.744] [INFO] [CalibrationStreamPublisher] Uygulanan değişiklik yayınlandı: Fuel adres: FuelVETable[3,4]
[16:48:39.745] [INFO] [AutoTuneEventPublisher] Domain olayı yayınlandı: DecisionCreated (Oturum: 75692081-531c-43a7-a4b6-40eaad5bbdac)
[16:48:39.745] [INFO] [CalibrationStreamPublisher] Uygulanan değişiklik yayınlandı: Lambda adres: AFRTargetTable[3,4]
[16:48:39.746] [INFO] [AutoTuneEventPublisher] Domain olayı yayınlandı: DecisionCreated (Oturum: 75692081-531c-43a7-a4b6-40eaad5bbdac)
[16:48:39.746] [INFO] [CalibrationStreamPublisher] Uygulanan değişiklik yayınlandı: Ignition adres: IgnitionTable[3,4]
[16:48:39.747] [INFO] [AutoTuneEventPublisher] Domain olayı yayınlandı: DecisionCreated (Oturum: 75692081-531c-43a7-a4b6-40eaad5bbdac)
[16:48:39.747] [INFO] [CalibrationStreamPublisher] Uygulanan değişiklik yayınlandı: VE adres: FuelVETable[3,4]
[16:48:39.748] [INFO] [AutoTuneEventPublisher] Domain olayı yayınlandı: TelemetryWindowAccepted (Oturum: 75692081-531c-43a7-a4b6-40eaad5bbdac)
[16:48:39.748] [INFO] [AutoTuneEventPublisher] Domain olayı yayınlandı: DecisionCreated (Oturum: 75692081-531c-43a7-a4b6-40eaad5bbdac)
[16:48:39.748] [INFO] [CalibrationStreamPublisher] Uygulanan değişiklik yayınlandı: Fuel adres: FuelVETable[3,4]
[16:48:39.748] [INFO] [AutoTuneEventPublisher] Domain olayı yayınlandı: DecisionCreated (Oturum: 75692081-531c-43a7-a4b6-40eaad5bbdac)
[16:48:39.748] [INFO] [CalibrationStreamPublisher] Uygulanan değişiklik yayınlandı: Lambda adres: AFRTargetTable[3,4]
[16:48:39.749] [INFO] [AutoTuneEventPublisher] Domain olayı yayınlandı: DecisionCreated (Oturum: 75692081-531c-43a7-a4b6-40eaad5bbdac)
[16:48:39.749] [INFO] [CalibrationStreamPublisher] Uygulanan değişiklik yayınlandı: Ignition adres: IgnitionTable[3,4]
[16:48:39.749] [INFO] [AutoTuneEventPublisher] Domain olayı yayınlandı: DecisionCreated (Oturum: 75692081-531c-43a7-a4b6-40eaad5bbdac)
[16:48:39.749] [INFO] [CalibrationStreamPublisher] Uygulanan değişiklik yayınlandı: VE adres: FuelVETable[3,4]
[16:48:39.749] [INFO] [AutoTuneEventPublisher] Domain olayı yayınlandı: TelemetryWindowAccepted (Oturum: 75692081-531c-43a7-a4b6-40eaad5bbdac)
[16:48:39.749] [INFO] [AutoTuneEventPublisher] Domain olayı yayınlandı: DecisionCreated (Oturum: 75692081-531c-43a7-a4b6-40eaad5bbdac)
[16:48:39.750] [INFO] [CalibrationStreamPublisher] Uygulanan değişiklik yayınlandı: Fuel adres: FuelVETable[3,4]
[16:48:39.750] [INFO] [AutoTuneEventPublisher] Domain olayı yayınlandı: DecisionCreated (Oturum: 75692081-531c-43a7-a4b6-40eaad5bbdac)
[16:48:39.750] [INFO] [CalibrationStreamPublisher] Uygulanan değişiklik yayınlandı: Lambda adres: AFRTargetTable[3,4]
[16:48:39.750] [INFO] [AutoTuneEventPublisher] Domain olayı yayınlandı: DecisionCreated (Oturum: 75692081-531c-43a7-a4b6-40eaad5bbdac)
[16:48:39.750] [INFO] [CalibrationStreamPublisher] Uygulanan değişiklik yayınlandı: Ignition adres: IgnitionTable[3,4]
[16:48:39.750] [INFO] [AutoTuneEventPublisher] Domain olayı yayınlandı: DecisionCreated (Oturum: 75692081-531c-43a7-a4b6-40eaad5bbdac)
[16:48:39.750] [INFO] [CalibrationStreamPublisher] Uygulanan değişiklik yayınlandı: VE adres: FuelVETable[3,4]
[16:48:39.751] [INFO] [AutoTuneEventPublisher] Domain olayı yayınlandı: TelemetryWindowAccepted (Oturum: 75692081-531c-43a7-a4b6-40eaad5bbdac)
[16:48:39.751] [INFO] [AutoTuneEventPublisher] Domain olayı yayınlandı: DecisionCreated (Oturum: 75692081-531c-43a7-a4b6-40eaad5bbdac)
[16:48:39.751] [INFO] [CalibrationStreamPublisher] Uygulanan değişiklik yayınlandı: Fuel adres: FuelVETable[3,4]
[16:48:39.751] [INFO] [AutoTuneEventPublisher] Domain olayı yayınlandı: DecisionCreated (Oturum: 75692081-531c-43a7-a4b6-40eaad5bbdac)
[16:48:39.751] [INFO] [CalibrationStreamPublisher] Uygulanan değişiklik yayınlandı: Lambda adres: AFRTargetTable[3,4]
[16:48:39.751] [INFO] [AutoTuneEventPublisher] Domain olayı yayınlandı: DecisionCreated (Oturum: 75692081-531c-43a7-a4b6-40eaad5bbdac)
[16:48:39.751] [INFO] [CalibrationStreamPublisher] Uygulanan değişiklik yayınlandı: Ignition adres: IgnitionTable[3,4]
[16:48:39.751] [INFO] [AutoTuneEventPublisher] Domain olayı yayınlandı: DecisionCreated (Oturum: 75692081-531c-43a7-a4b6-40eaad5bbdac)
[16:48:39.751] [INFO] [CalibrationStreamPublisher] Uygulanan değişiklik yayınlandı: VE adres: FuelVETable[3,4]
[16:48:39.752] [INFO] [AutoTuneEventPublisher] Domain olayı yayınlandı: TelemetryWindowAccepted (Oturum: 75692081-531c-43a7-a4b6-40eaad5bbdac)
[16:48:39.752] [INFO] [AutoTuneEventPublisher] Domain olayı yayınlandı: DecisionCreated (Oturum: 75692081-531c-43a7-a4b6-40eaad5bbdac)
[16:48:39.752] [INFO] [CalibrationStreamPublisher] Uygulanan değişiklik yayınlandı: Fuel adres: FuelVETable[3,4]
[16:48:39.752] [INFO] [AutoTuneEventPublisher] Domain olayı yayınlandı: DecisionCreated (Oturum: 75692081-531c-43a7-a4b6-40eaad5bbdac)
[16:48:39.752] [INFO] [CalibrationStreamPublisher] Uygulanan değişiklik yayınlandı: Lambda adres: AFRTargetTable[3,4]
[16:48:39.752] [INFO] [AutoTuneEventPublisher] Domain olayı yayınlandı: DecisionCreated (Oturum: 75692081-531c-43a7-a4b6-40eaad5bbdac)
[16:48:39.752] [INFO] [CalibrationStreamPublisher] Uygulanan değişiklik yayınlandı: Ignition adres: IgnitionTable[3,4]
[16:48:39.752] [INFO] [AutoTuneEventPublisher] Domain olayı yayınlandı: DecisionCreated (Oturum: 75692081-531c-43a7-a4b6-40eaad5bbdac)
[16:48:39.753] [INFO] [CalibrationStreamPublisher] Uygulanan değişiklik yayınlandı: VE adres: FuelVETable[3,4]
[16:48:39.753] [INFO] [AutoTuneEventPublisher] Domain olayı yayınlandı: TelemetryWindowAccepted (Oturum: 75692081-531c-43a7-a4b6-40eaad5bbdac)
[16:48:39.753] [INFO] [AutoTuneEventPublisher] Domain olayı yayınlandı: DecisionCreated (Oturum: 75692081-531c-43a7-a4b6-40eaad5bbdac)
[16:48:39.753] [INFO] [CalibrationStreamPublisher] Uygulanan değişiklik yayınlandı: Fuel adres: FuelVETable[3,4]
[16:48:39.753] [INFO] [AutoTuneEventPublisher] Domain olayı yayınlandı: DecisionCreated (Oturum: 75692081-531c-43a7-a4b6-40eaad5bbdac)
[16:48:39.753] [INFO] [CalibrationStreamPublisher] Uygulanan değişiklik yayınlandı: Lambda adres: AFRTargetTable[3,4]
[16:48:39.753] [INFO] [AutoTuneEventPublisher] Domain olayı yayınlandı: DecisionCreated (Oturum: 75692081-531c-43a7-a4b6-40eaad5bbdac)
[16:48:39.754] [INFO] [CalibrationStreamPublisher] Uygulanan değişiklik yayınlandı: Ignition adres: IgnitionTable[3,4]
[16:48:39.754] [INFO] [AutoTuneEventPublisher] Domain olayı yayınlandı: DecisionCreated (Oturum: 75692081-531c-43a7-a4b6-40eaad5bbdac)
[16:48:39.754] [INFO] [CalibrationStreamPublisher] Uygulanan değişiklik yayınlandı: VE adres: FuelVETable[3,4]
[16:48:39.754] [INFO] [AutoTuneEventPublisher] Domain olayı yayınlandı: SessionStopped (Oturum: 75692081-531c-43a7-a4b6-40eaad5bbdac)
[16:48:39.758] [INFO] [AdaptiveMemory] V1 hafıza verisi V2 şemasına başarıyla taşındı. Toplam kayıt: 1
[16:48:39.758] [INFO] [AutoTuneSafetyManager] Güvenlik limitleri yüklendi. Etkin kural sayısı: 4
[16:48:39.758] [INFO] [AutoTuneEventPublisher] Domain olayı yayınlandı: SessionCreated (Oturum: 90370587-c66e-447b-9c41-7791e2bbdd73)
[16:48:39.759] [INFO] [AutoTuneEngine] Oturum başarıyla başlatıldı: 90370587-c66e-447b-9c41-7791e2bbdd73
[16:48:39.759] [INFO] [AutoTuneEventPublisher] Domain olayı yayınlandı: SessionStopped (Oturum: 90370587-c66e-447b-9c41-7791e2bbdd73)
[16:48:39.759] [INFO] [AutoTuneSafetyManager] Güvenlik limitleri yüklendi. Etkin kural sayısı: 4
[16:48:39.759] [INFO] [AutoTuneEventPublisher] Domain olayı yayınlandı: SessionCreated (Oturum: 96439249-8d6a-40d9-8702-a523fdc3af51)
[16:48:39.759] [INFO] [AutoTuneEngine] Oturum başarıyla başlatıldı: 96439249-8d6a-40d9-8702-a523fdc3af51
[16:48:39.760] [INFO] [AutoTuneEventPublisher] Domain olayı yayınlandı: SessionStopped (Oturum: 96439249-8d6a-40d9-8702-a523fdc3af51)
[16:48:39.761] [INFO] [RtpCalibrationEngine] Connecting to RTP emulator...
[16:48:39.762] [INFO] [RtpCalibrationEngine] RTP emulator connected successfully.
[16:48:39.762] [INFO] [RtpCalibrationEngine] Real-time synchronization active.
[16:48:39.762] [INFO] [RtpCalibrationEngine] Real-time synchronization paused.
[16:48:39.762] [INFO] [RtpCalibrationEngine] RTP Emulator disconnected.
[16:48:39.763] [INFO] [RtpCalibrationEngine] Connecting to RTP emulator...
[16:48:39.763] [INFO] [RtpCalibrationEngine] RTP emulator connected successfully.
[16:48:39.764] [INFO] [RtpCalibrationEngine] Real-time synchronization active.
[16:48:39.766] [INFO] [CalibrationManager] Değişiklik kaydedildi:  [ -> 99]
[16:48:39.969] [INFO] [RtpCalibrationEngine] Connecting to RTP emulator...
[16:48:39.970] [INFO] [RtpCalibrationEngine] RTP emulator connected successfully.
[16:48:39.972] [INFO] [CalibrationManager] Değişiklik kaydedildi:  [ -> 10]
[16:48:39.981] [INFO] [CalibrationManager] Değişiklik kaydedildi:  [ -> 11]
[16:48:39.992] [INFO] [CalibrationManager] Değişiklik kaydedildi:  [ -> 12]
[16:48:39.992] [INFO] [RtpCalibrationEngine] Real-time synchronization active.
[16:48:40.196] [INFO] [RtpCalibrationEngine] Connecting to RTP emulator...
[16:48:40.196] [INFO] [RtpCalibrationEngine] RTP emulator connected successfully.
[16:48:40.198] [INFO] [CalibrationManager] Değişiklik kaydedildi:  [ -> 1]
[16:48:40.199] [INFO] [CalibrationManager] Değişiklik kaydedildi:  [ -> 2]
[16:48:40.211] [INFO] [CalibrationManager] Değişiklik kaydedildi:  [ -> 3]
[16:48:40.211] [INFO] [RtpCalibrationEngine] Real-time synchronization active.
[16:48:40.414] [INFO] [RtpCalibrationEngine] Connecting to RTP emulator...
[16:48:40.415] [INFO] [RtpCalibrationEngine] RTP emulator connected successfully.
[16:48:40.415] [INFO] [RtpCalibrationEngine] Real-time synchronization active.
[16:48:40.417] [INFO] [CalibrationManager] Değişiklik kaydedildi:  [ -> 45]
[16:48:40.619] [INFO] [RtpCalibrationEngine] Connecting to RTP emulator...
[16:48:40.619] [INFO] [RtpCalibrationEngine] RTP emulator connected successfully.
[16:48:40.620] [INFO] [RtpCalibrationEngine] Real-time synchronization active.
[16:48:40.622] [INFO] [CalibrationManager] Değişiklik kaydedildi:  [ -> 5]
[16:48:40.623] [INFO] [CalibrationManager] Değişiklik kaydedildi:  [ -> 5]
[16:48:40.624] [INFO] [CalibrationManager] Değişiklik kaydedildi:  [ -> 5]
[16:48:40.626] [INFO] [CalibrationManager] Değişiklik kaydedildi:  [ -> 5]
[16:48:40.628] [INFO] [CalibrationManager] Değişiklik kaydedildi:  [ -> 5]
[16:48:40.629] [INFO] [CalibrationManager] Değişiklik kaydedildi:  [ -> 5]
[16:48:40.630] [INFO] [CalibrationManager] Değişiklik kaydedildi:  [ -> 5]
[16:48:40.632] [INFO] [CalibrationManager] Değişiklik kaydedildi:  [ -> 5]
[16:48:40.633] [INFO] [CalibrationManager] Değişiklik kaydedildi:  [ -> 5]
[16:48:40.634] [INFO] [CalibrationManager] Değişiklik kaydedildi:  [ -> 5]
[16:48:40.636] [INFO] [CalibrationManager] Değişiklik kaydedildi:  [ -> 5]
[16:48:40.640] [INFO] [CalibrationManager] Değişiklik kaydedildi:  [ -> 5]
[16:48:40.645] [INFO] [CalibrationManager] Değişiklik kaydedildi:  [ -> 5]
[16:48:40.646] [INFO] [CalibrationManager] Değişiklik kaydedildi:  [ -> 5]
[16:48:40.647] [INFO] [CalibrationManager] Değişiklik kaydedildi:  [ -> 5]
[16:48:40.649] [INFO] [CalibrationManager] Değişiklik kaydedildi:  [ -> 5]
[16:48:40.650] [INFO] [CalibrationManager] Değişiklik kaydedildi:  [ -> 5]
[16:48:40.652] [INFO] [CalibrationManager] Değişiklik kaydedildi:  [ -> 5]
[16:48:40.653] [INFO] [CalibrationManager] Değişiklik kaydedildi:  [ -> 5]
[16:48:40.654] [INFO] [CalibrationManager] Değişiklik kaydedildi:  [ -> 5]
[16:48:40.655] [INFO] [CalibrationManager] Değişiklik kaydedildi:  [ -> 5]
[16:48:40.656] [INFO] [CalibrationManager] Değişiklik kaydedildi:  [ -> 5]
[16:48:40.657] [INFO] [CalibrationManager] Değişiklik kaydedildi:  [ -> 5]
[16:48:40.658] [INFO] [CalibrationManager] Değişiklik kaydedildi:  [ -> 5]
[16:48:40.659] [INFO] [CalibrationManager] Değişiklik kaydedildi:  [ -> 5]
[16:48:40.661] [INFO] [CalibrationManager] Değişiklik kaydedildi:  [ -> 5]
[16:48:40.662] [INFO] [CalibrationManager] Değişiklik kaydedildi:  [ -> 5]
[16:48:40.663] [INFO] [CalibrationManager] Değişiklik kaydedildi:  [ -> 5]
[16:48:40.664] [INFO] [CalibrationManager] Değişiklik kaydedildi:  [ -> 5]
[16:48:40.666] [INFO] [CalibrationManager] Değişiklik kaydedildi:  [ -> 5]
[16:48:40.667] [INFO] [CalibrationManager] Değişiklik kaydedildi:  [ -> 5]
[16:48:40.668] [INFO] [CalibrationManager] Değişiklik kaydedildi:  [ -> 5]
[16:48:40.669] [INFO] [CalibrationManager] Değişiklik kaydedildi:  [ -> 5]
[16:48:40.671] [INFO] [CalibrationManager] Değişiklik kaydedildi:  [ -> 5]
[16:48:40.672] [INFO] [CalibrationManager] Değişiklik kaydedildi:  [ -> 5]
[16:48:40.673] [INFO] [CalibrationManager] Değişiklik kaydedildi:  [ -> 5]
[16:48:40.674] [INFO] [CalibrationManager] Değişiklik kaydedildi:  [ -> 5]
[16:48:40.675] [INFO] [CalibrationManager] Değişiklik kaydedildi:  [ -> 5]
[16:48:40.677] [INFO] [CalibrationManager] Değişiklik kaydedildi:  [ -> 5]
[16:48:40.678] [INFO] [CalibrationManager] Değişiklik kaydedildi:  [ -> 5]
[16:48:40.679] [INFO] [CalibrationManager] Değişiklik kaydedildi:  [ -> 5]
[16:48:40.680] [INFO] [CalibrationManager] Değişiklik kaydedildi:  [ -> 5]
[16:48:40.681] [INFO] [CalibrationManager] Değişiklik kaydedildi:  [ -> 5]
[16:48:40.688] [INFO] [CalibrationManager] Değişiklik kaydedildi:  [ -> 5]
[16:48:40.690] [INFO] [CalibrationManager] Değişiklik kaydedildi:  [ -> 5]
[16:48:40.691] [INFO] [CalibrationManager] Değişiklik kaydedildi:  [ -> 5]
[16:48:40.692] [INFO] [CalibrationManager] Değişiklik kaydedildi:  [ -> 5]
[16:48:40.693] [INFO] [CalibrationManager] Değişiklik kaydedildi:  [ -> 5]
[16:48:40.694] [INFO] [CalibrationManager] Değişiklik kaydedildi:  [ -> 5]
[16:48:40.696] [INFO] [CalibrationManager] Değişiklik kaydedildi:  [ -> 5]
[16:48:40.722] [INFO] [CalibrationManager] Değişiklik kaydedildi:  [ -> 5]
[16:48:40.724] [INFO] [CalibrationManager] Değişiklik kaydedildi:  [ -> 5]
[16:48:40.725] [INFO] [CalibrationManager] Değişiklik kaydedildi:  [ -> 5]
[16:48:40.727] [INFO] [CalibrationManager] Değişiklik kaydedildi:  [ -> 5]
[16:48:40.728] [INFO] [CalibrationManager] Değişiklik kaydedildi:  [ -> 5]
[16:48:40.729] [INFO] [CalibrationManager] Değişiklik kaydedildi:  [ -> 5]
[16:48:40.731] [INFO] [CalibrationManager] Değişiklik kaydedildi:  [ -> 5]
[16:48:40.734] [INFO] [CalibrationManager] Değişiklik kaydedildi:  [ -> 5]
[16:48:40.735] [INFO] [CalibrationManager] Değişiklik kaydedildi:  [ -> 5]
[16:48:40.737] [INFO] [CalibrationManager] Değişiklik kaydedildi:  [ -> 5]
[16:48:40.738] [INFO] [CalibrationManager] Değişiklik kaydedildi:  [ -> 5]
[16:48:40.739] [INFO] [CalibrationManager] Değişiklik kaydedildi:  [ -> 5]
[16:48:40.740] [INFO] [CalibrationManager] Değişiklik kaydedildi:  [ -> 5]
[16:48:40.742] [INFO] [CalibrationManager] Değişiklik kaydedildi:  [ -> 5]
[16:48:40.743] [INFO] [CalibrationManager] Değişiklik kaydedildi:  [ -> 5]
[16:48:40.744] [INFO] [CalibrationManager] Değişiklik kaydedildi:  [ -> 5]
[16:48:40.745] [INFO] [CalibrationManager] Değişiklik kaydedildi:  [ -> 5]
[16:48:40.746] [INFO] [CalibrationManager] Değişiklik kaydedildi:  [ -> 5]
[16:48:40.748] [INFO] [CalibrationManager] Değişiklik kaydedildi:  [ -> 5]
[16:48:40.749] [INFO] [CalibrationManager] Değişiklik kaydedildi:  [ -> 5]
[16:48:40.750] [INFO] [CalibrationManager] Değişiklik kaydedildi:  [ -> 5]
[16:48:40.751] [INFO] [CalibrationManager] Değişiklik kaydedildi:  [ -> 5]
[16:48:40.753] [INFO] [CalibrationManager] Değişiklik kaydedildi:  [ -> 5]
[16:48:40.754] [INFO] [CalibrationManager] Değişiklik kaydedildi:  [ -> 5]
[16:48:40.755] [INFO] [CalibrationManager] Değişiklik kaydedildi:  [ -> 5]
[16:48:40.756] [INFO] [CalibrationManager] Değişiklik kaydedildi:  [ -> 5]
[16:48:40.758] [INFO] [CalibrationManager] Değişiklik kaydedildi:  [ -> 5]
[16:48:40.759] [INFO] [CalibrationManager] Değişiklik kaydedildi:  [ -> 5]
[16:48:40.760] [INFO] [CalibrationManager] Değişiklik kaydedildi:  [ -> 5]
[16:48:40.761] [INFO] [CalibrationManager] Değişiklik kaydedildi:  [ -> 5]
[16:48:40.762] [INFO] [CalibrationManager] Değişiklik kaydedildi:  [ -> 5]
[16:48:40.763] [INFO] [CalibrationManager] Değişiklik kaydedildi:  [ -> 5]
[16:48:40.764] [INFO] [CalibrationManager] Değişiklik kaydedildi:  [ -> 5]
[16:48:40.766] [INFO] [CalibrationManager] Değişiklik kaydedildi:  [ -> 5]
[16:48:40.767] [INFO] [CalibrationManager] Değişiklik kaydedildi:  [ -> 5]
[16:48:40.768] [INFO] [CalibrationManager] Değişiklik kaydedildi:  [ -> 5]
[16:48:40.770] [INFO] [CalibrationManager] Değişiklik kaydedildi:  [ -> 5]
[16:48:40.771] [INFO] [CalibrationManager] Değişiklik kaydedildi:  [ -> 5]
[16:48:40.772] [INFO] [CalibrationManager] Değişiklik kaydedildi:  [ -> 5]
[16:48:40.774] [INFO] [CalibrationManager] Değişiklik kaydedildi:  [ -> 5]
[16:48:40.775] [INFO] [CalibrationManager] Değişiklik kaydedildi:  [ -> 5]
[16:48:40.776] [INFO] [CalibrationManager] Değişiklik kaydedildi:  [ -> 5]
[16:48:40.777] [INFO] [CalibrationManager] Değişiklik kaydedildi:  [ -> 5]
[16:48:40.778] [INFO] [CalibrationManager] Değişiklik kaydedildi:  [ -> 5]
[16:48:40.780] [INFO] [CalibrationManager] Değişiklik kaydedildi:  [ -> 5]
[16:48:40.781] [INFO] [CalibrationManager] Değişiklik kaydedildi:  [ -> 5]
[16:48:40.782] [INFO] [CalibrationManager] Değişiklik kaydedildi:  [ -> 5]
[16:48:40.783] [INFO] [CalibrationManager] Değişiklik kaydedildi:  [ -> 5]
[16:48:40.785] [INFO] [CalibrationManager] Değişiklik kaydedildi:  [ -> 5]
[16:48:40.786] [INFO] [CalibrationManager] Değişiklik kaydedildi:  [ -> 5]
[16:48:40.787] [INFO] [CalibrationManager] Değişiklik kaydedildi:  [ -> 5]
[16:48:40.788] [INFO] [CalibrationManager] Değişiklik kaydedildi:  [ -> 5]
[16:48:40.790] [INFO] [CalibrationManager] Değişiklik kaydedildi:  [ -> 5]
[16:48:40.792] [INFO] [CalibrationManager] Değişiklik kaydedildi:  [ -> 5]
[16:48:40.793] [INFO] [CalibrationManager] Değişiklik kaydedildi:  [ -> 5]
[16:48:40.795] [INFO] [CalibrationManager] Değişiklik kaydedildi:  [ -> 5]
[16:48:40.796] [INFO] [CalibrationManager] Değişiklik kaydedildi:  [ -> 5]
[16:48:40.797] [INFO] [CalibrationManager] Değişiklik kaydedildi:  [ -> 5]
[16:48:40.798] [INFO] [CalibrationManager] Değişiklik kaydedildi:  [ -> 5]
[16:48:40.799] [INFO] [CalibrationManager] Değişiklik kaydedildi:  [ -> 5]
[16:48:40.801] [INFO] [CalibrationManager] Değişiklik kaydedildi:  [ -> 5]
[16:48:40.802] [INFO] [CalibrationManager] Değişiklik kaydedildi:  [ -> 5]
[16:48:40.803] [INFO] [CalibrationManager] Değişiklik kaydedildi:  [ -> 5]
[16:48:40.804] [INFO] [CalibrationManager] Değişiklik kaydedildi:  [ -> 5]
[16:48:40.805] [INFO] [CalibrationManager] Değişiklik kaydedildi:  [ -> 5]
[16:48:40.806] [INFO] [CalibrationManager] Değişiklik kaydedildi:  [ -> 5]
[16:48:40.808] [INFO] [CalibrationManager] Değişiklik kaydedildi:  [ -> 5]
[16:48:40.809] [INFO] [CalibrationManager] Değişiklik kaydedildi:  [ -> 5]
[16:48:40.810] [INFO] [CalibrationManager] Değişiklik kaydedildi:  [ -> 5]
[16:48:40.811] [INFO] [CalibrationManager] Değişiklik kaydedildi:  [ -> 5]
[16:48:40.813] [INFO] [CalibrationManager] Değişiklik kaydedildi:  [ -> 5]
[16:48:40.814] [INFO] [CalibrationManager] Değişiklik kaydedildi:  [ -> 5]
[16:48:40.815] [INFO] [CalibrationManager] Değişiklik kaydedildi:  [ -> 5]
[16:48:40.817] [INFO] [CalibrationManager] Değişiklik kaydedildi:  [ -> 5]
[16:48:40.818] [INFO] [CalibrationManager] Değişiklik kaydedildi:  [ -> 5]
[16:48:40.819] [INFO] [CalibrationManager] Değişiklik kaydedildi:  [ -> 5]
[16:48:40.820] [INFO] [CalibrationManager] Değişiklik kaydedildi:  [ -> 5]
[16:48:40.821] [INFO] [CalibrationManager] Değişiklik kaydedildi:  [ -> 5]
[16:48:40.830] [INFO] [CalibrationManager] Değişiklik kaydedildi:  [ -> 5]
[16:48:40.847] [WARNING] [RtpCalibrationEngine] Could not save persistent sync queue: The process cannot access the file 'C:\Users\ayhan\OneDrive\Desktop\Canlı OBD2 Araç Telemetri Ekranı\HondaTuner\bin\Debug\net6.0-windows\Database\pending_rtp_queue.json' because it is being used by another process.
[16:48:40.847] [INFO] [CalibrationManager] Değişiklik kaydedildi:  [ -> 5]
[16:48:40.849] [INFO] [CalibrationManager] Değişiklik kaydedildi:  [ -> 5]
[16:48:40.850] [INFO] [CalibrationManager] Değişiklik kaydedildi:  [ -> 5]
[16:48:40.852] [INFO] [CalibrationManager] Değişiklik kaydedildi:  [ -> 5]
[16:48:40.853] [INFO] [CalibrationManager] Değişiklik kaydedildi:  [ -> 5]
[16:48:40.855] [INFO] [CalibrationManager] Değişiklik kaydedildi:  [ -> 5]
[16:48:40.856] [INFO] [CalibrationManager] Değişiklik kaydedildi:  [ -> 5]
[16:48:40.857] [INFO] [CalibrationManager] Değişiklik kaydedildi:  [ -> 5]
[16:48:40.858] [INFO] [CalibrationManager] Değişiklik kaydedildi:  [ -> 5]
[16:48:40.860] [INFO] [CalibrationManager] Değişiklik kaydedildi:  [ -> 5]
[16:48:40.861] [INFO] [CalibrationManager] Değişiklik kaydedildi:  [ -> 5]
[16:48:40.862] [INFO] [CalibrationManager] Değişiklik kaydedildi:  [ -> 5]
[16:48:40.864] [INFO] [CalibrationManager] Değişiklik kaydedildi:  [ -> 5]
[16:48:40.866] [INFO] [CalibrationManager] Değişiklik kaydedildi:  [ -> 5]
[16:48:40.867] [INFO] [CalibrationManager] Değişiklik kaydedildi:  [ -> 5]
[16:48:40.873] [INFO] [CalibrationManager] Değişiklik kaydedildi:  [ -> 5]
[16:48:40.874] [INFO] [CalibrationManager] Değişiklik kaydedildi:  [ -> 5]
[16:48:40.876] [INFO] [CalibrationManager] Değişiklik kaydedildi:  [ -> 5]
[16:48:40.877] [INFO] [CalibrationManager] Değişiklik kaydedildi:  [ -> 5]
[16:48:40.878] [INFO] [CalibrationManager] Değişiklik kaydedildi:  [ -> 5]
[16:48:40.879] [INFO] [CalibrationManager] Değişiklik kaydedildi:  [ -> 5]
[16:48:40.881] [INFO] [CalibrationManager] Değişiklik kaydedildi:  [ -> 5]
[16:48:40.882] [INFO] [CalibrationManager] Değişiklik kaydedildi:  [ -> 5]
[16:48:40.884] [INFO] [CalibrationManager] Değişiklik kaydedildi:  [ -> 5]
[16:48:40.885] [INFO] [CalibrationManager] Değişiklik kaydedildi:  [ -> 5]
[16:48:40.886] [INFO] [CalibrationManager] Değişiklik kaydedildi:  [ -> 5]
[16:48:40.888] [INFO] [CalibrationManager] Değişiklik kaydedildi:  [ -> 5]
[16:48:40.889] [INFO] [CalibrationManager] Değişiklik kaydedildi:  [ -> 5]
[16:48:40.890] [INFO] [CalibrationManager] Değişiklik kaydedildi:  [ -> 5]
[16:48:40.892] [INFO] [CalibrationManager] Değişiklik kaydedildi:  [ -> 5]
[16:48:40.893] [INFO] [CalibrationManager] Değişiklik kaydedildi:  [ -> 5]
[16:48:40.894] [INFO] [CalibrationManager] Değişiklik kaydedildi:  [ -> 5]
[16:48:40.896] [INFO] [CalibrationManager] Değişiklik kaydedildi:  [ -> 5]
[16:48:40.897] [INFO] [CalibrationManager] Değişiklik kaydedildi:  [ -> 5]
[16:48:40.898] [INFO] [CalibrationManager] Değişiklik kaydedildi:  [ -> 5]
[16:48:40.900] [INFO] [CalibrationManager] Değişiklik kaydedildi:  [ -> 5]
[16:48:40.901] [INFO] [CalibrationManager] Değişiklik kaydedildi:  [ -> 5]
[16:48:40.903] [INFO] [CalibrationManager] Değişiklik kaydedildi:  [ -> 5]
[16:48:40.904] [INFO] [CalibrationManager] Değişiklik kaydedildi:  [ -> 5]
[16:48:40.905] [INFO] [CalibrationManager] Değişiklik kaydedildi:  [ -> 5]
[16:48:40.907] [INFO] [CalibrationManager] Değişiklik kaydedildi:  [ -> 5]
[16:48:40.915] [WARNING] [RtpCalibrationEngine] Could not save persistent sync queue: The process cannot access the file 'C:\Users\ayhan\OneDrive\Desktop\Canlı OBD2 Araç Telemetri Ekranı\HondaTuner\bin\Debug\net6.0-windows\Database\pending_rtp_queue.json' because it is being used by another process.
[16:48:40.915] [INFO] [CalibrationManager] Değişiklik kaydedildi:  [ -> 5]
[16:48:40.916] [INFO] [CalibrationManager] Değişiklik kaydedildi:  [ -> 5]
[16:48:40.917] [INFO] [CalibrationManager] Değişiklik kaydedildi:  [ -> 5]
[16:48:40.919] [INFO] [CalibrationManager] Değişiklik kaydedildi:  [ -> 5]
[16:48:40.920] [INFO] [CalibrationManager] Değişiklik kaydedildi:  [ -> 5]
[16:48:40.922] [INFO] [CalibrationManager] Değişiklik kaydedildi:  [ -> 5]
[16:48:40.923] [INFO] [CalibrationManager] Değişiklik kaydedildi:  [ -> 5]
[16:48:40.924] [INFO] [CalibrationManager] Değişiklik kaydedildi:  [ -> 5]
[16:48:40.926] [INFO] [CalibrationManager] Değişiklik kaydedildi:  [ -> 5]
[16:48:40.927] [INFO] [CalibrationManager] Değişiklik kaydedildi:  [ -> 5]
[16:48:40.929] [INFO] [CalibrationManager] Değişiklik kaydedildi:  [ -> 5]
[16:48:40.930] [INFO] [CalibrationManager] Değişiklik kaydedildi:  [ -> 5]
[16:48:40.932] [INFO] [CalibrationManager] Değişiklik kaydedildi:  [ -> 5]
[16:48:40.933] [INFO] [CalibrationManager] Değişiklik kaydedildi:  [ -> 5]
[16:48:40.934] [INFO] [CalibrationManager] Değişiklik kaydedildi:  [ -> 5]
[16:48:40.936] [INFO] [CalibrationManager] Değişiklik kaydedildi:  [ -> 5]
[16:48:40.938] [INFO] [CalibrationManager] Değişiklik kaydedildi:  [ -> 5]
[16:48:40.939] [INFO] [CalibrationManager] Değişiklik kaydedildi:  [ -> 5]
[16:48:40.940] [INFO] [CalibrationManager] Değişiklik kaydedildi:  [ -> 5]
[16:48:40.942] [INFO] [CalibrationManager] Değişiklik kaydedildi:  [ -> 5]
[16:48:40.943] [INFO] [CalibrationManager] Değişiklik kaydedildi:  [ -> 5]
[16:48:40.944] [INFO] [CalibrationManager] Değişiklik kaydedildi:  [ -> 5]
[16:48:40.946] [INFO] [CalibrationManager] Değişiklik kaydedildi:  [ -> 5]
[16:48:40.947] [INFO] [CalibrationManager] Değişiklik kaydedildi:  [ -> 5]
[16:48:40.949] [INFO] [CalibrationManager] Değişiklik kaydedildi:  [ -> 5]
[16:48:40.950] [INFO] [CalibrationManager] Değişiklik kaydedildi:  [ -> 5]
[16:48:40.952] [INFO] [CalibrationManager] Değişiklik kaydedildi:  [ -> 5]
[16:48:40.953] [INFO] [CalibrationManager] Değişiklik kaydedildi:  [ -> 5]
[16:48:40.955] [INFO] [CalibrationManager] Değişiklik kaydedildi:  [ -> 5]
[16:48:40.957] [INFO] [CalibrationManager] Değişiklik kaydedildi:  [ -> 5]
[16:48:40.958] [INFO] [CalibrationManager] Değişiklik kaydedildi:  [ -> 5]
[16:48:40.960] [INFO] [CalibrationManager] Değişiklik kaydedildi:  [ -> 5]
[16:48:40.961] [INFO] [CalibrationManager] Değişiklik kaydedildi:  [ -> 5]
[16:48:40.962] [INFO] [CalibrationManager] Değişiklik kaydedildi:  [ -> 5]
[16:48:40.964] [INFO] [CalibrationManager] Değişiklik kaydedildi:  [ -> 5]
[16:48:40.965] [INFO] [CalibrationManager] Değişiklik kaydedildi:  [ -> 5]
[16:48:40.967] [INFO] [CalibrationManager] Değişiklik kaydedildi:  [ -> 5]
[16:48:40.968] [INFO] [CalibrationManager] Değişiklik kaydedildi:  [ -> 5]
[16:48:40.970] [INFO] [CalibrationManager] Değişiklik kaydedildi:  [ -> 5]
[16:48:40.971] [INFO] [CalibrationManager] Değişiklik kaydedildi:  [ -> 5]
[16:48:40.973] [INFO] [CalibrationManager] Değişiklik kaydedildi:  [ -> 5]
[16:48:40.974] [INFO] [CalibrationManager] Değişiklik kaydedildi:  [ -> 5]
[16:48:40.977] [INFO] [CalibrationManager] Değişiklik kaydedildi:  [ -> 5]
[16:48:40.978] [INFO] [CalibrationManager] Değişiklik kaydedildi:  [ -> 5]
[16:48:40.980] [INFO] [CalibrationManager] Değişiklik kaydedildi:  [ -> 5]
[16:48:40.982] [INFO] [CalibrationManager] Değişiklik kaydedildi:  [ -> 5]
[16:48:40.984] [INFO] [CalibrationManager] Değişiklik kaydedildi:  [ -> 5]
[16:48:40.985] [INFO] [CalibrationManager] Değişiklik kaydedildi:  [ -> 5]
[16:48:40.986] [INFO] [CalibrationManager] Değişiklik kaydedildi:  [ -> 5]
[16:48:40.988] [INFO] [CalibrationManager] Değişiklik kaydedildi:  [ -> 5]
[16:48:40.989] [INFO] [CalibrationManager] Değişiklik kaydedildi:  [ -> 5]
[16:48:40.991] [INFO] [CalibrationManager] Değişiklik kaydedildi:  [ -> 5]
[16:48:40.992] [INFO] [CalibrationManager] Değişiklik kaydedildi:  [ -> 5]
[16:48:40.994] [INFO] [CalibrationManager] Değişiklik kaydedildi:  [ -> 5]
[16:48:40.995] [INFO] [CalibrationManager] Değişiklik kaydedildi:  [ -> 5]
[16:48:40.997] [INFO] [CalibrationManager] Değişiklik kaydedildi:  [ -> 5]
[16:48:40.998] [INFO] [CalibrationManager] Değişiklik kaydedildi:  [ -> 5]
[16:48:41.000] [INFO] [CalibrationManager] Değişiklik kaydedildi:  [ -> 5]
[16:48:41.001] [INFO] [CalibrationManager] Değişiklik kaydedildi:  [ -> 5]
[16:48:41.002] [INFO] [CalibrationManager] Değişiklik kaydedildi:  [ -> 5]
[16:48:41.004] [INFO] [CalibrationManager] Değişiklik kaydedildi:  [ -> 5]
[16:48:41.005] [INFO] [CalibrationManager] Değişiklik kaydedildi:  [ -> 5]
[16:48:41.007] [INFO] [CalibrationManager] Değişiklik kaydedildi:  [ -> 5]
[16:48:41.008] [INFO] [CalibrationManager] Değişiklik kaydedildi:  [ -> 5]
[16:48:41.010] [INFO] [CalibrationManager] Değişiklik kaydedildi:  [ -> 5]
[16:48:41.011] [INFO] [CalibrationManager] Değişiklik kaydedildi:  [ -> 5]
[16:48:41.013] [INFO] [CalibrationManager] Değişiklik kaydedildi:  [ -> 5]
[16:48:41.014] [INFO] [CalibrationManager] Değişiklik kaydedildi:  [ -> 5]
[16:48:41.015] [INFO] [CalibrationManager] Değişiklik kaydedildi:  [ -> 5]
[16:48:41.017] [INFO] [CalibrationManager] Değişiklik kaydedildi:  [ -> 5]
[16:48:41.018] [INFO] [CalibrationManager] Değişiklik kaydedildi:  [ -> 5]
[16:48:41.020] [INFO] [CalibrationManager] Değişiklik kaydedildi:  [ -> 5]
[16:48:41.023] [INFO] [CalibrationManager] Değişiklik kaydedildi:  [ -> 5]
[16:48:41.024] [INFO] [CalibrationManager] Değişiklik kaydedildi:  [ -> 5]
[16:48:41.026] [INFO] [CalibrationManager] Değişiklik kaydedildi:  [ -> 5]
[16:48:41.027] [INFO] [CalibrationManager] Değişiklik kaydedildi:  [ -> 5]
[16:48:41.029] [INFO] [CalibrationManager] Değişiklik kaydedildi:  [ -> 5]
[16:48:41.030] [INFO] [CalibrationManager] Değişiklik kaydedildi:  [ -> 5]
[16:48:41.031] [INFO] [CalibrationManager] Değişiklik kaydedildi:  [ -> 5]
[16:48:41.033] [INFO] [CalibrationManager] Değişiklik kaydedildi:  [ -> 5]
[16:48:41.034] [INFO] [CalibrationManager] Değişiklik kaydedildi:  [ -> 5]
[16:48:41.036] [INFO] [CalibrationManager] Değişiklik kaydedildi:  [ -> 5]
[16:48:41.038] [INFO] [CalibrationManager] Değişiklik kaydedildi:  [ -> 5]
[16:48:41.039] [INFO] [CalibrationManager] Değişiklik kaydedildi:  [ -> 5]
[16:48:41.040] [INFO] [CalibrationManager] Değişiklik kaydedildi:  [ -> 5]
[16:48:41.042] [INFO] [CalibrationManager] Değişiklik kaydedildi:  [ -> 5]
[16:48:41.043] [INFO] [CalibrationManager] Değişiklik kaydedildi:  [ -> 5]
[16:48:41.045] [INFO] [CalibrationManager] Değişiklik kaydedildi:  [ -> 5]
[16:48:41.046] [INFO] [CalibrationManager] Değişiklik kaydedildi:  [ -> 5]
[16:48:41.048] [INFO] [CalibrationManager] Değişiklik kaydedildi:  [ -> 5]
[16:48:41.049] [INFO] [CalibrationManager] Değişiklik kaydedildi:  [ -> 5]
[16:48:41.051] [INFO] [CalibrationManager] Değişiklik kaydedildi:  [ -> 5]
[16:48:41.052] [INFO] [CalibrationManager] Değişiklik kaydedildi:  [ -> 5]
[16:48:41.054] [INFO] [CalibrationManager] Değişiklik kaydedildi:  [ -> 5]
[16:48:41.055] [INFO] [CalibrationManager] Değişiklik kaydedildi:  [ -> 5]
[16:48:41.056] [INFO] [CalibrationManager] Değişiklik kaydedildi:  [ -> 5]
[16:48:41.058] [INFO] [CalibrationManager] Değişiklik kaydedildi:  [ -> 5]
[16:48:41.059] [INFO] [CalibrationManager] Değişiklik kaydedildi:  [ -> 5]
[16:48:41.061] [INFO] [CalibrationManager] Değişiklik kaydedildi:  [ -> 5]
[16:48:41.063] [INFO] [CalibrationManager] Değişiklik kaydedildi:  [ -> 5]
[16:48:41.065] [INFO] [CalibrationManager] Değişiklik kaydedildi:  [ -> 5]
[16:48:41.067] [INFO] [CalibrationManager] Değişiklik kaydedildi:  [ -> 5]
[16:48:41.068] [INFO] [CalibrationManager] Değişiklik kaydedildi:  [ -> 5]
[16:48:41.069] [INFO] [CalibrationManager] Değişiklik kaydedildi:  [ -> 5]
[16:48:41.071] [INFO] [CalibrationManager] Değişiklik kaydedildi:  [ -> 5]
[16:48:41.072] [INFO] [CalibrationManager] Değişiklik kaydedildi:  [ -> 5]
[16:48:41.074] [INFO] [CalibrationManager] Değişiklik kaydedildi:  [ -> 5]
[16:48:41.075] [INFO] [CalibrationManager] Değişiklik kaydedildi:  [ -> 5]
[16:48:41.076] [INFO] [CalibrationManager] Değişiklik kaydedildi:  [ -> 5]
[16:48:41.078] [INFO] [CalibrationManager] Değişiklik kaydedildi:  [ -> 5]
[16:48:41.079] [INFO] [CalibrationManager] Değişiklik kaydedildi:  [ -> 5]
[16:48:41.081] [INFO] [CalibrationManager] Değişiklik kaydedildi:  [ -> 5]
[16:48:41.082] [INFO] [CalibrationManager] Değişiklik kaydedildi:  [ -> 5]
[16:48:41.084] [INFO] [CalibrationManager] Değişiklik kaydedildi:  [ -> 5]
[16:48:41.085] [INFO] [CalibrationManager] Değişiklik kaydedildi:  [ -> 5]
[16:48:41.086] [INFO] [CalibrationManager] Değişiklik kaydedildi:  [ -> 5]
[16:48:41.088] [INFO] [CalibrationManager] Değişiklik kaydedildi:  [ -> 5]
[16:48:41.089] [INFO] [CalibrationManager] Değişiklik kaydedildi:  [ -> 5]
[16:48:41.091] [INFO] [CalibrationManager] Değişiklik kaydedildi:  [ -> 5]
[16:48:41.092] [INFO] [CalibrationManager] Değişiklik kaydedildi:  [ -> 5]
[16:48:41.094] [INFO] [CalibrationManager] Değişiklik kaydedildi:  [ -> 5]
[16:48:41.096] [INFO] [CalibrationManager] Değişiklik kaydedildi:  [ -> 5]
[16:48:41.097] [INFO] [CalibrationManager] Değişiklik kaydedildi:  [ -> 5]
[16:48:41.099] [INFO] [CalibrationManager] Değişiklik kaydedildi:  [ -> 5]
[16:48:41.101] [INFO] [CalibrationManager] Değişiklik kaydedildi:  [ -> 5]
[16:48:41.102] [INFO] [CalibrationManager] Değişiklik kaydedildi:  [ -> 5]
[16:48:41.104] [INFO] [CalibrationManager] Değişiklik kaydedildi:  [ -> 5]
[16:48:41.105] [INFO] [CalibrationManager] Değişiklik kaydedildi:  [ -> 5]
[16:48:41.107] [INFO] [CalibrationManager] Değişiklik kaydedildi:  [ -> 5]
[16:48:41.108] [INFO] [CalibrationManager] Değişiklik kaydedildi:  [ -> 5]
[16:48:41.110] [INFO] [CalibrationManager] Değişiklik kaydedildi:  [ -> 5]
[16:48:41.111] [INFO] [CalibrationManager] Değişiklik kaydedildi:  [ -> 5]
[16:48:41.113] [INFO] [CalibrationManager] Değişiklik kaydedildi:  [ -> 5]
[16:48:41.114] [INFO] [CalibrationManager] Değişiklik kaydedildi:  [ -> 5]
[16:48:41.116] [INFO] [CalibrationManager] Değişiklik kaydedildi:  [ -> 5]
[16:48:41.117] [INFO] [CalibrationManager] Değişiklik kaydedildi:  [ -> 5]
[16:48:41.119] [INFO] [CalibrationManager] Değişiklik kaydedildi:  [ -> 5]
[16:48:41.120] [INFO] [CalibrationManager] Değişiklik kaydedildi:  [ -> 5]
[16:48:41.122] [INFO] [CalibrationManager] Değişiklik kaydedildi:  [ -> 5]
[16:48:41.123] [INFO] [CalibrationManager] Değişiklik kaydedildi:  [ -> 5]
[16:48:41.125] [INFO] [CalibrationManager] Değişiklik kaydedildi:  [ -> 5]
[16:48:41.126] [INFO] [CalibrationManager] Değişiklik kaydedildi:  [ -> 5]
[16:48:41.128] [INFO] [CalibrationManager] Değişiklik kaydedildi:  [ -> 5]
[16:48:41.129] [INFO] [CalibrationManager] Değişiklik kaydedildi:  [ -> 5]
[16:48:41.131] [INFO] [CalibrationManager] Değişiklik kaydedildi:  [ -> 5]
[16:48:41.132] [INFO] [CalibrationManager] Değişiklik kaydedildi:  [ -> 5]
[16:48:41.134] [INFO] [CalibrationManager] Değişiklik kaydedildi:  [ -> 5]
[16:48:41.137] [INFO] [CalibrationManager] Değişiklik kaydedildi:  [ -> 5]
[16:48:41.138] [INFO] [CalibrationManager] Değişiklik kaydedildi:  [ -> 5]
[16:48:41.140] [INFO] [CalibrationManager] Değişiklik kaydedildi:  [ -> 5]
[16:48:41.141] [INFO] [CalibrationManager] Değişiklik kaydedildi:  [ -> 5]
[16:48:41.143] [INFO] [CalibrationManager] Değişiklik kaydedildi:  [ -> 5]
[16:48:41.144] [INFO] [CalibrationManager] Değişiklik kaydedildi:  [ -> 5]
[16:48:41.145] [INFO] [CalibrationManager] Değişiklik kaydedildi:  [ -> 5]
[16:48:41.147] [INFO] [CalibrationManager] Değişiklik kaydedildi:  [ -> 5]
[16:48:41.148] [INFO] [CalibrationManager] Değişiklik kaydedildi:  [ -> 5]
[16:48:41.150] [INFO] [CalibrationManager] Değişiklik kaydedildi:  [ -> 5]
[16:48:41.151] [INFO] [CalibrationManager] Değişiklik kaydedildi:  [ -> 5]
[16:48:41.153] [INFO] [CalibrationManager] Değişiklik kaydedildi:  [ -> 5]
[16:48:41.154] [INFO] [CalibrationManager] Değişiklik kaydedildi:  [ -> 5]
[16:48:41.156] [INFO] [CalibrationManager] Değişiklik kaydedildi:  [ -> 5]
[16:48:41.157] [INFO] [CalibrationManager] Değişiklik kaydedildi:  [ -> 5]
[16:48:41.159] [INFO] [CalibrationManager] Değişiklik kaydedildi:  [ -> 5]
[16:48:41.160] [INFO] [CalibrationManager] Değişiklik kaydedildi:  [ -> 5]
[16:48:41.162] [INFO] [CalibrationManager] Değişiklik kaydedildi:  [ -> 5]
[16:48:41.163] [INFO] [CalibrationManager] Değişiklik kaydedildi:  [ -> 5]
[16:48:41.165] [INFO] [CalibrationManager] Değişiklik kaydedildi:  [ -> 5]
[16:48:41.166] [INFO] [CalibrationManager] Değişiklik kaydedildi:  [ -> 5]
[16:48:41.168] [INFO] [CalibrationManager] Değişiklik kaydedildi:  [ -> 5]
[16:48:41.170] [INFO] [CalibrationManager] Değişiklik kaydedildi:  [ -> 5]
[16:48:41.172] [INFO] [CalibrationManager] Değişiklik kaydedildi:  [ -> 5]
[16:48:41.173] [INFO] [CalibrationManager] Değişiklik kaydedildi:  [ -> 5]
[16:48:41.175] [INFO] [CalibrationManager] Değişiklik kaydedildi:  [ -> 5]
[16:48:41.176] [INFO] [CalibrationManager] Değişiklik kaydedildi:  [ -> 5]
[16:48:41.178] [INFO] [CalibrationManager] Değişiklik kaydedildi:  [ -> 5]
[16:48:41.179] [INFO] [CalibrationManager] Değişiklik kaydedildi:  [ -> 5]
[16:48:41.181] [INFO] [CalibrationManager] Değişiklik kaydedildi:  [ -> 5]
[16:48:41.182] [INFO] [CalibrationManager] Değişiklik kaydedildi:  [ -> 5]
[16:48:41.184] [INFO] [CalibrationManager] Değişiklik kaydedildi:  [ -> 5]
[16:48:41.186] [INFO] [CalibrationManager] Değişiklik kaydedildi:  [ -> 5]
[16:48:41.187] [INFO] [CalibrationManager] Değişiklik kaydedildi:  [ -> 5]
[16:48:41.189] [INFO] [CalibrationManager] Değişiklik kaydedildi:  [ -> 5]
[16:48:41.190] [INFO] [CalibrationManager] Değişiklik kaydedildi:  [ -> 5]
[16:48:41.192] [INFO] [CalibrationManager] Değişiklik kaydedildi:  [ -> 5]
[16:48:41.194] [INFO] [CalibrationManager] Değişiklik kaydedildi:  [ -> 5]
[16:48:41.195] [INFO] [CalibrationManager] Değişiklik kaydedildi:  [ -> 5]
[16:48:41.197] [INFO] [CalibrationManager] Değişiklik kaydedildi:  [ -> 5]
[16:48:41.198] [INFO] [CalibrationManager] Değişiklik kaydedildi:  [ -> 5]
[16:48:41.200] [INFO] [CalibrationManager] Değişiklik kaydedildi:  [ -> 5]
[16:48:41.202] [INFO] [CalibrationManager] Değişiklik kaydedildi:  [ -> 5]
[16:48:41.205] [INFO] [CalibrationManager] Değişiklik kaydedildi:  [ -> 5]
[16:48:41.206] [INFO] [CalibrationManager] Değişiklik kaydedildi:  [ -> 5]
[16:48:41.208] [INFO] [CalibrationManager] Değişiklik kaydedildi:  [ -> 5]
[16:48:41.209] [INFO] [CalibrationManager] Değişiklik kaydedildi:  [ -> 5]
[16:48:41.211] [INFO] [CalibrationManager] Değişiklik kaydedildi:  [ -> 5]
[16:48:41.212] [INFO] [CalibrationManager] Değişiklik kaydedildi:  [ -> 5]
[16:48:41.213] [INFO] [CalibrationManager] Değişiklik kaydedildi:  [ -> 5]
[16:48:41.215] [INFO] [CalibrationManager] Değişiklik kaydedildi:  [ -> 5]
[16:48:41.216] [INFO] [CalibrationManager] Değişiklik kaydedildi:  [ -> 5]
[16:48:41.218] [INFO] [CalibrationManager] Değişiklik kaydedildi:  [ -> 5]
[16:48:41.220] [INFO] [CalibrationManager] Değişiklik kaydedildi:  [ -> 5]
[16:48:41.221] [INFO] [CalibrationManager] Değişiklik kaydedildi:  [ -> 5]
[16:48:41.223] [INFO] [CalibrationManager] Değişiklik kaydedildi:  [ -> 5]
[16:48:41.224] [INFO] [CalibrationManager] Değişiklik kaydedildi:  [ -> 5]
[16:48:41.226] [INFO] [CalibrationManager] Değişiklik kaydedildi:  [ -> 5]
[16:48:41.227] [INFO] [CalibrationManager] Değişiklik kaydedildi:  [ -> 5]
[16:48:41.229] [INFO] [CalibrationManager] Değişiklik kaydedildi:  [ -> 5]
[16:48:41.231] [INFO] [CalibrationManager] Değişiklik kaydedildi:  [ -> 5]
[16:48:41.232] [INFO] [CalibrationManager] Değişiklik kaydedildi:  [ -> 5]
[16:48:41.234] [INFO] [CalibrationManager] Değişiklik kaydedildi:  [ -> 5]
[16:48:41.236] [INFO] [CalibrationManager] Değişiklik kaydedildi:  [ -> 5]
[16:48:41.238] [INFO] [CalibrationManager] Değişiklik kaydedildi:  [ -> 5]
[16:48:41.239] [INFO] [CalibrationManager] Değişiklik kaydedildi:  [ -> 5]
[16:48:41.241] [INFO] [CalibrationManager] Değişiklik kaydedildi:  [ -> 5]
[16:48:41.242] [INFO] [CalibrationManager] Değişiklik kaydedildi:  [ -> 5]
[16:48:41.244] [INFO] [CalibrationManager] Değişiklik kaydedildi:  [ -> 5]
[16:48:41.246] [INFO] [CalibrationManager] Değişiklik kaydedildi:  [ -> 5]
[16:48:41.247] [INFO] [CalibrationManager] Değişiklik kaydedildi:  [ -> 5]
[16:48:41.249] [INFO] [CalibrationManager] Değişiklik kaydedildi:  [ -> 5]
[16:48:41.250] [INFO] [CalibrationManager] Değişiklik kaydedildi:  [ -> 5]
[16:48:41.252] [INFO] [CalibrationManager] Değişiklik kaydedildi:  [ -> 5]
[16:48:41.253] [INFO] [CalibrationManager] Değişiklik kaydedildi:  [ -> 5]
[16:48:41.255] [INFO] [CalibrationManager] Değişiklik kaydedildi:  [ -> 5]
[16:48:41.256] [INFO] [CalibrationManager] Değişiklik kaydedildi:  [ -> 5]
[16:48:41.258] [INFO] [CalibrationManager] Değişiklik kaydedildi:  [ -> 5]
[16:48:41.259] [INFO] [CalibrationManager] Değişiklik kaydedildi:  [ -> 5]
[16:48:41.261] [INFO] [CalibrationManager] Değişiklik kaydedildi:  [ -> 5]
[16:48:41.263] [INFO] [CalibrationManager] Değişiklik kaydedildi:  [ -> 5]
[16:48:41.264] [INFO] [CalibrationManager] Değişiklik kaydedildi:  [ -> 5]
[16:48:41.267] [INFO] [CalibrationManager] Değişiklik kaydedildi:  [ -> 5]
[16:48:41.268] [INFO] [CalibrationManager] Değişiklik kaydedildi:  [ -> 5]
[16:48:41.270] [INFO] [CalibrationManager] Değişiklik kaydedildi:  [ -> 5]
[16:48:41.271] [INFO] [CalibrationManager] Değişiklik kaydedildi:  [ -> 5]
[16:48:41.273] [INFO] [CalibrationManager] Değişiklik kaydedildi:  [ -> 5]
[16:48:41.274] [INFO] [CalibrationManager] Değişiklik kaydedildi:  [ -> 5]
[16:48:41.276] [INFO] [CalibrationManager] Değişiklik kaydedildi:  [ -> 5]
[16:48:41.277] [INFO] [CalibrationManager] Değişiklik kaydedildi:  [ -> 5]
[16:48:41.279] [INFO] [CalibrationManager] Değişiklik kaydedildi:  [ -> 5]
[16:48:41.280] [INFO] [CalibrationManager] Değişiklik kaydedildi:  [ -> 5]
[16:48:41.282] [INFO] [CalibrationManager] Değişiklik kaydedildi:  [ -> 5]
[16:48:41.283] [INFO] [CalibrationManager] Değişiklik kaydedildi:  [ -> 5]
[16:48:41.285] [INFO] [CalibrationManager] Değişiklik kaydedildi:  [ -> 5]
[16:48:41.286] [INFO] [CalibrationManager] Değişiklik kaydedildi:  [ -> 5]
[16:48:41.288] [INFO] [CalibrationManager] Değişiklik kaydedildi:  [ -> 5]
[16:48:41.289] [INFO] [CalibrationManager] Değişiklik kaydedildi:  [ -> 5]
[16:48:41.291] [INFO] [CalibrationManager] Değişiklik kaydedildi:  [ -> 5]
[16:48:41.292] [INFO] [CalibrationManager] Değişiklik kaydedildi:  [ -> 5]
[16:48:41.295] [INFO] [CalibrationManager] Değişiklik kaydedildi:  [ -> 5]
[16:48:41.296] [INFO] [CalibrationManager] Değişiklik kaydedildi:  [ -> 5]
[16:48:41.298] [INFO] [CalibrationManager] Değişiklik kaydedildi:  [ -> 5]
[16:48:41.299] [INFO] [CalibrationManager] Değişiklik kaydedildi:  [ -> 5]
[16:48:41.301] [INFO] [CalibrationManager] Değişiklik kaydedildi:  [ -> 5]
[16:48:41.303] [INFO] [CalibrationManager] Değişiklik kaydedildi:  [ -> 5]
[16:48:41.304] [INFO] [CalibrationManager] Değişiklik kaydedildi:  [ -> 5]
[16:48:41.306] [INFO] [CalibrationManager] Değişiklik kaydedildi:  [ -> 5]
[16:48:41.307] [INFO] [CalibrationManager] Değişiklik kaydedildi:  [ -> 5]
[16:48:41.309] [INFO] [CalibrationManager] Değişiklik kaydedildi:  [ -> 5]
[16:48:41.310] [INFO] [CalibrationManager] Değişiklik kaydedildi:  [ -> 5]
[16:48:41.318] [WARNING] [RtpCalibrationEngine] Could not save persistent sync queue: The process cannot access the file 'C:\Users\ayhan\OneDrive\Desktop\Canlı OBD2 Araç Telemetri Ekranı\HondaTuner\bin\Debug\net6.0-windows\Database\pending_rtp_queue.json' because it is being used by another process.
[16:48:41.318] [INFO] [CalibrationManager] Değişiklik kaydedildi:  [ -> 5]
[16:48:41.320] [INFO] [CalibrationManager] Değişiklik kaydedildi:  [ -> 5]
[16:48:41.321] [INFO] [CalibrationManager] Değişiklik kaydedildi:  [ -> 5]
[16:48:41.323] [INFO] [CalibrationManager] Değişiklik kaydedildi:  [ -> 5]
[16:48:41.324] [INFO] [CalibrationManager] Değişiklik kaydedildi:  [ -> 5]
[16:48:41.326] [INFO] [CalibrationManager] Değişiklik kaydedildi:  [ -> 5]
[16:48:41.328] [INFO] [CalibrationManager] Değişiklik kaydedildi:  [ -> 5]
[16:48:41.330] [INFO] [CalibrationManager] Değişiklik kaydedildi:  [ -> 5]
[16:48:41.332] [INFO] [CalibrationManager] Değişiklik kaydedildi:  [ -> 5]
[16:48:41.333] [INFO] [CalibrationManager] Değişiklik kaydedildi:  [ -> 5]
[16:48:41.335] [INFO] [CalibrationManager] Değişiklik kaydedildi:  [ -> 5]
[16:48:41.336] [INFO] [CalibrationManager] Değişiklik kaydedildi:  [ -> 5]
[16:48:41.338] [INFO] [CalibrationManager] Değişiklik kaydedildi:  [ -> 5]
[16:48:41.339] [INFO] [CalibrationManager] Değişiklik kaydedildi:  [ -> 5]
[16:48:41.341] [INFO] [CalibrationManager] Değişiklik kaydedildi:  [ -> 5]
[16:48:41.342] [INFO] [CalibrationManager] Değişiklik kaydedildi:  [ -> 5]
[16:48:41.344] [INFO] [CalibrationManager] Değişiklik kaydedildi:  [ -> 5]
[16:48:41.345] [INFO] [CalibrationManager] Değişiklik kaydedildi:  [ -> 5]
[16:48:41.347] [INFO] [CalibrationManager] Değişiklik kaydedildi:  [ -> 5]
[16:48:41.348] [INFO] [CalibrationManager] Değişiklik kaydedildi:  [ -> 5]
[16:48:41.350] [INFO] [CalibrationManager] Değişiklik kaydedildi:  [ -> 5]
[16:48:41.352] [INFO] [CalibrationManager] Değişiklik kaydedildi:  [ -> 5]
[16:48:41.353] [INFO] [CalibrationManager] Değişiklik kaydedildi:  [ -> 5]
[16:48:41.355] [INFO] [CalibrationManager] Değişiklik kaydedildi:  [ -> 5]
[16:48:41.357] [INFO] [CalibrationManager] Değişiklik kaydedildi:  [ -> 5]
[16:48:41.359] [INFO] [CalibrationManager] Değişiklik kaydedildi:  [ -> 5]
[16:48:41.360] [INFO] [CalibrationManager] Değişiklik kaydedildi:  [ -> 5]
[16:48:41.361] [INFO] [CalibrationManager] Değişiklik kaydedildi:  [ -> 5]
[16:48:41.363] [INFO] [CalibrationManager] Değişiklik kaydedildi:  [ -> 5]
[16:48:41.365] [INFO] [CalibrationManager] Değişiklik kaydedildi:  [ -> 5]
[16:48:41.366] [INFO] [CalibrationManager] Değişiklik kaydedildi:  [ -> 5]
[16:48:41.367] [INFO] [CalibrationManager] Değişiklik kaydedildi:  [ -> 5]
[16:48:41.369] [INFO] [CalibrationManager] Değişiklik kaydedildi:  [ -> 5]
[16:48:41.371] [INFO] [CalibrationManager] Değişiklik kaydedildi:  [ -> 5]
[16:48:41.372] [INFO] [CalibrationManager] Değişiklik kaydedildi:  [ -> 5]
[16:48:41.374] [INFO] [CalibrationManager] Değişiklik kaydedildi:  [ -> 5]
[16:48:41.375] [INFO] [CalibrationManager] Değişiklik kaydedildi:  [ -> 5]
[16:48:41.377] [INFO] [CalibrationManager] Değişiklik kaydedildi:  [ -> 5]
[16:48:41.378] [INFO] [CalibrationManager] Değişiklik kaydedildi:  [ -> 5]
[16:48:41.380] [INFO] [CalibrationManager] Değişiklik kaydedildi:  [ -> 5]
[16:48:41.382] [INFO] [CalibrationManager] Değişiklik kaydedildi:  [ -> 5]
[16:48:41.384] [INFO] [CalibrationManager] Değişiklik kaydedildi:  [ -> 5]
[16:48:41.385] [INFO] [CalibrationManager] Değişiklik kaydedildi:  [ -> 5]
[16:48:41.387] [INFO] [CalibrationManager] Değişiklik kaydedildi:  [ -> 5]
[16:48:41.388] [INFO] [CalibrationManager] Değişiklik kaydedildi:  [ -> 5]
[16:48:41.390] [INFO] [CalibrationManager] Değişiklik kaydedildi:  [ -> 5]
[16:48:41.391] [INFO] [CalibrationManager] Değişiklik kaydedildi:  [ -> 5]
[16:48:41.393] [INFO] [CalibrationManager] Değişiklik kaydedildi:  [ -> 5]
[16:48:41.394] [INFO] [CalibrationManager] Değişiklik kaydedildi:  [ -> 5]
[16:48:41.396] [INFO] [CalibrationManager] Değişiklik kaydedildi:  [ -> 5]
[16:48:41.397] [INFO] [CalibrationManager] Değişiklik kaydedildi:  [ -> 5]
[16:48:41.399] [INFO] [CalibrationManager] Değişiklik kaydedildi:  [ -> 5]
[16:48:41.400] [INFO] [CalibrationManager] Değişiklik kaydedildi:  [ -> 5]
[16:48:41.402] [INFO] [CalibrationManager] Değişiklik kaydedildi:  [ -> 5]
[16:48:41.404] [INFO] [CalibrationManager] Değişiklik kaydedildi:  [ -> 5]
[16:48:41.405] [INFO] [CalibrationManager] Değişiklik kaydedildi:  [ -> 5]
[16:48:41.408] [INFO] [CalibrationManager] Değişiklik kaydedildi:  [ -> 5]
[16:48:41.409] [INFO] [CalibrationManager] Değişiklik kaydedildi:  [ -> 5]
[16:48:41.411] [INFO] [CalibrationManager] Değişiklik kaydedildi:  [ -> 5]
[16:48:41.412] [INFO] [CalibrationManager] Değişiklik kaydedildi:  [ -> 5]
[16:48:41.414] [INFO] [CalibrationManager] Değişiklik kaydedildi:  [ -> 5]
[16:48:41.416] [INFO] [CalibrationManager] Değişiklik kaydedildi:  [ -> 5]
[16:48:41.417] [INFO] [CalibrationManager] Değişiklik kaydedildi:  [ -> 5]
[16:48:41.419] [INFO] [CalibrationManager] Değişiklik kaydedildi:  [ -> 5]
[16:48:41.421] [INFO] [CalibrationManager] Değişiklik kaydedildi:  [ -> 5]
[16:48:41.423] [INFO] [CalibrationManager] Değişiklik kaydedildi:  [ -> 5]
[16:48:41.424] [INFO] [CalibrationManager] Değişiklik kaydedildi:  [ -> 5]
[16:48:41.426] [INFO] [CalibrationManager] Değişiklik kaydedildi:  [ -> 5]
[16:48:41.427] [INFO] [CalibrationManager] Değişiklik kaydedildi:  [ -> 5]
[16:48:41.429] [INFO] [CalibrationManager] Değişiklik kaydedildi:  [ -> 5]
[16:48:41.431] [INFO] [CalibrationManager] Değişiklik kaydedildi:  [ -> 5]
[16:48:41.433] [INFO] [CalibrationManager] Değişiklik kaydedildi:  [ -> 5]
[16:48:41.834] [INFO] [RtpCalibrationEngine] Connecting to RTP emulator...
[16:48:41.835] [INFO] [RtpCalibrationEngine] RTP emulator connected successfully.
[16:48:41.835] [INFO] [RtpCalibrationEngine] Real-time synchronization active.
[16:48:41.835] [INFO] [RtpCalibrationEngine] Connecting to RTP emulator...
[16:48:41.835] [INFO] [RtpCalibrationEngine] RTP emulator connected successfully.
[16:48:41.836] [INFO] [RtpCalibrationEngine] Real-time synchronization active.
[16:48:41.838] [INFO] [CalibrationManager] Değişiklik kaydedildi:  [ -> 55]
[16:48:41.906] [ERROR] [RtpCalibrationEngine] Batch write execution failed: Batch block verification write failed: Simulated block write exception
[16:48:42.041] [INFO] [RtpCalibrationEngine] Connecting to RTP emulator...
[16:48:42.041] [INFO] [RtpCalibrationEngine] RTP emulator connected successfully.
[16:48:42.042] [INFO] [RtpCalibrationEngine] Real-time synchronization active.
[16:48:42.044] [INFO] [CalibrationManager] Değişiklik kaydedildi:  [ -> 88]
[16:48:42.133] [ERROR] [RtpCalibrationEngine] Batch write execution failed: Batch block verification write failed: Batch block verify mismatch at relative index 0. Expected: 88, Actual: 167
[16:48:42.261] [INFO] [RtpCalibrationEngine] Connecting to RTP emulator...
[16:48:42.261] [INFO] [RtpCalibrationEngine] RTP emulator connected successfully.
[16:48:42.261] [INFO] [RtpCalibrationEngine] Real-time synchronization active.
[16:48:42.264] [INFO] [CalibrationManager] Değişiklik kaydedildi:  [ -> 22]
[16:48:42.367] [INFO] [CalibrationManager] Değişiklik kaydedildi:  [ -> 22]
[16:48:42.477] [INFO] [CalibrationManager] Değişiklik kaydedildi:  [ -> 0]
[16:48:42.487] [INFO] [CalibrationManager] Değişiklik kaydedildi:  [ -> 1]
[16:48:42.497] [INFO] [CalibrationManager] Değişiklik kaydedildi:  [ -> 2]
[16:48:42.510] [INFO] [CalibrationManager] Değişiklik kaydedildi:  [ -> 3]
[16:48:42.520] [INFO] [CalibrationManager] Değişiklik kaydedildi:  [ -> 4]
[16:48:42.540] [INFO] [CalibrationManager] Değişiklik kaydedildi:  [ -> 5]
[16:48:42.548] [INFO] [CalibrationManager] Değişiklik kaydedildi:  [ -> 6]
[16:48:42.553] [INFO] [CalibrationManager] Değişiklik kaydedildi:  [ -> 0]
[16:48:42.560] [INFO] [CalibrationManager] Değişiklik kaydedildi:  [ -> 1]
[16:48:42.570] [INFO] [CalibrationManager] Değişiklik kaydedildi:  [ -> 2]
[16:48:42.577] [INFO] [CalibrationManager] Değişiklik kaydedildi:  [ -> 3]
[16:48:42.586] [INFO] [CalibrationManager] Değişiklik kaydedildi:  [ -> 4]
[16:48:42.594] [INFO] [CalibrationManager] Değişiklik kaydedildi:  [ -> 5]
[16:48:42.600] [INFO] [CalibrationManager] Değişiklik kaydedildi:  [ -> 6]
[16:48:42.604] [INFO] [CalibrationManager] Değişiklik kaydedildi:  [ -> 0]
[16:48:42.615] [INFO] [CalibrationManager] Değişiklik kaydedildi:  [ -> 1]
[16:48:42.620] [INFO] [CalibrationManager] Değişiklik kaydedildi:  [ -> 2]
[16:48:42.627] [INFO] [CalibrationManager] Değişiklik kaydedildi:  [ -> 3]
[16:48:42.633] [INFO] [CalibrationManager] Değişiklik kaydedildi:  [ -> 4]
[16:48:42.743] [INFO] [CalibrationManager] Değişiklik kaydedildi:  [ -> 5]
[16:48:42.850] [INFO] [CalibrationManager] Değişiklik kaydedildi:  [ -> 6]
[16:48:42.853] [ERROR] [RtpCalibrationEngine] RTP Configuration validation failed: Retry count must be between 0 and 10. (Parameter 'RetryCount')
[16:48:42.856] [INFO] [RtpCalibrationEngine] Recovered 1 pending changes from persistent queue on disk.
[16:48:42.880] [INFO] [RtpCalibrationEngine] Connecting to RTP emulator...
[16:48:42.880] [INFO] [RtpCalibrationEngine] RTP emulator connected successfully.
[16:48:42.880] [INFO] [RtpCalibrationEngine] Real-time synchronization active.
[16:48:42.890] [INFO] [AutoTuneSafetyManager] Güvenlik limitleri yüklendi. Etkin kural sayısı: 4
[16:48:42.890] [INFO] [AutoTuneEventPublisher] Domain olayı yayınlandı: SessionCreated (Oturum: 7b51016c-6153-4f70-94c6-12e75269d7f0)
[16:48:42.890] [INFO] [AutoTuneEngine] Oturum başarıyla başlatıldı: 7b51016c-6153-4f70-94c6-12e75269d7f0
[16:48:43.019] [INFO] [AutoTuneEventPublisher] Domain olayı yayınlandı: TelemetryWindowAccepted (Oturum: 7b51016c-6153-4f70-94c6-12e75269d7f0)
[16:48:43.019] [INFO] [AutoTuneEventPublisher] Domain olayı yayınlandı: SafetyViolation (Oturum: 7b51016c-6153-4f70-94c6-12e75269d7f0)
[16:48:43.020] [INFO] [AutoTuneEventPublisher] Domain olayı yayınlandı: DecisionCreated (Oturum: 7b51016c-6153-4f70-94c6-12e75269d7f0)
[16:48:43.020] [INFO] [CalibrationSnapshotManager] Snapshot oluşturuldu: 3c6edb8b-c8cd-4693-af31-77d77ddaba87, Hücre sayısı: 1
[16:48:43.022] [INFO] [CalibrationRecoveryManager] Bekleyen işlem kaydedildi: 4825fa80-b510-4a85-8043-7b40b4acf294
[16:48:43.024] [INFO] [CalibrationManager] Değişiklik kaydedildi: AFRTargetTable Hücre [3,4] [0 -> 15]
[16:48:43.025] [INFO] [CalibrationRecoveryManager] Bekleyen işlem temizlendi (başarılı commit).
[16:48:43.025] [INFO] [CalibrationStreamPublisher] Uygulanan değişiklik yayınlandı: Lambda adres: AFRTargetTable[3,4]
[16:48:43.025] [INFO] [AutoTuneEventPublisher] Domain olayı yayınlandı: MapChangeApplied (Oturum: 7b51016c-6153-4f70-94c6-12e75269d7f0)
[16:48:43.025] [INFO] [AutoTuneEventPublisher] Domain olayı yayınlandı: DecisionCreated (Oturum: 7b51016c-6153-4f70-94c6-12e75269d7f0)
[16:48:43.026] [INFO] [CalibrationSnapshotManager] Snapshot oluşturuldu: 238a4ddf-3738-4657-8051-037a0928659e, Hücre sayısı: 1
[16:48:43.027] [INFO] [CalibrationRecoveryManager] Bekleyen işlem kaydedildi: b6bd9d5e-39c1-418a-aa05-90ccb7aea6dc
[16:48:43.028] [INFO] [CalibrationManager] Değişiklik kaydedildi: IgnitionTable Hücre [3,4] [15 -> 16]
[16:48:43.029] [INFO] [CalibrationRecoveryManager] Bekleyen işlem temizlendi (başarılı commit).
[16:48:43.029] [INFO] [CalibrationStreamPublisher] Uygulanan değişiklik yayınlandı: Ignition adres: IgnitionTable[3,4]
[16:48:43.030] [INFO] [AutoTuneEventPublisher] Domain olayı yayınlandı: MapChangeApplied (Oturum: 7b51016c-6153-4f70-94c6-12e75269d7f0)
[16:48:43.030] [INFO] [AutoTuneEventPublisher] Domain olayı yayınlandı: DecisionCreated (Oturum: 7b51016c-6153-4f70-94c6-12e75269d7f0)
[16:48:43.030] [INFO] [CalibrationSnapshotManager] Snapshot oluşturuldu: 54ad1ce4-ce39-45f4-8bb6-0ddd139111a7, Hücre sayısı: 1
[16:48:43.032] [INFO] [CalibrationRecoveryManager] Bekleyen işlem kaydedildi: 789aa936-2d44-4e8e-9d47-8ce9c1a4bc96
[16:48:43.034] [INFO] [CalibrationManager] Değişiklik kaydedildi: FuelVETable Hücre [3,4] [16 -> 60]
[16:48:43.035] [INFO] [CalibrationRecoveryManager] Bekleyen işlem temizlendi (başarılı commit).
[16:48:43.035] [INFO] [CalibrationStreamPublisher] Uygulanan değişiklik yayınlandı: VE adres: FuelVETable[3,4]
[16:48:43.035] [INFO] [AutoTuneEventPublisher] Domain olayı yayınlandı: MapChangeApplied (Oturum: 7b51016c-6153-4f70-94c6-12e75269d7f0)
[16:48:43.046] [INFO] [AutoTuneEventPublisher] Domain olayı yayınlandı: TelemetryWindowAccepted (Oturum: 7b51016c-6153-4f70-94c6-12e75269d7f0)
[16:48:43.047] [INFO] [AutoTuneEventPublisher] Domain olayı yayınlandı: SafetyViolation (Oturum: 7b51016c-6153-4f70-94c6-12e75269d7f0)
[16:48:43.047] [INFO] [AutoTuneEventPublisher] Domain olayı yayınlandı: DecisionCreated (Oturum: 7b51016c-6153-4f70-94c6-12e75269d7f0)
[16:48:43.047] [INFO] [CalibrationSnapshotManager] Snapshot oluşturuldu: f7105198-2917-4d51-9ced-0342b99865a0, Hücre sayısı: 1
[16:48:43.048] [INFO] [CalibrationRecoveryManager] Bekleyen işlem kaydedildi: 3f63841a-a4e3-490d-996d-1af3cb518ad3
[16:48:43.050] [INFO] [CalibrationManager] Değişiklik kaydedildi: AFRTargetTable Hücre [3,4] [60 -> 15]
[16:48:43.051] [INFO] [CalibrationRecoveryManager] Bekleyen işlem temizlendi (başarılı commit).
[16:48:43.051] [INFO] [CalibrationStreamPublisher] Uygulanan değişiklik yayınlandı: Lambda adres: AFRTargetTable[3,4]
[16:48:43.051] [INFO] [AutoTuneEventPublisher] Domain olayı yayınlandı: MapChangeApplied (Oturum: 7b51016c-6153-4f70-94c6-12e75269d7f0)
[16:48:43.051] [INFO] [AutoTuneEventPublisher] Domain olayı yayınlandı: DecisionCreated (Oturum: 7b51016c-6153-4f70-94c6-12e75269d7f0)
[16:48:43.051] [INFO] [CalibrationSnapshotManager] Snapshot oluşturuldu: 0cfd863e-7f79-4126-adb8-f80bc48628a9, Hücre sayısı: 1
[16:48:43.052] [INFO] [CalibrationRecoveryManager] Bekleyen işlem kaydedildi: fd7f9358-a071-4af5-90b0-05b306bde738
[16:48:43.056] [INFO] [CalibrationManager] Değişiklik kaydedildi: IgnitionTable Hücre [3,4] [15 -> 16]
[16:48:43.057] [INFO] [CalibrationRecoveryManager] Bekleyen işlem temizlendi (başarılı commit).
[16:48:43.057] [INFO] [CalibrationStreamPublisher] Uygulanan değişiklik yayınlandı: Ignition adres: IgnitionTable[3,4]
[16:48:43.057] [INFO] [AutoTuneEventPublisher] Domain olayı yayınlandı: MapChangeApplied (Oturum: 7b51016c-6153-4f70-94c6-12e75269d7f0)
[16:48:43.057] [INFO] [AutoTuneEventPublisher] Domain olayı yayınlandı: DecisionCreated (Oturum: 7b51016c-6153-4f70-94c6-12e75269d7f0)
[16:48:43.057] [INFO] [CalibrationSnapshotManager] Snapshot oluşturuldu: a8145578-11e8-40e5-8d08-e6d563a3da80, Hücre sayısı: 1
[16:48:43.058] [INFO] [CalibrationRecoveryManager] Bekleyen işlem kaydedildi: 9390ce53-a56d-47d9-a263-23f41cceaea9
[16:48:43.060] [INFO] [CalibrationManager] Değişiklik kaydedildi: FuelVETable Hücre [3,4] [16 -> 60]
[16:48:43.061] [INFO] [CalibrationRecoveryManager] Bekleyen işlem temizlendi (başarılı commit).
[16:48:43.061] [INFO] [CalibrationStreamPublisher] Uygulanan değişiklik yayınlandı: VE adres: FuelVETable[3,4]
[16:48:43.061] [INFO] [AutoTuneEventPublisher] Domain olayı yayınlandı: MapChangeApplied (Oturum: 7b51016c-6153-4f70-94c6-12e75269d7f0)
[16:48:43.078] [INFO] [AutoTuneEventPublisher] Domain olayı yayınlandı: TelemetryWindowAccepted (Oturum: 7b51016c-6153-4f70-94c6-12e75269d7f0)
[16:48:43.078] [INFO] [AutoTuneEventPublisher] Domain olayı yayınlandı: SafetyViolation (Oturum: 7b51016c-6153-4f70-94c6-12e75269d7f0)
[16:48:43.078] [INFO] [AutoTuneEventPublisher] Domain olayı yayınlandı: DecisionCreated (Oturum: 7b51016c-6153-4f70-94c6-12e75269d7f0)
[16:48:43.079] [INFO] [CalibrationSnapshotManager] Snapshot oluşturuldu: e9f80d28-7208-4703-8359-f9cc83a0e211, Hücre sayısı: 1
[16:48:43.080] [INFO] [CalibrationRecoveryManager] Bekleyen işlem kaydedildi: b693a914-7aa4-4350-b454-6b62524d4b72
[16:48:43.082] [INFO] [CalibrationManager] Değişiklik kaydedildi: AFRTargetTable Hücre [3,4] [60 -> 15]
[16:48:43.083] [INFO] [CalibrationRecoveryManager] Bekleyen işlem temizlendi (başarılı commit).
[16:48:43.083] [INFO] [CalibrationStreamPublisher] Uygulanan değişiklik yayınlandı: Lambda adres: AFRTargetTable[3,4]
[16:48:43.083] [INFO] [AutoTuneEventPublisher] Domain olayı yayınlandı: MapChangeApplied (Oturum: 7b51016c-6153-4f70-94c6-12e75269d7f0)
[16:48:43.083] [INFO] [AutoTuneEventPublisher] Domain olayı yayınlandı: DecisionCreated (Oturum: 7b51016c-6153-4f70-94c6-12e75269d7f0)
[16:48:43.083] [INFO] [CalibrationSnapshotManager] Snapshot oluşturuldu: 05252c13-a62f-48f9-84c9-3a3509d9d6a2, Hücre sayısı: 1
[16:48:43.084] [INFO] [CalibrationRecoveryManager] Bekleyen işlem kaydedildi: a262ffcd-0115-4eaf-b3eb-7930879dac77
[16:48:43.086] [INFO] [CalibrationManager] Değişiklik kaydedildi: IgnitionTable Hücre [3,4] [15 -> 16]
[16:48:43.087] [INFO] [CalibrationRecoveryManager] Bekleyen işlem temizlendi (başarılı commit).
[16:48:43.087] [INFO] [CalibrationStreamPublisher] Uygulanan değişiklik yayınlandı: Ignition adres: IgnitionTable[3,4]
[16:48:43.087] [INFO] [AutoTuneEventPublisher] Domain olayı yayınlandı: MapChangeApplied (Oturum: 7b51016c-6153-4f70-94c6-12e75269d7f0)
[16:48:43.087] [INFO] [AutoTuneEventPublisher] Domain olayı yayınlandı: DecisionCreated (Oturum: 7b51016c-6153-4f70-94c6-12e75269d7f0)
[16:48:43.087] [INFO] [CalibrationSnapshotManager] Snapshot oluşturuldu: 24864f03-616a-406f-811e-9905a90499ca, Hücre sayısı: 1
[16:48:43.089] [INFO] [CalibrationRecoveryManager] Bekleyen işlem kaydedildi: 1c28e93f-c87c-42c9-91b4-7aa5b4145fc1
[16:48:43.090] [INFO] [CalibrationManager] Değişiklik kaydedildi: FuelVETable Hücre [3,4] [16 -> 60]
[16:48:43.091] [INFO] [CalibrationRecoveryManager] Bekleyen işlem temizlendi (başarılı commit).
[16:48:43.091] [INFO] [CalibrationStreamPublisher] Uygulanan değişiklik yayınlandı: VE adres: FuelVETable[3,4]
[16:48:43.091] [INFO] [AutoTuneEventPublisher] Domain olayı yayınlandı: MapChangeApplied (Oturum: 7b51016c-6153-4f70-94c6-12e75269d7f0)
[16:48:43.102] [INFO] [AutoTuneEventPublisher] Domain olayı yayınlandı: TelemetryWindowAccepted (Oturum: 7b51016c-6153-4f70-94c6-12e75269d7f0)
[16:48:43.102] [INFO] [AutoTuneEventPublisher] Domain olayı yayınlandı: SafetyViolation (Oturum: 7b51016c-6153-4f70-94c6-12e75269d7f0)
[16:48:43.102] [INFO] [AutoTuneEventPublisher] Domain olayı yayınlandı: DecisionCreated (Oturum: 7b51016c-6153-4f70-94c6-12e75269d7f0)
[16:48:43.102] [INFO] [CalibrationSnapshotManager] Snapshot oluşturuldu: 7fd95400-dd99-41d1-ae1f-097ebb58b1e3, Hücre sayısı: 1
[16:48:43.103] [INFO] [CalibrationRecoveryManager] Bekleyen işlem kaydedildi: 3884d9c9-ca62-4d5f-8c90-b477f62ba854
[16:48:43.105] [INFO] [CalibrationManager] Değişiklik kaydedildi: AFRTargetTable Hücre [3,4] [60 -> 15]
[16:48:43.106] [INFO] [CalibrationRecoveryManager] Bekleyen işlem temizlendi (başarılı commit).
[16:48:43.106] [INFO] [CalibrationStreamPublisher] Uygulanan değişiklik yayınlandı: Lambda adres: AFRTargetTable[3,4]
[16:48:43.106] [INFO] [AutoTuneEventPublisher] Domain olayı yayınlandı: MapChangeApplied (Oturum: 7b51016c-6153-4f70-94c6-12e75269d7f0)
[16:48:43.106] [INFO] [AutoTuneEventPublisher] Domain olayı yayınlandı: DecisionCreated (Oturum: 7b51016c-6153-4f70-94c6-12e75269d7f0)
[16:48:43.106] [INFO] [CalibrationSnapshotManager] Snapshot oluşturuldu: 1b67cc5b-57cd-40f3-bb91-2c0d32c9fb64, Hücre sayısı: 1
[16:48:43.107] [INFO] [CalibrationRecoveryManager] Bekleyen işlem kaydedildi: a73026d7-4593-4ab3-ad34-5ee76a9b7d9b
[16:48:43.109] [INFO] [CalibrationManager] Değişiklik kaydedildi: IgnitionTable Hücre [3,4] [15 -> 16]
[16:48:43.110] [INFO] [CalibrationRecoveryManager] Bekleyen işlem temizlendi (başarılı commit).
[16:48:43.110] [INFO] [CalibrationStreamPublisher] Uygulanan değişiklik yayınlandı: Ignition adres: IgnitionTable[3,4]
[16:48:43.111] [INFO] [AutoTuneEventPublisher] Domain olayı yayınlandı: MapChangeApplied (Oturum: 7b51016c-6153-4f70-94c6-12e75269d7f0)
[16:48:43.111] [INFO] [AutoTuneEventPublisher] Domain olayı yayınlandı: DecisionCreated (Oturum: 7b51016c-6153-4f70-94c6-12e75269d7f0)
[16:48:43.111] [INFO] [CalibrationSnapshotManager] Snapshot oluşturuldu: 1b92b0d1-6bc0-42ae-bd63-6f8e6712df23, Hücre sayısı: 1
[16:48:43.112] [INFO] [CalibrationRecoveryManager] Bekleyen işlem kaydedildi: 7b02f025-5921-4316-801b-dbb212d5091e
[16:48:43.114] [INFO] [CalibrationManager] Değişiklik kaydedildi: FuelVETable Hücre [3,4] [16 -> 60]
[16:48:43.115] [INFO] [CalibrationRecoveryManager] Bekleyen işlem temizlendi (başarılı commit).
[16:48:43.115] [INFO] [CalibrationStreamPublisher] Uygulanan değişiklik yayınlandı: VE adres: FuelVETable[3,4]
[16:48:43.115] [INFO] [AutoTuneEventPublisher] Domain olayı yayınlandı: MapChangeApplied (Oturum: 7b51016c-6153-4f70-94c6-12e75269d7f0)
[16:48:43.127] [INFO] [AutoTuneEventPublisher] Domain olayı yayınlandı: TelemetryWindowAccepted (Oturum: 7b51016c-6153-4f70-94c6-12e75269d7f0)
[16:48:43.128] [INFO] [AutoTuneEventPublisher] Domain olayı yayınlandı: SafetyViolation (Oturum: 7b51016c-6153-4f70-94c6-12e75269d7f0)
[16:48:43.128] [INFO] [AutoTuneEventPublisher] Domain olayı yayınlandı: DecisionCreated (Oturum: 7b51016c-6153-4f70-94c6-12e75269d7f0)
[16:48:43.128] [INFO] [CalibrationSnapshotManager] Snapshot oluşturuldu: f3a4afdb-447d-41f9-b6bd-278fa491c472, Hücre sayısı: 1
[16:48:43.129] [INFO] [CalibrationRecoveryManager] Bekleyen işlem kaydedildi: 1da0cc10-d220-4505-80b9-599bc19aa563
[16:48:43.131] [INFO] [CalibrationManager] Değişiklik kaydedildi: AFRTargetTable Hücre [3,4] [60 -> 15]
[16:48:43.132] [INFO] [CalibrationRecoveryManager] Bekleyen işlem temizlendi (başarılı commit).
[16:48:43.132] [INFO] [CalibrationStreamPublisher] Uygulanan değişiklik yayınlandı: Lambda adres: AFRTargetTable[3,4]
[16:48:43.132] [INFO] [AutoTuneEventPublisher] Domain olayı yayınlandı: MapChangeApplied (Oturum: 7b51016c-6153-4f70-94c6-12e75269d7f0)
[16:48:43.133] [INFO] [AutoTuneEventPublisher] Domain olayı yayınlandı: DecisionCreated (Oturum: 7b51016c-6153-4f70-94c6-12e75269d7f0)
[16:48:43.133] [INFO] [CalibrationSnapshotManager] Snapshot oluşturuldu: ee0d16d5-0c9f-41b1-b2a3-567a5e65ced6, Hücre sayısı: 1
[16:48:43.134] [INFO] [CalibrationRecoveryManager] Bekleyen işlem kaydedildi: 0cf9ea26-26ee-4f73-90cc-2b7131044dfb
[16:48:43.136] [INFO] [CalibrationManager] Değişiklik kaydedildi: IgnitionTable Hücre [3,4] [15 -> 16]
[16:48:43.137] [INFO] [CalibrationRecoveryManager] Bekleyen işlem temizlendi (başarılı commit).
[16:48:43.137] [INFO] [CalibrationStreamPublisher] Uygulanan değişiklik yayınlandı: Ignition adres: IgnitionTable[3,4]
[16:48:43.137] [INFO] [AutoTuneEventPublisher] Domain olayı yayınlandı: MapChangeApplied (Oturum: 7b51016c-6153-4f70-94c6-12e75269d7f0)
[16:48:43.137] [INFO] [AutoTuneEventPublisher] Domain olayı yayınlandı: DecisionCreated (Oturum: 7b51016c-6153-4f70-94c6-12e75269d7f0)
[16:48:43.137] [INFO] [CalibrationSnapshotManager] Snapshot oluşturuldu: 3b940c8a-71fd-4893-94d5-0da22d457929, Hücre sayısı: 1
[16:48:43.138] [INFO] [CalibrationRecoveryManager] Bekleyen işlem kaydedildi: baef9cac-e956-4514-8f3e-3b090e2a67cb
[16:48:43.140] [INFO] [CalibrationManager] Değişiklik kaydedildi: FuelVETable Hücre [3,4] [16 -> 60]
[16:48:43.141] [INFO] [CalibrationRecoveryManager] Bekleyen işlem temizlendi (başarılı commit).
[16:48:43.141] [INFO] [CalibrationStreamPublisher] Uygulanan değişiklik yayınlandı: VE adres: FuelVETable[3,4]
[16:48:43.142] [INFO] [AutoTuneEventPublisher] Domain olayı yayınlandı: MapChangeApplied (Oturum: 7b51016c-6153-4f70-94c6-12e75269d7f0)
[16:48:43.156] [INFO] [AutoTuneEventPublisher] Domain olayı yayınlandı: TelemetryWindowAccepted (Oturum: 7b51016c-6153-4f70-94c6-12e75269d7f0)
[16:48:43.156] [INFO] [AutoTuneEventPublisher] Domain olayı yayınlandı: SafetyViolation (Oturum: 7b51016c-6153-4f70-94c6-12e75269d7f0)
[16:48:43.157] [INFO] [AutoTuneEventPublisher] Domain olayı yayınlandı: DecisionCreated (Oturum: 7b51016c-6153-4f70-94c6-12e75269d7f0)
[16:48:43.157] [INFO] [CalibrationSnapshotManager] Snapshot oluşturuldu: f3f1c9ee-cc3b-42d0-ab60-816e9e71537e, Hücre sayısı: 1
[16:48:43.158] [INFO] [CalibrationRecoveryManager] Bekleyen işlem kaydedildi: 406c9acb-adbf-4871-ab40-1e83f790b5c7
[16:48:43.160] [INFO] [CalibrationManager] Değişiklik kaydedildi: AFRTargetTable Hücre [3,4] [60 -> 15]
[16:48:43.161] [INFO] [CalibrationRecoveryManager] Bekleyen işlem temizlendi (başarılı commit).
[16:48:43.161] [INFO] [CalibrationStreamPublisher] Uygulanan değişiklik yayınlandı: Lambda adres: AFRTargetTable[3,4]
[16:48:43.161] [INFO] [AutoTuneEventPublisher] Domain olayı yayınlandı: MapChangeApplied (Oturum: 7b51016c-6153-4f70-94c6-12e75269d7f0)
[16:48:43.161] [INFO] [AutoTuneEventPublisher] Domain olayı yayınlandı: DecisionCreated (Oturum: 7b51016c-6153-4f70-94c6-12e75269d7f0)
[16:48:43.161] [INFO] [CalibrationSnapshotManager] Snapshot oluşturuldu: db663a0b-59c8-4a22-94d6-8a1e9be50dda, Hücre sayısı: 1
[16:48:43.162] [INFO] [CalibrationRecoveryManager] Bekleyen işlem kaydedildi: 905800af-e0b6-485f-9891-f2e3c6fd121c
[16:48:43.164] [INFO] [CalibrationManager] Değişiklik kaydedildi: IgnitionTable Hücre [3,4] [15 -> 16]
[16:48:43.165] [INFO] [CalibrationRecoveryManager] Bekleyen işlem temizlendi (başarılı commit).
[16:48:43.165] [INFO] [CalibrationStreamPublisher] Uygulanan değişiklik yayınlandı: Ignition adres: IgnitionTable[3,4]
[16:48:43.165] [INFO] [AutoTuneEventPublisher] Domain olayı yayınlandı: MapChangeApplied (Oturum: 7b51016c-6153-4f70-94c6-12e75269d7f0)
[16:48:43.165] [INFO] [AutoTuneEventPublisher] Domain olayı yayınlandı: DecisionCreated (Oturum: 7b51016c-6153-4f70-94c6-12e75269d7f0)
[16:48:43.165] [INFO] [CalibrationSnapshotManager] Snapshot oluşturuldu: cba15793-73e4-4d81-8383-9bbc0531e1f2, Hücre sayısı: 1
[16:48:43.166] [INFO] [CalibrationRecoveryManager] Bekleyen işlem kaydedildi: 113c4ca5-d089-4f4d-8bae-e02e3808180c
[16:48:43.168] [INFO] [CalibrationManager] Değişiklik kaydedildi: FuelVETable Hücre [3,4] [16 -> 60]
[16:48:43.169] [INFO] [CalibrationRecoveryManager] Bekleyen işlem temizlendi (başarılı commit).
[16:48:43.169] [INFO] [CalibrationStreamPublisher] Uygulanan değişiklik yayınlandı: VE adres: FuelVETable[3,4]
[16:48:43.169] [INFO] [AutoTuneEventPublisher] Domain olayı yayınlandı: MapChangeApplied (Oturum: 7b51016c-6153-4f70-94c6-12e75269d7f0)
[16:48:43.493] [INFO] [AutoTuneEventPublisher] Domain olayı yayınlandı: SessionStopped (Oturum: 7b51016c-6153-4f70-94c6-12e75269d7f0)
[16:48:43.690] [INFO] [TestHarness] Test tamamlandÄ±: 103 geÃ§ti, 1 kaldÄ±
[16:48:43.691] [WARNING] [RomIdentifier] ROM imzası hiçbir ECU profiliyle eşleşmedi.
[16:48:43.691] [INFO] [Program] Test sonuçları:
â•â•â•â•â•â•â•â•â•â•â•â•â•â•â•â•â•â•â•â•â•â•â•â•â•â•â•â•â•â•â•â•â•â•â•â•â•â•â•â•â•â•â•â•â•â•â•
  HONDATUNER â€” OTOMATÄ°K TEST SÃœÄ°TÄ°
â•â•â•â•â•â•â•â•â•â•â•â•â•â•â•â•â•â•â•â•â•â•â•â•â•â•â•â•â•â•â•â•â•â•â•â•â•â•â•â•â•â•â•â•â•â•â•

â”€â”€ ROM Testleri â”€â”€â”€â”€â”€â”€â”€â”€â”€â”€â”€â”€â”€â”€â”€â”€â”€â”€â”€â”€â”€â”€â”€â”€â”€â”€â”€â”€â”€â”€
  âœ… ROM Identifier â€” 32KB boÅŸ ROM tanÄ±ma
  âœ… ROM Identifier â€” yanlÄ±ÅŸ boyut reddi
  âœ… ROM Patch â€” doÄŸrulama ve uygulama
  âœ… ROM Patch â€” rollback geri yÃ¼kleme

â”€â”€ Kalibrasyon Testleri â”€â”€â”€â”€â”€â”€â”€â”€â”€â”€â”€â”€â”€â”€â”€â”€â”€â”€â”€â”€â”€â”€â”€
  âœ… Injector Scaling â€” 240â†’440cc
  âœ… Injector Scaling â€” clamp to 255
  âœ… Calibration Engine â€” Commit applies value to ROM buffer
  âœ… Calibration Engine â€” Rollback restores original values in ROM buffer
  âœ… Calibration Engine â€” Undo and Redo states are fully synchronized
  âœ… Calibration Engine â€” Safety validator rejects OOR Rev Limit changes

â”€â”€ Faz 4: Map Engine & Interpolation Testleri â”€â”€
  âœ… Map Engine â€” Cell write and read accuracy
  âœ… Map Engine â€” Scale factors conversion logic
  âœ… Map Engine â€” Invalid offset out-of-range bounds check
  âœ… Map Engine â€” Transaction commits, rollbacks, and Undo/Redo integration
  âœ… Interpolation â€” 4 neighbor bilinear cell weight sum equals exactly 1.0

â”€â”€ AutoTune GÃ¼venlik Testleri â”€â”€â”€â”€â”€â”€â”€â”€â”€â”€â”€â”€â”€â”€â”€â”€â”€
  âœ… AutoTune â€” dÃ¼ÅŸÃ¼k ECT reddi
  âœ… AutoTune â€” dÃ¼ÅŸÃ¼k batarya reddi
  âœ… AutoTune â€” dÃ¼zeltme kÄ±rpma (Â±12%)

── Faz 5: Checksum Engine & Safety Layer Testleri ──
  âœ… Checksum â€” Stock ROM passes validation
  âœ… Checksum â€” Corrupt byte fails validation
  âœ… Checksum â€” Map change updates checksum successfully
  âœ… Checksum â€” VerifyBeforeSave detects bad checksum and returns false
  âœ… Checksum â€” Reloaded ROM checksum is valid
  âœ… Checksum â€” Multiple regions validation is successful

── ROM Patch Engine v2 Testleri ──
  âœ… PatchEngine — Başarılı Yama Uygulama
  âœ… PatchEngine — Yanlış ExpectedBytes Koruması
  âœ… PatchEngine — Uyumsuz ECU Koruması
  âœ… PatchEngine — ROM Boyut Limiti Koruması
  âœ… PatchEngine — Yamayı Geri Alma (Rollback)
  âœ… PatchEngine — İşlem (Transaction) Commit Entegrasyonu
  âœ… PatchEngine — İşlem Geri Alma (Transaction Rollback)
  âœ… PatchEngine — Otomatik Checksum Güncelleme
  âœ… PatchEngine — Audit Loglama Kontrolü
  âœ… PatchEngine — Profil Destekli Yamaları Bulma

── Phase 7: Telemetry & Live Datalog Bus Engine Testleri ──
  âœ… Telemetry - Event Bus Publish & Subscribe
  âœ… Telemetry - Event Bus Metrics Kontrolü
  âœ… Telemetry - Kanalsal Matematiksel Formül Çözümleme
  âœ… Telemetry - Backpressure DropOldest Politikası
  âœ… Telemetry - Backpressure DropNewest Politikası
  âœ… Telemetry - Backpressure BlockPublisher Politikası
  âœ… Telemetry - Yapılandırma Dosya İzleyicisi (Hot Reload)
  âœ… Telemetry - Erişim Kontrolü Yetkilendirme Hiyerarşisi
  âœ… Telemetry - SystemClock Monotonic Ticks
  âœ… Telemetry - HighResolutionClock Performance Ticks
  âœ… Telemetry - ReplayClock Geri Oynatıcı Zaman Akışı
  âœ… Telemetry - Dairesel Bellek (RingBuffer) Kapasite Tanımı
  âœ… Telemetry - RingBuffer Aşımında Overwrite (FIFO Overlay)
  âœ… Telemetry - Moving Average Gürültü Azaltma Filtresi
  âœ… Telemetry - Median (Ortanca) Filtreleme
  âœ… Telemetry - LowPass Üstel Sinyal Yumuşatma
  âœ… Telemetry - HighPass Dalgalanma Odaklı Sinyal Filtresi
  âœ… Telemetry - MockProvider Canlı Veri Akış Simülasyonu
  âœ… Telemetry - Sağlık İzleme (HealthMonitor) Parametreleri
  âœ… Telemetry - HealthMonitor Bağlantı Kaybı Anomali Algılama
  âœ… Telemetry - Analiz Hattı (AnalyzerPipeline) Sıralı Çalışma
  âœ… Telemetry - Engine Profil Geçiş Yönetimi (Street -> Dyno)
  âœ… Telemetry - Engine Canlı Datalogging Yaşam Döngüsü
  âœ… Telemetry - GC Basıncını Azaltan Frame Nesne Havuzu
  âœ… Telemetry - Salt-Okunur (Immutable) Snaphsot Yapısı
  âœ… Telemetry - Multi-Thread Veri Giriş Stress Testi

── Phase 8: AutoTune Closed Loop Engine Testleri ──
  âœ… AutoTune - State transitions (Start, Pause, Resume, Stop) lifecycle verification
  âœ… AutoTune - Confidence score calculation under low deviation is high
  âœ… AutoTune - Confidence score calculation under high deviation is low
  âœ… AutoTune - Stable window filter standard deviation and length checks
  âœ… AutoTune - Config validator rejects JSON with missing target attributes
  âœ… AutoTune - Config validator rejects out of bounds parameter variables
  âœ… AutoTune - ParameterType safety enum structure check
  âœ… AutoTune - Session manager multi session conflict prevention
  âœ… AutoTune - Session manager releases lock and allows new allocation
  âœ… AutoTune - Recovery manager logs interrupt trace successfully to file
  âœ… AutoTune - Recovery manager restores trace and validates details
  âœ… AutoTune - Diff engine returns detailed comparison matrix values
  âœ… AutoTune - CSV Package export contains session identity and values
  âœ… AutoTune - Replay simulator matches telemetry lists deterministically
  âœ… AutoTune - SafetyRuleProvider loads dynamic rules successfully
  âœ… AutoTune - QualityScoreCalculator rates stoichiometric history cleanly near 100
  âœ… AutoTune - Telemetry loss pause and reconnect validation cycle
  âœ… AutoTune - Domain event emitter publishes valid structured transition events
  âœ… AutoTune - Calibration RTP stream publishing streams virtual changes
  âœ… AutoTune - Replay validation checks run determinism bounds
  âœ… AutoTune - Persistence layer correctly serializes state machine records and migrates schema V1 to V2
  âœ… AutoTune - Query service retrieves session lists correctly
  âœ… AutoTune - Command service issues control triggers successfully
  âœ… AutoTune - Hardware checks and SafeMode blocks writing calibrations
  âœ… AutoTune - Cell lock manager acquires, releases and traps conflicts

── Faz 9: RTP Emulator & Real-Time Calibration Engine Testleri ──
  âœ… RTP - Engine correctly registers and resolves from DI ServiceContainer
  âœ… RTP - Connection state machine cycles correctly through all states
  âœ… RTP - Transient write failures trigger automatic retries and recover successfully
  âœ… RTP - Consecutive calibration edits coalesce into a single block write
  âœ… RTP - Multi-threaded queue guarantees strict sequential write ordering
  âœ… RTP - Execution latency benchmark tracking meets target limits
  âœ… RTP - Engine sustains high-frequency (500+) update throughput stress
  âœ… RTP - Background sync worker terminates cleanly on CancellationToken request
  âœ… RTP - Hardware disconnect automatically halts sync and raises Faulted event
  âœ… RTP - Enforces read-back verification after writing values to emulator
  âœ… RTP - Idempotent synchronization ignores duplicate writes to target cells
  âœ… RTP - Backpressure policy DropOldest purges oldest queued changes under load
  âœ… RTP - Backpressure policy RejectNewest drops new updates under queue overflow
  âœ… RTP - Backpressure policy BlockProducer controls producer rates correctly
  âœ… RTP - Validation layer rejects bad config schema values at initialization
  âœ… RTP - Restores un-synced calibration state queue records on startup
  âœ… RTP - Synchronizes concurrently applied AutoTune decisions to hardware
  âœ… TestMetadata_SerializationAndValidation
  âŒ TestReverseEngineering_ExtractionAndDecompilation (Axis Extraction)

â•â•â•â•â•â•â•â•â•â•â•â•â•â•â•â•â•â•â•â•â•â•â•â•â•â•â•â•â•â•â•â•â•â•â•â•â•â•â•â•â•â•â•â•â•â•â•
  SONUÃ‡: 103 baÅŸarÄ±lÄ±, 1 baÅŸarÄ±sÄ±z
â•â•â•â•â•â•â•â•â•â•â•â•â•â•â•â•â•â•â•â•â•â•â•â•â•â•â•â•â•â•â•â•â•â•â•â•â•â•â•â•â•â•â•â•â•â•â•
[16:48:43.692] [INFO] [Program] Örnek ROM test sonuçları:
── Örnek ROM Test Çerçevesi ───────────────────
  ✅ Checksum offset geçerli
  ✅ Bozuk ROM reddedildi
  ✅ Fuel map sınırları geçerli
  ✅ Ignition map sınırları geçerli
  ✅ Tüm profiller 32KB ROM boyutu

  Sonuç: 5 geçti, 0 kaldı
