[17:58:14.978] [INFO] [RomIdentifier] ECU Tanımlandı: P06 (Confidence: %45,7)
[17:58:14.981] [WARNING] [RomIdentifier] ROM imzası hiçbir ECU profiliyle eşleşmedi.
[17:58:14.982] [INFO] [RomPatchManager] Yama uygulandı: TEST_PATCH_1 @ 0x000A
[17:58:14.982] [INFO] [RomPatchManager] Yama uygulandı: TEST_PATCH_ROLLBACK @ 0x000A
[17:58:14.983] [INFO] [RomPatchManager] Yama geri alındı: TEST_PATCH_ROLLBACK
[17:58:14.984] [INFO] [InjectorManager] Fuel haritası ölçeklendi: 240cc → 440cc (oran: 0,545)
[17:58:14.984] [INFO] [InjectorManager] Fuel haritası ölçeklendi: 440cc → 240cc (oran: 1,833)
[17:58:15.036] [INFO] [CalibrationManager] Değişiklik kaydedildi: Fuel Cell [0,0] [50 -> 60]
[17:58:15.037] [INFO] [CalibrationManager] Değişiklik kaydedildi: Fuel Cell [0,0] [50 -> 60]
[17:58:15.038] [INFO] [CalibrationManager] Değişiklik kaydedildi: Fuel Cell [0,0] [50 -> 75]
[17:58:15.045] [INFO] [CalibrationManager] Değişiklik kaydedildi: FuelMapTest Hücre [4,5] [0 -> 123]
[17:58:15.055] [INFO] [CalibrationManager] Değişiklik kaydedildi: FuelMapTest Hücre [0,0] [0 -> 125]
[17:58:15.063] [INFO] [CalibrationManager] Değişiklik kaydedildi: FuelMapTest Hücre [1,1] [0 -> 150]
[17:58:15.072] [INFO] [CalibrationManager] Değişiklik kaydedildi: FuelMapTest Hücre [1,1] [0 -> 150]
[17:58:15.081] [DEBUG] [AutoTuneValidator] Reddedildi [ECT_LOW]: Motor sıcaklığı düşük: 50°C < 72°C
[17:58:15.082] [DEBUG] [AutoTuneValidator] Reddedildi [BATT_LOW]: Batarya düşük: 10,5V < 12V
[17:58:15.103] [INFO] [EcuDatabaseManager] Toplam 8 dinamik ECU profili yüklendi.
[17:58:15.117] [INFO] [ChecksumTest] [TRACE-1] romBuffer[0]=00
[17:58:15.123] [INFO] [ChecksumTest] [TRACE-2] tempFile[0]=00
[17:58:15.124] [INFO] [ChecksumTest] [TRACE-3] loadedBuffer[0]=00
[17:58:15.124] [INFO] [ChecksumTest] [TRACE-4] beforeSaveBuffer[0]=00
[17:58:15.128] [INFO] [ChecksumTest] [TRACE-5] afterSaveParserBuffer[0]=00
[17:58:15.135] [INFO] [ChecksumTest] [TRACE-6] reloadedFile[0]=00
[17:58:15.143] [INFO] [CalibrationManager] Değişiklik kaydedildi: Patch.LaunchControl.Byte0 [144 -> 205]
[17:58:15.151] [INFO] [CalibrationManager] Değişiklik kaydedildi: Patch.LaunchControl.Byte1 [144 -> 25]
[17:58:15.154] [INFO] [PatchEngine] Yama başarıyla uygulandı: LaunchControl @ 0x1FB0
[17:58:15.161] [INFO] [CalibrationManager] Değişiklik kaydedildi: Patch.LaunchControl.Byte0 [144 -> 205]
[17:58:15.170] [INFO] [CalibrationManager] Değişiklik kaydedildi: Patch.LaunchControl.Byte1 [144 -> 25]
[17:58:15.172] [INFO] [PatchEngine] Yama başarıyla uygulandı: LaunchControl @ 0x1FB0
[17:58:15.180] [INFO] [CalibrationManager] Değişiklik kaydedildi: Patch.LaunchControl.Byte0 [205 -> 144]
[17:58:15.188] [INFO] [CalibrationManager] Değişiklik kaydedildi: Patch.LaunchControl.Byte1 [25 -> 144]
[17:58:15.189] [INFO] [PatchEngine] Yama başarıyla geri alındı (Rollback): LaunchControl
[17:58:15.197] [INFO] [CalibrationManager] Değişiklik kaydedildi: Patch.LaunchControl.Byte0 [144 -> 205]
[17:58:15.205] [INFO] [CalibrationManager] Değişiklik kaydedildi: Patch.LaunchControl.Byte1 [144 -> 25]
[17:58:15.207] [INFO] [PatchEngine] Yama başarıyla uygulandı: LaunchControl @ 0x1FB0
[17:58:15.220] [INFO] [CalibrationManager] Değişiklik kaydedildi: Patch.LaunchControl.Byte0 [144 -> 205]
[17:58:15.230] [INFO] [CalibrationManager] Değişiklik kaydedildi: Patch.LaunchControl.Byte1 [144 -> 25]
[17:58:15.232] [INFO] [PatchEngine] Yama başarıyla uygulandı: LaunchControl @ 0x1FB0
[17:58:15.249] [INFO] [CalibrationManager] Değişiklik kaydedildi: Patch.LaunchControl.Byte0 [144 -> 205]
[17:58:15.259] [INFO] [CalibrationManager] Değişiklik kaydedildi: Patch.LaunchControl.Byte1 [144 -> 25]
[17:58:15.261] [INFO] [PatchEngine] Yama başarıyla uygulandı: LaunchControl @ 0x1FB0
[17:58:15.267] [INFO] [CalibrationManager] Değişiklik kaydedildi: Patch.LaunchControl.Byte0 [144 -> 205]
[17:58:15.276] [INFO] [CalibrationManager] Değişiklik kaydedildi: Patch.LaunchControl.Byte1 [144 -> 25]
[17:58:15.277] [INFO] [PatchEngine] Yama başarıyla uygulandı: LaunchControl @ 0x1FB0
[17:58:16.540] [INFO] [AutoTuneSafetyManager] Güvenlik limitleri yüklendi. Etkin kural sayısı: 4
[17:58:16.540] [INFO] [AutoTuneEventPublisher] Domain olayı yayınlandı: SessionCreated (Oturum: 7e2f2554-7b1b-4850-8688-3ee969e0fac3)
[17:58:16.541] [INFO] [AutoTuneEngine] Oturum başarıyla başlatıldı: 7e2f2554-7b1b-4850-8688-3ee969e0fac3
[17:58:16.541] [INFO] [AutoTuneEventPublisher] Domain olayı yayınlandı: SessionPaused (Oturum: 7e2f2554-7b1b-4850-8688-3ee969e0fac3)
[17:58:16.541] [INFO] [AutoTuneEventPublisher] Domain olayı yayınlandı: SessionResumed (Oturum: 7e2f2554-7b1b-4850-8688-3ee969e0fac3)
[17:58:16.542] [INFO] [AutoTuneEventPublisher] Domain olayı yayınlandı: SessionStopped (Oturum: 7e2f2554-7b1b-4850-8688-3ee969e0fac3)
[17:58:16.549] [INFO] [CalibrationRecoveryManager] Bekleyen işlem kaydedildi: TX-TEMP
[17:58:16.564] [INFO] [CalibrationRecoveryManager] Bekleyen işlem temizlendi (başarılı commit).
[17:58:16.565] [INFO] [CalibrationRecoveryManager] Bekleyen işlem kaydedildi: TX-TEMP2
[17:58:16.573] [INFO] [CalibrationRecoveryManager] Yarım kalmış işlem geri yükleniyor: TX-TEMP2
[17:58:16.574] [INFO] [CalibrationSnapshotManager] Snapshot geri yükleniyor: SNAP-TEMP2, Kurtarılacak hücre: 1
[17:58:16.574] [INFO] [CalibrationRecoveryManager] Bekleyen işlem temizlendi (başarılı commit).
[17:58:16.578] [INFO] [AutoTuneSafetyManager] Güvenlik limitleri yüklendi. Etkin kural sayısı: 4
[17:58:16.578] [INFO] [AutoTuneEventPublisher] Domain olayı yayınlandı: SessionCreated (Oturum: 47f0e625-2e25-45a8-8f0d-fdb1e4fc9f62)
[17:58:16.578] [INFO] [AutoTuneEngine] Oturum başarıyla başlatıldı: 47f0e625-2e25-45a8-8f0d-fdb1e4fc9f62
[17:58:16.579] [INFO] [AutoTuneEventPublisher] Domain olayı yayınlandı: SessionPaused (Oturum: 47f0e625-2e25-45a8-8f0d-fdb1e4fc9f62)
[17:58:16.579] [INFO] [AutoTuneEventPublisher] Domain olayı yayınlandı: SessionResumed (Oturum: 47f0e625-2e25-45a8-8f0d-fdb1e4fc9f62)
[17:58:16.579] [INFO] [AutoTuneEventPublisher] Domain olayı yayınlandı: SessionStopped (Oturum: 47f0e625-2e25-45a8-8f0d-fdb1e4fc9f62)
[17:58:16.580] [INFO] [AutoTuneSafetyManager] Güvenlik limitleri yüklendi. Etkin kural sayısı: 4
[17:58:16.580] [INFO] [AutoTuneEventPublisher] Domain olayı yayınlandı: SessionCreated (Oturum: d12407e3-7fc6-4f54-a1e4-6fa3a898e945)
[17:58:16.580] [INFO] [AutoTuneEngine] Oturum başarıyla başlatıldı: d12407e3-7fc6-4f54-a1e4-6fa3a898e945
[17:58:16.580] [INFO] [AutoTuneEventPublisher] Domain olayı yayınlandı: SessionStopped (Oturum: d12407e3-7fc6-4f54-a1e4-6fa3a898e945)
[17:58:16.581] [INFO] [AutoTuneSafetyManager] Güvenlik limitleri yüklendi. Etkin kural sayısı: 4
[17:58:16.581] [INFO] [AutoTuneEventPublisher] Domain olayı yayınlandı: SessionCreated (Oturum: 864befc6-db71-44c1-ac56-3e8f7203045f)
[17:58:16.581] [INFO] [AutoTuneEngine] Oturum başarıyla başlatıldı: 864befc6-db71-44c1-ac56-3e8f7203045f
[17:58:16.581] [INFO] [AutoTuneEventPublisher] Domain olayı yayınlandı: TelemetryWindowAccepted (Oturum: 864befc6-db71-44c1-ac56-3e8f7203045f)
[17:58:16.586] [INFO] [AutoTuneEventPublisher] Domain olayı yayınlandı: DecisionCreated (Oturum: 864befc6-db71-44c1-ac56-3e8f7203045f)
[17:58:16.587] [INFO] [CalibrationStreamPublisher] Uygulanan değişiklik yayınlandı: Fuel adres: FuelVETable[3,4]
[17:58:16.589] [INFO] [AutoTuneEventPublisher] Domain olayı yayınlandı: DecisionCreated (Oturum: 864befc6-db71-44c1-ac56-3e8f7203045f)
[17:58:16.589] [INFO] [CalibrationStreamPublisher] Uygulanan değişiklik yayınlandı: Lambda adres: AFRTargetTable[3,4]
[17:58:16.589] [INFO] [AutoTuneEventPublisher] Domain olayı yayınlandı: DecisionCreated (Oturum: 864befc6-db71-44c1-ac56-3e8f7203045f)
[17:58:16.590] [INFO] [CalibrationStreamPublisher] Uygulanan değişiklik yayınlandı: Ignition adres: IgnitionTable[3,4]
[17:58:16.590] [INFO] [AutoTuneEventPublisher] Domain olayı yayınlandı: DecisionCreated (Oturum: 864befc6-db71-44c1-ac56-3e8f7203045f)
[17:58:16.591] [INFO] [CalibrationStreamPublisher] Uygulanan değişiklik yayınlandı: VE adres: FuelVETable[3,4]
[17:58:16.591] [INFO] [AutoTuneEventPublisher] Domain olayı yayınlandı: TelemetryWindowAccepted (Oturum: 864befc6-db71-44c1-ac56-3e8f7203045f)
[17:58:16.591] [INFO] [AutoTuneEventPublisher] Domain olayı yayınlandı: DecisionCreated (Oturum: 864befc6-db71-44c1-ac56-3e8f7203045f)
[17:58:16.591] [INFO] [CalibrationStreamPublisher] Uygulanan değişiklik yayınlandı: Fuel adres: FuelVETable[3,4]
[17:58:16.591] [INFO] [AutoTuneEventPublisher] Domain olayı yayınlandı: DecisionCreated (Oturum: 864befc6-db71-44c1-ac56-3e8f7203045f)
[17:58:16.591] [INFO] [CalibrationStreamPublisher] Uygulanan değişiklik yayınlandı: Lambda adres: AFRTargetTable[3,4]
[17:58:16.591] [INFO] [AutoTuneEventPublisher] Domain olayı yayınlandı: DecisionCreated (Oturum: 864befc6-db71-44c1-ac56-3e8f7203045f)
[17:58:16.591] [INFO] [CalibrationStreamPublisher] Uygulanan değişiklik yayınlandı: Ignition adres: IgnitionTable[3,4]
[17:58:16.592] [INFO] [AutoTuneEventPublisher] Domain olayı yayınlandı: DecisionCreated (Oturum: 864befc6-db71-44c1-ac56-3e8f7203045f)
[17:58:16.592] [INFO] [CalibrationStreamPublisher] Uygulanan değişiklik yayınlandı: VE adres: FuelVETable[3,4]
[17:58:16.592] [INFO] [AutoTuneEventPublisher] Domain olayı yayınlandı: TelemetryWindowAccepted (Oturum: 864befc6-db71-44c1-ac56-3e8f7203045f)
[17:58:16.592] [INFO] [AutoTuneEventPublisher] Domain olayı yayınlandı: DecisionCreated (Oturum: 864befc6-db71-44c1-ac56-3e8f7203045f)
[17:58:16.592] [INFO] [CalibrationStreamPublisher] Uygulanan değişiklik yayınlandı: Fuel adres: FuelVETable[3,4]
[17:58:16.592] [INFO] [AutoTuneEventPublisher] Domain olayı yayınlandı: DecisionCreated (Oturum: 864befc6-db71-44c1-ac56-3e8f7203045f)
[17:58:16.592] [INFO] [CalibrationStreamPublisher] Uygulanan değişiklik yayınlandı: Lambda adres: AFRTargetTable[3,4]
[17:58:16.592] [INFO] [AutoTuneEventPublisher] Domain olayı yayınlandı: DecisionCreated (Oturum: 864befc6-db71-44c1-ac56-3e8f7203045f)
[17:58:16.593] [INFO] [CalibrationStreamPublisher] Uygulanan değişiklik yayınlandı: Ignition adres: IgnitionTable[3,4]
[17:58:16.593] [INFO] [AutoTuneEventPublisher] Domain olayı yayınlandı: DecisionCreated (Oturum: 864befc6-db71-44c1-ac56-3e8f7203045f)
[17:58:16.593] [INFO] [CalibrationStreamPublisher] Uygulanan değişiklik yayınlandı: VE adres: FuelVETable[3,4]
[17:58:16.593] [INFO] [AutoTuneEventPublisher] Domain olayı yayınlandı: TelemetryWindowAccepted (Oturum: 864befc6-db71-44c1-ac56-3e8f7203045f)
[17:58:16.593] [INFO] [AutoTuneEventPublisher] Domain olayı yayınlandı: DecisionCreated (Oturum: 864befc6-db71-44c1-ac56-3e8f7203045f)
[17:58:16.593] [INFO] [CalibrationStreamPublisher] Uygulanan değişiklik yayınlandı: Fuel adres: FuelVETable[3,4]
[17:58:16.593] [INFO] [AutoTuneEventPublisher] Domain olayı yayınlandı: DecisionCreated (Oturum: 864befc6-db71-44c1-ac56-3e8f7203045f)
[17:58:16.594] [INFO] [CalibrationStreamPublisher] Uygulanan değişiklik yayınlandı: Lambda adres: AFRTargetTable[3,4]
[17:58:16.594] [INFO] [AutoTuneEventPublisher] Domain olayı yayınlandı: DecisionCreated (Oturum: 864befc6-db71-44c1-ac56-3e8f7203045f)
[17:58:16.594] [INFO] [CalibrationStreamPublisher] Uygulanan değişiklik yayınlandı: Ignition adres: IgnitionTable[3,4]
[17:58:16.594] [INFO] [AutoTuneEventPublisher] Domain olayı yayınlandı: DecisionCreated (Oturum: 864befc6-db71-44c1-ac56-3e8f7203045f)
[17:58:16.594] [INFO] [CalibrationStreamPublisher] Uygulanan değişiklik yayınlandı: VE adres: FuelVETable[3,4]
[17:58:16.594] [INFO] [AutoTuneEventPublisher] Domain olayı yayınlandı: TelemetryWindowAccepted (Oturum: 864befc6-db71-44c1-ac56-3e8f7203045f)
[17:58:16.595] [INFO] [AutoTuneEventPublisher] Domain olayı yayınlandı: DecisionCreated (Oturum: 864befc6-db71-44c1-ac56-3e8f7203045f)
[17:58:16.595] [INFO] [CalibrationStreamPublisher] Uygulanan değişiklik yayınlandı: Fuel adres: FuelVETable[3,4]
[17:58:16.595] [INFO] [AutoTuneEventPublisher] Domain olayı yayınlandı: DecisionCreated (Oturum: 864befc6-db71-44c1-ac56-3e8f7203045f)
[17:58:16.595] [INFO] [CalibrationStreamPublisher] Uygulanan değişiklik yayınlandı: Lambda adres: AFRTargetTable[3,4]
[17:58:16.595] [INFO] [AutoTuneEventPublisher] Domain olayı yayınlandı: DecisionCreated (Oturum: 864befc6-db71-44c1-ac56-3e8f7203045f)
[17:58:16.595] [INFO] [CalibrationStreamPublisher] Uygulanan değişiklik yayınlandı: Ignition adres: IgnitionTable[3,4]
[17:58:16.595] [INFO] [AutoTuneEventPublisher] Domain olayı yayınlandı: DecisionCreated (Oturum: 864befc6-db71-44c1-ac56-3e8f7203045f)
[17:58:16.595] [INFO] [CalibrationStreamPublisher] Uygulanan değişiklik yayınlandı: VE adres: FuelVETable[3,4]
[17:58:16.595] [INFO] [AutoTuneEventPublisher] Domain olayı yayınlandı: TelemetryWindowAccepted (Oturum: 864befc6-db71-44c1-ac56-3e8f7203045f)
[17:58:16.596] [INFO] [AutoTuneEventPublisher] Domain olayı yayınlandı: DecisionCreated (Oturum: 864befc6-db71-44c1-ac56-3e8f7203045f)
[17:58:16.596] [INFO] [CalibrationStreamPublisher] Uygulanan değişiklik yayınlandı: Fuel adres: FuelVETable[3,4]
[17:58:16.596] [INFO] [AutoTuneEventPublisher] Domain olayı yayınlandı: DecisionCreated (Oturum: 864befc6-db71-44c1-ac56-3e8f7203045f)
[17:58:16.596] [INFO] [CalibrationStreamPublisher] Uygulanan değişiklik yayınlandı: Lambda adres: AFRTargetTable[3,4]
[17:58:16.596] [INFO] [AutoTuneEventPublisher] Domain olayı yayınlandı: DecisionCreated (Oturum: 864befc6-db71-44c1-ac56-3e8f7203045f)
[17:58:16.596] [INFO] [CalibrationStreamPublisher] Uygulanan değişiklik yayınlandı: Ignition adres: IgnitionTable[3,4]
[17:58:16.596] [INFO] [AutoTuneEventPublisher] Domain olayı yayınlandı: DecisionCreated (Oturum: 864befc6-db71-44c1-ac56-3e8f7203045f)
[17:58:16.597] [INFO] [CalibrationStreamPublisher] Uygulanan değişiklik yayınlandı: VE adres: FuelVETable[3,4]
[17:58:16.597] [INFO] [AutoTuneEventPublisher] Domain olayı yayınlandı: SessionStopped (Oturum: 864befc6-db71-44c1-ac56-3e8f7203045f)
[17:58:16.601] [INFO] [AdaptiveMemory] V1 hafıza verisi V2 şemasına başarıyla taşındı. Toplam kayıt: 1
[17:58:16.601] [INFO] [AutoTuneSafetyManager] Güvenlik limitleri yüklendi. Etkin kural sayısı: 4
[17:58:16.601] [INFO] [AutoTuneEventPublisher] Domain olayı yayınlandı: SessionCreated (Oturum: c9d91b85-66f8-482a-ba0d-18754615daff)
[17:58:16.601] [INFO] [AutoTuneEngine] Oturum başarıyla başlatıldı: c9d91b85-66f8-482a-ba0d-18754615daff
[17:58:16.602] [INFO] [AutoTuneEventPublisher] Domain olayı yayınlandı: SessionStopped (Oturum: c9d91b85-66f8-482a-ba0d-18754615daff)
[17:58:16.602] [INFO] [AutoTuneSafetyManager] Güvenlik limitleri yüklendi. Etkin kural sayısı: 4
[17:58:16.602] [INFO] [AutoTuneEventPublisher] Domain olayı yayınlandı: SessionCreated (Oturum: 17d475ba-3532-41b2-95a2-eadc3c0b9115)
[17:58:16.602] [INFO] [AutoTuneEngine] Oturum başarıyla başlatıldı: 17d475ba-3532-41b2-95a2-eadc3c0b9115
[17:58:16.602] [INFO] [AutoTuneEventPublisher] Domain olayı yayınlandı: SessionStopped (Oturum: 17d475ba-3532-41b2-95a2-eadc3c0b9115)
[17:58:16.604] [INFO] [RtpCalibrationEngine] Connecting to RTP emulator...
[17:58:16.604] [INFO] [RtpCalibrationEngine] RTP emulator connected successfully.
[17:58:16.605] [INFO] [RtpCalibrationEngine] Real-time synchronization active.
[17:58:16.605] [INFO] [RtpCalibrationEngine] Real-time synchronization paused.
[17:58:16.605] [INFO] [RtpCalibrationEngine] RTP Emulator disconnected.
[17:58:16.606] [INFO] [RtpCalibrationEngine] Connecting to RTP emulator...
[17:58:16.606] [INFO] [RtpCalibrationEngine] RTP emulator connected successfully.
[17:58:16.606] [INFO] [RtpCalibrationEngine] Real-time synchronization active.
[17:58:16.608] [INFO] [CalibrationManager] Değişiklik kaydedildi:  [ -> 99]
[17:58:16.823] [INFO] [RtpCalibrationEngine] Connecting to RTP emulator...
[17:58:16.824] [INFO] [RtpCalibrationEngine] RTP emulator connected successfully.
[17:58:16.826] [INFO] [CalibrationManager] Değişiklik kaydedildi:  [ -> 10]
[17:58:16.836] [INFO] [CalibrationManager] Değişiklik kaydedildi:  [ -> 11]
[17:58:16.837] [INFO] [CalibrationManager] Değişiklik kaydedildi:  [ -> 12]
[17:58:16.838] [INFO] [RtpCalibrationEngine] Real-time synchronization active.
[17:58:17.040] [INFO] [RtpCalibrationEngine] Connecting to RTP emulator...
[17:58:17.040] [INFO] [RtpCalibrationEngine] RTP emulator connected successfully.
[17:58:17.042] [INFO] [CalibrationManager] Değişiklik kaydedildi:  [ -> 1]
[17:58:17.052] [INFO] [CalibrationManager] Değişiklik kaydedildi:  [ -> 2]
[17:58:17.061] [INFO] [CalibrationManager] Değişiklik kaydedildi:  [ -> 3]
[17:58:17.062] [INFO] [RtpCalibrationEngine] Real-time synchronization active.
[17:58:17.267] [INFO] [RtpCalibrationEngine] Connecting to RTP emulator...
[17:58:17.267] [INFO] [RtpCalibrationEngine] RTP emulator connected successfully.
[17:58:17.267] [INFO] [RtpCalibrationEngine] Real-time synchronization active.
[17:58:17.269] [INFO] [CalibrationManager] Değişiklik kaydedildi:  [ -> 45]
[17:58:17.485] [INFO] [RtpCalibrationEngine] Connecting to RTP emulator...
[17:58:17.485] [INFO] [RtpCalibrationEngine] RTP emulator connected successfully.
[17:58:17.485] [INFO] [RtpCalibrationEngine] Real-time synchronization active.
[17:58:17.487] [INFO] [CalibrationManager] Değişiklik kaydedildi:  [ -> 5]
[17:58:17.488] [INFO] [CalibrationManager] Değişiklik kaydedildi:  [ -> 5]
[17:58:17.490] [INFO] [CalibrationManager] Değişiklik kaydedildi:  [ -> 5]
[17:58:17.491] [INFO] [CalibrationManager] Değişiklik kaydedildi:  [ -> 5]
[17:58:17.497] [WARNING] [RtpCalibrationEngine] Could not save persistent sync queue: The process cannot access the file 'C:\Users\ayhan\OneDrive\Desktop\Canlı OBD2 Araç Telemetri Ekranı\HondaTuner\bin\Debug\net6.0-windows\Database\pending_rtp_queue.json' because it is being used by another process.
[17:58:17.507] [INFO] [CalibrationManager] Değişiklik kaydedildi:  [ -> 5]
[17:58:17.509] [INFO] [CalibrationManager] Değişiklik kaydedildi:  [ -> 5]
[17:58:17.510] [INFO] [CalibrationManager] Değişiklik kaydedildi:  [ -> 5]
[17:58:17.511] [INFO] [CalibrationManager] Değişiklik kaydedildi:  [ -> 5]
[17:58:17.513] [INFO] [CalibrationManager] Değişiklik kaydedildi:  [ -> 5]
[17:58:17.514] [INFO] [CalibrationManager] Değişiklik kaydedildi:  [ -> 5]
[17:58:17.515] [INFO] [CalibrationManager] Değişiklik kaydedildi:  [ -> 5]
[17:58:17.517] [INFO] [CalibrationManager] Değişiklik kaydedildi:  [ -> 5]
[17:58:17.518] [INFO] [CalibrationManager] Değişiklik kaydedildi:  [ -> 5]
[17:58:17.529] [INFO] [CalibrationManager] Değişiklik kaydedildi:  [ -> 5]
[17:58:17.531] [INFO] [CalibrationManager] Değişiklik kaydedildi:  [ -> 5]
[17:58:17.532] [INFO] [CalibrationManager] Değişiklik kaydedildi:  [ -> 5]
[17:58:17.533] [INFO] [CalibrationManager] Değişiklik kaydedildi:  [ -> 5]
[17:58:17.534] [INFO] [CalibrationManager] Değişiklik kaydedildi:  [ -> 5]
[17:58:17.535] [INFO] [CalibrationManager] Değişiklik kaydedildi:  [ -> 5]
[17:58:17.536] [INFO] [CalibrationManager] Değişiklik kaydedildi:  [ -> 5]
[17:58:17.537] [INFO] [CalibrationManager] Değişiklik kaydedildi:  [ -> 5]
[17:58:17.538] [INFO] [CalibrationManager] Değişiklik kaydedildi:  [ -> 5]
[17:58:17.540] [INFO] [CalibrationManager] Değişiklik kaydedildi:  [ -> 5]
[17:58:17.541] [INFO] [CalibrationManager] Değişiklik kaydedildi:  [ -> 5]
[17:58:17.542] [INFO] [CalibrationManager] Değişiklik kaydedildi:  [ -> 5]
[17:58:17.543] [INFO] [CalibrationManager] Değişiklik kaydedildi:  [ -> 5]
[17:58:17.544] [INFO] [CalibrationManager] Değişiklik kaydedildi:  [ -> 5]
[17:58:17.545] [INFO] [CalibrationManager] Değişiklik kaydedildi:  [ -> 5]
[17:58:17.547] [INFO] [CalibrationManager] Değişiklik kaydedildi:  [ -> 5]
[17:58:17.548] [INFO] [CalibrationManager] Değişiklik kaydedildi:  [ -> 5]
[17:58:17.549] [INFO] [CalibrationManager] Değişiklik kaydedildi:  [ -> 5]
[17:58:17.550] [INFO] [CalibrationManager] Değişiklik kaydedildi:  [ -> 5]
[17:58:17.551] [INFO] [CalibrationManager] Değişiklik kaydedildi:  [ -> 5]
[17:58:17.552] [INFO] [CalibrationManager] Değişiklik kaydedildi:  [ -> 5]
[17:58:17.554] [INFO] [CalibrationManager] Değişiklik kaydedildi:  [ -> 5]
[17:58:17.555] [INFO] [CalibrationManager] Değişiklik kaydedildi:  [ -> 5]
[17:58:17.556] [INFO] [CalibrationManager] Değişiklik kaydedildi:  [ -> 5]
[17:58:17.557] [INFO] [CalibrationManager] Değişiklik kaydedildi:  [ -> 5]
[17:58:17.558] [INFO] [CalibrationManager] Değişiklik kaydedildi:  [ -> 5]
[17:58:17.559] [INFO] [CalibrationManager] Değişiklik kaydedildi:  [ -> 5]
[17:58:17.560] [INFO] [CalibrationManager] Değişiklik kaydedildi:  [ -> 5]
[17:58:17.562] [INFO] [CalibrationManager] Değişiklik kaydedildi:  [ -> 5]
[17:58:17.563] [INFO] [CalibrationManager] Değişiklik kaydedildi:  [ -> 5]
[17:58:17.564] [INFO] [CalibrationManager] Değişiklik kaydedildi:  [ -> 5]
[17:58:17.565] [INFO] [CalibrationManager] Değişiklik kaydedildi:  [ -> 5]
[17:58:17.567] [INFO] [CalibrationManager] Değişiklik kaydedildi:  [ -> 5]
[17:58:17.568] [INFO] [CalibrationManager] Değişiklik kaydedildi:  [ -> 5]
[17:58:17.569] [INFO] [CalibrationManager] Değişiklik kaydedildi:  [ -> 5]
[17:58:17.570] [INFO] [CalibrationManager] Değişiklik kaydedildi:  [ -> 5]
[17:58:17.571] [INFO] [CalibrationManager] Değişiklik kaydedildi:  [ -> 5]
[17:58:17.572] [INFO] [CalibrationManager] Değişiklik kaydedildi:  [ -> 5]
[17:58:17.574] [INFO] [CalibrationManager] Değişiklik kaydedildi:  [ -> 5]
[17:58:17.576] [INFO] [CalibrationManager] Değişiklik kaydedildi:  [ -> 5]
[17:58:17.583] [WARNING] [RtpCalibrationEngine] Could not save persistent sync queue: The process cannot access the file 'C:\Users\ayhan\OneDrive\Desktop\Canlı OBD2 Araç Telemetri Ekranı\HondaTuner\bin\Debug\net6.0-windows\Database\pending_rtp_queue.json' because it is being used by another process.
[17:58:17.583] [INFO] [CalibrationManager] Değişiklik kaydedildi:  [ -> 5]
[17:58:17.585] [INFO] [CalibrationManager] Değişiklik kaydedildi:  [ -> 5]
[17:58:17.586] [INFO] [CalibrationManager] Değişiklik kaydedildi:  [ -> 5]
[17:58:17.587] [INFO] [CalibrationManager] Değişiklik kaydedildi:  [ -> 5]
[17:58:17.588] [INFO] [CalibrationManager] Değişiklik kaydedildi:  [ -> 5]
[17:58:17.589] [INFO] [CalibrationManager] Değişiklik kaydedildi:  [ -> 5]
[17:58:17.591] [INFO] [CalibrationManager] Değişiklik kaydedildi:  [ -> 5]
[17:58:17.592] [INFO] [CalibrationManager] Değişiklik kaydedildi:  [ -> 5]
[17:58:17.593] [INFO] [CalibrationManager] Değişiklik kaydedildi:  [ -> 5]
[17:58:17.594] [INFO] [CalibrationManager] Değişiklik kaydedildi:  [ -> 5]
[17:58:17.595] [INFO] [CalibrationManager] Değişiklik kaydedildi:  [ -> 5]
[17:58:17.596] [INFO] [CalibrationManager] Değişiklik kaydedildi:  [ -> 5]
[17:58:17.597] [INFO] [CalibrationManager] Değişiklik kaydedildi:  [ -> 5]
[17:58:17.599] [INFO] [CalibrationManager] Değişiklik kaydedildi:  [ -> 5]
[17:58:17.600] [INFO] [CalibrationManager] Değişiklik kaydedildi:  [ -> 5]
[17:58:17.601] [INFO] [CalibrationManager] Değişiklik kaydedildi:  [ -> 5]
[17:58:17.602] [INFO] [CalibrationManager] Değişiklik kaydedildi:  [ -> 5]
[17:58:17.604] [INFO] [CalibrationManager] Değişiklik kaydedildi:  [ -> 5]
[17:58:17.605] [INFO] [CalibrationManager] Değişiklik kaydedildi:  [ -> 5]
[17:58:17.606] [INFO] [CalibrationManager] Değişiklik kaydedildi:  [ -> 5]
[17:58:17.607] [INFO] [CalibrationManager] Değişiklik kaydedildi:  [ -> 5]
[17:58:17.609] [INFO] [CalibrationManager] Değişiklik kaydedildi:  [ -> 5]
[17:58:17.610] [INFO] [CalibrationManager] Değişiklik kaydedildi:  [ -> 5]
[17:58:17.611] [INFO] [CalibrationManager] Değişiklik kaydedildi:  [ -> 5]
[17:58:17.612] [INFO] [CalibrationManager] Değişiklik kaydedildi:  [ -> 5]
[17:58:17.614] [INFO] [CalibrationManager] Değişiklik kaydedildi:  [ -> 5]
[17:58:17.615] [INFO] [CalibrationManager] Değişiklik kaydedildi:  [ -> 5]
[17:58:17.616] [INFO] [CalibrationManager] Değişiklik kaydedildi:  [ -> 5]
[17:58:17.617] [INFO] [CalibrationManager] Değişiklik kaydedildi:  [ -> 5]
[17:58:17.618] [INFO] [CalibrationManager] Değişiklik kaydedildi:  [ -> 5]
[17:58:17.620] [INFO] [CalibrationManager] Değişiklik kaydedildi:  [ -> 5]
[17:58:17.621] [INFO] [CalibrationManager] Değişiklik kaydedildi:  [ -> 5]
[17:58:17.622] [INFO] [CalibrationManager] Değişiklik kaydedildi:  [ -> 5]
[17:58:17.623] [INFO] [CalibrationManager] Değişiklik kaydedildi:  [ -> 5]
[17:58:17.624] [INFO] [CalibrationManager] Değişiklik kaydedildi:  [ -> 5]
[17:58:17.626] [INFO] [CalibrationManager] Değişiklik kaydedildi:  [ -> 5]
[17:58:17.627] [INFO] [CalibrationManager] Değişiklik kaydedildi:  [ -> 5]
[17:58:17.628] [INFO] [CalibrationManager] Değişiklik kaydedildi:  [ -> 5]
[17:58:17.630] [INFO] [CalibrationManager] Değişiklik kaydedildi:  [ -> 5]
[17:58:17.631] [INFO] [CalibrationManager] Değişiklik kaydedildi:  [ -> 5]
[17:58:17.632] [INFO] [CalibrationManager] Değişiklik kaydedildi:  [ -> 5]
[17:58:17.633] [INFO] [CalibrationManager] Değişiklik kaydedildi:  [ -> 5]
[17:58:17.634] [INFO] [CalibrationManager] Değişiklik kaydedildi:  [ -> 5]
[17:58:17.636] [INFO] [CalibrationManager] Değişiklik kaydedildi:  [ -> 5]
[17:58:17.637] [INFO] [CalibrationManager] Değişiklik kaydedildi:  [ -> 5]
[17:58:17.638] [INFO] [CalibrationManager] Değişiklik kaydedildi:  [ -> 5]
[17:58:17.640] [INFO] [CalibrationManager] Değişiklik kaydedildi:  [ -> 5]
[17:58:17.641] [INFO] [CalibrationManager] Değişiklik kaydedildi:  [ -> 5]
[17:58:17.642] [INFO] [CalibrationManager] Değişiklik kaydedildi:  [ -> 5]
[17:58:17.643] [INFO] [CalibrationManager] Değişiklik kaydedildi:  [ -> 5]
[17:58:17.646] [INFO] [CalibrationManager] Değişiklik kaydedildi:  [ -> 5]
[17:58:17.647] [INFO] [CalibrationManager] Değişiklik kaydedildi:  [ -> 5]
[17:58:17.648] [INFO] [CalibrationManager] Değişiklik kaydedildi:  [ -> 5]
[17:58:17.649] [INFO] [CalibrationManager] Değişiklik kaydedildi:  [ -> 5]
[17:58:17.650] [INFO] [CalibrationManager] Değişiklik kaydedildi:  [ -> 5]
[17:58:17.652] [INFO] [CalibrationManager] Değişiklik kaydedildi:  [ -> 5]
[17:58:17.653] [INFO] [CalibrationManager] Değişiklik kaydedildi:  [ -> 5]
[17:58:17.654] [INFO] [CalibrationManager] Değişiklik kaydedildi:  [ -> 5]
[17:58:17.655] [INFO] [CalibrationManager] Değişiklik kaydedildi:  [ -> 5]
[17:58:17.656] [INFO] [CalibrationManager] Değişiklik kaydedildi:  [ -> 5]
[17:58:17.657] [INFO] [CalibrationManager] Değişiklik kaydedildi:  [ -> 5]
[17:58:17.658] [INFO] [CalibrationManager] Değişiklik kaydedildi:  [ -> 5]
[17:58:17.660] [INFO] [CalibrationManager] Değişiklik kaydedildi:  [ -> 5]
[17:58:17.661] [INFO] [CalibrationManager] Değişiklik kaydedildi:  [ -> 5]
[17:58:17.662] [INFO] [CalibrationManager] Değişiklik kaydedildi:  [ -> 5]
[17:58:17.664] [INFO] [CalibrationManager] Değişiklik kaydedildi:  [ -> 5]
[17:58:17.665] [INFO] [CalibrationManager] Değişiklik kaydedildi:  [ -> 5]
[17:58:17.666] [INFO] [CalibrationManager] Değişiklik kaydedildi:  [ -> 5]
[17:58:17.667] [INFO] [CalibrationManager] Değişiklik kaydedildi:  [ -> 5]
[17:58:17.668] [INFO] [CalibrationManager] Değişiklik kaydedildi:  [ -> 5]
[17:58:17.670] [INFO] [CalibrationManager] Değişiklik kaydedildi:  [ -> 5]
[17:58:17.671] [INFO] [CalibrationManager] Değişiklik kaydedildi:  [ -> 5]
[17:58:17.672] [INFO] [CalibrationManager] Değişiklik kaydedildi:  [ -> 5]
[17:58:17.673] [INFO] [CalibrationManager] Değişiklik kaydedildi:  [ -> 5]
[17:58:17.674] [INFO] [CalibrationManager] Değişiklik kaydedildi:  [ -> 5]
[17:58:17.675] [INFO] [CalibrationManager] Değişiklik kaydedildi:  [ -> 5]
[17:58:17.676] [INFO] [CalibrationManager] Değişiklik kaydedildi:  [ -> 5]
[17:58:17.678] [INFO] [CalibrationManager] Değişiklik kaydedildi:  [ -> 5]
[17:58:17.679] [INFO] [CalibrationManager] Değişiklik kaydedildi:  [ -> 5]
[17:58:17.680] [INFO] [CalibrationManager] Değişiklik kaydedildi:  [ -> 5]
[17:58:17.681] [INFO] [CalibrationManager] Değişiklik kaydedildi:  [ -> 5]
[17:58:17.683] [INFO] [CalibrationManager] Değişiklik kaydedildi:  [ -> 5]
[17:58:17.684] [INFO] [CalibrationManager] Değişiklik kaydedildi:  [ -> 5]
[17:58:17.685] [INFO] [CalibrationManager] Değişiklik kaydedildi:  [ -> 5]
[17:58:17.687] [INFO] [CalibrationManager] Değişiklik kaydedildi:  [ -> 5]
[17:58:17.688] [INFO] [CalibrationManager] Değişiklik kaydedildi:  [ -> 5]
[17:58:17.689] [INFO] [CalibrationManager] Değişiklik kaydedildi:  [ -> 5]
[17:58:17.690] [INFO] [CalibrationManager] Değişiklik kaydedildi:  [ -> 5]
[17:58:17.692] [INFO] [CalibrationManager] Değişiklik kaydedildi:  [ -> 5]
[17:58:17.693] [INFO] [CalibrationManager] Değişiklik kaydedildi:  [ -> 5]
[17:58:17.694] [INFO] [CalibrationManager] Değişiklik kaydedildi:  [ -> 5]
[17:58:17.695] [INFO] [CalibrationManager] Değişiklik kaydedildi:  [ -> 5]
[17:58:17.697] [INFO] [CalibrationManager] Değişiklik kaydedildi:  [ -> 5]
[17:58:17.698] [INFO] [CalibrationManager] Değişiklik kaydedildi:  [ -> 5]
[17:58:17.699] [INFO] [CalibrationManager] Değişiklik kaydedildi:  [ -> 5]
[17:58:17.700] [INFO] [CalibrationManager] Değişiklik kaydedildi:  [ -> 5]
[17:58:17.702] [WARNING] [RtpCalibrationEngine] Could not save persistent sync queue: The process cannot access the file 'C:\Users\ayhan\OneDrive\Desktop\Canlı OBD2 Araç Telemetri Ekranı\HondaTuner\bin\Debug\net6.0-windows\Database\pending_rtp_queue.json' because it is being used by another process.
[17:58:17.702] [INFO] [CalibrationManager] Değişiklik kaydedildi:  [ -> 5]
[17:58:17.704] [INFO] [CalibrationManager] Değişiklik kaydedildi:  [ -> 5]
[17:58:17.705] [INFO] [CalibrationManager] Değişiklik kaydedildi:  [ -> 5]
[17:58:17.707] [INFO] [CalibrationManager] Değişiklik kaydedildi:  [ -> 5]
[17:58:17.708] [INFO] [CalibrationManager] Değişiklik kaydedildi:  [ -> 5]
[17:58:17.709] [INFO] [CalibrationManager] Değişiklik kaydedildi:  [ -> 5]
[17:58:17.710] [INFO] [CalibrationManager] Değişiklik kaydedildi:  [ -> 5]
[17:58:17.712] [INFO] [CalibrationManager] Değişiklik kaydedildi:  [ -> 5]
[17:58:17.713] [INFO] [CalibrationManager] Değişiklik kaydedildi:  [ -> 5]
[17:58:17.714] [INFO] [CalibrationManager] Değişiklik kaydedildi:  [ -> 5]
[17:58:17.716] [INFO] [CalibrationManager] Değişiklik kaydedildi:  [ -> 5]
[17:58:17.717] [INFO] [CalibrationManager] Değişiklik kaydedildi:  [ -> 5]
[17:58:17.718] [INFO] [CalibrationManager] Değişiklik kaydedildi:  [ -> 5]
[17:58:17.719] [INFO] [CalibrationManager] Değişiklik kaydedildi:  [ -> 5]
[17:58:17.720] [INFO] [CalibrationManager] Değişiklik kaydedildi:  [ -> 5]
[17:58:17.722] [INFO] [CalibrationManager] Değişiklik kaydedildi:  [ -> 5]
[17:58:17.723] [INFO] [CalibrationManager] Değişiklik kaydedildi:  [ -> 5]
[17:58:17.724] [INFO] [CalibrationManager] Değişiklik kaydedildi:  [ -> 5]
[17:58:17.726] [INFO] [CalibrationManager] Değişiklik kaydedildi:  [ -> 5]
[17:58:17.727] [INFO] [CalibrationManager] Değişiklik kaydedildi:  [ -> 5]
[17:58:17.728] [INFO] [CalibrationManager] Değişiklik kaydedildi:  [ -> 5]
[17:58:17.729] [INFO] [CalibrationManager] Değişiklik kaydedildi:  [ -> 5]
[17:58:17.730] [INFO] [CalibrationManager] Değişiklik kaydedildi:  [ -> 5]
[17:58:17.731] [INFO] [CalibrationManager] Değişiklik kaydedildi:  [ -> 5]
[17:58:17.733] [INFO] [CalibrationManager] Değişiklik kaydedildi:  [ -> 5]
[17:58:17.734] [INFO] [CalibrationManager] Değişiklik kaydedildi:  [ -> 5]
[17:58:17.735] [INFO] [CalibrationManager] Değişiklik kaydedildi:  [ -> 5]
[17:58:17.736] [INFO] [CalibrationManager] Değişiklik kaydedildi:  [ -> 5]
[17:58:17.738] [INFO] [CalibrationManager] Değişiklik kaydedildi:  [ -> 5]
[17:58:17.739] [INFO] [CalibrationManager] Değişiklik kaydedildi:  [ -> 5]
[17:58:17.750] [INFO] [CalibrationManager] Değişiklik kaydedildi:  [ -> 5]
[17:58:17.751] [INFO] [CalibrationManager] Değişiklik kaydedildi:  [ -> 5]
[17:58:17.752] [INFO] [CalibrationManager] Değişiklik kaydedildi:  [ -> 5]
[17:58:17.754] [INFO] [CalibrationManager] Değişiklik kaydedildi:  [ -> 5]
[17:58:17.755] [INFO] [CalibrationManager] Değişiklik kaydedildi:  [ -> 5]
[17:58:17.756] [INFO] [CalibrationManager] Değişiklik kaydedildi:  [ -> 5]
[17:58:17.758] [INFO] [CalibrationManager] Değişiklik kaydedildi:  [ -> 5]
[17:58:17.759] [INFO] [CalibrationManager] Değişiklik kaydedildi:  [ -> 5]
[17:58:17.760] [INFO] [CalibrationManager] Değişiklik kaydedildi:  [ -> 5]
[17:58:17.762] [INFO] [CalibrationManager] Değişiklik kaydedildi:  [ -> 5]
[17:58:17.763] [INFO] [CalibrationManager] Değişiklik kaydedildi:  [ -> 5]
[17:58:17.764] [INFO] [CalibrationManager] Değişiklik kaydedildi:  [ -> 5]
[17:58:17.765] [INFO] [CalibrationManager] Değişiklik kaydedildi:  [ -> 5]
[17:58:17.767] [INFO] [CalibrationManager] Değişiklik kaydedildi:  [ -> 5]
[17:58:17.768] [INFO] [CalibrationManager] Değişiklik kaydedildi:  [ -> 5]
[17:58:17.769] [INFO] [CalibrationManager] Değişiklik kaydedildi:  [ -> 5]
[17:58:17.771] [INFO] [CalibrationManager] Değişiklik kaydedildi:  [ -> 5]
[17:58:17.772] [INFO] [CalibrationManager] Değişiklik kaydedildi:  [ -> 5]
[17:58:17.773] [INFO] [CalibrationManager] Değişiklik kaydedildi:  [ -> 5]
[17:58:17.774] [INFO] [CalibrationManager] Değişiklik kaydedildi:  [ -> 5]
[17:58:17.776] [INFO] [CalibrationManager] Değişiklik kaydedildi:  [ -> 5]
[17:58:17.777] [INFO] [CalibrationManager] Değişiklik kaydedildi:  [ -> 5]
[17:58:17.778] [INFO] [CalibrationManager] Değişiklik kaydedildi:  [ -> 5]
[17:58:17.779] [INFO] [CalibrationManager] Değişiklik kaydedildi:  [ -> 5]
[17:58:17.781] [INFO] [CalibrationManager] Değişiklik kaydedildi:  [ -> 5]
[17:58:17.782] [INFO] [CalibrationManager] Değişiklik kaydedildi:  [ -> 5]
[17:58:17.783] [INFO] [CalibrationManager] Değişiklik kaydedildi:  [ -> 5]
[17:58:17.784] [INFO] [CalibrationManager] Değişiklik kaydedildi:  [ -> 5]
[17:58:17.786] [INFO] [CalibrationManager] Değişiklik kaydedildi:  [ -> 5]
[17:58:17.787] [INFO] [CalibrationManager] Değişiklik kaydedildi:  [ -> 5]
[17:58:17.788] [INFO] [CalibrationManager] Değişiklik kaydedildi:  [ -> 5]
[17:58:17.790] [INFO] [CalibrationManager] Değişiklik kaydedildi:  [ -> 5]
[17:58:17.791] [INFO] [CalibrationManager] Değişiklik kaydedildi:  [ -> 5]
[17:58:17.793] [INFO] [CalibrationManager] Değişiklik kaydedildi:  [ -> 5]
[17:58:17.795] [INFO] [CalibrationManager] Değişiklik kaydedildi:  [ -> 5]
[17:58:17.796] [INFO] [CalibrationManager] Değişiklik kaydedildi:  [ -> 5]
[17:58:17.797] [INFO] [CalibrationManager] Değişiklik kaydedildi:  [ -> 5]
[17:58:17.799] [INFO] [CalibrationManager] Değişiklik kaydedildi:  [ -> 5]
[17:58:17.800] [INFO] [CalibrationManager] Değişiklik kaydedildi:  [ -> 5]
[17:58:17.801] [INFO] [CalibrationManager] Değişiklik kaydedildi:  [ -> 5]
[17:58:17.803] [INFO] [CalibrationManager] Değişiklik kaydedildi:  [ -> 5]
[17:58:17.804] [INFO] [CalibrationManager] Değişiklik kaydedildi:  [ -> 5]
[17:58:17.805] [INFO] [CalibrationManager] Değişiklik kaydedildi:  [ -> 5]
[17:58:17.807] [INFO] [CalibrationManager] Değişiklik kaydedildi:  [ -> 5]
[17:58:17.808] [INFO] [CalibrationManager] Değişiklik kaydedildi:  [ -> 5]
[17:58:17.809] [INFO] [CalibrationManager] Değişiklik kaydedildi:  [ -> 5]
[17:58:17.811] [INFO] [CalibrationManager] Değişiklik kaydedildi:  [ -> 5]
[17:58:17.812] [INFO] [CalibrationManager] Değişiklik kaydedildi:  [ -> 5]
[17:58:17.814] [INFO] [CalibrationManager] Değişiklik kaydedildi:  [ -> 5]
[17:58:17.815] [INFO] [CalibrationManager] Değişiklik kaydedildi:  [ -> 5]
[17:58:17.817] [INFO] [CalibrationManager] Değişiklik kaydedildi:  [ -> 5]
[17:58:17.818] [INFO] [CalibrationManager] Değişiklik kaydedildi:  [ -> 5]
[17:58:17.819] [INFO] [CalibrationManager] Değişiklik kaydedildi:  [ -> 5]
[17:58:17.821] [INFO] [CalibrationManager] Değişiklik kaydedildi:  [ -> 5]
[17:58:17.822] [INFO] [CalibrationManager] Değişiklik kaydedildi:  [ -> 5]
[17:58:17.824] [INFO] [CalibrationManager] Değişiklik kaydedildi:  [ -> 5]
[17:58:17.825] [INFO] [CalibrationManager] Değişiklik kaydedildi:  [ -> 5]
[17:58:17.826] [INFO] [CalibrationManager] Değişiklik kaydedildi:  [ -> 5]
[17:58:17.828] [INFO] [CalibrationManager] Değişiklik kaydedildi:  [ -> 5]
[17:58:17.829] [INFO] [CalibrationManager] Değişiklik kaydedildi:  [ -> 5]
[17:58:17.830] [INFO] [CalibrationManager] Değişiklik kaydedildi:  [ -> 5]
[17:58:17.832] [INFO] [CalibrationManager] Değişiklik kaydedildi:  [ -> 5]
[17:58:17.833] [INFO] [CalibrationManager] Değişiklik kaydedildi:  [ -> 5]
[17:58:17.835] [INFO] [CalibrationManager] Değişiklik kaydedildi:  [ -> 5]
[17:58:17.837] [INFO] [CalibrationManager] Değişiklik kaydedildi:  [ -> 5]
[17:58:17.838] [INFO] [CalibrationManager] Değişiklik kaydedildi:  [ -> 5]
[17:58:17.840] [INFO] [CalibrationManager] Değişiklik kaydedildi:  [ -> 5]
[17:58:17.841] [INFO] [CalibrationManager] Değişiklik kaydedildi:  [ -> 5]
[17:58:17.842] [INFO] [CalibrationManager] Değişiklik kaydedildi:  [ -> 5]
[17:58:17.844] [INFO] [CalibrationManager] Değişiklik kaydedildi:  [ -> 5]
[17:58:17.845] [INFO] [CalibrationManager] Değişiklik kaydedildi:  [ -> 5]
[17:58:17.846] [INFO] [CalibrationManager] Değişiklik kaydedildi:  [ -> 5]
[17:58:17.848] [INFO] [CalibrationManager] Değişiklik kaydedildi:  [ -> 5]
[17:58:17.849] [INFO] [CalibrationManager] Değişiklik kaydedildi:  [ -> 5]
[17:58:17.851] [INFO] [CalibrationManager] Değişiklik kaydedildi:  [ -> 5]
[17:58:17.852] [INFO] [CalibrationManager] Değişiklik kaydedildi:  [ -> 5]
[17:58:17.853] [INFO] [CalibrationManager] Değişiklik kaydedildi:  [ -> 5]
[17:58:17.855] [INFO] [CalibrationManager] Değişiklik kaydedildi:  [ -> 5]
[17:58:17.856] [INFO] [CalibrationManager] Değişiklik kaydedildi:  [ -> 5]
[17:58:17.857] [INFO] [CalibrationManager] Değişiklik kaydedildi:  [ -> 5]
[17:58:17.859] [INFO] [CalibrationManager] Değişiklik kaydedildi:  [ -> 5]
[17:58:17.860] [INFO] [CalibrationManager] Değişiklik kaydedildi:  [ -> 5]
[17:58:17.861] [INFO] [CalibrationManager] Değişiklik kaydedildi:  [ -> 5]
[17:58:17.863] [INFO] [CalibrationManager] Değişiklik kaydedildi:  [ -> 5]
[17:58:17.864] [INFO] [CalibrationManager] Değişiklik kaydedildi:  [ -> 5]
[17:58:17.866] [INFO] [CalibrationManager] Değişiklik kaydedildi:  [ -> 5]
[17:58:17.867] [INFO] [CalibrationManager] Değişiklik kaydedildi:  [ -> 5]
[17:58:17.868] [INFO] [CalibrationManager] Değişiklik kaydedildi:  [ -> 5]
[17:58:17.870] [INFO] [CalibrationManager] Değişiklik kaydedildi:  [ -> 5]
[17:58:17.871] [INFO] [CalibrationManager] Değişiklik kaydedildi:  [ -> 5]
[17:58:17.874] [INFO] [CalibrationManager] Değişiklik kaydedildi:  [ -> 5]
[17:58:17.875] [INFO] [CalibrationManager] Değişiklik kaydedildi:  [ -> 5]
[17:58:17.876] [INFO] [CalibrationManager] Değişiklik kaydedildi:  [ -> 5]
[17:58:17.878] [INFO] [CalibrationManager] Değişiklik kaydedildi:  [ -> 5]
[17:58:17.879] [INFO] [CalibrationManager] Değişiklik kaydedildi:  [ -> 5]
[17:58:17.880] [INFO] [CalibrationManager] Değişiklik kaydedildi:  [ -> 5]
[17:58:17.881] [INFO] [CalibrationManager] Değişiklik kaydedildi:  [ -> 5]
[17:58:17.883] [INFO] [CalibrationManager] Değişiklik kaydedildi:  [ -> 5]
[17:58:17.884] [INFO] [CalibrationManager] Değişiklik kaydedildi:  [ -> 5]
[17:58:17.886] [INFO] [CalibrationManager] Değişiklik kaydedildi:  [ -> 5]
[17:58:17.887] [INFO] [CalibrationManager] Değişiklik kaydedildi:  [ -> 5]
[17:58:17.888] [INFO] [CalibrationManager] Değişiklik kaydedildi:  [ -> 5]
[17:58:17.890] [INFO] [CalibrationManager] Değişiklik kaydedildi:  [ -> 5]
[17:58:17.891] [INFO] [CalibrationManager] Değişiklik kaydedildi:  [ -> 5]
[17:58:17.893] [INFO] [CalibrationManager] Değişiklik kaydedildi:  [ -> 5]
[17:58:17.894] [INFO] [CalibrationManager] Değişiklik kaydedildi:  [ -> 5]
[17:58:17.895] [INFO] [CalibrationManager] Değişiklik kaydedildi:  [ -> 5]
[17:58:17.896] [INFO] [CalibrationManager] Değişiklik kaydedildi:  [ -> 5]
[17:58:17.898] [INFO] [CalibrationManager] Değişiklik kaydedildi:  [ -> 5]
[17:58:17.899] [INFO] [CalibrationManager] Değişiklik kaydedildi:  [ -> 5]
[17:58:17.900] [INFO] [CalibrationManager] Değişiklik kaydedildi:  [ -> 5]
[17:58:17.902] [INFO] [CalibrationManager] Değişiklik kaydedildi:  [ -> 5]
[17:58:17.903] [INFO] [CalibrationManager] Değişiklik kaydedildi:  [ -> 5]
[17:58:17.905] [INFO] [CalibrationManager] Değişiklik kaydedildi:  [ -> 5]
[17:58:17.907] [INFO] [CalibrationManager] Değişiklik kaydedildi:  [ -> 5]
[17:58:17.908] [INFO] [CalibrationManager] Değişiklik kaydedildi:  [ -> 5]
[17:58:17.910] [INFO] [CalibrationManager] Değişiklik kaydedildi:  [ -> 5]
[17:58:17.911] [INFO] [CalibrationManager] Değişiklik kaydedildi:  [ -> 5]
[17:58:17.912] [INFO] [CalibrationManager] Değişiklik kaydedildi:  [ -> 5]
[17:58:17.914] [INFO] [CalibrationManager] Değişiklik kaydedildi:  [ -> 5]
[17:58:17.915] [INFO] [CalibrationManager] Değişiklik kaydedildi:  [ -> 5]
[17:58:17.917] [INFO] [CalibrationManager] Değişiklik kaydedildi:  [ -> 5]
[17:58:17.918] [INFO] [CalibrationManager] Değişiklik kaydedildi:  [ -> 5]
[17:58:17.919] [INFO] [CalibrationManager] Değişiklik kaydedildi:  [ -> 5]
[17:58:17.921] [INFO] [CalibrationManager] Değişiklik kaydedildi:  [ -> 5]
[17:58:17.922] [INFO] [CalibrationManager] Değişiklik kaydedildi:  [ -> 5]
[17:58:17.924] [INFO] [CalibrationManager] Değişiklik kaydedildi:  [ -> 5]
[17:58:17.925] [INFO] [CalibrationManager] Değişiklik kaydedildi:  [ -> 5]
[17:58:17.926] [INFO] [CalibrationManager] Değişiklik kaydedildi:  [ -> 5]
[17:58:17.928] [INFO] [CalibrationManager] Değişiklik kaydedildi:  [ -> 5]
[17:58:17.929] [INFO] [CalibrationManager] Değişiklik kaydedildi:  [ -> 5]
[17:58:17.930] [INFO] [CalibrationManager] Değişiklik kaydedildi:  [ -> 5]
[17:58:17.933] [INFO] [CalibrationManager] Değişiklik kaydedildi:  [ -> 5]
[17:58:17.934] [INFO] [CalibrationManager] Değişiklik kaydedildi:  [ -> 5]
[17:58:17.935] [INFO] [CalibrationManager] Değişiklik kaydedildi:  [ -> 5]
[17:58:17.937] [INFO] [CalibrationManager] Değişiklik kaydedildi:  [ -> 5]
[17:58:17.938] [INFO] [CalibrationManager] Değişiklik kaydedildi:  [ -> 5]
[17:58:17.940] [INFO] [CalibrationManager] Değişiklik kaydedildi:  [ -> 5]
[17:58:17.942] [INFO] [CalibrationManager] Değişiklik kaydedildi:  [ -> 5]
[17:58:17.943] [INFO] [CalibrationManager] Değişiklik kaydedildi:  [ -> 5]
[17:58:17.945] [INFO] [CalibrationManager] Değişiklik kaydedildi:  [ -> 5]
[17:58:17.946] [INFO] [CalibrationManager] Değişiklik kaydedildi:  [ -> 5]
[17:58:17.948] [INFO] [CalibrationManager] Değişiklik kaydedildi:  [ -> 5]
[17:58:17.949] [INFO] [CalibrationManager] Değişiklik kaydedildi:  [ -> 5]
[17:58:17.951] [INFO] [CalibrationManager] Değişiklik kaydedildi:  [ -> 5]
[17:58:17.952] [INFO] [CalibrationManager] Değişiklik kaydedildi:  [ -> 5]
[17:58:17.953] [INFO] [CalibrationManager] Değişiklik kaydedildi:  [ -> 5]
[17:58:17.955] [INFO] [CalibrationManager] Değişiklik kaydedildi:  [ -> 5]
[17:58:17.956] [INFO] [CalibrationManager] Değişiklik kaydedildi:  [ -> 5]
[17:58:17.957] [INFO] [CalibrationManager] Değişiklik kaydedildi:  [ -> 5]
[17:58:17.959] [INFO] [CalibrationManager] Değişiklik kaydedildi:  [ -> 5]
[17:58:17.960] [INFO] [CalibrationManager] Değişiklik kaydedildi:  [ -> 5]
[17:58:17.961] [INFO] [CalibrationManager] Değişiklik kaydedildi:  [ -> 5]
[17:58:17.963] [INFO] [CalibrationManager] Değişiklik kaydedildi:  [ -> 5]
[17:58:17.964] [INFO] [CalibrationManager] Değişiklik kaydedildi:  [ -> 5]
[17:58:17.966] [INFO] [CalibrationManager] Değişiklik kaydedildi:  [ -> 5]
[17:58:17.967] [INFO] [CalibrationManager] Değişiklik kaydedildi:  [ -> 5]
[17:58:17.969] [INFO] [CalibrationManager] Değişiklik kaydedildi:  [ -> 5]
[17:58:17.970] [INFO] [CalibrationManager] Değişiklik kaydedildi:  [ -> 5]
[17:58:17.972] [INFO] [CalibrationManager] Değişiklik kaydedildi:  [ -> 5]
[17:58:17.974] [INFO] [CalibrationManager] Değişiklik kaydedildi:  [ -> 5]
[17:58:17.975] [INFO] [CalibrationManager] Değişiklik kaydedildi:  [ -> 5]
[17:58:17.977] [INFO] [CalibrationManager] Değişiklik kaydedildi:  [ -> 5]
[17:58:17.978] [INFO] [CalibrationManager] Değişiklik kaydedildi:  [ -> 5]
[17:58:17.980] [INFO] [CalibrationManager] Değişiklik kaydedildi:  [ -> 5]
[17:58:17.981] [INFO] [CalibrationManager] Değişiklik kaydedildi:  [ -> 5]
[17:58:17.983] [INFO] [CalibrationManager] Değişiklik kaydedildi:  [ -> 5]
[17:58:17.987] [WARNING] [RtpCalibrationEngine] Could not save persistent sync queue: The process cannot access the file 'C:\Users\ayhan\OneDrive\Desktop\Canlı OBD2 Araç Telemetri Ekranı\HondaTuner\bin\Debug\net6.0-windows\Database\pending_rtp_queue.json' because it is being used by another process.
[17:58:17.988] [INFO] [CalibrationManager] Değişiklik kaydedildi:  [ -> 5]
[17:58:17.989] [INFO] [CalibrationManager] Değişiklik kaydedildi:  [ -> 5]
[17:58:17.990] [INFO] [CalibrationManager] Değişiklik kaydedildi:  [ -> 5]
[17:58:17.992] [INFO] [CalibrationManager] Değişiklik kaydedildi:  [ -> 5]
[17:58:17.993] [INFO] [CalibrationManager] Değişiklik kaydedildi:  [ -> 5]
[17:58:17.995] [INFO] [CalibrationManager] Değişiklik kaydedildi:  [ -> 5]
[17:58:17.996] [INFO] [CalibrationManager] Değişiklik kaydedildi:  [ -> 5]
[17:58:17.997] [INFO] [CalibrationManager] Değişiklik kaydedildi:  [ -> 5]
[17:58:17.999] [INFO] [CalibrationManager] Değişiklik kaydedildi:  [ -> 5]
[17:58:18.000] [INFO] [CalibrationManager] Değişiklik kaydedildi:  [ -> 5]
[17:58:18.001] [INFO] [CalibrationManager] Değişiklik kaydedildi:  [ -> 5]
[17:58:18.003] [INFO] [CalibrationManager] Değişiklik kaydedildi:  [ -> 5]
[17:58:18.004] [INFO] [CalibrationManager] Değişiklik kaydedildi:  [ -> 5]
[17:58:18.006] [INFO] [CalibrationManager] Değişiklik kaydedildi:  [ -> 5]
[17:58:18.008] [INFO] [CalibrationManager] Değişiklik kaydedildi:  [ -> 5]
[17:58:18.010] [INFO] [CalibrationManager] Değişiklik kaydedildi:  [ -> 5]
[17:58:18.011] [INFO] [CalibrationManager] Değişiklik kaydedildi:  [ -> 5]
[17:58:18.014] [INFO] [CalibrationManager] Değişiklik kaydedildi:  [ -> 5]
[17:58:18.016] [INFO] [CalibrationManager] Değişiklik kaydedildi:  [ -> 5]
[17:58:18.017] [INFO] [CalibrationManager] Değişiklik kaydedildi:  [ -> 5]
[17:58:18.019] [INFO] [CalibrationManager] Değişiklik kaydedildi:  [ -> 5]
[17:58:18.020] [INFO] [CalibrationManager] Değişiklik kaydedildi:  [ -> 5]
[17:58:18.022] [INFO] [CalibrationManager] Değişiklik kaydedildi:  [ -> 5]
[17:58:18.023] [INFO] [CalibrationManager] Değişiklik kaydedildi:  [ -> 5]
[17:58:18.031] [INFO] [CalibrationManager] Değişiklik kaydedildi:  [ -> 5]
[17:58:18.033] [INFO] [CalibrationManager] Değişiklik kaydedildi:  [ -> 5]
[17:58:18.034] [INFO] [CalibrationManager] Değişiklik kaydedildi:  [ -> 5]
[17:58:18.036] [INFO] [CalibrationManager] Değişiklik kaydedildi:  [ -> 5]
[17:58:18.038] [INFO] [CalibrationManager] Değişiklik kaydedildi:  [ -> 5]
[17:58:18.039] [INFO] [CalibrationManager] Değişiklik kaydedildi:  [ -> 5]
[17:58:18.041] [INFO] [CalibrationManager] Değişiklik kaydedildi:  [ -> 5]
[17:58:18.042] [INFO] [CalibrationManager] Değişiklik kaydedildi:  [ -> 5]
[17:58:18.044] [INFO] [CalibrationManager] Değişiklik kaydedildi:  [ -> 5]
[17:58:18.045] [INFO] [CalibrationManager] Değişiklik kaydedildi:  [ -> 5]
[17:58:18.048] [INFO] [CalibrationManager] Değişiklik kaydedildi:  [ -> 5]
[17:58:18.049] [INFO] [CalibrationManager] Değişiklik kaydedildi:  [ -> 5]
[17:58:18.051] [INFO] [CalibrationManager] Değişiklik kaydedildi:  [ -> 5]
[17:58:18.052] [INFO] [CalibrationManager] Değişiklik kaydedildi:  [ -> 5]
[17:58:18.054] [INFO] [CalibrationManager] Değişiklik kaydedildi:  [ -> 5]
[17:58:18.055] [INFO] [CalibrationManager] Değişiklik kaydedildi:  [ -> 5]
[17:58:18.057] [INFO] [CalibrationManager] Değişiklik kaydedildi:  [ -> 5]
[17:58:18.058] [INFO] [CalibrationManager] Değişiklik kaydedildi:  [ -> 5]
[17:58:18.059] [INFO] [CalibrationManager] Değişiklik kaydedildi:  [ -> 5]
[17:58:18.061] [INFO] [CalibrationManager] Değişiklik kaydedildi:  [ -> 5]
[17:58:18.062] [INFO] [CalibrationManager] Değişiklik kaydedildi:  [ -> 5]
[17:58:18.064] [INFO] [CalibrationManager] Değişiklik kaydedildi:  [ -> 5]
[17:58:18.065] [INFO] [CalibrationManager] Değişiklik kaydedildi:  [ -> 5]
[17:58:18.067] [INFO] [CalibrationManager] Değişiklik kaydedildi:  [ -> 5]
[17:58:18.068] [INFO] [CalibrationManager] Değişiklik kaydedildi:  [ -> 5]
[17:58:18.070] [INFO] [CalibrationManager] Değişiklik kaydedildi:  [ -> 5]
[17:58:18.071] [INFO] [CalibrationManager] Değişiklik kaydedildi:  [ -> 5]
[17:58:18.073] [INFO] [CalibrationManager] Değişiklik kaydedildi:  [ -> 5]
[17:58:18.074] [INFO] [CalibrationManager] Değişiklik kaydedildi:  [ -> 5]
[17:58:18.076] [INFO] [CalibrationManager] Değişiklik kaydedildi:  [ -> 5]
[17:58:18.078] [INFO] [CalibrationManager] Değişiklik kaydedildi:  [ -> 5]
[17:58:18.080] [INFO] [CalibrationManager] Değişiklik kaydedildi:  [ -> 5]
[17:58:18.081] [INFO] [CalibrationManager] Değişiklik kaydedildi:  [ -> 5]
[17:58:18.083] [INFO] [CalibrationManager] Değişiklik kaydedildi:  [ -> 5]
[17:58:18.084] [INFO] [CalibrationManager] Değişiklik kaydedildi:  [ -> 5]
[17:58:18.086] [INFO] [CalibrationManager] Değişiklik kaydedildi:  [ -> 5]
[17:58:18.087] [INFO] [CalibrationManager] Değişiklik kaydedildi:  [ -> 5]
[17:58:18.089] [INFO] [CalibrationManager] Değişiklik kaydedildi:  [ -> 5]
[17:58:18.090] [INFO] [CalibrationManager] Değişiklik kaydedildi:  [ -> 5]
[17:58:18.092] [INFO] [CalibrationManager] Değişiklik kaydedildi:  [ -> 5]
[17:58:18.093] [INFO] [CalibrationManager] Değişiklik kaydedildi:  [ -> 5]
[17:58:18.095] [INFO] [CalibrationManager] Değişiklik kaydedildi:  [ -> 5]
[17:58:18.096] [INFO] [CalibrationManager] Değişiklik kaydedildi:  [ -> 5]
[17:58:18.097] [INFO] [CalibrationManager] Değişiklik kaydedildi:  [ -> 5]
[17:58:18.099] [INFO] [CalibrationManager] Değişiklik kaydedildi:  [ -> 5]
[17:58:18.100] [INFO] [CalibrationManager] Değişiklik kaydedildi:  [ -> 5]
[17:58:18.102] [INFO] [CalibrationManager] Değişiklik kaydedildi:  [ -> 5]
[17:58:18.104] [INFO] [CalibrationManager] Değişiklik kaydedildi:  [ -> 5]
[17:58:18.106] [INFO] [CalibrationManager] Değişiklik kaydedildi:  [ -> 5]
[17:58:18.107] [INFO] [CalibrationManager] Değişiklik kaydedildi:  [ -> 5]
[17:58:18.109] [INFO] [CalibrationManager] Değişiklik kaydedildi:  [ -> 5]
[17:58:18.110] [INFO] [CalibrationManager] Değişiklik kaydedildi:  [ -> 5]
[17:58:18.112] [INFO] [CalibrationManager] Değişiklik kaydedildi:  [ -> 5]
[17:58:18.113] [INFO] [CalibrationManager] Değişiklik kaydedildi:  [ -> 5]
[17:58:18.115] [INFO] [CalibrationManager] Değişiklik kaydedildi:  [ -> 5]
[17:58:18.116] [INFO] [CalibrationManager] Değişiklik kaydedildi:  [ -> 5]
[17:58:18.118] [INFO] [CalibrationManager] Değişiklik kaydedildi:  [ -> 5]
[17:58:18.119] [INFO] [CalibrationManager] Değişiklik kaydedildi:  [ -> 5]
[17:58:18.121] [INFO] [CalibrationManager] Değişiklik kaydedildi:  [ -> 5]
[17:58:18.122] [INFO] [CalibrationManager] Değişiklik kaydedildi:  [ -> 5]
[17:58:18.124] [INFO] [CalibrationManager] Değişiklik kaydedildi:  [ -> 5]
[17:58:18.125] [INFO] [CalibrationManager] Değişiklik kaydedildi:  [ -> 5]
[17:58:18.136] [INFO] [CalibrationManager] Değişiklik kaydedildi:  [ -> 5]
[17:58:18.137] [INFO] [CalibrationManager] Değişiklik kaydedildi:  [ -> 5]
[17:58:18.139] [INFO] [CalibrationManager] Değişiklik kaydedildi:  [ -> 5]
[17:58:18.141] [INFO] [CalibrationManager] Değişiklik kaydedildi:  [ -> 5]
[17:58:18.143] [INFO] [CalibrationManager] Değişiklik kaydedildi:  [ -> 5]
[17:58:18.144] [INFO] [CalibrationManager] Değişiklik kaydedildi:  [ -> 5]
[17:58:18.146] [INFO] [CalibrationManager] Değişiklik kaydedildi:  [ -> 5]
[17:58:18.147] [INFO] [CalibrationManager] Değişiklik kaydedildi:  [ -> 5]
[17:58:18.149] [INFO] [CalibrationManager] Değişiklik kaydedildi:  [ -> 5]
[17:58:18.150] [INFO] [CalibrationManager] Değişiklik kaydedildi:  [ -> 5]
[17:58:18.152] [INFO] [CalibrationManager] Değişiklik kaydedildi:  [ -> 5]
[17:58:18.153] [INFO] [CalibrationManager] Değişiklik kaydedildi:  [ -> 5]
[17:58:18.155] [INFO] [CalibrationManager] Değişiklik kaydedildi:  [ -> 5]
[17:58:18.156] [INFO] [CalibrationManager] Değişiklik kaydedildi:  [ -> 5]
[17:58:18.158] [INFO] [CalibrationManager] Değişiklik kaydedildi:  [ -> 5]
[17:58:18.159] [INFO] [CalibrationManager] Değişiklik kaydedildi:  [ -> 5]
[17:58:18.161] [INFO] [CalibrationManager] Değişiklik kaydedildi:  [ -> 5]
[17:58:18.162] [INFO] [CalibrationManager] Değişiklik kaydedildi:  [ -> 5]
[17:58:18.164] [INFO] [CalibrationManager] Değişiklik kaydedildi:  [ -> 5]
[17:58:18.165] [INFO] [CalibrationManager] Değişiklik kaydedildi:  [ -> 5]
[17:58:18.169] [INFO] [CalibrationManager] Değişiklik kaydedildi:  [ -> 5]
[17:58:18.171] [INFO] [CalibrationManager] Değişiklik kaydedildi:  [ -> 5]
[17:58:18.172] [INFO] [CalibrationManager] Değişiklik kaydedildi:  [ -> 5]
[17:58:18.174] [INFO] [CalibrationManager] Değişiklik kaydedildi:  [ -> 5]
[17:58:18.175] [INFO] [CalibrationManager] Değişiklik kaydedildi:  [ -> 5]
[17:58:18.177] [INFO] [CalibrationManager] Değişiklik kaydedildi:  [ -> 5]
[17:58:18.178] [INFO] [CalibrationManager] Değişiklik kaydedildi:  [ -> 5]
[17:58:18.180] [INFO] [CalibrationManager] Değişiklik kaydedildi:  [ -> 5]
[17:58:18.182] [INFO] [CalibrationManager] Değişiklik kaydedildi:  [ -> 5]
[17:58:18.183] [INFO] [CalibrationManager] Değişiklik kaydedildi:  [ -> 5]
[17:58:18.185] [INFO] [CalibrationManager] Değişiklik kaydedildi:  [ -> 5]
[17:58:18.186] [INFO] [CalibrationManager] Değişiklik kaydedildi:  [ -> 5]
[17:58:18.197] [INFO] [CalibrationManager] Değişiklik kaydedildi:  [ -> 5]
[17:58:18.199] [INFO] [CalibrationManager] Değişiklik kaydedildi:  [ -> 5]
[17:58:18.200] [INFO] [CalibrationManager] Değişiklik kaydedildi:  [ -> 5]
[17:58:18.202] [INFO] [CalibrationManager] Değişiklik kaydedildi:  [ -> 5]
[17:58:18.204] [INFO] [CalibrationManager] Değişiklik kaydedildi:  [ -> 5]
[17:58:18.206] [INFO] [CalibrationManager] Değişiklik kaydedildi:  [ -> 5]
[17:58:18.208] [INFO] [CalibrationManager] Değişiklik kaydedildi:  [ -> 5]
[17:58:18.209] [INFO] [CalibrationManager] Değişiklik kaydedildi:  [ -> 5]
[17:58:18.211] [INFO] [CalibrationManager] Değişiklik kaydedildi:  [ -> 5]
[17:58:18.212] [INFO] [CalibrationManager] Değişiklik kaydedildi:  [ -> 5]
[17:58:18.214] [INFO] [CalibrationManager] Değişiklik kaydedildi:  [ -> 5]
[17:58:18.216] [INFO] [CalibrationManager] Değişiklik kaydedildi:  [ -> 5]
[17:58:18.217] [INFO] [CalibrationManager] Değişiklik kaydedildi:  [ -> 5]
[17:58:18.219] [INFO] [CalibrationManager] Değişiklik kaydedildi:  [ -> 5]
[17:58:18.220] [INFO] [CalibrationManager] Değişiklik kaydedildi:  [ -> 5]
[17:58:18.222] [INFO] [CalibrationManager] Değişiklik kaydedildi:  [ -> 5]
[17:58:18.224] [INFO] [CalibrationManager] Değişiklik kaydedildi:  [ -> 5]
[17:58:18.225] [INFO] [CalibrationManager] Değişiklik kaydedildi:  [ -> 5]
[17:58:18.227] [INFO] [CalibrationManager] Değişiklik kaydedildi:  [ -> 5]
[17:58:18.229] [INFO] [CalibrationManager] Değişiklik kaydedildi:  [ -> 5]
[17:58:18.231] [INFO] [CalibrationManager] Değişiklik kaydedildi:  [ -> 5]
[17:58:18.233] [INFO] [CalibrationManager] Değişiklik kaydedildi:  [ -> 5]
[17:58:18.234] [INFO] [CalibrationManager] Değişiklik kaydedildi:  [ -> 5]
[17:58:18.236] [INFO] [CalibrationManager] Değişiklik kaydedildi:  [ -> 5]
[17:58:18.238] [INFO] [CalibrationManager] Değişiklik kaydedildi:  [ -> 5]
[17:58:18.239] [INFO] [CalibrationManager] Değişiklik kaydedildi:  [ -> 5]
[17:58:18.241] [INFO] [CalibrationManager] Değişiklik kaydedildi:  [ -> 5]
[17:58:18.242] [INFO] [CalibrationManager] Değişiklik kaydedildi:  [ -> 5]
[17:58:18.244] [INFO] [CalibrationManager] Değişiklik kaydedildi:  [ -> 5]
[17:58:18.245] [INFO] [CalibrationManager] Değişiklik kaydedildi:  [ -> 5]
[17:58:18.247] [INFO] [CalibrationManager] Değişiklik kaydedildi:  [ -> 5]
[17:58:18.248] [INFO] [CalibrationManager] Değişiklik kaydedildi:  [ -> 5]
[17:58:18.250] [INFO] [CalibrationManager] Değişiklik kaydedildi:  [ -> 5]
[17:58:18.251] [INFO] [CalibrationManager] Değişiklik kaydedildi:  [ -> 5]
[17:58:18.253] [INFO] [CalibrationManager] Değişiklik kaydedildi:  [ -> 5]
[17:58:18.255] [INFO] [CalibrationManager] Değişiklik kaydedildi:  [ -> 5]
[17:58:18.670] [INFO] [RtpCalibrationEngine] Connecting to RTP emulator...
[17:58:18.670] [INFO] [RtpCalibrationEngine] RTP emulator connected successfully.
[17:58:18.670] [INFO] [RtpCalibrationEngine] Real-time synchronization active.
[17:58:18.671] [INFO] [RtpCalibrationEngine] Connecting to RTP emulator...
[17:58:18.671] [INFO] [RtpCalibrationEngine] RTP emulator connected successfully.
[17:58:18.671] [INFO] [RtpCalibrationEngine] Real-time synchronization active.
[17:58:18.673] [INFO] [CalibrationManager] Değişiklik kaydedildi:  [ -> 55]
[17:58:18.772] [ERROR] [RtpCalibrationEngine] Batch write execution failed: Batch block verification write failed: Simulated block write exception
[17:58:18.885] [INFO] [RtpCalibrationEngine] Connecting to RTP emulator...
[17:58:18.885] [INFO] [RtpCalibrationEngine] RTP emulator connected successfully.
[17:58:18.885] [INFO] [RtpCalibrationEngine] Real-time synchronization active.
[17:58:18.887] [INFO] [CalibrationManager] Değişiklik kaydedildi:  [ -> 88]
[17:58:18.980] [ERROR] [RtpCalibrationEngine] Batch write execution failed: Batch block verification write failed: Batch block verify mismatch at relative index 0. Expected: 88, Actual: 167
[17:58:19.090] [INFO] [RtpCalibrationEngine] Connecting to RTP emulator...
[17:58:19.090] [INFO] [RtpCalibrationEngine] RTP emulator connected successfully.
[17:58:19.090] [INFO] [RtpCalibrationEngine] Real-time synchronization active.
[17:58:19.093] [INFO] [CalibrationManager] Değişiklik kaydedildi:  [ -> 22]
[17:58:19.196] [INFO] [CalibrationManager] Değişiklik kaydedildi:  [ -> 22]
[17:58:19.310] [INFO] [CalibrationManager] Değişiklik kaydedildi:  [ -> 0]
[17:58:19.320] [INFO] [CalibrationManager] Değişiklik kaydedildi:  [ -> 1]
[17:58:19.330] [INFO] [CalibrationManager] Değişiklik kaydedildi:  [ -> 2]
[17:58:19.339] [INFO] [CalibrationManager] Değişiklik kaydedildi:  [ -> 3]
[17:58:19.349] [INFO] [CalibrationManager] Değişiklik kaydedildi:  [ -> 4]
[17:58:19.372] [INFO] [CalibrationManager] Değişiklik kaydedildi:  [ -> 5]
[17:58:19.380] [INFO] [CalibrationManager] Değişiklik kaydedildi:  [ -> 6]
[17:58:19.385] [INFO] [CalibrationManager] Değişiklik kaydedildi:  [ -> 0]
[17:58:19.391] [INFO] [CalibrationManager] Değişiklik kaydedildi:  [ -> 1]
[17:58:19.414] [INFO] [CalibrationManager] Değişiklik kaydedildi:  [ -> 2]
[17:58:19.424] [INFO] [CalibrationManager] Değişiklik kaydedildi:  [ -> 3]
[17:58:19.433] [INFO] [CalibrationManager] Değişiklik kaydedildi:  [ -> 4]
[17:58:19.441] [INFO] [CalibrationManager] Değişiklik kaydedildi:  [ -> 5]
[17:58:19.442] [INFO] [CalibrationManager] Değişiklik kaydedildi:  [ -> 6]
[17:58:19.446] [INFO] [CalibrationManager] Değişiklik kaydedildi:  [ -> 0]
[17:58:19.455] [INFO] [CalibrationManager] Değişiklik kaydedildi:  [ -> 1]
[17:58:19.463] [INFO] [CalibrationManager] Değişiklik kaydedildi:  [ -> 2]
[17:58:19.478] [INFO] [CalibrationManager] Değişiklik kaydedildi:  [ -> 3]
[17:58:19.487] [INFO] [CalibrationManager] Değişiklik kaydedildi:  [ -> 4]
[17:58:19.604] [INFO] [CalibrationManager] Değişiklik kaydedildi:  [ -> 5]
[17:58:19.708] [INFO] [CalibrationManager] Değişiklik kaydedildi:  [ -> 6]
[17:58:19.710] [ERROR] [RtpCalibrationEngine] RTP Configuration validation failed: Retry count must be between 0 and 10. (Parameter 'RetryCount')
[17:58:19.712] [INFO] [RtpCalibrationEngine] Recovered 1 pending changes from persistent queue on disk.
[17:58:19.730] [INFO] [RtpCalibrationEngine] Connecting to RTP emulator...
[17:58:19.730] [INFO] [RtpCalibrationEngine] RTP emulator connected successfully.
[17:58:19.730] [INFO] [RtpCalibrationEngine] Real-time synchronization active.
[17:58:19.742] [INFO] [AutoTuneSafetyManager] Güvenlik limitleri yüklendi. Etkin kural sayısı: 4
[17:58:19.742] [INFO] [AutoTuneEventPublisher] Domain olayı yayınlandı: SessionCreated (Oturum: eb65d072-9f90-46c7-be4d-d06492e33343)
[17:58:19.742] [INFO] [AutoTuneEngine] Oturum başarıyla başlatıldı: eb65d072-9f90-46c7-be4d-d06492e33343
[17:58:19.873] [INFO] [AutoTuneEventPublisher] Domain olayı yayınlandı: TelemetryWindowAccepted (Oturum: eb65d072-9f90-46c7-be4d-d06492e33343)
[17:58:19.874] [INFO] [AutoTuneEventPublisher] Domain olayı yayınlandı: SafetyViolation (Oturum: eb65d072-9f90-46c7-be4d-d06492e33343)
[17:58:19.874] [INFO] [AutoTuneEventPublisher] Domain olayı yayınlandı: DecisionCreated (Oturum: eb65d072-9f90-46c7-be4d-d06492e33343)
[17:58:19.874] [INFO] [CalibrationSnapshotManager] Snapshot oluşturuldu: 59634314-3735-46b4-b292-808a58e18dae, Hücre sayısı: 1
[17:58:19.876] [INFO] [CalibrationRecoveryManager] Bekleyen işlem kaydedildi: 0b93b70f-9b2b-49e7-af14-d18012d527af
[17:58:19.878] [INFO] [CalibrationManager] Değişiklik kaydedildi: AFRTargetTable Hücre [3,4] [0 -> 15]
[17:58:19.878] [INFO] [CalibrationRecoveryManager] Bekleyen işlem temizlendi (başarılı commit).
[17:58:19.879] [INFO] [CalibrationStreamPublisher] Uygulanan değişiklik yayınlandı: Lambda adres: AFRTargetTable[3,4]
[17:58:19.879] [INFO] [AutoTuneEventPublisher] Domain olayı yayınlandı: MapChangeApplied (Oturum: eb65d072-9f90-46c7-be4d-d06492e33343)
[17:58:19.879] [INFO] [AutoTuneEventPublisher] Domain olayı yayınlandı: DecisionCreated (Oturum: eb65d072-9f90-46c7-be4d-d06492e33343)
[17:58:19.879] [INFO] [CalibrationSnapshotManager] Snapshot oluşturuldu: c0e39378-f375-41a9-9718-201148957649, Hücre sayısı: 1
[17:58:19.880] [INFO] [CalibrationRecoveryManager] Bekleyen işlem kaydedildi: f21dbe44-72a1-4813-bfb7-59b9338bc201
[17:58:19.882] [INFO] [CalibrationManager] Değişiklik kaydedildi: IgnitionTable Hücre [3,4] [15 -> 16]
[17:58:19.883] [INFO] [CalibrationRecoveryManager] Bekleyen işlem temizlendi (başarılı commit).
[17:58:19.884] [INFO] [CalibrationStreamPublisher] Uygulanan değişiklik yayınlandı: Ignition adres: IgnitionTable[3,4]
[17:58:19.884] [INFO] [AutoTuneEventPublisher] Domain olayı yayınlandı: MapChangeApplied (Oturum: eb65d072-9f90-46c7-be4d-d06492e33343)
[17:58:19.884] [INFO] [AutoTuneEventPublisher] Domain olayı yayınlandı: DecisionCreated (Oturum: eb65d072-9f90-46c7-be4d-d06492e33343)
[17:58:19.884] [INFO] [CalibrationSnapshotManager] Snapshot oluşturuldu: 235d7f74-34fb-4600-b7d9-8eb6cebd3650, Hücre sayısı: 1
[17:58:19.885] [INFO] [CalibrationRecoveryManager] Bekleyen işlem kaydedildi: 46ad8421-4e1f-4274-bc99-9a610dfbeb08
[17:58:19.887] [INFO] [CalibrationManager] Değişiklik kaydedildi: FuelVETable Hücre [3,4] [16 -> 60]
[17:58:19.888] [INFO] [CalibrationRecoveryManager] Bekleyen işlem temizlendi (başarılı commit).
[17:58:19.888] [INFO] [CalibrationStreamPublisher] Uygulanan değişiklik yayınlandı: VE adres: FuelVETable[3,4]
[17:58:19.888] [INFO] [AutoTuneEventPublisher] Domain olayı yayınlandı: MapChangeApplied (Oturum: eb65d072-9f90-46c7-be4d-d06492e33343)
[17:58:19.899] [INFO] [AutoTuneEventPublisher] Domain olayı yayınlandı: TelemetryWindowAccepted (Oturum: eb65d072-9f90-46c7-be4d-d06492e33343)
[17:58:19.900] [INFO] [AutoTuneEventPublisher] Domain olayı yayınlandı: SafetyViolation (Oturum: eb65d072-9f90-46c7-be4d-d06492e33343)
[17:58:19.900] [INFO] [AutoTuneEventPublisher] Domain olayı yayınlandı: DecisionCreated (Oturum: eb65d072-9f90-46c7-be4d-d06492e33343)
[17:58:19.900] [INFO] [CalibrationSnapshotManager] Snapshot oluşturuldu: 1dd61dbc-7135-42ab-8132-70cdb42b07d0, Hücre sayısı: 1
[17:58:19.901] [INFO] [CalibrationRecoveryManager] Bekleyen işlem kaydedildi: cf7c65c1-1644-4b9a-917a-8656ae0871e8
[17:58:19.903] [INFO] [CalibrationManager] Değişiklik kaydedildi: AFRTargetTable Hücre [3,4] [60 -> 15]
[17:58:19.904] [INFO] [CalibrationRecoveryManager] Bekleyen işlem temizlendi (başarılı commit).
[17:58:19.904] [INFO] [CalibrationStreamPublisher] Uygulanan değişiklik yayınlandı: Lambda adres: AFRTargetTable[3,4]
[17:58:19.904] [INFO] [AutoTuneEventPublisher] Domain olayı yayınlandı: MapChangeApplied (Oturum: eb65d072-9f90-46c7-be4d-d06492e33343)
[17:58:19.904] [INFO] [AutoTuneEventPublisher] Domain olayı yayınlandı: DecisionCreated (Oturum: eb65d072-9f90-46c7-be4d-d06492e33343)
[17:58:19.904] [INFO] [CalibrationSnapshotManager] Snapshot oluşturuldu: 6702bc4b-f9ec-45e6-b6e6-a4576d901cc8, Hücre sayısı: 1
[17:58:19.905] [INFO] [CalibrationRecoveryManager] Bekleyen işlem kaydedildi: bd8b56ed-a9c0-4386-8b73-678dd3653296
[17:58:19.908] [INFO] [CalibrationManager] Değişiklik kaydedildi: IgnitionTable Hücre [3,4] [15 -> 16]
[17:58:19.909] [INFO] [CalibrationRecoveryManager] Bekleyen işlem temizlendi (başarılı commit).
[17:58:19.909] [INFO] [CalibrationStreamPublisher] Uygulanan değişiklik yayınlandı: Ignition adres: IgnitionTable[3,4]
[17:58:19.909] [INFO] [AutoTuneEventPublisher] Domain olayı yayınlandı: MapChangeApplied (Oturum: eb65d072-9f90-46c7-be4d-d06492e33343)
[17:58:19.909] [INFO] [AutoTuneEventPublisher] Domain olayı yayınlandı: DecisionCreated (Oturum: eb65d072-9f90-46c7-be4d-d06492e33343)
[17:58:19.910] [INFO] [CalibrationSnapshotManager] Snapshot oluşturuldu: 77e29fc3-f644-42f2-808e-0f8c8ae452ba, Hücre sayısı: 1
[17:58:19.911] [INFO] [CalibrationRecoveryManager] Bekleyen işlem kaydedildi: d4b048b0-a9ec-40b6-a438-a95a4ad5b31f
[17:58:19.912] [INFO] [CalibrationManager] Değişiklik kaydedildi: FuelVETable Hücre [3,4] [16 -> 60]
[17:58:19.913] [INFO] [CalibrationRecoveryManager] Bekleyen işlem temizlendi (başarılı commit).
[17:58:19.913] [INFO] [CalibrationStreamPublisher] Uygulanan değişiklik yayınlandı: VE adres: FuelVETable[3,4]
[17:58:19.913] [INFO] [AutoTuneEventPublisher] Domain olayı yayınlandı: MapChangeApplied (Oturum: eb65d072-9f90-46c7-be4d-d06492e33343)
[17:58:19.926] [INFO] [AutoTuneEventPublisher] Domain olayı yayınlandı: TelemetryWindowAccepted (Oturum: eb65d072-9f90-46c7-be4d-d06492e33343)
[17:58:19.927] [INFO] [AutoTuneEventPublisher] Domain olayı yayınlandı: SafetyViolation (Oturum: eb65d072-9f90-46c7-be4d-d06492e33343)
[17:58:19.927] [INFO] [AutoTuneEventPublisher] Domain olayı yayınlandı: DecisionCreated (Oturum: eb65d072-9f90-46c7-be4d-d06492e33343)
[17:58:19.927] [INFO] [CalibrationSnapshotManager] Snapshot oluşturuldu: 55bd6db3-c8ec-4573-960b-a2cd3281afe5, Hücre sayısı: 1
[17:58:19.928] [INFO] [CalibrationRecoveryManager] Bekleyen işlem kaydedildi: 48143b26-5eb2-437c-abd2-e3175fb2e88a
[17:58:19.930] [INFO] [CalibrationManager] Değişiklik kaydedildi: AFRTargetTable Hücre [3,4] [60 -> 15]
[17:58:19.931] [INFO] [CalibrationRecoveryManager] Bekleyen işlem temizlendi (başarılı commit).
[17:58:19.931] [INFO] [CalibrationStreamPublisher] Uygulanan değişiklik yayınlandı: Lambda adres: AFRTargetTable[3,4]
[17:58:19.931] [INFO] [AutoTuneEventPublisher] Domain olayı yayınlandı: MapChangeApplied (Oturum: eb65d072-9f90-46c7-be4d-d06492e33343)
[17:58:19.931] [INFO] [AutoTuneEventPublisher] Domain olayı yayınlandı: DecisionCreated (Oturum: eb65d072-9f90-46c7-be4d-d06492e33343)
[17:58:19.931] [INFO] [CalibrationSnapshotManager] Snapshot oluşturuldu: e0b6655f-c9f3-4ce5-8aea-d778fe8fdc6b, Hücre sayısı: 1
[17:58:19.932] [INFO] [CalibrationRecoveryManager] Bekleyen işlem kaydedildi: 1d75522a-2a2a-4432-a8e3-76a3a862cd75
[17:58:19.934] [INFO] [CalibrationManager] Değişiklik kaydedildi: IgnitionTable Hücre [3,4] [15 -> 16]
[17:58:19.935] [INFO] [CalibrationRecoveryManager] Bekleyen işlem temizlendi (başarılı commit).
[17:58:19.936] [INFO] [CalibrationStreamPublisher] Uygulanan değişiklik yayınlandı: Ignition adres: IgnitionTable[3,4]
[17:58:19.936] [INFO] [AutoTuneEventPublisher] Domain olayı yayınlandı: MapChangeApplied (Oturum: eb65d072-9f90-46c7-be4d-d06492e33343)
[17:58:19.936] [INFO] [AutoTuneEventPublisher] Domain olayı yayınlandı: DecisionCreated (Oturum: eb65d072-9f90-46c7-be4d-d06492e33343)
[17:58:19.936] [INFO] [CalibrationSnapshotManager] Snapshot oluşturuldu: c2fd0aed-750d-4444-b0a7-b7fcf447c00f, Hücre sayısı: 1
[17:58:19.937] [INFO] [CalibrationRecoveryManager] Bekleyen işlem kaydedildi: 68ef83d4-121e-4d14-96c6-8cbb48048ef6
[17:58:19.939] [INFO] [CalibrationManager] Değişiklik kaydedildi: FuelVETable Hücre [3,4] [16 -> 60]
[17:58:19.940] [INFO] [CalibrationRecoveryManager] Bekleyen işlem temizlendi (başarılı commit).
[17:58:19.940] [INFO] [CalibrationStreamPublisher] Uygulanan değişiklik yayınlandı: VE adres: FuelVETable[3,4]
[17:58:19.940] [INFO] [AutoTuneEventPublisher] Domain olayı yayınlandı: MapChangeApplied (Oturum: eb65d072-9f90-46c7-be4d-d06492e33343)
[17:58:19.951] [INFO] [AutoTuneEventPublisher] Domain olayı yayınlandı: TelemetryWindowAccepted (Oturum: eb65d072-9f90-46c7-be4d-d06492e33343)
[17:58:19.951] [INFO] [AutoTuneEventPublisher] Domain olayı yayınlandı: SafetyViolation (Oturum: eb65d072-9f90-46c7-be4d-d06492e33343)
[17:58:19.951] [INFO] [AutoTuneEventPublisher] Domain olayı yayınlandı: DecisionCreated (Oturum: eb65d072-9f90-46c7-be4d-d06492e33343)
[17:58:19.951] [INFO] [CalibrationSnapshotManager] Snapshot oluşturuldu: 5d3085ae-2c05-4f54-8d30-1a90b7fc0482, Hücre sayısı: 1
[17:58:19.953] [INFO] [CalibrationRecoveryManager] Bekleyen işlem kaydedildi: d3873535-f784-4dc4-8335-24d14100d4cd
[17:58:19.954] [INFO] [CalibrationManager] Değişiklik kaydedildi: AFRTargetTable Hücre [3,4] [60 -> 15]
[17:58:19.955] [INFO] [CalibrationRecoveryManager] Bekleyen işlem temizlendi (başarılı commit).
[17:58:19.955] [INFO] [CalibrationStreamPublisher] Uygulanan değişiklik yayınlandı: Lambda adres: AFRTargetTable[3,4]
[17:58:19.955] [INFO] [AutoTuneEventPublisher] Domain olayı yayınlandı: MapChangeApplied (Oturum: eb65d072-9f90-46c7-be4d-d06492e33343)
[17:58:19.956] [INFO] [AutoTuneEventPublisher] Domain olayı yayınlandı: DecisionCreated (Oturum: eb65d072-9f90-46c7-be4d-d06492e33343)
[17:58:19.956] [INFO] [CalibrationSnapshotManager] Snapshot oluşturuldu: 38859a75-1eab-4383-9f99-69fe3a8ffbf5, Hücre sayısı: 1
[17:58:19.957] [INFO] [CalibrationRecoveryManager] Bekleyen işlem kaydedildi: 1d11104d-6da0-4fcb-805a-9c5b847afd21
[17:58:19.959] [INFO] [CalibrationManager] Değişiklik kaydedildi: IgnitionTable Hücre [3,4] [15 -> 16]
[17:58:19.960] [INFO] [CalibrationRecoveryManager] Bekleyen işlem temizlendi (başarılı commit).
[17:58:19.960] [INFO] [CalibrationStreamPublisher] Uygulanan değişiklik yayınlandı: Ignition adres: IgnitionTable[3,4]
[17:58:19.960] [INFO] [AutoTuneEventPublisher] Domain olayı yayınlandı: MapChangeApplied (Oturum: eb65d072-9f90-46c7-be4d-d06492e33343)
[17:58:19.960] [INFO] [AutoTuneEventPublisher] Domain olayı yayınlandı: DecisionCreated (Oturum: eb65d072-9f90-46c7-be4d-d06492e33343)
[17:58:19.960] [INFO] [CalibrationSnapshotManager] Snapshot oluşturuldu: 94d8632e-f105-4b01-9255-4baacaf530b1, Hücre sayısı: 1
[17:58:19.962] [INFO] [CalibrationRecoveryManager] Bekleyen işlem kaydedildi: a05622bf-a0bb-4f9b-86ce-d2ea54491914
[17:58:19.963] [INFO] [CalibrationManager] Değişiklik kaydedildi: FuelVETable Hücre [3,4] [16 -> 60]
[17:58:19.964] [INFO] [CalibrationRecoveryManager] Bekleyen işlem temizlendi (başarılı commit).
[17:58:19.964] [INFO] [CalibrationStreamPublisher] Uygulanan değişiklik yayınlandı: VE adres: FuelVETable[3,4]
[17:58:19.964] [INFO] [AutoTuneEventPublisher] Domain olayı yayınlandı: MapChangeApplied (Oturum: eb65d072-9f90-46c7-be4d-d06492e33343)
[17:58:19.975] [INFO] [AutoTuneEventPublisher] Domain olayı yayınlandı: TelemetryWindowAccepted (Oturum: eb65d072-9f90-46c7-be4d-d06492e33343)
[17:58:19.976] [INFO] [AutoTuneEventPublisher] Domain olayı yayınlandı: SafetyViolation (Oturum: eb65d072-9f90-46c7-be4d-d06492e33343)
[17:58:19.976] [INFO] [AutoTuneEventPublisher] Domain olayı yayınlandı: DecisionCreated (Oturum: eb65d072-9f90-46c7-be4d-d06492e33343)
[17:58:19.976] [INFO] [CalibrationSnapshotManager] Snapshot oluşturuldu: 5a68622d-f849-4481-9794-ba474e982d64, Hücre sayısı: 1
[17:58:19.977] [INFO] [CalibrationRecoveryManager] Bekleyen işlem kaydedildi: 04e508c7-f86c-4692-a36c-c28a0d0e3730
[17:58:19.979] [INFO] [CalibrationManager] Değişiklik kaydedildi: AFRTargetTable Hücre [3,4] [60 -> 15]
[17:58:19.980] [INFO] [CalibrationRecoveryManager] Bekleyen işlem temizlendi (başarılı commit).
[17:58:19.980] [INFO] [CalibrationStreamPublisher] Uygulanan değişiklik yayınlandı: Lambda adres: AFRTargetTable[3,4]
[17:58:19.980] [INFO] [AutoTuneEventPublisher] Domain olayı yayınlandı: MapChangeApplied (Oturum: eb65d072-9f90-46c7-be4d-d06492e33343)
[17:58:19.980] [INFO] [AutoTuneEventPublisher] Domain olayı yayınlandı: DecisionCreated (Oturum: eb65d072-9f90-46c7-be4d-d06492e33343)
[17:58:19.980] [INFO] [CalibrationSnapshotManager] Snapshot oluşturuldu: 65c3d6a4-be2c-4001-a6fe-7071b5bf1fb6, Hücre sayısı: 1
[17:58:19.981] [INFO] [CalibrationRecoveryManager] Bekleyen işlem kaydedildi: 98dfc10a-b13c-43aa-b570-0fb16b4525fd
[17:58:19.983] [INFO] [CalibrationManager] Değişiklik kaydedildi: IgnitionTable Hücre [3,4] [15 -> 16]
[17:58:19.984] [INFO] [CalibrationRecoveryManager] Bekleyen işlem temizlendi (başarılı commit).
[17:58:19.984] [INFO] [CalibrationStreamPublisher] Uygulanan değişiklik yayınlandı: Ignition adres: IgnitionTable[3,4]
[17:58:19.984] [INFO] [AutoTuneEventPublisher] Domain olayı yayınlandı: MapChangeApplied (Oturum: eb65d072-9f90-46c7-be4d-d06492e33343)
[17:58:19.985] [INFO] [AutoTuneEventPublisher] Domain olayı yayınlandı: DecisionCreated (Oturum: eb65d072-9f90-46c7-be4d-d06492e33343)
[17:58:19.985] [INFO] [CalibrationSnapshotManager] Snapshot oluşturuldu: e1cc3945-a48d-4d7d-869c-7dce3ff573af, Hücre sayısı: 1
[17:58:19.986] [INFO] [CalibrationRecoveryManager] Bekleyen işlem kaydedildi: 2b9c9fe4-dae0-4f65-835e-f570db809e49
[17:58:19.988] [INFO] [CalibrationManager] Değişiklik kaydedildi: FuelVETable Hücre [3,4] [16 -> 60]
[17:58:19.988] [INFO] [CalibrationRecoveryManager] Bekleyen işlem temizlendi (başarılı commit).
[17:58:19.989] [INFO] [CalibrationStreamPublisher] Uygulanan değişiklik yayınlandı: VE adres: FuelVETable[3,4]
[17:58:19.989] [INFO] [AutoTuneEventPublisher] Domain olayı yayınlandı: MapChangeApplied (Oturum: eb65d072-9f90-46c7-be4d-d06492e33343)
[17:58:20.012] [INFO] [AutoTuneEventPublisher] Domain olayı yayınlandı: TelemetryWindowAccepted (Oturum: eb65d072-9f90-46c7-be4d-d06492e33343)
[17:58:20.013] [INFO] [AutoTuneEventPublisher] Domain olayı yayınlandı: SafetyViolation (Oturum: eb65d072-9f90-46c7-be4d-d06492e33343)
[17:58:20.013] [INFO] [AutoTuneEventPublisher] Domain olayı yayınlandı: DecisionCreated (Oturum: eb65d072-9f90-46c7-be4d-d06492e33343)
[17:58:20.013] [INFO] [CalibrationSnapshotManager] Snapshot oluşturuldu: d1b00f8e-dfc5-407d-b181-e4b18b3228e8, Hücre sayısı: 1
[17:58:20.014] [INFO] [CalibrationRecoveryManager] Bekleyen işlem kaydedildi: 37bc4a25-c2c2-47e9-8395-6c6c5488b7b6
[17:58:20.016] [INFO] [CalibrationManager] Değişiklik kaydedildi: AFRTargetTable Hücre [3,4] [60 -> 15]
[17:58:20.017] [INFO] [CalibrationRecoveryManager] Bekleyen işlem temizlendi (başarılı commit).
[17:58:20.017] [INFO] [CalibrationStreamPublisher] Uygulanan değişiklik yayınlandı: Lambda adres: AFRTargetTable[3,4]
[17:58:20.017] [INFO] [AutoTuneEventPublisher] Domain olayı yayınlandı: MapChangeApplied (Oturum: eb65d072-9f90-46c7-be4d-d06492e33343)
[17:58:20.017] [INFO] [AutoTuneEventPublisher] Domain olayı yayınlandı: DecisionCreated (Oturum: eb65d072-9f90-46c7-be4d-d06492e33343)
[17:58:20.017] [INFO] [CalibrationSnapshotManager] Snapshot oluşturuldu: df083c3a-9d7a-4dc6-8a77-1bf552922dd8, Hücre sayısı: 1
[17:58:20.019] [INFO] [CalibrationRecoveryManager] Bekleyen işlem kaydedildi: 19986eb8-0506-4b23-9e4f-dbaf517d2407
[17:58:20.020] [INFO] [CalibrationManager] Değişiklik kaydedildi: IgnitionTable Hücre [3,4] [15 -> 16]
[17:58:20.021] [INFO] [CalibrationRecoveryManager] Bekleyen işlem temizlendi (başarılı commit).
[17:58:20.021] [INFO] [CalibrationStreamPublisher] Uygulanan değişiklik yayınlandı: Ignition adres: IgnitionTable[3,4]
[17:58:20.021] [INFO] [AutoTuneEventPublisher] Domain olayı yayınlandı: MapChangeApplied (Oturum: eb65d072-9f90-46c7-be4d-d06492e33343)
[17:58:20.022] [INFO] [AutoTuneEventPublisher] Domain olayı yayınlandı: DecisionCreated (Oturum: eb65d072-9f90-46c7-be4d-d06492e33343)
[17:58:20.022] [INFO] [CalibrationSnapshotManager] Snapshot oluşturuldu: 466fb9d2-4994-4d2a-b9cf-84361812714a, Hücre sayısı: 1
[17:58:20.023] [INFO] [CalibrationRecoveryManager] Bekleyen işlem kaydedildi: dc4bcba3-d13b-4685-b36f-4c2e2954c27b
[17:58:20.025] [INFO] [CalibrationManager] Değişiklik kaydedildi: FuelVETable Hücre [3,4] [16 -> 60]
[17:58:20.026] [INFO] [CalibrationRecoveryManager] Bekleyen işlem temizlendi (başarılı commit).
[17:58:20.026] [INFO] [CalibrationStreamPublisher] Uygulanan değişiklik yayınlandı: VE adres: FuelVETable[3,4]
[17:58:20.026] [INFO] [AutoTuneEventPublisher] Domain olayı yayınlandı: MapChangeApplied (Oturum: eb65d072-9f90-46c7-be4d-d06492e33343)
[17:58:20.350] [INFO] [AutoTuneEventPublisher] Domain olayı yayınlandı: SessionStopped (Oturum: eb65d072-9f90-46c7-be4d-d06492e33343)
[17:58:20.554] [INFO] [TestHarness] Test tamamlandÄ±: 110 geÃ§ti, 0 kaldÄ±
[17:58:20.555] [WARNING] [RomIdentifier] ROM imzası hiçbir ECU profiliyle eşleşmedi.
[17:58:20.555] [INFO] [Program] Test sonuçları:
â•â•â•â•â•â•â•â•â•â•â•â•â•â•â•â•â•â•â•â•â•â•â•â•â•â•â•â•â•â•â•â•â•â•â•â•â•â•â•â•â•â•â•â•â•â•â•
  HONDATUNER â€” OTOMATÄ°K TEST SÃœÄ°TÄ°
â•â•â•â•â•â•â•â•â•â•â•â•â•â•â•â•â•â•â•â•â•â•â•â•â•â•â•â•â•â•â•â•â•â•â•â•â•â•â•â•â•â•â•â•â•â•â•

â”€â”€ ROM Testleri â”€â”€â”€â”€â”€â”€â”€â”€â”€â”€â”€â”€â”€â”€â”€â”€â”€â”€â”€â”€â”€â”€â”€â”€â”€â”€â”€â”€â”€â”€
  ✅ ROM Identifier â€” 32KB boÅŸ ROM tanÄ±ma
  ✅ ROM Identifier â€” yanlÄ±ÅŸ boyut reddi
  ✅ ROM Patch â€” doÄŸrulama ve uygulama
  ✅ ROM Patch â€” rollback geri yÃ¼kleme

â”€â”€ Kalibrasyon Testleri â”€â”€â”€â”€â”€â”€â”€â”€â”€â”€â”€â”€â”€â”€â”€â”€â”€â”€â”€â”€â”€â”€â”€
  ✅ Injector Scaling â€” 240â†’440cc
  ✅ Injector Scaling â€” clamp to 255
  ✅ Calibration Engine â€” Commit applies value to ROM buffer
  ✅ Calibration Engine â€” Rollback restores original values in ROM buffer
  ✅ Calibration Engine â€” Undo and Redo states are fully synchronized
  ✅ Calibration Engine â€” Safety validator rejects OOR Rev Limit changes

â”€â”€ Faz 4: Map Engine & Interpolation Testleri â”€â”€
  ✅ Map Engine â€” Cell write and read accuracy
  ✅ Map Engine â€” Scale factors conversion logic
  ✅ Map Engine â€” Invalid offset out-of-range bounds check
  ✅ Map Engine â€” Transaction commits, rollbacks, and Undo/Redo integration
  ✅ Interpolation â€” 4 neighbor bilinear cell weight sum equals exactly 1.0

â”€â”€ AutoTune GÃ¼venlik Testleri â”€â”€â”€â”€â”€â”€â”€â”€â”€â”€â”€â”€â”€â”€â”€â”€â”€
  ✅ AutoTune â€” dÃ¼ÅŸÃ¼k ECT reddi
  ✅ AutoTune â€” dÃ¼ÅŸÃ¼k batarya reddi
  ✅ AutoTune â€” dÃ¼zeltme kÄ±rpma (Â±12%)

── Faz 5: Checksum Engine & Safety Layer Testleri ──
  ✅ Checksum â€” Stock ROM passes validation
  ✅ Checksum â€” Corrupt byte fails validation
  ✅ Checksum â€” Map change updates checksum successfully
  ✅ Checksum â€” VerifyBeforeSave detects bad checksum and returns false
  ✅ Checksum â€” Reloaded ROM checksum is valid
  ✅ Checksum â€” Multiple regions validation is successful

── ROM Patch Engine v2 Testleri ──
  ✅ PatchEngine — Başarılı Yama Uygulama
  ✅ PatchEngine — Yanlış ExpectedBytes Koruması
  ✅ PatchEngine — Uyumsuz ECU Koruması
  ✅ PatchEngine — ROM Boyut Limiti Koruması
  ✅ PatchEngine — Yamayı Geri Alma (Rollback)
  ✅ PatchEngine — İşlem (Transaction) Commit Entegrasyonu
  ✅ PatchEngine — İşlem Geri Alma (Transaction Rollback)
  ✅ PatchEngine — Otomatik Checksum Güncelleme
  ✅ PatchEngine — Audit Loglama Kontrolü
  ✅ PatchEngine — Profil Destekli Yamaları Bulma

── Phase 7: Telemetry & Live Datalog Bus Engine Testleri ──
  ✅ Telemetry - Event Bus Publish & Subscribe
  ✅ Telemetry - Event Bus Metrics Kontrolü
  ✅ Telemetry - Kanalsal Matematiksel Formül Çözümleme
  ✅ Telemetry - Backpressure DropOldest Politikası
  ✅ Telemetry - Backpressure DropNewest Politikası
  ✅ Telemetry - Backpressure BlockPublisher Politikası
  ✅ Telemetry - Yapılandırma Dosya İzleyicisi (Hot Reload)
  ✅ Telemetry - Erişim Kontrolü Yetkilendirme Hiyerarşisi
  ✅ Telemetry - SystemClock Monotonic Ticks
  ✅ Telemetry - HighResolutionClock Performance Ticks
  ✅ Telemetry - ReplayClock Geri Oynatıcı Zaman Akışı
  ✅ Telemetry - Dairesel Bellek (RingBuffer) Kapasite Tanımı
  ✅ Telemetry - RingBuffer Aşımında Overwrite (FIFO Overlay)
  ✅ Telemetry - Moving Average Gürültü Azaltma Filtresi
  ✅ Telemetry - Median (Ortanca) Filtreleme
  ✅ Telemetry - LowPass Üstel Sinyal Yumuşatma
  ✅ Telemetry - HighPass Dalgalanma Odaklı Sinyal Filtresi
  ✅ Telemetry - MockProvider Canlı Veri Akış Simülasyonu
  ✅ Telemetry - Sağlık İzleme (HealthMonitor) Parametreleri
  ✅ Telemetry - HealthMonitor Bağlantı Kaybı Anomali Algılama
  ✅ Telemetry - Analiz Hattı (AnalyzerPipeline) Sıralı Çalışma
  ✅ Telemetry - Engine Profil Geçiş Yönetimi (Street -> Dyno)
  ✅ Telemetry - Engine Canlı Datalogging Yaşam Döngüsü
  ✅ Telemetry - GC Basıncını Azaltan Frame Nesne Havuzu
  ✅ Telemetry - Salt-Okunur (Immutable) Snaphsot Yapısı
  ✅ Telemetry - Multi-Thread Veri Giriş Stress Testi

── Phase 8: AutoTune Closed Loop Engine Testleri ──
  ✅ AutoTune - State transitions (Start, Pause, Resume, Stop) lifecycle verification
  ✅ AutoTune - Confidence score calculation under low deviation is high
  ✅ AutoTune - Confidence score calculation under high deviation is low
  ✅ AutoTune - Stable window filter standard deviation and length checks
  ✅ AutoTune - Config validator rejects JSON with missing target attributes
  ✅ AutoTune - Config validator rejects out of bounds parameter variables
  ✅ AutoTune - ParameterType safety enum structure check
  ✅ AutoTune - Session manager multi session conflict prevention
  ✅ AutoTune - Session manager releases lock and allows new allocation
  ✅ AutoTune - Recovery manager logs interrupt trace successfully to file
  ✅ AutoTune - Recovery manager restores trace and validates details
  ✅ AutoTune - Diff engine returns detailed comparison matrix values
  ✅ AutoTune - CSV Package export contains session identity and values
  ✅ AutoTune - Replay simulator matches telemetry lists deterministically
  ✅ AutoTune - SafetyRuleProvider loads dynamic rules successfully
  ✅ AutoTune - QualityScoreCalculator rates stoichiometric history cleanly near 100
  ✅ AutoTune - Telemetry loss pause and reconnect validation cycle
  ✅ AutoTune - Domain event emitter publishes valid structured transition events
  ✅ AutoTune - Calibration RTP stream publishing streams virtual changes
  ✅ AutoTune - Replay validation checks run determinism bounds
  ✅ AutoTune - Persistence layer correctly serializes state machine records and migrates schema V1 to V2
  ✅ AutoTune - Query service retrieves session lists correctly
  ✅ AutoTune - Command service issues control triggers successfully
  ✅ AutoTune - Hardware checks and SafeMode blocks writing calibrations
  ✅ AutoTune - Cell lock manager acquires, releases and traps conflicts

── Faz 9: RTP Emulator & Real-Time Calibration Engine Testleri ──
  ✅ RTP - Engine correctly registers and resolves from DI ServiceContainer
  ✅ RTP - Connection state machine cycles correctly through all states
  ✅ RTP - Transient write failures trigger automatic retries and recover successfully
  ✅ RTP - Consecutive calibration edits coalesce into a single block write
  ✅ RTP - Multi-threaded queue guarantees strict sequential write ordering
  ✅ RTP - Execution latency benchmark tracking meets target limits
  ✅ RTP - Engine sustains high-frequency (500+) update throughput stress
  ✅ RTP - Background sync worker terminates cleanly on CancellationToken request
  ✅ RTP - Hardware disconnect automatically halts sync and raises Faulted event
  ✅ RTP - Enforces read-back verification after writing values to emulator
  ✅ RTP - Idempotent synchronization ignores duplicate writes to target cells
  ✅ RTP - Backpressure policy DropOldest purges oldest queued changes under load
  ✅ RTP - Backpressure policy RejectNewest drops new updates under queue overflow
  ✅ RTP - Backpressure policy BlockProducer controls producer rates correctly
  ✅ RTP - Validation layer rejects bad config schema values at initialization
  ✅ RTP - Restores un-synced calibration state queue records on startup
  ✅ RTP - Synchronizes concurrently applied AutoTune decisions to hardware
  ✅ TestMetadata_SerializationAndValidation
  ✅ TestReverseEngineering_ExtractionAndDecompilation
  ✅ TestAdvancedFuelCorrections
  ✅ TestAdvancedIgnition_DecodingAndCalibration
  ✅ TestVtecAndBoostControl_LogicAndAlarms
  ✅ TestEngineProtection_SafetiesAndAlarms
  ✅ TestDiagnosticsAndProtocols_A2LAndFreezeFrames
  ✅ TestDynoLogsAndVersions_EstimationAndBranches

â•â•â•â•â•â•â•â•â•â•â•â•â•â•â•â•â•â•â•â•â•â•â•â•â•â•â•â•â•â•â•â•â•â•â•â•â•â•â•â•â•â•â•â•â•â•â•
  SONUÃ‡: 110 baÅŸarÄ±lÄ±, 0 baÅŸarÄ±sÄ±z
â•â•â•â•â•â•â•â•â•â•â•â•â•â•â•â•â•â•â•â•â•â•â•â•â•â•â•â•â•â•â•â•â•â•â•â•â•â•â•â•â•â•â•â•â•â•â•
[17:58:20.555] [INFO] [Program] Örnek ROM test sonuçları:
── Örnek ROM Test Çerçevesi ───────────────────
  ✅ Checksum offset geçerli
  ✅ Bozuk ROM reddedildi
  ✅ Fuel map sınırları geçerli
  ✅ Ignition map sınırları geçerli
  ✅ Tüm profiller 32KB ROM boyutu

  Sonuç: 5 geçti, 0 kaldı
[17:58:20.680] [INFO] [EcuPinoutManager] 24 OBD1 ECU pin tanımlaması başarıyla yüklendi.
[17:58:31.379] [WARNING] [RomIdentifier] ROM imzası hiçbir ECU profiliyle eşleşmedi.
[18:01:16.555] [INFO] [AutoTuneSafetyManager] Güvenlik limitleri yüklendi. Etkin kural sayısı: 4
[18:01:16.556] [INFO] [AutoTuneEventPublisher] Domain olayı yayınlandı: SessionCreated (Oturum: 3f154ee0-b36a-4b0c-96c5-edf2ed419460)
[18:01:16.558] [INFO] [AutoTuneEngine] Oturum başarıyla başlatıldı: 3f154ee0-b36a-4b0c-96c5-edf2ed419460
[18:01:19.736] [INFO] [RtpCalibrationEngine] Connecting to RTP emulator...
[18:01:19.736] [INFO] [OstrichEmulator] RTP emülatör bağlantısı simüle ediliyor.
[18:01:19.739] [INFO] [RtpCalibrationEngine] RTP emulator connected successfully.
[18:01:21.260] [INFO] [RtpCalibrationEngine] RTP Emulator disconnected.
