[17:13:41.722] [INFO] [RomIdentifier] ECU Tanımlandı: P06 (Confidence: %45,7)
[17:13:41.725] [WARNING] [RomIdentifier] ROM imzası hiçbir ECU profiliyle eşleşmedi.
[17:13:41.726] [INFO] [RomPatchManager] Yama uygulandı: TEST_PATCH_1 @ 0x000A
[17:13:41.726] [INFO] [RomPatchManager] Yama uygulandı: TEST_PATCH_ROLLBACK @ 0x000A
[17:13:41.726] [INFO] [RomPatchManager] Yama geri alındı: TEST_PATCH_ROLLBACK
[17:13:41.727] [INFO] [InjectorManager] Fuel haritası ölçeklendi: 240cc → 440cc (oran: 0,545)
[17:13:41.727] [INFO] [InjectorManager] Fuel haritası ölçeklendi: 440cc → 240cc (oran: 1,833)
[17:13:41.778] [INFO] [CalibrationManager] Değişiklik kaydedildi: Fuel Cell [0,0] [50 -> 60]
[17:13:41.779] [INFO] [CalibrationManager] Değişiklik kaydedildi: Fuel Cell [0,0] [50 -> 60]
[17:13:41.780] [INFO] [CalibrationManager] Değişiklik kaydedildi: Fuel Cell [0,0] [50 -> 75]
[17:13:41.786] [INFO] [CalibrationManager] Değişiklik kaydedildi: FuelMapTest Hücre [4,5] [0 -> 123]
[17:13:41.793] [INFO] [CalibrationManager] Değişiklik kaydedildi: FuelMapTest Hücre [0,0] [0 -> 125]
[17:13:41.798] [INFO] [CalibrationManager] Değişiklik kaydedildi: FuelMapTest Hücre [1,1] [0 -> 150]
[17:13:41.809] [INFO] [CalibrationManager] Değişiklik kaydedildi: FuelMapTest Hücre [1,1] [0 -> 150]
[17:13:41.816] [DEBUG] [AutoTuneValidator] Reddedildi [ECT_LOW]: Motor sıcaklığı düşük: 50°C < 72°C
[17:13:41.816] [DEBUG] [AutoTuneValidator] Reddedildi [BATT_LOW]: Batarya düşük: 10,5V < 12V
[17:13:41.838] [INFO] [EcuDatabaseManager] Toplam 8 dinamik ECU profili yüklendi.
[17:13:41.850] [INFO] [ChecksumTest] [TRACE-1] romBuffer[0]=00
[17:13:41.858] [INFO] [ChecksumTest] [TRACE-2] tempFile[0]=00
[17:13:41.859] [INFO] [ChecksumTest] [TRACE-3] loadedBuffer[0]=00
[17:13:41.859] [INFO] [ChecksumTest] [TRACE-4] beforeSaveBuffer[0]=00
[17:13:41.863] [INFO] [ChecksumTest] [TRACE-5] afterSaveParserBuffer[0]=00
[17:13:41.869] [INFO] [ChecksumTest] [TRACE-6] reloadedFile[0]=00
[17:13:41.877] [INFO] [CalibrationManager] Değişiklik kaydedildi: Patch.LaunchControl.Byte0 [144 -> 205]
[17:13:41.887] [INFO] [CalibrationManager] Değişiklik kaydedildi: Patch.LaunchControl.Byte1 [144 -> 25]
[17:13:41.889] [INFO] [PatchEngine] Yama başarıyla uygulandı: LaunchControl @ 0x1FB0
[17:13:41.896] [INFO] [CalibrationManager] Değişiklik kaydedildi: Patch.LaunchControl.Byte0 [144 -> 205]
[17:13:41.905] [INFO] [CalibrationManager] Değişiklik kaydedildi: Patch.LaunchControl.Byte1 [144 -> 25]
[17:13:41.907] [INFO] [PatchEngine] Yama başarıyla uygulandı: LaunchControl @ 0x1FB0
[17:13:41.915] [INFO] [CalibrationManager] Değişiklik kaydedildi: Patch.LaunchControl.Byte0 [205 -> 144]
[17:13:41.916] [INFO] [CalibrationManager] Değişiklik kaydedildi: Patch.LaunchControl.Byte1 [25 -> 144]
[17:13:41.918] [INFO] [PatchEngine] Yama başarıyla geri alındı (Rollback): LaunchControl
[17:13:41.925] [INFO] [CalibrationManager] Değişiklik kaydedildi: Patch.LaunchControl.Byte0 [144 -> 205]
[17:13:41.931] [INFO] [CalibrationManager] Değişiklik kaydedildi: Patch.LaunchControl.Byte1 [144 -> 25]
[17:13:41.932] [INFO] [PatchEngine] Yama başarıyla uygulandı: LaunchControl @ 0x1FB0
[17:13:41.946] [INFO] [CalibrationManager] Değişiklik kaydedildi: Patch.LaunchControl.Byte0 [144 -> 205]
[17:13:41.955] [INFO] [CalibrationManager] Değişiklik kaydedildi: Patch.LaunchControl.Byte1 [144 -> 25]
[17:13:41.956] [INFO] [PatchEngine] Yama başarıyla uygulandı: LaunchControl @ 0x1FB0
[17:13:41.971] [INFO] [CalibrationManager] Değişiklik kaydedildi: Patch.LaunchControl.Byte0 [144 -> 205]
[17:13:41.978] [INFO] [CalibrationManager] Değişiklik kaydedildi: Patch.LaunchControl.Byte1 [144 -> 25]
[17:13:41.980] [INFO] [PatchEngine] Yama başarıyla uygulandı: LaunchControl @ 0x1FB0
[17:13:41.987] [INFO] [CalibrationManager] Değişiklik kaydedildi: Patch.LaunchControl.Byte0 [144 -> 205]
[17:13:41.998] [INFO] [CalibrationManager] Değişiklik kaydedildi: Patch.LaunchControl.Byte1 [144 -> 25]
[17:13:42.000] [INFO] [PatchEngine] Yama başarıyla uygulandı: LaunchControl @ 0x1FB0
[17:13:43.262] [INFO] [AutoTuneSafetyManager] Güvenlik limitleri yüklendi. Etkin kural sayısı: 4
[17:13:43.263] [INFO] [AutoTuneEventPublisher] Domain olayı yayınlandı: SessionCreated (Oturum: 7837753b-3f54-46ea-8cfc-f748ab30a65d)
[17:13:43.263] [INFO] [AutoTuneEngine] Oturum başarıyla başlatıldı: 7837753b-3f54-46ea-8cfc-f748ab30a65d
[17:13:43.263] [INFO] [AutoTuneEventPublisher] Domain olayı yayınlandı: SessionPaused (Oturum: 7837753b-3f54-46ea-8cfc-f748ab30a65d)
[17:13:43.264] [INFO] [AutoTuneEventPublisher] Domain olayı yayınlandı: SessionResumed (Oturum: 7837753b-3f54-46ea-8cfc-f748ab30a65d)
[17:13:43.265] [INFO] [AutoTuneEventPublisher] Domain olayı yayınlandı: SessionStopped (Oturum: 7837753b-3f54-46ea-8cfc-f748ab30a65d)
[17:13:43.275] [INFO] [CalibrationRecoveryManager] Bekleyen işlem kaydedildi: TX-TEMP
[17:13:43.288] [INFO] [CalibrationRecoveryManager] Bekleyen işlem temizlendi (başarılı commit).
[17:13:43.289] [INFO] [CalibrationRecoveryManager] Bekleyen işlem kaydedildi: TX-TEMP2
[17:13:43.296] [INFO] [CalibrationRecoveryManager] Yarım kalmış işlem geri yükleniyor: TX-TEMP2
[17:13:43.298] [INFO] [CalibrationSnapshotManager] Snapshot geri yükleniyor: SNAP-TEMP2, Kurtarılacak hücre: 1
[17:13:43.298] [INFO] [CalibrationRecoveryManager] Bekleyen işlem temizlendi (başarılı commit).
[17:13:43.302] [INFO] [AutoTuneSafetyManager] Güvenlik limitleri yüklendi. Etkin kural sayısı: 4
[17:13:43.302] [INFO] [AutoTuneEventPublisher] Domain olayı yayınlandı: SessionCreated (Oturum: f8e10a44-46e6-4316-8ab9-95f7e8037d26)
[17:13:43.302] [INFO] [AutoTuneEngine] Oturum başarıyla başlatıldı: f8e10a44-46e6-4316-8ab9-95f7e8037d26
[17:13:43.303] [INFO] [AutoTuneEventPublisher] Domain olayı yayınlandı: SessionPaused (Oturum: f8e10a44-46e6-4316-8ab9-95f7e8037d26)
[17:13:43.303] [INFO] [AutoTuneEventPublisher] Domain olayı yayınlandı: SessionResumed (Oturum: f8e10a44-46e6-4316-8ab9-95f7e8037d26)
[17:13:43.304] [INFO] [AutoTuneEventPublisher] Domain olayı yayınlandı: SessionStopped (Oturum: f8e10a44-46e6-4316-8ab9-95f7e8037d26)
[17:13:43.305] [INFO] [AutoTuneSafetyManager] Güvenlik limitleri yüklendi. Etkin kural sayısı: 4
[17:13:43.305] [INFO] [AutoTuneEventPublisher] Domain olayı yayınlandı: SessionCreated (Oturum: 2d9711b5-b902-4bab-8adf-bbde89193f04)
[17:13:43.305] [INFO] [AutoTuneEngine] Oturum başarıyla başlatıldı: 2d9711b5-b902-4bab-8adf-bbde89193f04
[17:13:43.305] [INFO] [AutoTuneEventPublisher] Domain olayı yayınlandı: SessionStopped (Oturum: 2d9711b5-b902-4bab-8adf-bbde89193f04)
[17:13:43.306] [INFO] [AutoTuneSafetyManager] Güvenlik limitleri yüklendi. Etkin kural sayısı: 4
[17:13:43.306] [INFO] [AutoTuneEventPublisher] Domain olayı yayınlandı: SessionCreated (Oturum: 9af7f262-5bc1-4a66-a47e-8ff6d3b9fc60)
[17:13:43.306] [INFO] [AutoTuneEngine] Oturum başarıyla başlatıldı: 9af7f262-5bc1-4a66-a47e-8ff6d3b9fc60
[17:13:43.306] [INFO] [AutoTuneEventPublisher] Domain olayı yayınlandı: TelemetryWindowAccepted (Oturum: 9af7f262-5bc1-4a66-a47e-8ff6d3b9fc60)
[17:13:43.312] [INFO] [AutoTuneEventPublisher] Domain olayı yayınlandı: DecisionCreated (Oturum: 9af7f262-5bc1-4a66-a47e-8ff6d3b9fc60)
[17:13:43.313] [INFO] [CalibrationStreamPublisher] Uygulanan değişiklik yayınlandı: Fuel adres: FuelVETable[3,4]
[17:13:43.315] [INFO] [AutoTuneEventPublisher] Domain olayı yayınlandı: DecisionCreated (Oturum: 9af7f262-5bc1-4a66-a47e-8ff6d3b9fc60)
[17:13:43.315] [INFO] [CalibrationStreamPublisher] Uygulanan değişiklik yayınlandı: Lambda adres: AFRTargetTable[3,4]
[17:13:43.315] [INFO] [AutoTuneEventPublisher] Domain olayı yayınlandı: DecisionCreated (Oturum: 9af7f262-5bc1-4a66-a47e-8ff6d3b9fc60)
[17:13:43.316] [INFO] [CalibrationStreamPublisher] Uygulanan değişiklik yayınlandı: Ignition adres: IgnitionTable[3,4]
[17:13:43.316] [INFO] [AutoTuneEventPublisher] Domain olayı yayınlandı: DecisionCreated (Oturum: 9af7f262-5bc1-4a66-a47e-8ff6d3b9fc60)
[17:13:43.317] [INFO] [CalibrationStreamPublisher] Uygulanan değişiklik yayınlandı: VE adres: FuelVETable[3,4]
[17:13:43.317] [INFO] [AutoTuneEventPublisher] Domain olayı yayınlandı: TelemetryWindowAccepted (Oturum: 9af7f262-5bc1-4a66-a47e-8ff6d3b9fc60)
[17:13:43.317] [INFO] [AutoTuneEventPublisher] Domain olayı yayınlandı: DecisionCreated (Oturum: 9af7f262-5bc1-4a66-a47e-8ff6d3b9fc60)
[17:13:43.317] [INFO] [CalibrationStreamPublisher] Uygulanan değişiklik yayınlandı: Fuel adres: FuelVETable[3,4]
[17:13:43.318] [INFO] [AutoTuneEventPublisher] Domain olayı yayınlandı: DecisionCreated (Oturum: 9af7f262-5bc1-4a66-a47e-8ff6d3b9fc60)
[17:13:43.318] [INFO] [CalibrationStreamPublisher] Uygulanan değişiklik yayınlandı: Lambda adres: AFRTargetTable[3,4]
[17:13:43.318] [INFO] [AutoTuneEventPublisher] Domain olayı yayınlandı: DecisionCreated (Oturum: 9af7f262-5bc1-4a66-a47e-8ff6d3b9fc60)
[17:13:43.318] [INFO] [CalibrationStreamPublisher] Uygulanan değişiklik yayınlandı: Ignition adres: IgnitionTable[3,4]
[17:13:43.318] [INFO] [AutoTuneEventPublisher] Domain olayı yayınlandı: DecisionCreated (Oturum: 9af7f262-5bc1-4a66-a47e-8ff6d3b9fc60)
[17:13:43.318] [INFO] [CalibrationStreamPublisher] Uygulanan değişiklik yayınlandı: VE adres: FuelVETable[3,4]
[17:13:43.318] [INFO] [AutoTuneEventPublisher] Domain olayı yayınlandı: TelemetryWindowAccepted (Oturum: 9af7f262-5bc1-4a66-a47e-8ff6d3b9fc60)
[17:13:43.318] [INFO] [AutoTuneEventPublisher] Domain olayı yayınlandı: DecisionCreated (Oturum: 9af7f262-5bc1-4a66-a47e-8ff6d3b9fc60)
[17:13:43.318] [INFO] [CalibrationStreamPublisher] Uygulanan değişiklik yayınlandı: Fuel adres: FuelVETable[3,4]
[17:13:43.319] [INFO] [AutoTuneEventPublisher] Domain olayı yayınlandı: DecisionCreated (Oturum: 9af7f262-5bc1-4a66-a47e-8ff6d3b9fc60)
[17:13:43.319] [INFO] [CalibrationStreamPublisher] Uygulanan değişiklik yayınlandı: Lambda adres: AFRTargetTable[3,4]
[17:13:43.319] [INFO] [AutoTuneEventPublisher] Domain olayı yayınlandı: DecisionCreated (Oturum: 9af7f262-5bc1-4a66-a47e-8ff6d3b9fc60)
[17:13:43.319] [INFO] [CalibrationStreamPublisher] Uygulanan değişiklik yayınlandı: Ignition adres: IgnitionTable[3,4]
[17:13:43.319] [INFO] [AutoTuneEventPublisher] Domain olayı yayınlandı: DecisionCreated (Oturum: 9af7f262-5bc1-4a66-a47e-8ff6d3b9fc60)
[17:13:43.319] [INFO] [CalibrationStreamPublisher] Uygulanan değişiklik yayınlandı: VE adres: FuelVETable[3,4]
[17:13:43.319] [INFO] [AutoTuneEventPublisher] Domain olayı yayınlandı: TelemetryWindowAccepted (Oturum: 9af7f262-5bc1-4a66-a47e-8ff6d3b9fc60)
[17:13:43.320] [INFO] [AutoTuneEventPublisher] Domain olayı yayınlandı: DecisionCreated (Oturum: 9af7f262-5bc1-4a66-a47e-8ff6d3b9fc60)
[17:13:43.320] [INFO] [CalibrationStreamPublisher] Uygulanan değişiklik yayınlandı: Fuel adres: FuelVETable[3,4]
[17:13:43.320] [INFO] [AutoTuneEventPublisher] Domain olayı yayınlandı: DecisionCreated (Oturum: 9af7f262-5bc1-4a66-a47e-8ff6d3b9fc60)
[17:13:43.320] [INFO] [CalibrationStreamPublisher] Uygulanan değişiklik yayınlandı: Lambda adres: AFRTargetTable[3,4]
[17:13:43.320] [INFO] [AutoTuneEventPublisher] Domain olayı yayınlandı: DecisionCreated (Oturum: 9af7f262-5bc1-4a66-a47e-8ff6d3b9fc60)
[17:13:43.320] [INFO] [CalibrationStreamPublisher] Uygulanan değişiklik yayınlandı: Ignition adres: IgnitionTable[3,4]
[17:13:43.320] [INFO] [AutoTuneEventPublisher] Domain olayı yayınlandı: DecisionCreated (Oturum: 9af7f262-5bc1-4a66-a47e-8ff6d3b9fc60)
[17:13:43.321] [INFO] [CalibrationStreamPublisher] Uygulanan değişiklik yayınlandı: VE adres: FuelVETable[3,4]
[17:13:43.321] [INFO] [AutoTuneEventPublisher] Domain olayı yayınlandı: TelemetryWindowAccepted (Oturum: 9af7f262-5bc1-4a66-a47e-8ff6d3b9fc60)
[17:13:43.321] [INFO] [AutoTuneEventPublisher] Domain olayı yayınlandı: DecisionCreated (Oturum: 9af7f262-5bc1-4a66-a47e-8ff6d3b9fc60)
[17:13:43.321] [INFO] [CalibrationStreamPublisher] Uygulanan değişiklik yayınlandı: Fuel adres: FuelVETable[3,4]
[17:13:43.321] [INFO] [AutoTuneEventPublisher] Domain olayı yayınlandı: DecisionCreated (Oturum: 9af7f262-5bc1-4a66-a47e-8ff6d3b9fc60)
[17:13:43.321] [INFO] [CalibrationStreamPublisher] Uygulanan değişiklik yayınlandı: Lambda adres: AFRTargetTable[3,4]
[17:13:43.322] [INFO] [AutoTuneEventPublisher] Domain olayı yayınlandı: DecisionCreated (Oturum: 9af7f262-5bc1-4a66-a47e-8ff6d3b9fc60)
[17:13:43.322] [INFO] [CalibrationStreamPublisher] Uygulanan değişiklik yayınlandı: Ignition adres: IgnitionTable[3,4]
[17:13:43.322] [INFO] [AutoTuneEventPublisher] Domain olayı yayınlandı: DecisionCreated (Oturum: 9af7f262-5bc1-4a66-a47e-8ff6d3b9fc60)
[17:13:43.322] [INFO] [CalibrationStreamPublisher] Uygulanan değişiklik yayınlandı: VE adres: FuelVETable[3,4]
[17:13:43.322] [INFO] [AutoTuneEventPublisher] Domain olayı yayınlandı: TelemetryWindowAccepted (Oturum: 9af7f262-5bc1-4a66-a47e-8ff6d3b9fc60)
[17:13:43.322] [INFO] [AutoTuneEventPublisher] Domain olayı yayınlandı: DecisionCreated (Oturum: 9af7f262-5bc1-4a66-a47e-8ff6d3b9fc60)
[17:13:43.322] [INFO] [CalibrationStreamPublisher] Uygulanan değişiklik yayınlandı: Fuel adres: FuelVETable[3,4]
[17:13:43.322] [INFO] [AutoTuneEventPublisher] Domain olayı yayınlandı: DecisionCreated (Oturum: 9af7f262-5bc1-4a66-a47e-8ff6d3b9fc60)
[17:13:43.323] [INFO] [CalibrationStreamPublisher] Uygulanan değişiklik yayınlandı: Lambda adres: AFRTargetTable[3,4]
[17:13:43.323] [INFO] [AutoTuneEventPublisher] Domain olayı yayınlandı: DecisionCreated (Oturum: 9af7f262-5bc1-4a66-a47e-8ff6d3b9fc60)
[17:13:43.323] [INFO] [CalibrationStreamPublisher] Uygulanan değişiklik yayınlandı: Ignition adres: IgnitionTable[3,4]
[17:13:43.323] [INFO] [AutoTuneEventPublisher] Domain olayı yayınlandı: DecisionCreated (Oturum: 9af7f262-5bc1-4a66-a47e-8ff6d3b9fc60)
[17:13:43.323] [INFO] [CalibrationStreamPublisher] Uygulanan değişiklik yayınlandı: VE adres: FuelVETable[3,4]
[17:13:43.323] [INFO] [AutoTuneEventPublisher] Domain olayı yayınlandı: SessionStopped (Oturum: 9af7f262-5bc1-4a66-a47e-8ff6d3b9fc60)
[17:13:43.327] [INFO] [AdaptiveMemory] V1 hafıza verisi V2 şemasına başarıyla taşındı. Toplam kayıt: 1
[17:13:43.327] [INFO] [AutoTuneSafetyManager] Güvenlik limitleri yüklendi. Etkin kural sayısı: 4
[17:13:43.328] [INFO] [AutoTuneEventPublisher] Domain olayı yayınlandı: SessionCreated (Oturum: 71b5a1c2-065b-434c-9a95-ded9f598ebdc)
[17:13:43.328] [INFO] [AutoTuneEngine] Oturum başarıyla başlatıldı: 71b5a1c2-065b-434c-9a95-ded9f598ebdc
[17:13:43.328] [INFO] [AutoTuneEventPublisher] Domain olayı yayınlandı: SessionStopped (Oturum: 71b5a1c2-065b-434c-9a95-ded9f598ebdc)
[17:13:43.328] [INFO] [AutoTuneSafetyManager] Güvenlik limitleri yüklendi. Etkin kural sayısı: 4
[17:13:43.329] [INFO] [AutoTuneEventPublisher] Domain olayı yayınlandı: SessionCreated (Oturum: 4fc1668d-c26c-459a-945f-75eb1611083d)
[17:13:43.329] [INFO] [AutoTuneEngine] Oturum başarıyla başlatıldı: 4fc1668d-c26c-459a-945f-75eb1611083d
[17:13:43.329] [INFO] [AutoTuneEventPublisher] Domain olayı yayınlandı: SessionStopped (Oturum: 4fc1668d-c26c-459a-945f-75eb1611083d)
[17:13:43.331] [INFO] [RtpCalibrationEngine] Connecting to RTP emulator...
[17:13:43.331] [INFO] [RtpCalibrationEngine] RTP emulator connected successfully.
[17:13:43.331] [INFO] [RtpCalibrationEngine] Real-time synchronization active.
[17:13:43.331] [INFO] [RtpCalibrationEngine] Real-time synchronization paused.
[17:13:43.332] [INFO] [RtpCalibrationEngine] RTP Emulator disconnected.
[17:13:43.333] [INFO] [RtpCalibrationEngine] Connecting to RTP emulator...
[17:13:43.333] [INFO] [RtpCalibrationEngine] RTP emulator connected successfully.
[17:13:43.333] [INFO] [RtpCalibrationEngine] Real-time synchronization active.
[17:13:43.335] [INFO] [CalibrationManager] Değişiklik kaydedildi:  [ -> 99]
[17:13:43.545] [INFO] [RtpCalibrationEngine] Connecting to RTP emulator...
[17:13:43.546] [INFO] [RtpCalibrationEngine] RTP emulator connected successfully.
[17:13:43.547] [INFO] [CalibrationManager] Değişiklik kaydedildi:  [ -> 10]
[17:13:43.553] [INFO] [CalibrationManager] Değişiklik kaydedildi:  [ -> 11]
[17:13:43.562] [INFO] [CalibrationManager] Değişiklik kaydedildi:  [ -> 12]
[17:13:43.562] [INFO] [RtpCalibrationEngine] Real-time synchronization active.
[17:13:43.770] [INFO] [RtpCalibrationEngine] Connecting to RTP emulator...
[17:13:43.770] [INFO] [RtpCalibrationEngine] RTP emulator connected successfully.
[17:13:43.772] [INFO] [CalibrationManager] Değişiklik kaydedildi:  [ -> 1]
[17:13:43.783] [INFO] [CalibrationManager] Değişiklik kaydedildi:  [ -> 2]
[17:13:43.795] [INFO] [CalibrationManager] Değişiklik kaydedildi:  [ -> 3]
[17:13:43.796] [INFO] [RtpCalibrationEngine] Real-time synchronization active.
[17:13:44.000] [INFO] [RtpCalibrationEngine] Connecting to RTP emulator...
[17:13:44.000] [INFO] [RtpCalibrationEngine] RTP emulator connected successfully.
[17:13:44.001] [INFO] [RtpCalibrationEngine] Real-time synchronization active.
[17:13:44.002] [INFO] [CalibrationManager] Değişiklik kaydedildi:  [ -> 45]
[17:13:44.216] [INFO] [RtpCalibrationEngine] Connecting to RTP emulator...
[17:13:44.216] [INFO] [RtpCalibrationEngine] RTP emulator connected successfully.
[17:13:44.216] [INFO] [RtpCalibrationEngine] Real-time synchronization active.
[17:13:44.218] [INFO] [CalibrationManager] Değişiklik kaydedildi:  [ -> 5]
[17:13:44.220] [INFO] [CalibrationManager] Değişiklik kaydedildi:  [ -> 5]
[17:13:44.221] [INFO] [CalibrationManager] Değişiklik kaydedildi:  [ -> 5]
[17:13:44.222] [INFO] [CalibrationManager] Değişiklik kaydedildi:  [ -> 5]
[17:13:44.230] [WARNING] [RtpCalibrationEngine] Could not save persistent sync queue: The process cannot access the file 'C:\Users\ayhan\OneDrive\Desktop\Canlı OBD2 Araç Telemetri Ekranı\HondaTuner\bin\Debug\net6.0-windows\Database\pending_rtp_queue.json' because it is being used by another process.
[17:13:44.240] [INFO] [CalibrationManager] Değişiklik kaydedildi:  [ -> 5]
[17:13:44.241] [INFO] [CalibrationManager] Değişiklik kaydedildi:  [ -> 5]
[17:13:44.242] [INFO] [CalibrationManager] Değişiklik kaydedildi:  [ -> 5]
[17:13:44.244] [INFO] [CalibrationManager] Değişiklik kaydedildi:  [ -> 5]
[17:13:44.245] [INFO] [CalibrationManager] Değişiklik kaydedildi:  [ -> 5]
[17:13:44.246] [INFO] [CalibrationManager] Değişiklik kaydedildi:  [ -> 5]
[17:13:44.247] [INFO] [CalibrationManager] Değişiklik kaydedildi:  [ -> 5]
[17:13:44.252] [INFO] [CalibrationManager] Değişiklik kaydedildi:  [ -> 5]
[17:13:44.253] [INFO] [CalibrationManager] Değişiklik kaydedildi:  [ -> 5]
[17:13:44.255] [INFO] [CalibrationManager] Değişiklik kaydedildi:  [ -> 5]
[17:13:44.256] [INFO] [CalibrationManager] Değişiklik kaydedildi:  [ -> 5]
[17:13:44.257] [INFO] [CalibrationManager] Değişiklik kaydedildi:  [ -> 5]
[17:13:44.258] [INFO] [CalibrationManager] Değişiklik kaydedildi:  [ -> 5]
[17:13:44.260] [INFO] [CalibrationManager] Değişiklik kaydedildi:  [ -> 5]
[17:13:44.261] [INFO] [CalibrationManager] Değişiklik kaydedildi:  [ -> 5]
[17:13:44.262] [INFO] [CalibrationManager] Değişiklik kaydedildi:  [ -> 5]
[17:13:44.263] [INFO] [CalibrationManager] Değişiklik kaydedildi:  [ -> 5]
[17:13:44.264] [INFO] [CalibrationManager] Değişiklik kaydedildi:  [ -> 5]
[17:13:44.265] [INFO] [CalibrationManager] Değişiklik kaydedildi:  [ -> 5]
[17:13:44.267] [INFO] [CalibrationManager] Değişiklik kaydedildi:  [ -> 5]
[17:13:44.268] [INFO] [CalibrationManager] Değişiklik kaydedildi:  [ -> 5]
[17:13:44.269] [INFO] [CalibrationManager] Değişiklik kaydedildi:  [ -> 5]
[17:13:44.270] [INFO] [CalibrationManager] Değişiklik kaydedildi:  [ -> 5]
[17:13:44.271] [INFO] [CalibrationManager] Değişiklik kaydedildi:  [ -> 5]
[17:13:44.273] [INFO] [CalibrationManager] Değişiklik kaydedildi:  [ -> 5]
[17:13:44.274] [INFO] [CalibrationManager] Değişiklik kaydedildi:  [ -> 5]
[17:13:44.275] [INFO] [CalibrationManager] Değişiklik kaydedildi:  [ -> 5]
[17:13:44.276] [INFO] [CalibrationManager] Değişiklik kaydedildi:  [ -> 5]
[17:13:44.277] [INFO] [CalibrationManager] Değişiklik kaydedildi:  [ -> 5]
[17:13:44.279] [INFO] [CalibrationManager] Değişiklik kaydedildi:  [ -> 5]
[17:13:44.280] [INFO] [CalibrationManager] Değişiklik kaydedildi:  [ -> 5]
[17:13:44.281] [INFO] [CalibrationManager] Değişiklik kaydedildi:  [ -> 5]
[17:13:44.287] [INFO] [CalibrationManager] Değişiklik kaydedildi:  [ -> 5]
[17:13:44.288] [INFO] [CalibrationManager] Değişiklik kaydedildi:  [ -> 5]
[17:13:44.290] [INFO] [CalibrationManager] Değişiklik kaydedildi:  [ -> 5]
[17:13:44.291] [INFO] [CalibrationManager] Değişiklik kaydedildi:  [ -> 5]
[17:13:44.292] [INFO] [CalibrationManager] Değişiklik kaydedildi:  [ -> 5]
[17:13:44.293] [INFO] [CalibrationManager] Değişiklik kaydedildi:  [ -> 5]
[17:13:44.294] [INFO] [CalibrationManager] Değişiklik kaydedildi:  [ -> 5]
[17:13:44.295] [INFO] [CalibrationManager] Değişiklik kaydedildi:  [ -> 5]
[17:13:44.296] [INFO] [CalibrationManager] Değişiklik kaydedildi:  [ -> 5]
[17:13:44.298] [INFO] [CalibrationManager] Değişiklik kaydedildi:  [ -> 5]
[17:13:44.299] [INFO] [CalibrationManager] Değişiklik kaydedildi:  [ -> 5]
[17:13:44.300] [INFO] [CalibrationManager] Değişiklik kaydedildi:  [ -> 5]
[17:13:44.301] [INFO] [CalibrationManager] Değişiklik kaydedildi:  [ -> 5]
[17:13:44.302] [INFO] [CalibrationManager] Değişiklik kaydedildi:  [ -> 5]
[17:13:44.304] [INFO] [CalibrationManager] Değişiklik kaydedildi:  [ -> 5]
[17:13:44.305] [INFO] [CalibrationManager] Değişiklik kaydedildi:  [ -> 5]
[17:13:44.306] [INFO] [CalibrationManager] Değişiklik kaydedildi:  [ -> 5]
[17:13:44.307] [INFO] [CalibrationManager] Değişiklik kaydedildi:  [ -> 5]
[17:13:44.308] [INFO] [CalibrationManager] Değişiklik kaydedildi:  [ -> 5]
[17:13:44.309] [INFO] [CalibrationManager] Değişiklik kaydedildi:  [ -> 5]
[17:13:44.310] [INFO] [CalibrationManager] Değişiklik kaydedildi:  [ -> 5]
[17:13:44.312] [INFO] [CalibrationManager] Değişiklik kaydedildi:  [ -> 5]
[17:13:44.313] [INFO] [CalibrationManager] Değişiklik kaydedildi:  [ -> 5]
[17:13:44.314] [INFO] [CalibrationManager] Değişiklik kaydedildi:  [ -> 5]
[17:13:44.315] [INFO] [CalibrationManager] Değişiklik kaydedildi:  [ -> 5]
[17:13:44.316] [INFO] [CalibrationManager] Değişiklik kaydedildi:  [ -> 5]
[17:13:44.317] [INFO] [CalibrationManager] Değişiklik kaydedildi:  [ -> 5]
[17:13:44.318] [INFO] [CalibrationManager] Değişiklik kaydedildi:  [ -> 5]
[17:13:44.320] [INFO] [CalibrationManager] Değişiklik kaydedildi:  [ -> 5]
[17:13:44.321] [INFO] [CalibrationManager] Değişiklik kaydedildi:  [ -> 5]
[17:13:44.322] [INFO] [CalibrationManager] Değişiklik kaydedildi:  [ -> 5]
[17:13:44.323] [INFO] [CalibrationManager] Değişiklik kaydedildi:  [ -> 5]
[17:13:44.324] [INFO] [CalibrationManager] Değişiklik kaydedildi:  [ -> 5]
[17:13:44.325] [INFO] [CalibrationManager] Değişiklik kaydedildi:  [ -> 5]
[17:13:44.327] [INFO] [CalibrationManager] Değişiklik kaydedildi:  [ -> 5]
[17:13:44.328] [INFO] [CalibrationManager] Değişiklik kaydedildi:  [ -> 5]
[17:13:44.329] [INFO] [CalibrationManager] Değişiklik kaydedildi:  [ -> 5]
[17:13:44.330] [INFO] [CalibrationManager] Değişiklik kaydedildi:  [ -> 5]
[17:13:44.331] [INFO] [CalibrationManager] Değişiklik kaydedildi:  [ -> 5]
[17:13:44.332] [INFO] [CalibrationManager] Değişiklik kaydedildi:  [ -> 5]
[17:13:44.333] [INFO] [CalibrationManager] Değişiklik kaydedildi:  [ -> 5]
[17:13:44.335] [INFO] [CalibrationManager] Değişiklik kaydedildi:  [ -> 5]
[17:13:44.336] [INFO] [CalibrationManager] Değişiklik kaydedildi:  [ -> 5]
[17:13:44.337] [INFO] [CalibrationManager] Değişiklik kaydedildi:  [ -> 5]
[17:13:44.338] [INFO] [CalibrationManager] Değişiklik kaydedildi:  [ -> 5]
[17:13:44.340] [INFO] [CalibrationManager] Değişiklik kaydedildi:  [ -> 5]
[17:13:44.341] [INFO] [CalibrationManager] Değişiklik kaydedildi:  [ -> 5]
[17:13:44.342] [INFO] [CalibrationManager] Değişiklik kaydedildi:  [ -> 5]
[17:13:44.343] [INFO] [CalibrationManager] Değişiklik kaydedildi:  [ -> 5]
[17:13:44.344] [INFO] [CalibrationManager] Değişiklik kaydedildi:  [ -> 5]
[17:13:44.345] [INFO] [CalibrationManager] Değişiklik kaydedildi:  [ -> 5]
[17:13:44.347] [INFO] [CalibrationManager] Değişiklik kaydedildi:  [ -> 5]
[17:13:44.348] [INFO] [CalibrationManager] Değişiklik kaydedildi:  [ -> 5]
[17:13:44.349] [INFO] [CalibrationManager] Değişiklik kaydedildi:  [ -> 5]
[17:13:44.350] [INFO] [CalibrationManager] Değişiklik kaydedildi:  [ -> 5]
[17:13:44.351] [INFO] [CalibrationManager] Değişiklik kaydedildi:  [ -> 5]
[17:13:44.353] [INFO] [CalibrationManager] Değişiklik kaydedildi:  [ -> 5]
[17:13:44.354] [INFO] [CalibrationManager] Değişiklik kaydedildi:  [ -> 5]
[17:13:44.355] [INFO] [CalibrationManager] Değişiklik kaydedildi:  [ -> 5]
[17:13:44.357] [WARNING] [RtpCalibrationEngine] Could not save persistent sync queue: The process cannot access the file 'C:\Users\ayhan\OneDrive\Desktop\Canlı OBD2 Araç Telemetri Ekranı\HondaTuner\bin\Debug\net6.0-windows\Database\pending_rtp_queue.json' because it is being used by another process.
[17:13:44.357] [INFO] [CalibrationManager] Değişiklik kaydedildi:  [ -> 5]
[17:13:44.359] [INFO] [CalibrationManager] Değişiklik kaydedildi:  [ -> 5]
[17:13:44.360] [INFO] [CalibrationManager] Değişiklik kaydedildi:  [ -> 5]
[17:13:44.361] [INFO] [CalibrationManager] Değişiklik kaydedildi:  [ -> 5]
[17:13:44.362] [INFO] [CalibrationManager] Değişiklik kaydedildi:  [ -> 5]
[17:13:44.363] [INFO] [CalibrationManager] Değişiklik kaydedildi:  [ -> 5]
[17:13:44.364] [INFO] [CalibrationManager] Değişiklik kaydedildi:  [ -> 5]
[17:13:44.367] [INFO] [CalibrationManager] Değişiklik kaydedildi:  [ -> 5]
[17:13:44.368] [INFO] [CalibrationManager] Değişiklik kaydedildi:  [ -> 5]
[17:13:44.369] [INFO] [CalibrationManager] Değişiklik kaydedildi:  [ -> 5]
[17:13:44.370] [INFO] [CalibrationManager] Değişiklik kaydedildi:  [ -> 5]
[17:13:44.371] [INFO] [CalibrationManager] Değişiklik kaydedildi:  [ -> 5]
[17:13:44.372] [INFO] [CalibrationManager] Değişiklik kaydedildi:  [ -> 5]
[17:13:44.373] [INFO] [CalibrationManager] Değişiklik kaydedildi:  [ -> 5]
[17:13:44.374] [INFO] [CalibrationManager] Değişiklik kaydedildi:  [ -> 5]
[17:13:44.377] [INFO] [CalibrationManager] Değişiklik kaydedildi:  [ -> 5]
[17:13:44.378] [INFO] [CalibrationManager] Değişiklik kaydedildi:  [ -> 5]
[17:13:44.380] [INFO] [CalibrationManager] Değişiklik kaydedildi:  [ -> 5]
[17:13:44.381] [INFO] [CalibrationManager] Değişiklik kaydedildi:  [ -> 5]
[17:13:44.382] [INFO] [CalibrationManager] Değişiklik kaydedildi:  [ -> 5]
[17:13:44.383] [INFO] [CalibrationManager] Değişiklik kaydedildi:  [ -> 5]
[17:13:44.384] [INFO] [CalibrationManager] Değişiklik kaydedildi:  [ -> 5]
[17:13:44.385] [INFO] [CalibrationManager] Değişiklik kaydedildi:  [ -> 5]
[17:13:44.387] [INFO] [CalibrationManager] Değişiklik kaydedildi:  [ -> 5]
[17:13:44.388] [INFO] [CalibrationManager] Değişiklik kaydedildi:  [ -> 5]
[17:13:44.389] [INFO] [CalibrationManager] Değişiklik kaydedildi:  [ -> 5]
[17:13:44.390] [INFO] [CalibrationManager] Değişiklik kaydedildi:  [ -> 5]
[17:13:44.391] [INFO] [CalibrationManager] Değişiklik kaydedildi:  [ -> 5]
[17:13:44.392] [INFO] [CalibrationManager] Değişiklik kaydedildi:  [ -> 5]
[17:13:44.394] [INFO] [CalibrationManager] Değişiklik kaydedildi:  [ -> 5]
[17:13:44.395] [INFO] [CalibrationManager] Değişiklik kaydedildi:  [ -> 5]
[17:13:44.396] [INFO] [CalibrationManager] Değişiklik kaydedildi:  [ -> 5]
[17:13:44.397] [INFO] [CalibrationManager] Değişiklik kaydedildi:  [ -> 5]
[17:13:44.398] [INFO] [CalibrationManager] Değişiklik kaydedildi:  [ -> 5]
[17:13:44.399] [INFO] [CalibrationManager] Değişiklik kaydedildi:  [ -> 5]
[17:13:44.401] [INFO] [CalibrationManager] Değişiklik kaydedildi:  [ -> 5]
[17:13:44.402] [INFO] [CalibrationManager] Değişiklik kaydedildi:  [ -> 5]
[17:13:44.403] [INFO] [CalibrationManager] Değişiklik kaydedildi:  [ -> 5]
[17:13:44.404] [INFO] [CalibrationManager] Değişiklik kaydedildi:  [ -> 5]
[17:13:44.405] [INFO] [CalibrationManager] Değişiklik kaydedildi:  [ -> 5]
[17:13:44.407] [INFO] [CalibrationManager] Değişiklik kaydedildi:  [ -> 5]
[17:13:44.408] [INFO] [CalibrationManager] Değişiklik kaydedildi:  [ -> 5]
[17:13:44.409] [INFO] [CalibrationManager] Değişiklik kaydedildi:  [ -> 5]
[17:13:44.410] [INFO] [CalibrationManager] Değişiklik kaydedildi:  [ -> 5]
[17:13:44.411] [INFO] [CalibrationManager] Değişiklik kaydedildi:  [ -> 5]
[17:13:44.412] [INFO] [CalibrationManager] Değişiklik kaydedildi:  [ -> 5]
[17:13:44.414] [INFO] [CalibrationManager] Değişiklik kaydedildi:  [ -> 5]
[17:13:44.415] [INFO] [CalibrationManager] Değişiklik kaydedildi:  [ -> 5]
[17:13:44.416] [INFO] [CalibrationManager] Değişiklik kaydedildi:  [ -> 5]
[17:13:44.418] [INFO] [CalibrationManager] Değişiklik kaydedildi:  [ -> 5]
[17:13:44.419] [INFO] [CalibrationManager] Değişiklik kaydedildi:  [ -> 5]
[17:13:44.420] [INFO] [CalibrationManager] Değişiklik kaydedildi:  [ -> 5]
[17:13:44.421] [INFO] [CalibrationManager] Değişiklik kaydedildi:  [ -> 5]
[17:13:44.422] [INFO] [CalibrationManager] Değişiklik kaydedildi:  [ -> 5]
[17:13:44.423] [INFO] [CalibrationManager] Değişiklik kaydedildi:  [ -> 5]
[17:13:44.425] [INFO] [CalibrationManager] Değişiklik kaydedildi:  [ -> 5]
[17:13:44.426] [INFO] [CalibrationManager] Değişiklik kaydedildi:  [ -> 5]
[17:13:44.427] [INFO] [CalibrationManager] Değişiklik kaydedildi:  [ -> 5]
[17:13:44.428] [INFO] [CalibrationManager] Değişiklik kaydedildi:  [ -> 5]
[17:13:44.430] [INFO] [CalibrationManager] Değişiklik kaydedildi:  [ -> 5]
[17:13:44.431] [INFO] [CalibrationManager] Değişiklik kaydedildi:  [ -> 5]
[17:13:44.432] [INFO] [CalibrationManager] Değişiklik kaydedildi:  [ -> 5]
[17:13:44.434] [INFO] [CalibrationManager] Değişiklik kaydedildi:  [ -> 5]
[17:13:44.435] [INFO] [CalibrationManager] Değişiklik kaydedildi:  [ -> 5]
[17:13:44.436] [INFO] [CalibrationManager] Değişiklik kaydedildi:  [ -> 5]
[17:13:44.437] [INFO] [CalibrationManager] Değişiklik kaydedildi:  [ -> 5]
[17:13:44.439] [INFO] [CalibrationManager] Değişiklik kaydedildi:  [ -> 5]
[17:13:44.440] [INFO] [CalibrationManager] Değişiklik kaydedildi:  [ -> 5]
[17:13:44.441] [INFO] [CalibrationManager] Değişiklik kaydedildi:  [ -> 5]
[17:13:44.443] [INFO] [CalibrationManager] Değişiklik kaydedildi:  [ -> 5]
[17:13:44.444] [INFO] [CalibrationManager] Değişiklik kaydedildi:  [ -> 5]
[17:13:44.445] [INFO] [CalibrationManager] Değişiklik kaydedildi:  [ -> 5]
[17:13:44.447] [INFO] [CalibrationManager] Değişiklik kaydedildi:  [ -> 5]
[17:13:44.448] [INFO] [CalibrationManager] Değişiklik kaydedildi:  [ -> 5]
[17:13:44.449] [INFO] [CalibrationManager] Değişiklik kaydedildi:  [ -> 5]
[17:13:44.450] [INFO] [CalibrationManager] Değişiklik kaydedildi:  [ -> 5]
[17:13:44.451] [INFO] [CalibrationManager] Değişiklik kaydedildi:  [ -> 5]
[17:13:44.452] [INFO] [CalibrationManager] Değişiklik kaydedildi:  [ -> 5]
[17:13:44.454] [INFO] [CalibrationManager] Değişiklik kaydedildi:  [ -> 5]
[17:13:44.455] [INFO] [CalibrationManager] Değişiklik kaydedildi:  [ -> 5]
[17:13:44.456] [INFO] [CalibrationManager] Değişiklik kaydedildi:  [ -> 5]
[17:13:44.457] [INFO] [CalibrationManager] Değişiklik kaydedildi:  [ -> 5]
[17:13:44.459] [INFO] [CalibrationManager] Değişiklik kaydedildi:  [ -> 5]
[17:13:44.460] [INFO] [CalibrationManager] Değişiklik kaydedildi:  [ -> 5]
[17:13:44.462] [INFO] [CalibrationManager] Değişiklik kaydedildi:  [ -> 5]
[17:13:44.463] [INFO] [CalibrationManager] Değişiklik kaydedildi:  [ -> 5]
[17:13:44.464] [INFO] [CalibrationManager] Değişiklik kaydedildi:  [ -> 5]
[17:13:44.465] [INFO] [CalibrationManager] Değişiklik kaydedildi:  [ -> 5]
[17:13:44.467] [INFO] [CalibrationManager] Değişiklik kaydedildi:  [ -> 5]
[17:13:44.468] [INFO] [CalibrationManager] Değişiklik kaydedildi:  [ -> 5]
[17:13:44.469] [INFO] [CalibrationManager] Değişiklik kaydedildi:  [ -> 5]
[17:13:44.471] [INFO] [CalibrationManager] Değişiklik kaydedildi:  [ -> 5]
[17:13:44.472] [INFO] [CalibrationManager] Değişiklik kaydedildi:  [ -> 5]
[17:13:44.474] [INFO] [CalibrationManager] Değişiklik kaydedildi:  [ -> 5]
[17:13:44.475] [INFO] [CalibrationManager] Değişiklik kaydedildi:  [ -> 5]
[17:13:44.476] [INFO] [CalibrationManager] Değişiklik kaydedildi:  [ -> 5]
[17:13:44.478] [INFO] [CalibrationManager] Değişiklik kaydedildi:  [ -> 5]
[17:13:44.479] [INFO] [CalibrationManager] Değişiklik kaydedildi:  [ -> 5]
[17:13:44.480] [INFO] [CalibrationManager] Değişiklik kaydedildi:  [ -> 5]
[17:13:44.482] [INFO] [CalibrationManager] Değişiklik kaydedildi:  [ -> 5]
[17:13:44.483] [INFO] [CalibrationManager] Değişiklik kaydedildi:  [ -> 5]
[17:13:44.495] [INFO] [CalibrationManager] Değişiklik kaydedildi:  [ -> 5]
[17:13:44.496] [INFO] [CalibrationManager] Değişiklik kaydedildi:  [ -> 5]
[17:13:44.498] [INFO] [CalibrationManager] Değişiklik kaydedildi:  [ -> 5]
[17:13:44.512] [INFO] [CalibrationManager] Değişiklik kaydedildi:  [ -> 5]
[17:13:44.513] [INFO] [CalibrationManager] Değişiklik kaydedildi:  [ -> 5]
[17:13:44.515] [INFO] [CalibrationManager] Değişiklik kaydedildi:  [ -> 5]
[17:13:44.516] [INFO] [CalibrationManager] Değişiklik kaydedildi:  [ -> 5]
[17:13:44.518] [INFO] [CalibrationManager] Değişiklik kaydedildi:  [ -> 5]
[17:13:44.519] [INFO] [CalibrationManager] Değişiklik kaydedildi:  [ -> 5]
[17:13:44.521] [INFO] [CalibrationManager] Değişiklik kaydedildi:  [ -> 5]
[17:13:44.522] [INFO] [CalibrationManager] Değişiklik kaydedildi:  [ -> 5]
[17:13:44.523] [INFO] [CalibrationManager] Değişiklik kaydedildi:  [ -> 5]
[17:13:44.525] [INFO] [CalibrationManager] Değişiklik kaydedildi:  [ -> 5]
[17:13:44.526] [INFO] [CalibrationManager] Değişiklik kaydedildi:  [ -> 5]
[17:13:44.528] [INFO] [CalibrationManager] Değişiklik kaydedildi:  [ -> 5]
[17:13:44.529] [INFO] [CalibrationManager] Değişiklik kaydedildi:  [ -> 5]
[17:13:44.532] [INFO] [CalibrationManager] Değişiklik kaydedildi:  [ -> 5]
[17:13:44.533] [INFO] [CalibrationManager] Değişiklik kaydedildi:  [ -> 5]
[17:13:44.535] [INFO] [CalibrationManager] Değişiklik kaydedildi:  [ -> 5]
[17:13:44.536] [INFO] [CalibrationManager] Değişiklik kaydedildi:  [ -> 5]
[17:13:44.538] [INFO] [CalibrationManager] Değişiklik kaydedildi:  [ -> 5]
[17:13:44.546] [INFO] [CalibrationManager] Değişiklik kaydedildi:  [ -> 5]
[17:13:44.547] [INFO] [CalibrationManager] Değişiklik kaydedildi:  [ -> 5]
[17:13:44.549] [INFO] [CalibrationManager] Değişiklik kaydedildi:  [ -> 5]
[17:13:44.550] [INFO] [CalibrationManager] Değişiklik kaydedildi:  [ -> 5]
[17:13:44.552] [INFO] [CalibrationManager] Değişiklik kaydedildi:  [ -> 5]
[17:13:44.553] [INFO] [CalibrationManager] Değişiklik kaydedildi:  [ -> 5]
[17:13:44.555] [INFO] [CalibrationManager] Değişiklik kaydedildi:  [ -> 5]
[17:13:44.556] [INFO] [CalibrationManager] Değişiklik kaydedildi:  [ -> 5]
[17:13:44.558] [INFO] [CalibrationManager] Değişiklik kaydedildi:  [ -> 5]
[17:13:44.559] [INFO] [CalibrationManager] Değişiklik kaydedildi:  [ -> 5]
[17:13:44.561] [INFO] [CalibrationManager] Değişiklik kaydedildi:  [ -> 5]
[17:13:44.562] [INFO] [CalibrationManager] Değişiklik kaydedildi:  [ -> 5]
[17:13:44.563] [INFO] [CalibrationManager] Değişiklik kaydedildi:  [ -> 5]
[17:13:44.565] [INFO] [CalibrationManager] Değişiklik kaydedildi:  [ -> 5]
[17:13:44.566] [INFO] [CalibrationManager] Değişiklik kaydedildi:  [ -> 5]
[17:13:44.567] [INFO] [CalibrationManager] Değişiklik kaydedildi:  [ -> 5]
[17:13:44.568] [INFO] [CalibrationManager] Değişiklik kaydedildi:  [ -> 5]
[17:13:44.570] [INFO] [CalibrationManager] Değişiklik kaydedildi:  [ -> 5]
[17:13:44.572] [INFO] [CalibrationManager] Değişiklik kaydedildi:  [ -> 5]
[17:13:44.573] [INFO] [CalibrationManager] Değişiklik kaydedildi:  [ -> 5]
[17:13:44.575] [INFO] [CalibrationManager] Değişiklik kaydedildi:  [ -> 5]
[17:13:44.576] [INFO] [CalibrationManager] Değişiklik kaydedildi:  [ -> 5]
[17:13:44.577] [INFO] [CalibrationManager] Değişiklik kaydedildi:  [ -> 5]
[17:13:44.579] [INFO] [CalibrationManager] Değişiklik kaydedildi:  [ -> 5]
[17:13:44.580] [INFO] [CalibrationManager] Değişiklik kaydedildi:  [ -> 5]
[17:13:44.583] [INFO] [CalibrationManager] Değişiklik kaydedildi:  [ -> 5]
[17:13:44.584] [INFO] [CalibrationManager] Değişiklik kaydedildi:  [ -> 5]
[17:13:44.586] [INFO] [CalibrationManager] Değişiklik kaydedildi:  [ -> 5]
[17:13:44.587] [INFO] [CalibrationManager] Değişiklik kaydedildi:  [ -> 5]
[17:13:44.588] [INFO] [CalibrationManager] Değişiklik kaydedildi:  [ -> 5]
[17:13:44.590] [INFO] [CalibrationManager] Değişiklik kaydedildi:  [ -> 5]
[17:13:44.591] [INFO] [CalibrationManager] Değişiklik kaydedildi:  [ -> 5]
[17:13:44.593] [INFO] [CalibrationManager] Değişiklik kaydedildi:  [ -> 5]
[17:13:44.594] [INFO] [CalibrationManager] Değişiklik kaydedildi:  [ -> 5]
[17:13:44.596] [INFO] [CalibrationManager] Değişiklik kaydedildi:  [ -> 5]
[17:13:44.597] [INFO] [CalibrationManager] Değişiklik kaydedildi:  [ -> 5]
[17:13:44.599] [INFO] [CalibrationManager] Değişiklik kaydedildi:  [ -> 5]
[17:13:44.600] [INFO] [CalibrationManager] Değişiklik kaydedildi:  [ -> 5]
[17:13:44.609] [INFO] [CalibrationManager] Değişiklik kaydedildi:  [ -> 5]
[17:13:44.610] [INFO] [CalibrationManager] Değişiklik kaydedildi:  [ -> 5]
[17:13:44.612] [INFO] [CalibrationManager] Değişiklik kaydedildi:  [ -> 5]
[17:13:44.613] [INFO] [CalibrationManager] Değişiklik kaydedildi:  [ -> 5]
[17:13:44.614] [INFO] [CalibrationManager] Değişiklik kaydedildi:  [ -> 5]
[17:13:44.616] [INFO] [CalibrationManager] Değişiklik kaydedildi:  [ -> 5]
[17:13:44.617] [INFO] [CalibrationManager] Değişiklik kaydedildi:  [ -> 5]
[17:13:44.619] [INFO] [CalibrationManager] Değişiklik kaydedildi:  [ -> 5]
[17:13:44.620] [INFO] [CalibrationManager] Değişiklik kaydedildi:  [ -> 5]
[17:13:44.622] [INFO] [CalibrationManager] Değişiklik kaydedildi:  [ -> 5]
[17:13:44.623] [INFO] [CalibrationManager] Değişiklik kaydedildi:  [ -> 5]
[17:13:44.625] [INFO] [CalibrationManager] Değişiklik kaydedildi:  [ -> 5]
[17:13:44.626] [INFO] [CalibrationManager] Değişiklik kaydedildi:  [ -> 5]
[17:13:44.627] [INFO] [CalibrationManager] Değişiklik kaydedildi:  [ -> 5]
[17:13:44.629] [INFO] [CalibrationManager] Değişiklik kaydedildi:  [ -> 5]
[17:13:44.631] [INFO] [CalibrationManager] Değişiklik kaydedildi:  [ -> 5]
[17:13:44.632] [INFO] [CalibrationManager] Değişiklik kaydedildi:  [ -> 5]
[17:13:44.633] [INFO] [CalibrationManager] Değişiklik kaydedildi:  [ -> 5]
[17:13:44.635] [INFO] [CalibrationManager] Değişiklik kaydedildi:  [ -> 5]
[17:13:44.639] [INFO] [CalibrationManager] Değişiklik kaydedildi:  [ -> 5]
[17:13:44.641] [INFO] [CalibrationManager] Değişiklik kaydedildi:  [ -> 5]
[17:13:44.642] [INFO] [CalibrationManager] Değişiklik kaydedildi:  [ -> 5]
[17:13:44.643] [INFO] [CalibrationManager] Değişiklik kaydedildi:  [ -> 5]
[17:13:44.645] [INFO] [CalibrationManager] Değişiklik kaydedildi:  [ -> 5]
[17:13:44.646] [INFO] [CalibrationManager] Değişiklik kaydedildi:  [ -> 5]
[17:13:44.647] [INFO] [CalibrationManager] Değişiklik kaydedildi:  [ -> 5]
[17:13:44.649] [INFO] [CalibrationManager] Değişiklik kaydedildi:  [ -> 5]
[17:13:44.650] [INFO] [CalibrationManager] Değişiklik kaydedildi:  [ -> 5]
[17:13:44.652] [INFO] [CalibrationManager] Değişiklik kaydedildi:  [ -> 5]
[17:13:44.653] [INFO] [CalibrationManager] Değişiklik kaydedildi:  [ -> 5]
[17:13:44.654] [INFO] [CalibrationManager] Değişiklik kaydedildi:  [ -> 5]
[17:13:44.656] [INFO] [CalibrationManager] Değişiklik kaydedildi:  [ -> 5]
[17:13:44.657] [INFO] [CalibrationManager] Değişiklik kaydedildi:  [ -> 5]
[17:13:44.659] [INFO] [CalibrationManager] Değişiklik kaydedildi:  [ -> 5]
[17:13:44.660] [INFO] [CalibrationManager] Değişiklik kaydedildi:  [ -> 5]
[17:13:44.661] [INFO] [CalibrationManager] Değişiklik kaydedildi:  [ -> 5]
[17:13:44.663] [INFO] [CalibrationManager] Değişiklik kaydedildi:  [ -> 5]
[17:13:44.664] [INFO] [CalibrationManager] Değişiklik kaydedildi:  [ -> 5]
[17:13:44.666] [INFO] [CalibrationManager] Değişiklik kaydedildi:  [ -> 5]
[17:13:44.668] [INFO] [CalibrationManager] Değişiklik kaydedildi:  [ -> 5]
[17:13:44.669] [INFO] [CalibrationManager] Değişiklik kaydedildi:  [ -> 5]
[17:13:44.670] [INFO] [CalibrationManager] Değişiklik kaydedildi:  [ -> 5]
[17:13:44.672] [INFO] [CalibrationManager] Değişiklik kaydedildi:  [ -> 5]
[17:13:44.673] [INFO] [CalibrationManager] Değişiklik kaydedildi:  [ -> 5]
[17:13:44.675] [INFO] [CalibrationManager] Değişiklik kaydedildi:  [ -> 5]
[17:13:44.676] [INFO] [CalibrationManager] Değişiklik kaydedildi:  [ -> 5]
[17:13:44.681] [INFO] [CalibrationManager] Değişiklik kaydedildi:  [ -> 5]
[17:13:44.683] [INFO] [CalibrationManager] Değişiklik kaydedildi:  [ -> 5]
[17:13:44.684] [INFO] [CalibrationManager] Değişiklik kaydedildi:  [ -> 5]
[17:13:44.685] [INFO] [CalibrationManager] Değişiklik kaydedildi:  [ -> 5]
[17:13:44.687] [INFO] [CalibrationManager] Değişiklik kaydedildi:  [ -> 5]
[17:13:44.688] [INFO] [CalibrationManager] Değişiklik kaydedildi:  [ -> 5]
[17:13:44.690] [INFO] [CalibrationManager] Değişiklik kaydedildi:  [ -> 5]
[17:13:44.691] [INFO] [CalibrationManager] Değişiklik kaydedildi:  [ -> 5]
[17:13:44.692] [INFO] [CalibrationManager] Değişiklik kaydedildi:  [ -> 5]
[17:13:44.694] [INFO] [CalibrationManager] Değişiklik kaydedildi:  [ -> 5]
[17:13:44.695] [INFO] [CalibrationManager] Değişiklik kaydedildi:  [ -> 5]
[17:13:44.697] [INFO] [CalibrationManager] Değişiklik kaydedildi:  [ -> 5]
[17:13:44.698] [INFO] [CalibrationManager] Değişiklik kaydedildi:  [ -> 5]
[17:13:44.699] [INFO] [CalibrationManager] Değişiklik kaydedildi:  [ -> 5]
[17:13:44.701] [INFO] [CalibrationManager] Değişiklik kaydedildi:  [ -> 5]
[17:13:44.702] [INFO] [CalibrationManager] Değişiklik kaydedildi:  [ -> 5]
[17:13:44.705] [INFO] [CalibrationManager] Değişiklik kaydedildi:  [ -> 5]
[17:13:44.706] [INFO] [CalibrationManager] Değişiklik kaydedildi:  [ -> 5]
[17:13:44.707] [INFO] [CalibrationManager] Değişiklik kaydedildi:  [ -> 5]
[17:13:44.709] [INFO] [CalibrationManager] Değişiklik kaydedildi:  [ -> 5]
[17:13:44.710] [INFO] [CalibrationManager] Değişiklik kaydedildi:  [ -> 5]
[17:13:44.711] [INFO] [CalibrationManager] Değişiklik kaydedildi:  [ -> 5]
[17:13:44.713] [INFO] [CalibrationManager] Değişiklik kaydedildi:  [ -> 5]
[17:13:44.714] [INFO] [CalibrationManager] Değişiklik kaydedildi:  [ -> 5]
[17:13:44.715] [INFO] [CalibrationManager] Değişiklik kaydedildi:  [ -> 5]
[17:13:44.717] [INFO] [CalibrationManager] Değişiklik kaydedildi:  [ -> 5]
[17:13:44.718] [INFO] [CalibrationManager] Değişiklik kaydedildi:  [ -> 5]
[17:13:44.720] [INFO] [CalibrationManager] Değişiklik kaydedildi:  [ -> 5]
[17:13:44.721] [INFO] [CalibrationManager] Değişiklik kaydedildi:  [ -> 5]
[17:13:44.723] [INFO] [CalibrationManager] Değişiklik kaydedildi:  [ -> 5]
[17:13:44.724] [INFO] [CalibrationManager] Değişiklik kaydedildi:  [ -> 5]
[17:13:44.726] [INFO] [CalibrationManager] Değişiklik kaydedildi:  [ -> 5]
[17:13:44.727] [INFO] [CalibrationManager] Değişiklik kaydedildi:  [ -> 5]
[17:13:44.729] [INFO] [CalibrationManager] Değişiklik kaydedildi:  [ -> 5]
[17:13:44.730] [INFO] [CalibrationManager] Değişiklik kaydedildi:  [ -> 5]
[17:13:44.732] [INFO] [CalibrationManager] Değişiklik kaydedildi:  [ -> 5]
[17:13:44.733] [INFO] [CalibrationManager] Değişiklik kaydedildi:  [ -> 5]
[17:13:44.735] [INFO] [CalibrationManager] Değişiklik kaydedildi:  [ -> 5]
[17:13:44.737] [INFO] [CalibrationManager] Değişiklik kaydedildi:  [ -> 5]
[17:13:44.739] [INFO] [CalibrationManager] Değişiklik kaydedildi:  [ -> 5]
[17:13:44.740] [INFO] [CalibrationManager] Değişiklik kaydedildi:  [ -> 5]
[17:13:44.741] [INFO] [CalibrationManager] Değişiklik kaydedildi:  [ -> 5]
[17:13:44.743] [INFO] [CalibrationManager] Değişiklik kaydedildi:  [ -> 5]
[17:13:44.744] [INFO] [CalibrationManager] Değişiklik kaydedildi:  [ -> 5]
[17:13:44.745] [INFO] [CalibrationManager] Değişiklik kaydedildi:  [ -> 5]
[17:13:44.747] [INFO] [CalibrationManager] Değişiklik kaydedildi:  [ -> 5]
[17:13:44.748] [INFO] [CalibrationManager] Değişiklik kaydedildi:  [ -> 5]
[17:13:44.750] [INFO] [CalibrationManager] Değişiklik kaydedildi:  [ -> 5]
[17:13:44.751] [INFO] [CalibrationManager] Değişiklik kaydedildi:  [ -> 5]
[17:13:44.753] [INFO] [CalibrationManager] Değişiklik kaydedildi:  [ -> 5]
[17:13:44.754] [INFO] [CalibrationManager] Değişiklik kaydedildi:  [ -> 5]
[17:13:44.756] [INFO] [CalibrationManager] Değişiklik kaydedildi:  [ -> 5]
[17:13:44.757] [INFO] [CalibrationManager] Değişiklik kaydedildi:  [ -> 5]
[17:13:44.758] [INFO] [CalibrationManager] Değişiklik kaydedildi:  [ -> 5]
[17:13:44.760] [INFO] [CalibrationManager] Değişiklik kaydedildi:  [ -> 5]
[17:13:44.761] [INFO] [CalibrationManager] Değişiklik kaydedildi:  [ -> 5]
[17:13:44.763] [INFO] [CalibrationManager] Değişiklik kaydedildi:  [ -> 5]
[17:13:44.764] [INFO] [CalibrationManager] Değişiklik kaydedildi:  [ -> 5]
[17:13:44.765] [INFO] [CalibrationManager] Değişiklik kaydedildi:  [ -> 5]
[17:13:44.768] [INFO] [CalibrationManager] Değişiklik kaydedildi:  [ -> 5]
[17:13:44.769] [INFO] [CalibrationManager] Değişiklik kaydedildi:  [ -> 5]
[17:13:44.771] [INFO] [CalibrationManager] Değişiklik kaydedildi:  [ -> 5]
[17:13:44.772] [INFO] [CalibrationManager] Değişiklik kaydedildi:  [ -> 5]
[17:13:44.774] [INFO] [CalibrationManager] Değişiklik kaydedildi:  [ -> 5]
[17:13:44.775] [INFO] [CalibrationManager] Değişiklik kaydedildi:  [ -> 5]
[17:13:44.777] [INFO] [CalibrationManager] Değişiklik kaydedildi:  [ -> 5]
[17:13:44.778] [INFO] [CalibrationManager] Değişiklik kaydedildi:  [ -> 5]
[17:13:44.780] [INFO] [CalibrationManager] Değişiklik kaydedildi:  [ -> 5]
[17:13:44.781] [INFO] [CalibrationManager] Değişiklik kaydedildi:  [ -> 5]
[17:13:44.782] [INFO] [CalibrationManager] Değişiklik kaydedildi:  [ -> 5]
[17:13:44.784] [INFO] [CalibrationManager] Değişiklik kaydedildi:  [ -> 5]
[17:13:44.785] [INFO] [CalibrationManager] Değişiklik kaydedildi:  [ -> 5]
[17:13:44.786] [INFO] [CalibrationManager] Değişiklik kaydedildi:  [ -> 5]
[17:13:44.788] [INFO] [CalibrationManager] Değişiklik kaydedildi:  [ -> 5]
[17:13:44.789] [INFO] [CalibrationManager] Değişiklik kaydedildi:  [ -> 5]
[17:13:44.791] [INFO] [CalibrationManager] Değişiklik kaydedildi:  [ -> 5]
[17:13:44.792] [INFO] [CalibrationManager] Değişiklik kaydedildi:  [ -> 5]
[17:13:44.793] [INFO] [CalibrationManager] Değişiklik kaydedildi:  [ -> 5]
[17:13:44.795] [INFO] [CalibrationManager] Değişiklik kaydedildi:  [ -> 5]
[17:13:44.797] [INFO] [CalibrationManager] Değişiklik kaydedildi:  [ -> 5]
[17:13:44.799] [INFO] [CalibrationManager] Değişiklik kaydedildi:  [ -> 5]
[17:13:44.800] [INFO] [CalibrationManager] Değişiklik kaydedildi:  [ -> 5]
[17:13:44.805] [WARNING] [RtpCalibrationEngine] Could not save persistent sync queue: The process cannot access the file 'C:\Users\ayhan\OneDrive\Desktop\Canlı OBD2 Araç Telemetri Ekranı\HondaTuner\bin\Debug\net6.0-windows\Database\pending_rtp_queue.json' because it is being used by another process.
[17:13:44.806] [INFO] [CalibrationManager] Değişiklik kaydedildi:  [ -> 5]
[17:13:44.807] [INFO] [CalibrationManager] Değişiklik kaydedildi:  [ -> 5]
[17:13:44.809] [INFO] [CalibrationManager] Değişiklik kaydedildi:  [ -> 5]
[17:13:44.810] [INFO] [CalibrationManager] Değişiklik kaydedildi:  [ -> 5]
[17:13:44.812] [INFO] [CalibrationManager] Değişiklik kaydedildi:  [ -> 5]
[17:13:44.813] [INFO] [CalibrationManager] Değişiklik kaydedildi:  [ -> 5]
[17:13:44.815] [INFO] [CalibrationManager] Değişiklik kaydedildi:  [ -> 5]
[17:13:44.816] [INFO] [CalibrationManager] Değişiklik kaydedildi:  [ -> 5]
[17:13:44.818] [INFO] [CalibrationManager] Değişiklik kaydedildi:  [ -> 5]
[17:13:44.819] [INFO] [CalibrationManager] Değişiklik kaydedildi:  [ -> 5]
[17:13:44.821] [INFO] [CalibrationManager] Değişiklik kaydedildi:  [ -> 5]
[17:13:44.822] [INFO] [CalibrationManager] Değişiklik kaydedildi:  [ -> 5]
[17:13:44.824] [INFO] [CalibrationManager] Değişiklik kaydedildi:  [ -> 5]
[17:13:44.826] [INFO] [CalibrationManager] Değişiklik kaydedildi:  [ -> 5]
[17:13:44.827] [INFO] [CalibrationManager] Değişiklik kaydedildi:  [ -> 5]
[17:13:44.829] [INFO] [CalibrationManager] Değişiklik kaydedildi:  [ -> 5]
[17:13:44.831] [INFO] [CalibrationManager] Değişiklik kaydedildi:  [ -> 5]
[17:13:44.833] [INFO] [CalibrationManager] Değişiklik kaydedildi:  [ -> 5]
[17:13:44.835] [INFO] [CalibrationManager] Değişiklik kaydedildi:  [ -> 5]
[17:13:44.836] [INFO] [CalibrationManager] Değişiklik kaydedildi:  [ -> 5]
[17:13:44.838] [INFO] [CalibrationManager] Değişiklik kaydedildi:  [ -> 5]
[17:13:44.839] [INFO] [CalibrationManager] Değişiklik kaydedildi:  [ -> 5]
[17:13:44.841] [INFO] [CalibrationManager] Değişiklik kaydedildi:  [ -> 5]
[17:13:44.842] [INFO] [CalibrationManager] Değişiklik kaydedildi:  [ -> 5]
[17:13:44.844] [INFO] [CalibrationManager] Değişiklik kaydedildi:  [ -> 5]
[17:13:44.845] [INFO] [CalibrationManager] Değişiklik kaydedildi:  [ -> 5]
[17:13:44.847] [INFO] [CalibrationManager] Değişiklik kaydedildi:  [ -> 5]
[17:13:44.848] [INFO] [CalibrationManager] Değişiklik kaydedildi:  [ -> 5]
[17:13:44.860] [INFO] [CalibrationManager] Değişiklik kaydedildi:  [ -> 5]
[17:13:44.862] [INFO] [CalibrationManager] Değişiklik kaydedildi:  [ -> 5]
[17:13:44.864] [INFO] [CalibrationManager] Değişiklik kaydedildi:  [ -> 5]
[17:13:44.865] [INFO] [CalibrationManager] Değişiklik kaydedildi:  [ -> 5]
[17:13:44.867] [INFO] [CalibrationManager] Değişiklik kaydedildi:  [ -> 5]
[17:13:44.868] [INFO] [CalibrationManager] Değişiklik kaydedildi:  [ -> 5]
[17:13:44.871] [INFO] [CalibrationManager] Değişiklik kaydedildi:  [ -> 5]
[17:13:44.873] [INFO] [CalibrationManager] Değişiklik kaydedildi:  [ -> 5]
[17:13:44.874] [INFO] [CalibrationManager] Değişiklik kaydedildi:  [ -> 5]
[17:13:44.876] [INFO] [CalibrationManager] Değişiklik kaydedildi:  [ -> 5]
[17:13:44.877] [INFO] [CalibrationManager] Değişiklik kaydedildi:  [ -> 5]
[17:13:44.879] [INFO] [CalibrationManager] Değişiklik kaydedildi:  [ -> 5]
[17:13:44.881] [INFO] [CalibrationManager] Değişiklik kaydedildi:  [ -> 5]
[17:13:44.882] [INFO] [CalibrationManager] Değişiklik kaydedildi:  [ -> 5]
[17:13:44.884] [INFO] [CalibrationManager] Değişiklik kaydedildi:  [ -> 5]
[17:13:44.885] [INFO] [CalibrationManager] Değişiklik kaydedildi:  [ -> 5]
[17:13:44.886] [INFO] [CalibrationManager] Değişiklik kaydedildi:  [ -> 5]
[17:13:44.888] [INFO] [CalibrationManager] Değişiklik kaydedildi:  [ -> 5]
[17:13:44.890] [INFO] [CalibrationManager] Değişiklik kaydedildi:  [ -> 5]
[17:13:44.891] [INFO] [CalibrationManager] Değişiklik kaydedildi:  [ -> 5]
[17:13:44.893] [INFO] [CalibrationManager] Değişiklik kaydedildi:  [ -> 5]
[17:13:44.894] [INFO] [CalibrationManager] Değişiklik kaydedildi:  [ -> 5]
[17:13:44.896] [INFO] [CalibrationManager] Değişiklik kaydedildi:  [ -> 5]
[17:13:44.898] [INFO] [CalibrationManager] Değişiklik kaydedildi:  [ -> 5]
[17:13:44.900] [INFO] [CalibrationManager] Değişiklik kaydedildi:  [ -> 5]
[17:13:44.901] [INFO] [CalibrationManager] Değişiklik kaydedildi:  [ -> 5]
[17:13:44.903] [INFO] [CalibrationManager] Değişiklik kaydedildi:  [ -> 5]
[17:13:44.905] [INFO] [CalibrationManager] Değişiklik kaydedildi:  [ -> 5]
[17:13:44.906] [INFO] [CalibrationManager] Değişiklik kaydedildi:  [ -> 5]
[17:13:44.907] [INFO] [CalibrationManager] Değişiklik kaydedildi:  [ -> 5]
[17:13:44.909] [INFO] [CalibrationManager] Değişiklik kaydedildi:  [ -> 5]
[17:13:44.911] [INFO] [CalibrationManager] Değişiklik kaydedildi:  [ -> 5]
[17:13:44.912] [INFO] [CalibrationManager] Değişiklik kaydedildi:  [ -> 5]
[17:13:44.914] [INFO] [CalibrationManager] Değişiklik kaydedildi:  [ -> 5]
[17:13:44.915] [INFO] [CalibrationManager] Değişiklik kaydedildi:  [ -> 5]
[17:13:44.917] [INFO] [CalibrationManager] Değişiklik kaydedildi:  [ -> 5]
[17:13:44.918] [INFO] [CalibrationManager] Değişiklik kaydedildi:  [ -> 5]
[17:13:44.920] [INFO] [CalibrationManager] Değişiklik kaydedildi:  [ -> 5]
[17:13:44.921] [INFO] [CalibrationManager] Değişiklik kaydedildi:  [ -> 5]
[17:13:44.923] [INFO] [CalibrationManager] Değişiklik kaydedildi:  [ -> 5]
[17:13:44.925] [INFO] [CalibrationManager] Değişiklik kaydedildi:  [ -> 5]
[17:13:44.927] [INFO] [CalibrationManager] Değişiklik kaydedildi:  [ -> 5]
[17:13:44.929] [INFO] [CalibrationManager] Değişiklik kaydedildi:  [ -> 5]
[17:13:44.930] [INFO] [CalibrationManager] Değişiklik kaydedildi:  [ -> 5]
[17:13:44.932] [INFO] [CalibrationManager] Değişiklik kaydedildi:  [ -> 5]
[17:13:44.934] [INFO] [CalibrationManager] Değişiklik kaydedildi:  [ -> 5]
[17:13:44.935] [INFO] [CalibrationManager] Değişiklik kaydedildi:  [ -> 5]
[17:13:44.937] [INFO] [CalibrationManager] Değişiklik kaydedildi:  [ -> 5]
[17:13:44.938] [INFO] [CalibrationManager] Değişiklik kaydedildi:  [ -> 5]
[17:13:44.940] [INFO] [CalibrationManager] Değişiklik kaydedildi:  [ -> 5]
[17:13:44.941] [INFO] [CalibrationManager] Değişiklik kaydedildi:  [ -> 5]
[17:13:44.943] [INFO] [CalibrationManager] Değişiklik kaydedildi:  [ -> 5]
[17:13:44.945] [INFO] [CalibrationManager] Değişiklik kaydedildi:  [ -> 5]
[17:13:44.947] [INFO] [CalibrationManager] Değişiklik kaydedildi:  [ -> 5]
[17:13:44.948] [INFO] [CalibrationManager] Değişiklik kaydedildi:  [ -> 5]
[17:13:44.950] [INFO] [CalibrationManager] Değişiklik kaydedildi:  [ -> 5]
[17:13:44.951] [INFO] [CalibrationManager] Değişiklik kaydedildi:  [ -> 5]
[17:13:44.953] [INFO] [CalibrationManager] Değişiklik kaydedildi:  [ -> 5]
[17:13:44.955] [INFO] [CalibrationManager] Değişiklik kaydedildi:  [ -> 5]
[17:13:44.957] [INFO] [CalibrationManager] Değişiklik kaydedildi:  [ -> 5]
[17:13:44.958] [INFO] [CalibrationManager] Değişiklik kaydedildi:  [ -> 5]
[17:13:44.960] [INFO] [CalibrationManager] Değişiklik kaydedildi:  [ -> 5]
[17:13:44.961] [INFO] [CalibrationManager] Değişiklik kaydedildi:  [ -> 5]
[17:13:44.963] [INFO] [CalibrationManager] Değişiklik kaydedildi:  [ -> 5]
[17:13:44.964] [INFO] [CalibrationManager] Değişiklik kaydedildi:  [ -> 5]
[17:13:44.966] [INFO] [CalibrationManager] Değişiklik kaydedildi:  [ -> 5]
[17:13:44.968] [INFO] [CalibrationManager] Değişiklik kaydedildi:  [ -> 5]
[17:13:44.970] [INFO] [CalibrationManager] Değişiklik kaydedildi:  [ -> 5]
[17:13:44.971] [INFO] [CalibrationManager] Değişiklik kaydedildi:  [ -> 5]
[17:13:44.973] [INFO] [CalibrationManager] Değişiklik kaydedildi:  [ -> 5]
[17:13:44.974] [INFO] [CalibrationManager] Değişiklik kaydedildi:  [ -> 5]
[17:13:44.976] [INFO] [CalibrationManager] Değişiklik kaydedildi:  [ -> 5]
[17:13:44.977] [INFO] [CalibrationManager] Değişiklik kaydedildi:  [ -> 5]
[17:13:44.980] [INFO] [CalibrationManager] Değişiklik kaydedildi:  [ -> 5]
[17:13:44.982] [INFO] [CalibrationManager] Değişiklik kaydedildi:  [ -> 5]
[17:13:44.983] [INFO] [CalibrationManager] Değişiklik kaydedildi:  [ -> 5]
[17:13:44.985] [INFO] [CalibrationManager] Değişiklik kaydedildi:  [ -> 5]
[17:13:44.986] [INFO] [CalibrationManager] Değişiklik kaydedildi:  [ -> 5]
[17:13:44.988] [INFO] [CalibrationManager] Değişiklik kaydedildi:  [ -> 5]
[17:13:44.989] [INFO] [CalibrationManager] Değişiklik kaydedildi:  [ -> 5]
[17:13:44.991] [INFO] [CalibrationManager] Değişiklik kaydedildi:  [ -> 5]
[17:13:44.993] [INFO] [CalibrationManager] Değişiklik kaydedildi:  [ -> 5]
[17:13:44.994] [INFO] [CalibrationManager] Değişiklik kaydedildi:  [ -> 5]
[17:13:44.996] [INFO] [CalibrationManager] Değişiklik kaydedildi:  [ -> 5]
[17:13:44.997] [INFO] [CalibrationManager] Değişiklik kaydedildi:  [ -> 5]
[17:13:44.999] [INFO] [CalibrationManager] Değişiklik kaydedildi:  [ -> 5]
[17:13:45.000] [INFO] [CalibrationManager] Değişiklik kaydedildi:  [ -> 5]
[17:13:45.002] [INFO] [CalibrationManager] Değişiklik kaydedildi:  [ -> 5]
[17:13:45.005] [INFO] [CalibrationManager] Değişiklik kaydedildi:  [ -> 5]
[17:13:45.417] [INFO] [RtpCalibrationEngine] Connecting to RTP emulator...
[17:13:45.417] [INFO] [RtpCalibrationEngine] RTP emulator connected successfully.
[17:13:45.417] [INFO] [RtpCalibrationEngine] Real-time synchronization active.
[17:13:45.434] [INFO] [RtpCalibrationEngine] Connecting to RTP emulator...
[17:13:45.434] [INFO] [RtpCalibrationEngine] RTP emulator connected successfully.
[17:13:45.434] [INFO] [RtpCalibrationEngine] Real-time synchronization active.
[17:13:45.436] [INFO] [CalibrationManager] Değişiklik kaydedildi:  [ -> 55]
[17:13:45.533] [ERROR] [RtpCalibrationEngine] Batch write execution failed: Batch block verification write failed: Simulated block write exception
[17:13:45.639] [INFO] [RtpCalibrationEngine] Connecting to RTP emulator...
[17:13:45.639] [INFO] [RtpCalibrationEngine] RTP emulator connected successfully.
[17:13:45.639] [INFO] [RtpCalibrationEngine] Real-time synchronization active.
[17:13:45.641] [INFO] [CalibrationManager] Değişiklik kaydedildi:  [ -> 88]
[17:13:45.704] [ERROR] [RtpCalibrationEngine] Batch write execution failed: Batch block verification write failed: Batch block verify mismatch at relative index 0. Expected: 88, Actual: 167
[17:13:45.857] [INFO] [RtpCalibrationEngine] Connecting to RTP emulator...
[17:13:45.857] [INFO] [RtpCalibrationEngine] RTP emulator connected successfully.
[17:13:45.857] [INFO] [RtpCalibrationEngine] Real-time synchronization active.
[17:13:45.859] [INFO] [CalibrationManager] Değişiklik kaydedildi:  [ -> 22]
[17:13:45.968] [INFO] [CalibrationManager] Değişiklik kaydedildi:  [ -> 22]
[17:13:46.078] [INFO] [CalibrationManager] Değişiklik kaydedildi:  [ -> 0]
[17:13:46.079] [INFO] [CalibrationManager] Değişiklik kaydedildi:  [ -> 1]
[17:13:46.091] [INFO] [CalibrationManager] Değişiklik kaydedildi:  [ -> 2]
[17:13:46.101] [INFO] [CalibrationManager] Değişiklik kaydedildi:  [ -> 3]
[17:13:46.110] [INFO] [CalibrationManager] Değişiklik kaydedildi:  [ -> 4]
[17:13:46.128] [INFO] [CalibrationManager] Değişiklik kaydedildi:  [ -> 5]
[17:13:46.137] [INFO] [CalibrationManager] Değişiklik kaydedildi:  [ -> 6]
[17:13:46.141] [INFO] [CalibrationManager] Değişiklik kaydedildi:  [ -> 0]
[17:13:46.151] [INFO] [CalibrationManager] Değişiklik kaydedildi:  [ -> 1]
[17:13:46.160] [INFO] [CalibrationManager] Değişiklik kaydedildi:  [ -> 2]
[17:13:46.168] [INFO] [CalibrationManager] Değişiklik kaydedildi:  [ -> 3]
[17:13:46.180] [INFO] [CalibrationManager] Değişiklik kaydedildi:  [ -> 4]
[17:13:46.189] [INFO] [CalibrationManager] Değişiklik kaydedildi:  [ -> 5]
[17:13:46.191] [INFO] [CalibrationManager] Değişiklik kaydedildi:  [ -> 6]
[17:13:46.204] [INFO] [CalibrationManager] Değişiklik kaydedildi:  [ -> 0]
[17:13:46.212] [INFO] [CalibrationManager] Değişiklik kaydedildi:  [ -> 1]
[17:13:46.221] [INFO] [CalibrationManager] Değişiklik kaydedildi:  [ -> 2]
[17:13:46.231] [INFO] [CalibrationManager] Değişiklik kaydedildi:  [ -> 3]
[17:13:46.239] [INFO] [CalibrationManager] Değişiklik kaydedildi:  [ -> 4]
[17:13:46.353] [INFO] [CalibrationManager] Değişiklik kaydedildi:  [ -> 5]
[17:13:46.458] [INFO] [CalibrationManager] Değişiklik kaydedildi:  [ -> 6]
[17:13:46.460] [ERROR] [RtpCalibrationEngine] RTP Configuration validation failed: Retry count must be between 0 and 10. (Parameter 'RetryCount')
[17:13:46.462] [INFO] [RtpCalibrationEngine] Recovered 1 pending changes from persistent queue on disk.
[17:13:46.464] [INFO] [RtpCalibrationEngine] Connecting to RTP emulator...
[17:13:46.464] [INFO] [RtpCalibrationEngine] RTP emulator connected successfully.
[17:13:46.464] [INFO] [RtpCalibrationEngine] Real-time synchronization active.
[17:13:46.474] [INFO] [AutoTuneSafetyManager] Güvenlik limitleri yüklendi. Etkin kural sayısı: 4
[17:13:46.474] [INFO] [AutoTuneEventPublisher] Domain olayı yayınlandı: SessionCreated (Oturum: abc40470-2e33-41dd-9e21-7f5f29da1d42)
[17:13:46.474] [INFO] [AutoTuneEngine] Oturum başarıyla başlatıldı: abc40470-2e33-41dd-9e21-7f5f29da1d42
[17:13:46.602] [INFO] [AutoTuneEventPublisher] Domain olayı yayınlandı: TelemetryWindowAccepted (Oturum: abc40470-2e33-41dd-9e21-7f5f29da1d42)
[17:13:46.602] [INFO] [AutoTuneEventPublisher] Domain olayı yayınlandı: SafetyViolation (Oturum: abc40470-2e33-41dd-9e21-7f5f29da1d42)
[17:13:46.602] [INFO] [AutoTuneEventPublisher] Domain olayı yayınlandı: DecisionCreated (Oturum: abc40470-2e33-41dd-9e21-7f5f29da1d42)
[17:13:46.603] [INFO] [CalibrationSnapshotManager] Snapshot oluşturuldu: 1963879d-e245-4c04-92bc-97261ffaba34, Hücre sayısı: 1
[17:13:46.604] [INFO] [CalibrationRecoveryManager] Bekleyen işlem kaydedildi: 61df82b1-bbf7-427d-bf74-5de588d5c6fa
[17:13:46.606] [INFO] [CalibrationManager] Değişiklik kaydedildi: AFRTargetTable Hücre [3,4] [0 -> 15]
[17:13:46.607] [INFO] [CalibrationRecoveryManager] Bekleyen işlem temizlendi (başarılı commit).
[17:13:46.607] [INFO] [CalibrationStreamPublisher] Uygulanan değişiklik yayınlandı: Lambda adres: AFRTargetTable[3,4]
[17:13:46.607] [INFO] [AutoTuneEventPublisher] Domain olayı yayınlandı: MapChangeApplied (Oturum: abc40470-2e33-41dd-9e21-7f5f29da1d42)
[17:13:46.607] [INFO] [AutoTuneEventPublisher] Domain olayı yayınlandı: DecisionCreated (Oturum: abc40470-2e33-41dd-9e21-7f5f29da1d42)
[17:13:46.607] [INFO] [CalibrationSnapshotManager] Snapshot oluşturuldu: b068cf30-36f2-4c85-92a6-f7832f368875, Hücre sayısı: 1
[17:13:46.608] [INFO] [CalibrationRecoveryManager] Bekleyen işlem kaydedildi: 78daf827-01d7-406c-93c4-39a3869d804a
[17:13:46.610] [INFO] [CalibrationManager] Değişiklik kaydedildi: IgnitionTable Hücre [3,4] [15 -> 16]
[17:13:46.610] [INFO] [CalibrationRecoveryManager] Bekleyen işlem temizlendi (başarılı commit).
[17:13:46.611] [INFO] [CalibrationStreamPublisher] Uygulanan değişiklik yayınlandı: Ignition adres: IgnitionTable[3,4]
[17:13:46.611] [INFO] [AutoTuneEventPublisher] Domain olayı yayınlandı: MapChangeApplied (Oturum: abc40470-2e33-41dd-9e21-7f5f29da1d42)
[17:13:46.611] [INFO] [AutoTuneEventPublisher] Domain olayı yayınlandı: DecisionCreated (Oturum: abc40470-2e33-41dd-9e21-7f5f29da1d42)
[17:13:46.611] [INFO] [CalibrationSnapshotManager] Snapshot oluşturuldu: cbc08d51-7ae8-4b39-8ec8-d94ed4c35dd4, Hücre sayısı: 1
[17:13:46.612] [INFO] [CalibrationRecoveryManager] Bekleyen işlem kaydedildi: d69e838a-8d1e-4cf2-9a26-99708a8ad50b
[17:13:46.613] [INFO] [CalibrationManager] Değişiklik kaydedildi: FuelVETable Hücre [3,4] [16 -> 60]
[17:13:46.614] [INFO] [CalibrationRecoveryManager] Bekleyen işlem temizlendi (başarılı commit).
[17:13:46.614] [INFO] [CalibrationStreamPublisher] Uygulanan değişiklik yayınlandı: VE adres: FuelVETable[3,4]
[17:13:46.615] [INFO] [AutoTuneEventPublisher] Domain olayı yayınlandı: MapChangeApplied (Oturum: abc40470-2e33-41dd-9e21-7f5f29da1d42)
[17:13:46.634] [INFO] [AutoTuneEventPublisher] Domain olayı yayınlandı: TelemetryWindowAccepted (Oturum: abc40470-2e33-41dd-9e21-7f5f29da1d42)
[17:13:46.634] [INFO] [AutoTuneEventPublisher] Domain olayı yayınlandı: SafetyViolation (Oturum: abc40470-2e33-41dd-9e21-7f5f29da1d42)
[17:13:46.634] [INFO] [AutoTuneEventPublisher] Domain olayı yayınlandı: DecisionCreated (Oturum: abc40470-2e33-41dd-9e21-7f5f29da1d42)
[17:13:46.634] [INFO] [CalibrationSnapshotManager] Snapshot oluşturuldu: 6cafc850-a037-4889-979e-a0e51622f70a, Hücre sayısı: 1
[17:13:46.636] [INFO] [CalibrationRecoveryManager] Bekleyen işlem kaydedildi: 4d1ee258-822e-46f6-b5b6-718a8d44419a
[17:13:46.637] [INFO] [CalibrationManager] Değişiklik kaydedildi: AFRTargetTable Hücre [3,4] [60 -> 15]
[17:13:46.638] [INFO] [CalibrationRecoveryManager] Bekleyen işlem temizlendi (başarılı commit).
[17:13:46.638] [INFO] [CalibrationStreamPublisher] Uygulanan değişiklik yayınlandı: Lambda adres: AFRTargetTable[3,4]
[17:13:46.638] [INFO] [AutoTuneEventPublisher] Domain olayı yayınlandı: MapChangeApplied (Oturum: abc40470-2e33-41dd-9e21-7f5f29da1d42)
[17:13:46.638] [INFO] [AutoTuneEventPublisher] Domain olayı yayınlandı: DecisionCreated (Oturum: abc40470-2e33-41dd-9e21-7f5f29da1d42)
[17:13:46.639] [INFO] [CalibrationSnapshotManager] Snapshot oluşturuldu: 2d44a8f7-5857-4503-93e5-f7a7a0e20899, Hücre sayısı: 1
[17:13:46.640] [INFO] [CalibrationRecoveryManager] Bekleyen işlem kaydedildi: 291d667b-65fc-4195-bd68-999c905f46ac
[17:13:46.642] [INFO] [CalibrationManager] Değişiklik kaydedildi: IgnitionTable Hücre [3,4] [15 -> 16]
[17:13:46.643] [INFO] [CalibrationRecoveryManager] Bekleyen işlem temizlendi (başarılı commit).
[17:13:46.643] [INFO] [CalibrationStreamPublisher] Uygulanan değişiklik yayınlandı: Ignition adres: IgnitionTable[3,4]
[17:13:46.644] [INFO] [AutoTuneEventPublisher] Domain olayı yayınlandı: MapChangeApplied (Oturum: abc40470-2e33-41dd-9e21-7f5f29da1d42)
[17:13:46.644] [INFO] [AutoTuneEventPublisher] Domain olayı yayınlandı: DecisionCreated (Oturum: abc40470-2e33-41dd-9e21-7f5f29da1d42)
[17:13:46.644] [INFO] [CalibrationSnapshotManager] Snapshot oluşturuldu: 0cfcace2-ec58-4273-9893-a278e2c1abc2, Hücre sayısı: 1
[17:13:46.645] [INFO] [CalibrationRecoveryManager] Bekleyen işlem kaydedildi: 956494ea-25f1-4a4f-b5c0-77c847e37c83
[17:13:46.646] [INFO] [CalibrationManager] Değişiklik kaydedildi: FuelVETable Hücre [3,4] [16 -> 60]
[17:13:46.647] [INFO] [CalibrationRecoveryManager] Bekleyen işlem temizlendi (başarılı commit).
[17:13:46.647] [INFO] [CalibrationStreamPublisher] Uygulanan değişiklik yayınlandı: VE adres: FuelVETable[3,4]
[17:13:46.648] [INFO] [AutoTuneEventPublisher] Domain olayı yayınlandı: MapChangeApplied (Oturum: abc40470-2e33-41dd-9e21-7f5f29da1d42)
[17:13:46.666] [INFO] [AutoTuneEventPublisher] Domain olayı yayınlandı: TelemetryWindowAccepted (Oturum: abc40470-2e33-41dd-9e21-7f5f29da1d42)
[17:13:46.666] [INFO] [AutoTuneEventPublisher] Domain olayı yayınlandı: SafetyViolation (Oturum: abc40470-2e33-41dd-9e21-7f5f29da1d42)
[17:13:46.667] [INFO] [AutoTuneEventPublisher] Domain olayı yayınlandı: DecisionCreated (Oturum: abc40470-2e33-41dd-9e21-7f5f29da1d42)
[17:13:46.667] [INFO] [CalibrationSnapshotManager] Snapshot oluşturuldu: bb5559e1-5cbd-401b-bba5-30a61d7ba3c0, Hücre sayısı: 1
[17:13:46.668] [INFO] [CalibrationRecoveryManager] Bekleyen işlem kaydedildi: a8c7ce91-cb57-4056-8cba-92b3a92adcac
[17:13:46.669] [INFO] [CalibrationManager] Değişiklik kaydedildi: AFRTargetTable Hücre [3,4] [60 -> 15]
[17:13:46.670] [INFO] [CalibrationRecoveryManager] Bekleyen işlem temizlendi (başarılı commit).
[17:13:46.671] [INFO] [CalibrationStreamPublisher] Uygulanan değişiklik yayınlandı: Lambda adres: AFRTargetTable[3,4]
[17:13:46.671] [INFO] [AutoTuneEventPublisher] Domain olayı yayınlandı: MapChangeApplied (Oturum: abc40470-2e33-41dd-9e21-7f5f29da1d42)
[17:13:46.671] [INFO] [AutoTuneEventPublisher] Domain olayı yayınlandı: DecisionCreated (Oturum: abc40470-2e33-41dd-9e21-7f5f29da1d42)
[17:13:46.671] [INFO] [CalibrationSnapshotManager] Snapshot oluşturuldu: 33298494-62aa-472c-9de0-03b93408d268, Hücre sayısı: 1
[17:13:46.672] [INFO] [CalibrationRecoveryManager] Bekleyen işlem kaydedildi: efecaec0-0be9-48a3-aa64-f495f43bc8a6
[17:13:46.682] [WARNING] [RtpCalibrationEngine] Could not save persistent sync queue: The process cannot access the file 'C:\Users\ayhan\OneDrive\Desktop\Canlı OBD2 Araç Telemetri Ekranı\HondaTuner\bin\Debug\net6.0-windows\Database\pending_rtp_queue.json' because it is being used by another process.
[17:13:46.683] [INFO] [CalibrationManager] Değişiklik kaydedildi: IgnitionTable Hücre [3,4] [15 -> 16]
[17:13:46.684] [INFO] [CalibrationRecoveryManager] Bekleyen işlem temizlendi (başarılı commit).
[17:13:46.684] [INFO] [CalibrationStreamPublisher] Uygulanan değişiklik yayınlandı: Ignition adres: IgnitionTable[3,4]
[17:13:46.684] [INFO] [AutoTuneEventPublisher] Domain olayı yayınlandı: MapChangeApplied (Oturum: abc40470-2e33-41dd-9e21-7f5f29da1d42)
[17:13:46.684] [INFO] [AutoTuneEventPublisher] Domain olayı yayınlandı: DecisionCreated (Oturum: abc40470-2e33-41dd-9e21-7f5f29da1d42)
[17:13:46.684] [INFO] [CalibrationSnapshotManager] Snapshot oluşturuldu: caa3fab6-9044-4f12-8c4e-2345d5990ad9, Hücre sayısı: 1
[17:13:46.685] [INFO] [CalibrationRecoveryManager] Bekleyen işlem kaydedildi: 62271161-1b31-4df1-b482-dae70776777f
[17:13:46.687] [INFO] [CalibrationManager] Değişiklik kaydedildi: FuelVETable Hücre [3,4] [16 -> 60]
[17:13:46.688] [INFO] [CalibrationRecoveryManager] Bekleyen işlem temizlendi (başarılı commit).
[17:13:46.688] [INFO] [CalibrationStreamPublisher] Uygulanan değişiklik yayınlandı: VE adres: FuelVETable[3,4]
[17:13:46.688] [INFO] [AutoTuneEventPublisher] Domain olayı yayınlandı: MapChangeApplied (Oturum: abc40470-2e33-41dd-9e21-7f5f29da1d42)
[17:13:46.704] [INFO] [AutoTuneEventPublisher] Domain olayı yayınlandı: TelemetryWindowAccepted (Oturum: abc40470-2e33-41dd-9e21-7f5f29da1d42)
[17:13:46.704] [INFO] [AutoTuneEventPublisher] Domain olayı yayınlandı: SafetyViolation (Oturum: abc40470-2e33-41dd-9e21-7f5f29da1d42)
[17:13:46.704] [INFO] [AutoTuneEventPublisher] Domain olayı yayınlandı: DecisionCreated (Oturum: abc40470-2e33-41dd-9e21-7f5f29da1d42)
[17:13:46.704] [INFO] [CalibrationSnapshotManager] Snapshot oluşturuldu: f4db28cb-b399-4e96-a784-0a32735762e3, Hücre sayısı: 1
[17:13:46.705] [INFO] [CalibrationRecoveryManager] Bekleyen işlem kaydedildi: 2c72fe73-71ed-4deb-8999-506a05679b88
[17:13:46.707] [INFO] [CalibrationManager] Değişiklik kaydedildi: AFRTargetTable Hücre [3,4] [60 -> 15]
[17:13:46.708] [INFO] [CalibrationRecoveryManager] Bekleyen işlem temizlendi (başarılı commit).
[17:13:46.708] [INFO] [CalibrationStreamPublisher] Uygulanan değişiklik yayınlandı: Lambda adres: AFRTargetTable[3,4]
[17:13:46.708] [INFO] [AutoTuneEventPublisher] Domain olayı yayınlandı: MapChangeApplied (Oturum: abc40470-2e33-41dd-9e21-7f5f29da1d42)
[17:13:46.708] [INFO] [AutoTuneEventPublisher] Domain olayı yayınlandı: DecisionCreated (Oturum: abc40470-2e33-41dd-9e21-7f5f29da1d42)
[17:13:46.709] [INFO] [CalibrationSnapshotManager] Snapshot oluşturuldu: ac5c304e-c049-4327-8391-5b0c4b9fb557, Hücre sayısı: 1
[17:13:46.710] [INFO] [CalibrationRecoveryManager] Bekleyen işlem kaydedildi: c4b1303e-e9e9-49b6-a490-b3394cf9cecf
[17:13:46.711] [INFO] [CalibrationManager] Değişiklik kaydedildi: IgnitionTable Hücre [3,4] [15 -> 16]
[17:13:46.712] [INFO] [CalibrationRecoveryManager] Bekleyen işlem temizlendi (başarılı commit).
[17:13:46.712] [INFO] [CalibrationStreamPublisher] Uygulanan değişiklik yayınlandı: Ignition adres: IgnitionTable[3,4]
[17:13:46.713] [INFO] [AutoTuneEventPublisher] Domain olayı yayınlandı: MapChangeApplied (Oturum: abc40470-2e33-41dd-9e21-7f5f29da1d42)
[17:13:46.713] [INFO] [AutoTuneEventPublisher] Domain olayı yayınlandı: DecisionCreated (Oturum: abc40470-2e33-41dd-9e21-7f5f29da1d42)
[17:13:46.713] [INFO] [CalibrationSnapshotManager] Snapshot oluşturuldu: 72fac120-98cf-4ad7-85b0-a7a1dd1d7e20, Hücre sayısı: 1
[17:13:46.714] [INFO] [CalibrationRecoveryManager] Bekleyen işlem kaydedildi: eda1c3c0-8dca-4990-ae39-94e93e29698b
[17:13:46.716] [INFO] [CalibrationManager] Değişiklik kaydedildi: FuelVETable Hücre [3,4] [16 -> 60]
[17:13:46.717] [INFO] [CalibrationRecoveryManager] Bekleyen işlem temizlendi (başarılı commit).
[17:13:46.717] [INFO] [CalibrationStreamPublisher] Uygulanan değişiklik yayınlandı: VE adres: FuelVETable[3,4]
[17:13:46.717] [INFO] [AutoTuneEventPublisher] Domain olayı yayınlandı: MapChangeApplied (Oturum: abc40470-2e33-41dd-9e21-7f5f29da1d42)
[17:13:46.730] [INFO] [AutoTuneEventPublisher] Domain olayı yayınlandı: TelemetryWindowAccepted (Oturum: abc40470-2e33-41dd-9e21-7f5f29da1d42)
[17:13:46.730] [INFO] [AutoTuneEventPublisher] Domain olayı yayınlandı: SafetyViolation (Oturum: abc40470-2e33-41dd-9e21-7f5f29da1d42)
[17:13:46.730] [INFO] [AutoTuneEventPublisher] Domain olayı yayınlandı: DecisionCreated (Oturum: abc40470-2e33-41dd-9e21-7f5f29da1d42)
[17:13:46.731] [INFO] [CalibrationSnapshotManager] Snapshot oluşturuldu: ef9aac53-37f3-44a4-b5b9-c136a2f875b4, Hücre sayısı: 1
[17:13:46.732] [INFO] [CalibrationRecoveryManager] Bekleyen işlem kaydedildi: 1fce8316-d5d1-4d69-afd8-0a60beace932
[17:13:46.734] [INFO] [CalibrationManager] Değişiklik kaydedildi: AFRTargetTable Hücre [3,4] [60 -> 15]
[17:13:46.735] [INFO] [CalibrationRecoveryManager] Bekleyen işlem temizlendi (başarılı commit).
[17:13:46.735] [INFO] [CalibrationStreamPublisher] Uygulanan değişiklik yayınlandı: Lambda adres: AFRTargetTable[3,4]
[17:13:46.735] [INFO] [AutoTuneEventPublisher] Domain olayı yayınlandı: MapChangeApplied (Oturum: abc40470-2e33-41dd-9e21-7f5f29da1d42)
[17:13:46.735] [INFO] [AutoTuneEventPublisher] Domain olayı yayınlandı: DecisionCreated (Oturum: abc40470-2e33-41dd-9e21-7f5f29da1d42)
[17:13:46.735] [INFO] [CalibrationSnapshotManager] Snapshot oluşturuldu: f0098ce1-1c97-4f2d-b797-abc3894820b3, Hücre sayısı: 1
[17:13:46.736] [INFO] [CalibrationRecoveryManager] Bekleyen işlem kaydedildi: f4b9f808-e07f-4ee6-9336-107185bb069c
[17:13:46.738] [INFO] [CalibrationManager] Değişiklik kaydedildi: IgnitionTable Hücre [3,4] [15 -> 16]
[17:13:46.739] [INFO] [CalibrationRecoveryManager] Bekleyen işlem temizlendi (başarılı commit).
[17:13:46.739] [INFO] [CalibrationStreamPublisher] Uygulanan değişiklik yayınlandı: Ignition adres: IgnitionTable[3,4]
[17:13:46.739] [INFO] [AutoTuneEventPublisher] Domain olayı yayınlandı: MapChangeApplied (Oturum: abc40470-2e33-41dd-9e21-7f5f29da1d42)
[17:13:46.739] [INFO] [AutoTuneEventPublisher] Domain olayı yayınlandı: DecisionCreated (Oturum: abc40470-2e33-41dd-9e21-7f5f29da1d42)
[17:13:46.739] [INFO] [CalibrationSnapshotManager] Snapshot oluşturuldu: 4019fc99-fe77-4420-b324-d0a87066ed2c, Hücre sayısı: 1
[17:13:46.740] [INFO] [CalibrationRecoveryManager] Bekleyen işlem kaydedildi: a49e70bb-3be4-4b09-8426-54e1bd24c471
[17:13:46.742] [INFO] [CalibrationManager] Değişiklik kaydedildi: FuelVETable Hücre [3,4] [16 -> 60]
[17:13:46.743] [INFO] [CalibrationRecoveryManager] Bekleyen işlem temizlendi (başarılı commit).
[17:13:46.743] [INFO] [CalibrationStreamPublisher] Uygulanan değişiklik yayınlandı: VE adres: FuelVETable[3,4]
[17:13:46.743] [INFO] [AutoTuneEventPublisher] Domain olayı yayınlandı: MapChangeApplied (Oturum: abc40470-2e33-41dd-9e21-7f5f29da1d42)
[17:13:46.754] [INFO] [AutoTuneEventPublisher] Domain olayı yayınlandı: TelemetryWindowAccepted (Oturum: abc40470-2e33-41dd-9e21-7f5f29da1d42)
[17:13:46.754] [INFO] [AutoTuneEventPublisher] Domain olayı yayınlandı: SafetyViolation (Oturum: abc40470-2e33-41dd-9e21-7f5f29da1d42)
[17:13:46.754] [INFO] [AutoTuneEventPublisher] Domain olayı yayınlandı: DecisionCreated (Oturum: abc40470-2e33-41dd-9e21-7f5f29da1d42)
[17:13:46.755] [INFO] [CalibrationSnapshotManager] Snapshot oluşturuldu: 4e2ca248-9cb6-4d2e-adb9-3167b6ec53fe, Hücre sayısı: 1
[17:13:46.756] [INFO] [CalibrationRecoveryManager] Bekleyen işlem kaydedildi: b89b3c52-5cb3-45c2-b297-8a112c314111
[17:13:46.758] [INFO] [CalibrationManager] Değişiklik kaydedildi: AFRTargetTable Hücre [3,4] [60 -> 15]
[17:13:46.758] [INFO] [CalibrationRecoveryManager] Bekleyen işlem temizlendi (başarılı commit).
[17:13:46.758] [INFO] [CalibrationStreamPublisher] Uygulanan değişiklik yayınlandı: Lambda adres: AFRTargetTable[3,4]
[17:13:46.759] [INFO] [AutoTuneEventPublisher] Domain olayı yayınlandı: MapChangeApplied (Oturum: abc40470-2e33-41dd-9e21-7f5f29da1d42)
[17:13:46.759] [INFO] [AutoTuneEventPublisher] Domain olayı yayınlandı: DecisionCreated (Oturum: abc40470-2e33-41dd-9e21-7f5f29da1d42)
[17:13:46.759] [INFO] [CalibrationSnapshotManager] Snapshot oluşturuldu: d789df7c-9e89-4560-b114-00ee016a8e0a, Hücre sayısı: 1
[17:13:46.760] [INFO] [CalibrationRecoveryManager] Bekleyen işlem kaydedildi: 74396643-0df9-4e89-905d-9d4acb735bbc
[17:13:46.762] [INFO] [CalibrationManager] Değişiklik kaydedildi: IgnitionTable Hücre [3,4] [15 -> 16]
[17:13:46.762] [INFO] [CalibrationRecoveryManager] Bekleyen işlem temizlendi (başarılı commit).
[17:13:46.763] [INFO] [CalibrationStreamPublisher] Uygulanan değişiklik yayınlandı: Ignition adres: IgnitionTable[3,4]
[17:13:46.763] [INFO] [AutoTuneEventPublisher] Domain olayı yayınlandı: MapChangeApplied (Oturum: abc40470-2e33-41dd-9e21-7f5f29da1d42)
[17:13:46.763] [INFO] [AutoTuneEventPublisher] Domain olayı yayınlandı: DecisionCreated (Oturum: abc40470-2e33-41dd-9e21-7f5f29da1d42)
[17:13:46.763] [INFO] [CalibrationSnapshotManager] Snapshot oluşturuldu: 513107bb-915b-4c10-8244-ecefe59ef060, Hücre sayısı: 1
[17:13:46.764] [INFO] [CalibrationRecoveryManager] Bekleyen işlem kaydedildi: 0697e819-bfd5-42ac-ba85-09914751ab4b
[17:13:46.766] [INFO] [CalibrationManager] Değişiklik kaydedildi: FuelVETable Hücre [3,4] [16 -> 60]
[17:13:46.766] [INFO] [CalibrationRecoveryManager] Bekleyen işlem temizlendi (başarılı commit).
[17:13:46.767] [INFO] [CalibrationStreamPublisher] Uygulanan değişiklik yayınlandı: VE adres: FuelVETable[3,4]
[17:13:46.767] [INFO] [AutoTuneEventPublisher] Domain olayı yayınlandı: MapChangeApplied (Oturum: abc40470-2e33-41dd-9e21-7f5f29da1d42)
[17:13:47.088] [INFO] [AutoTuneEventPublisher] Domain olayı yayınlandı: SessionStopped (Oturum: abc40470-2e33-41dd-9e21-7f5f29da1d42)
[17:13:47.282] [INFO] [TestHarness] Test tamamlandÄ±: 110 geÃ§ti, 0 kaldÄ±
[17:13:47.283] [WARNING] [RomIdentifier] ROM imzası hiçbir ECU profiliyle eşleşmedi.
[17:13:47.283] [INFO] [Program] Test sonuçları:
â•â•â•â•â•â•â•â•â•â•â•â•â•â•â•â•â•â•â•â•â•â•â•â•â•â•â•â•â•â•â•â•â•â•â•â•â•â•â•â•â•â•â•â•â•â•â•
  HONDATUNER â€” OTOMATÄ°K TEST SÃœÄ°TÄ°
â•â•â•â•â•â•â•â•â•â•â•â•â•â•â•â•â•â•â•â•â•â•â•â•â•â•â•â•â•â•â•â•â•â•â•â•â•â•â•â•â•â•â•â•â•â•â•

â”€â”€ ROM Testleri â”€â”€â”€â”€â”€â”€â”€â”€â”€â”€â”€â”€â”€â”€â”€â”€â”€â”€â”€â”€â”€â”€â”€â”€â”€â”€â”€â”€â”€â”€
  ✅ ROM Identifier â€” 32KB boÅŸ ROM tanÄ±ma
  ✅ ROM Identifier â€” yanlÄ±ÅŸ boyut reddi
  ✅ ROM Patch â€” doÄŸrulama ve uygulama
  ✅ ROM Patch â€” rollback geri yÃ¼kleme

â”€â”€ Kalibrasyon Testleri â”€â”€â”€â”€â”€â”€â”€â”€â”€â”€â”€â”€â”€â”€â”€â”€â”€â”€â”€â”€â”€â”€â”€
  ✅ Injector Scaling â€” 240â†’440cc
  ✅ Injector Scaling â€” clamp to 255
  ✅ Calibration Engine â€” Commit applies value to ROM buffer
  ✅ Calibration Engine â€” Rollback restores original values in ROM buffer
  ✅ Calibration Engine â€” Undo and Redo states are fully synchronized
  ✅ Calibration Engine â€” Safety validator rejects OOR Rev Limit changes

â”€â”€ Faz 4: Map Engine & Interpolation Testleri â”€â”€
  ✅ Map Engine â€” Cell write and read accuracy
  ✅ Map Engine â€” Scale factors conversion logic
  ✅ Map Engine â€” Invalid offset out-of-range bounds check
  ✅ Map Engine â€” Transaction commits, rollbacks, and Undo/Redo integration
  ✅ Interpolation â€” 4 neighbor bilinear cell weight sum equals exactly 1.0

â”€â”€ AutoTune GÃ¼venlik Testleri â”€â”€â”€â”€â”€â”€â”€â”€â”€â”€â”€â”€â”€â”€â”€â”€â”€
  ✅ AutoTune â€” dÃ¼ÅŸÃ¼k ECT reddi
  ✅ AutoTune â€” dÃ¼ÅŸÃ¼k batarya reddi
  ✅ AutoTune â€” dÃ¼zeltme kÄ±rpma (Â±12%)

── Faz 5: Checksum Engine & Safety Layer Testleri ──
  ✅ Checksum â€” Stock ROM passes validation
  ✅ Checksum â€” Corrupt byte fails validation
  ✅ Checksum â€” Map change updates checksum successfully
  ✅ Checksum â€” VerifyBeforeSave detects bad checksum and returns false
  ✅ Checksum â€” Reloaded ROM checksum is valid
  ✅ Checksum â€” Multiple regions validation is successful

── ROM Patch Engine v2 Testleri ──
  ✅ PatchEngine — Başarılı Yama Uygulama
  ✅ PatchEngine — Yanlış ExpectedBytes Koruması
  ✅ PatchEngine — Uyumsuz ECU Koruması
  ✅ PatchEngine — ROM Boyut Limiti Koruması
  ✅ PatchEngine — Yamayı Geri Alma (Rollback)
  ✅ PatchEngine — İşlem (Transaction) Commit Entegrasyonu
  ✅ PatchEngine — İşlem Geri Alma (Transaction Rollback)
  ✅ PatchEngine — Otomatik Checksum Güncelleme
  ✅ PatchEngine — Audit Loglama Kontrolü
  ✅ PatchEngine — Profil Destekli Yamaları Bulma

── Phase 7: Telemetry & Live Datalog Bus Engine Testleri ──
  ✅ Telemetry - Event Bus Publish & Subscribe
  ✅ Telemetry - Event Bus Metrics Kontrolü
  ✅ Telemetry - Kanalsal Matematiksel Formül Çözümleme
  ✅ Telemetry - Backpressure DropOldest Politikası
  ✅ Telemetry - Backpressure DropNewest Politikası
  ✅ Telemetry - Backpressure BlockPublisher Politikası
  ✅ Telemetry - Yapılandırma Dosya İzleyicisi (Hot Reload)
  ✅ Telemetry - Erişim Kontrolü Yetkilendirme Hiyerarşisi
  ✅ Telemetry - SystemClock Monotonic Ticks
  ✅ Telemetry - HighResolutionClock Performance Ticks
  ✅ Telemetry - ReplayClock Geri Oynatıcı Zaman Akışı
  ✅ Telemetry - Dairesel Bellek (RingBuffer) Kapasite Tanımı
  ✅ Telemetry - RingBuffer Aşımında Overwrite (FIFO Overlay)
  ✅ Telemetry - Moving Average Gürültü Azaltma Filtresi
  ✅ Telemetry - Median (Ortanca) Filtreleme
  ✅ Telemetry - LowPass Üstel Sinyal Yumuşatma
  ✅ Telemetry - HighPass Dalgalanma Odaklı Sinyal Filtresi
  ✅ Telemetry - MockProvider Canlı Veri Akış Simülasyonu
  ✅ Telemetry - Sağlık İzleme (HealthMonitor) Parametreleri
  ✅ Telemetry - HealthMonitor Bağlantı Kaybı Anomali Algılama
  ✅ Telemetry - Analiz Hattı (AnalyzerPipeline) Sıralı Çalışma
  ✅ Telemetry - Engine Profil Geçiş Yönetimi (Street -> Dyno)
  ✅ Telemetry - Engine Canlı Datalogging Yaşam Döngüsü
  ✅ Telemetry - GC Basıncını Azaltan Frame Nesne Havuzu
  ✅ Telemetry - Salt-Okunur (Immutable) Snaphsot Yapısı
  ✅ Telemetry - Multi-Thread Veri Giriş Stress Testi

── Phase 8: AutoTune Closed Loop Engine Testleri ──
  ✅ AutoTune - State transitions (Start, Pause, Resume, Stop) lifecycle verification
  ✅ AutoTune - Confidence score calculation under low deviation is high
  ✅ AutoTune - Confidence score calculation under high deviation is low
  ✅ AutoTune - Stable window filter standard deviation and length checks
  ✅ AutoTune - Config validator rejects JSON with missing target attributes
  ✅ AutoTune - Config validator rejects out of bounds parameter variables
  ✅ AutoTune - ParameterType safety enum structure check
  ✅ AutoTune - Session manager multi session conflict prevention
  ✅ AutoTune - Session manager releases lock and allows new allocation
  ✅ AutoTune - Recovery manager logs interrupt trace successfully to file
  ✅ AutoTune - Recovery manager restores trace and validates details
  ✅ AutoTune - Diff engine returns detailed comparison matrix values
  ✅ AutoTune - CSV Package export contains session identity and values
  ✅ AutoTune - Replay simulator matches telemetry lists deterministically
  ✅ AutoTune - SafetyRuleProvider loads dynamic rules successfully
  ✅ AutoTune - QualityScoreCalculator rates stoichiometric history cleanly near 100
  ✅ AutoTune - Telemetry loss pause and reconnect validation cycle
  ✅ AutoTune - Domain event emitter publishes valid structured transition events
  ✅ AutoTune - Calibration RTP stream publishing streams virtual changes
  ✅ AutoTune - Replay validation checks run determinism bounds
  ✅ AutoTune - Persistence layer correctly serializes state machine records and migrates schema V1 to V2
  ✅ AutoTune - Query service retrieves session lists correctly
  ✅ AutoTune - Command service issues control triggers successfully
  ✅ AutoTune - Hardware checks and SafeMode blocks writing calibrations
  ✅ AutoTune - Cell lock manager acquires, releases and traps conflicts

── Faz 9: RTP Emulator & Real-Time Calibration Engine Testleri ──
  ✅ RTP - Engine correctly registers and resolves from DI ServiceContainer
  ✅ RTP - Connection state machine cycles correctly through all states
  ✅ RTP - Transient write failures trigger automatic retries and recover successfully
  ✅ RTP - Consecutive calibration edits coalesce into a single block write
  ✅ RTP - Multi-threaded queue guarantees strict sequential write ordering
  ✅ RTP - Execution latency benchmark tracking meets target limits
  ✅ RTP - Engine sustains high-frequency (500+) update throughput stress
  ✅ RTP - Background sync worker terminates cleanly on CancellationToken request
  ✅ RTP - Hardware disconnect automatically halts sync and raises Faulted event
  ✅ RTP - Enforces read-back verification after writing values to emulator
  ✅ RTP - Idempotent synchronization ignores duplicate writes to target cells
  ✅ RTP - Backpressure policy DropOldest purges oldest queued changes under load
  ✅ RTP - Backpressure policy RejectNewest drops new updates under queue overflow
  ✅ RTP - Backpressure policy BlockProducer controls producer rates correctly
  ✅ RTP - Validation layer rejects bad config schema values at initialization
  ✅ RTP - Restores un-synced calibration state queue records on startup
  ✅ RTP - Synchronizes concurrently applied AutoTune decisions to hardware
  ✅ TestMetadata_SerializationAndValidation
  ✅ TestReverseEngineering_ExtractionAndDecompilation
  ✅ TestAdvancedFuelCorrections
  ✅ TestAdvancedIgnition_DecodingAndCalibration
  ✅ TestVtecAndBoostControl_LogicAndAlarms
  ✅ TestEngineProtection_SafetiesAndAlarms
  ✅ TestDiagnosticsAndProtocols_A2LAndFreezeFrames
  ✅ TestDynoLogsAndVersions_EstimationAndBranches

â•â•â•â•â•â•â•â•â•â•â•â•â•â•â•â•â•â•â•â•â•â•â•â•â•â•â•â•â•â•â•â•â•â•â•â•â•â•â•â•â•â•â•â•â•â•â•
  SONUÃ‡: 110 baÅŸarÄ±lÄ±, 0 baÅŸarÄ±sÄ±z
â•â•â•â•â•â•â•â•â•â•â•â•â•â•â•â•â•â•â•â•â•â•â•â•â•â•â•â•â•â•â•â•â•â•â•â•â•â•â•â•â•â•â•â•â•â•â•
[17:13:47.283] [INFO] [Program] Örnek ROM test sonuçları:
── Örnek ROM Test Çerçevesi ───────────────────
  ✅ Checksum offset geçerli
  ✅ Bozuk ROM reddedildi
  ✅ Fuel map sınırları geçerli
  ✅ Ignition map sınırları geçerli
  ✅ Tüm profiller 32KB ROM boyutu

  Sonuç: 5 geçti, 0 kaldı
[17:13:47.633] [INFO] [EcuPinoutManager] 24 OBD1 ECU pin tanımlaması başarıyla yüklendi.
