[00:18:38.886] [INFO] [RomIdentifier] ECU Tanımlandı: P06 (Confidence: %45,7)
[00:18:38.889] [WARNING] [RomIdentifier] ROM imzası hiçbir ECU profiliyle eşleşmedi.
[00:18:38.891] [INFO] [RomPatchManager] Yama uygulandı: TEST_PATCH_1 @ 0x000A
[00:18:38.891] [INFO] [RomPatchManager] Yama uygulandı: TEST_PATCH_ROLLBACK @ 0x000A
[00:18:38.892] [INFO] [RomPatchManager] Yama geri alındı: TEST_PATCH_ROLLBACK
[00:18:38.892] [INFO] [InjectorManager] Fuel haritası ölçeklendi: 240cc → 440cc (oran: 0,545)
[00:18:38.893] [INFO] [InjectorManager] Fuel haritası ölçeklendi: 440cc → 240cc (oran: 1,833)
[00:18:38.944] [INFO] [CalibrationManager] Değişiklik kaydedildi: Fuel Cell [0,0] [50 -> 60]
[00:18:38.946] [INFO] [CalibrationManager] Değişiklik kaydedildi: Fuel Cell [0,0] [50 -> 60]
[00:18:38.947] [INFO] [CalibrationManager] Değişiklik kaydedildi: Fuel Cell [0,0] [50 -> 75]
[00:18:38.954] [INFO] [CalibrationManager] Değişiklik kaydedildi: FuelMapTest Hücre [4,5] [0 -> 123]
[00:18:38.955] [INFO] [CalibrationManager] Değişiklik kaydedildi: FuelMapTest Hücre [0,0] [0 -> 125]
[00:18:38.964] [INFO] [CalibrationManager] Değişiklik kaydedildi: FuelMapTest Hücre [1,1] [0 -> 150]
[00:18:38.973] [INFO] [CalibrationManager] Değişiklik kaydedildi: FuelMapTest Hücre [1,1] [0 -> 150]
[00:18:38.986] [DEBUG] [AutoTuneValidator] Reddedildi [ECT_LOW]: Motor sıcaklığı düşük: 50°C < 72°C
[00:18:38.986] [DEBUG] [AutoTuneValidator] Reddedildi [BATT_LOW]: Batarya düşük: 10,5V < 12V
[00:18:39.012] [INFO] [EcuDatabaseManager] Toplam 8 dinamik ECU profili yüklendi.
[00:18:39.025] [INFO] [ChecksumTest] [TRACE-1] romBuffer[0]=00
[00:18:39.034] [INFO] [ChecksumTest] [TRACE-2] tempFile[0]=00
[00:18:39.035] [INFO] [ChecksumTest] [TRACE-3] loadedBuffer[0]=00
[00:18:39.035] [INFO] [ChecksumTest] [TRACE-4] beforeSaveBuffer[0]=00
[00:18:39.038] [INFO] [ChecksumTest] [TRACE-5] afterSaveParserBuffer[0]=00
[00:18:39.045] [INFO] [ChecksumTest] [TRACE-6] reloadedFile[0]=00
[00:18:40.516] [INFO] [AutoTuneSafetyManager] Güvenlik limitleri yüklendi. Etkin kural sayısı: 4
[00:18:40.516] [INFO] [AutoTuneEventPublisher] Domain olayı yayınlandı: SessionCreated (Oturum: 774cee91-1c82-4fdf-bcc5-9f3990ebc66c)
[00:18:40.517] [INFO] [AutoTuneEngine] Oturum başarıyla başlatıldı: 774cee91-1c82-4fdf-bcc5-9f3990ebc66c
[00:18:40.517] [INFO] [AutoTuneEventPublisher] Domain olayı yayınlandı: SessionPaused (Oturum: 774cee91-1c82-4fdf-bcc5-9f3990ebc66c)
[00:18:40.517] [INFO] [AutoTuneEventPublisher] Domain olayı yayınlandı: SessionResumed (Oturum: 774cee91-1c82-4fdf-bcc5-9f3990ebc66c)
[00:18:40.518] [INFO] [AutoTuneEventPublisher] Domain olayı yayınlandı: SessionStopped (Oturum: 774cee91-1c82-4fdf-bcc5-9f3990ebc66c)
[00:18:40.528] [INFO] [CalibrationRecoveryManager] Bekleyen işlem kaydedildi: TX-TEMP
[00:18:40.539] [INFO] [CalibrationRecoveryManager] Bekleyen işlem temizlendi (başarılı commit).
[00:18:40.540] [INFO] [CalibrationRecoveryManager] Bekleyen işlem kaydedildi: TX-TEMP2
[00:18:40.545] [INFO] [CalibrationRecoveryManager] Yarım kalmış işlem geri yükleniyor: TX-TEMP2
[00:18:40.546] [INFO] [CalibrationSnapshotManager] Snapshot geri yükleniyor: SNAP-TEMP2, Kurtarılacak hücre: 1
[00:18:40.546] [INFO] [CalibrationRecoveryManager] Bekleyen işlem temizlendi (başarılı commit).
[00:18:40.550] [INFO] [AutoTuneSafetyManager] Güvenlik limitleri yüklendi. Etkin kural sayısı: 4
[00:18:40.551] [INFO] [AutoTuneEventPublisher] Domain olayı yayınlandı: SessionCreated (Oturum: 584d18ba-6835-4860-b936-e7afe0a0c3fa)
[00:18:40.551] [INFO] [AutoTuneEngine] Oturum başarıyla başlatıldı: 584d18ba-6835-4860-b936-e7afe0a0c3fa
[00:18:40.551] [INFO] [AutoTuneEventPublisher] Domain olayı yayınlandı: SessionPaused (Oturum: 584d18ba-6835-4860-b936-e7afe0a0c3fa)
[00:18:40.552] [INFO] [AutoTuneEventPublisher] Domain olayı yayınlandı: SessionResumed (Oturum: 584d18ba-6835-4860-b936-e7afe0a0c3fa)
[00:18:40.552] [INFO] [AutoTuneEventPublisher] Domain olayı yayınlandı: SessionStopped (Oturum: 584d18ba-6835-4860-b936-e7afe0a0c3fa)
[00:18:40.553] [INFO] [AutoTuneSafetyManager] Güvenlik limitleri yüklendi. Etkin kural sayısı: 4
[00:18:40.553] [INFO] [AutoTuneEventPublisher] Domain olayı yayınlandı: SessionCreated (Oturum: 65d6abcd-d7d5-46c2-a9b3-ea3b0065e007)
[00:18:40.553] [INFO] [AutoTuneEngine] Oturum başarıyla başlatıldı: 65d6abcd-d7d5-46c2-a9b3-ea3b0065e007
[00:18:40.553] [INFO] [AutoTuneEventPublisher] Domain olayı yayınlandı: SessionStopped (Oturum: 65d6abcd-d7d5-46c2-a9b3-ea3b0065e007)
[00:18:40.554] [INFO] [AutoTuneSafetyManager] Güvenlik limitleri yüklendi. Etkin kural sayısı: 4
[00:18:40.554] [INFO] [AutoTuneEventPublisher] Domain olayı yayınlandı: SessionCreated (Oturum: 2104ef7b-62af-48d1-aa38-e433da7bd6b1)
[00:18:40.554] [INFO] [AutoTuneEngine] Oturum başarıyla başlatıldı: 2104ef7b-62af-48d1-aa38-e433da7bd6b1
[00:18:40.554] [INFO] [AutoTuneEventPublisher] Domain olayı yayınlandı: TelemetryWindowAccepted (Oturum: 2104ef7b-62af-48d1-aa38-e433da7bd6b1)
[00:18:40.559] [INFO] [AutoTuneEventPublisher] Domain olayı yayınlandı: DecisionCreated (Oturum: 2104ef7b-62af-48d1-aa38-e433da7bd6b1)
[00:18:40.561] [INFO] [CalibrationStreamPublisher] Uygulanan değişiklik yayınlandı: Fuel adres: FuelVETable[3,4]
[00:18:40.562] [INFO] [AutoTuneEventPublisher] Domain olayı yayınlandı: DecisionCreated (Oturum: 2104ef7b-62af-48d1-aa38-e433da7bd6b1)
[00:18:40.562] [INFO] [CalibrationStreamPublisher] Uygulanan değişiklik yayınlandı: Lambda adres: AFRTargetTable[3,4]
[00:18:40.563] [INFO] [AutoTuneEventPublisher] Domain olayı yayınlandı: DecisionCreated (Oturum: 2104ef7b-62af-48d1-aa38-e433da7bd6b1)
[00:18:40.563] [INFO] [CalibrationStreamPublisher] Uygulanan değişiklik yayınlandı: Ignition adres: IgnitionTable[3,4]
[00:18:40.564] [INFO] [AutoTuneEventPublisher] Domain olayı yayınlandı: DecisionCreated (Oturum: 2104ef7b-62af-48d1-aa38-e433da7bd6b1)
[00:18:40.564] [INFO] [CalibrationStreamPublisher] Uygulanan değişiklik yayınlandı: VE adres: FuelVETable[3,4]
[00:18:40.565] [INFO] [AutoTuneEventPublisher] Domain olayı yayınlandı: TelemetryWindowAccepted (Oturum: 2104ef7b-62af-48d1-aa38-e433da7bd6b1)
[00:18:40.565] [INFO] [AutoTuneEventPublisher] Domain olayı yayınlandı: DecisionCreated (Oturum: 2104ef7b-62af-48d1-aa38-e433da7bd6b1)
[00:18:40.565] [INFO] [CalibrationStreamPublisher] Uygulanan değişiklik yayınlandı: Fuel adres: FuelVETable[3,4]
[00:18:40.565] [INFO] [AutoTuneEventPublisher] Domain olayı yayınlandı: DecisionCreated (Oturum: 2104ef7b-62af-48d1-aa38-e433da7bd6b1)
[00:18:40.565] [INFO] [CalibrationStreamPublisher] Uygulanan değişiklik yayınlandı: Lambda adres: AFRTargetTable[3,4]
[00:18:40.566] [INFO] [AutoTuneEventPublisher] Domain olayı yayınlandı: DecisionCreated (Oturum: 2104ef7b-62af-48d1-aa38-e433da7bd6b1)
[00:18:40.566] [INFO] [CalibrationStreamPublisher] Uygulanan değişiklik yayınlandı: Ignition adres: IgnitionTable[3,4]
[00:18:40.566] [INFO] [AutoTuneEventPublisher] Domain olayı yayınlandı: DecisionCreated (Oturum: 2104ef7b-62af-48d1-aa38-e433da7bd6b1)
[00:18:40.566] [INFO] [CalibrationStreamPublisher] Uygulanan değişiklik yayınlandı: VE adres: FuelVETable[3,4]
[00:18:40.566] [INFO] [AutoTuneEventPublisher] Domain olayı yayınlandı: TelemetryWindowAccepted (Oturum: 2104ef7b-62af-48d1-aa38-e433da7bd6b1)
[00:18:40.566] [INFO] [AutoTuneEventPublisher] Domain olayı yayınlandı: DecisionCreated (Oturum: 2104ef7b-62af-48d1-aa38-e433da7bd6b1)
[00:18:40.566] [INFO] [CalibrationStreamPublisher] Uygulanan değişiklik yayınlandı: Fuel adres: FuelVETable[3,4]
[00:18:40.566] [INFO] [AutoTuneEventPublisher] Domain olayı yayınlandı: DecisionCreated (Oturum: 2104ef7b-62af-48d1-aa38-e433da7bd6b1)
[00:18:40.566] [INFO] [CalibrationStreamPublisher] Uygulanan değişiklik yayınlandı: Lambda adres: AFRTargetTable[3,4]
[00:18:40.567] [INFO] [AutoTuneEventPublisher] Domain olayı yayınlandı: DecisionCreated (Oturum: 2104ef7b-62af-48d1-aa38-e433da7bd6b1)
[00:18:40.567] [INFO] [CalibrationStreamPublisher] Uygulanan değişiklik yayınlandı: Ignition adres: IgnitionTable[3,4]
[00:18:40.567] [INFO] [AutoTuneEventPublisher] Domain olayı yayınlandı: DecisionCreated (Oturum: 2104ef7b-62af-48d1-aa38-e433da7bd6b1)
[00:18:40.567] [INFO] [CalibrationStreamPublisher] Uygulanan değişiklik yayınlandı: VE adres: FuelVETable[3,4]
[00:18:40.567] [INFO] [AutoTuneEventPublisher] Domain olayı yayınlandı: TelemetryWindowAccepted (Oturum: 2104ef7b-62af-48d1-aa38-e433da7bd6b1)
[00:18:40.567] [INFO] [AutoTuneEventPublisher] Domain olayı yayınlandı: DecisionCreated (Oturum: 2104ef7b-62af-48d1-aa38-e433da7bd6b1)
[00:18:40.567] [INFO] [CalibrationStreamPublisher] Uygulanan değişiklik yayınlandı: Fuel adres: FuelVETable[3,4]
[00:18:40.568] [INFO] [AutoTuneEventPublisher] Domain olayı yayınlandı: DecisionCreated (Oturum: 2104ef7b-62af-48d1-aa38-e433da7bd6b1)
[00:18:40.568] [INFO] [CalibrationStreamPublisher] Uygulanan değişiklik yayınlandı: Lambda adres: AFRTargetTable[3,4]
[00:18:40.568] [INFO] [AutoTuneEventPublisher] Domain olayı yayınlandı: DecisionCreated (Oturum: 2104ef7b-62af-48d1-aa38-e433da7bd6b1)
[00:18:40.568] [INFO] [CalibrationStreamPublisher] Uygulanan değişiklik yayınlandı: Ignition adres: IgnitionTable[3,4]
[00:18:40.568] [INFO] [AutoTuneEventPublisher] Domain olayı yayınlandı: DecisionCreated (Oturum: 2104ef7b-62af-48d1-aa38-e433da7bd6b1)
[00:18:40.569] [INFO] [CalibrationStreamPublisher] Uygulanan değişiklik yayınlandı: VE adres: FuelVETable[3,4]
[00:18:40.569] [INFO] [AutoTuneEventPublisher] Domain olayı yayınlandı: TelemetryWindowAccepted (Oturum: 2104ef7b-62af-48d1-aa38-e433da7bd6b1)
[00:18:40.569] [INFO] [AutoTuneEventPublisher] Domain olayı yayınlandı: DecisionCreated (Oturum: 2104ef7b-62af-48d1-aa38-e433da7bd6b1)
[00:18:40.569] [INFO] [CalibrationStreamPublisher] Uygulanan değişiklik yayınlandı: Fuel adres: FuelVETable[3,4]
[00:18:40.569] [INFO] [AutoTuneEventPublisher] Domain olayı yayınlandı: DecisionCreated (Oturum: 2104ef7b-62af-48d1-aa38-e433da7bd6b1)
[00:18:40.569] [INFO] [CalibrationStreamPublisher] Uygulanan değişiklik yayınlandı: Lambda adres: AFRTargetTable[3,4]
[00:18:40.570] [INFO] [AutoTuneEventPublisher] Domain olayı yayınlandı: DecisionCreated (Oturum: 2104ef7b-62af-48d1-aa38-e433da7bd6b1)
[00:18:40.570] [INFO] [CalibrationStreamPublisher] Uygulanan değişiklik yayınlandı: Ignition adres: IgnitionTable[3,4]
[00:18:40.570] [INFO] [AutoTuneEventPublisher] Domain olayı yayınlandı: DecisionCreated (Oturum: 2104ef7b-62af-48d1-aa38-e433da7bd6b1)
[00:18:40.570] [INFO] [CalibrationStreamPublisher] Uygulanan değişiklik yayınlandı: VE adres: FuelVETable[3,4]
[00:18:40.570] [INFO] [AutoTuneEventPublisher] Domain olayı yayınlandı: TelemetryWindowAccepted (Oturum: 2104ef7b-62af-48d1-aa38-e433da7bd6b1)
[00:18:40.570] [INFO] [AutoTuneEventPublisher] Domain olayı yayınlandı: DecisionCreated (Oturum: 2104ef7b-62af-48d1-aa38-e433da7bd6b1)
[00:18:40.570] [INFO] [CalibrationStreamPublisher] Uygulanan değişiklik yayınlandı: Fuel adres: FuelVETable[3,4]
[00:18:40.570] [INFO] [AutoTuneEventPublisher] Domain olayı yayınlandı: DecisionCreated (Oturum: 2104ef7b-62af-48d1-aa38-e433da7bd6b1)
[00:18:40.571] [INFO] [CalibrationStreamPublisher] Uygulanan değişiklik yayınlandı: Lambda adres: AFRTargetTable[3,4]
[00:18:40.571] [INFO] [AutoTuneEventPublisher] Domain olayı yayınlandı: DecisionCreated (Oturum: 2104ef7b-62af-48d1-aa38-e433da7bd6b1)
[00:18:40.571] [INFO] [CalibrationStreamPublisher] Uygulanan değişiklik yayınlandı: Ignition adres: IgnitionTable[3,4]
[00:18:40.571] [INFO] [AutoTuneEventPublisher] Domain olayı yayınlandı: DecisionCreated (Oturum: 2104ef7b-62af-48d1-aa38-e433da7bd6b1)
[00:18:40.571] [INFO] [CalibrationStreamPublisher] Uygulanan değişiklik yayınlandı: VE adres: FuelVETable[3,4]
[00:18:40.571] [INFO] [AutoTuneEventPublisher] Domain olayı yayınlandı: SessionStopped (Oturum: 2104ef7b-62af-48d1-aa38-e433da7bd6b1)
[00:18:40.575] [INFO] [AdaptiveMemory] V1 hafıza verisi V2 şemasına başarıyla taşındı. Toplam kayıt: 1
[00:18:40.576] [INFO] [AutoTuneSafetyManager] Güvenlik limitleri yüklendi. Etkin kural sayısı: 4
[00:18:40.576] [INFO] [AutoTuneEventPublisher] Domain olayı yayınlandı: SessionCreated (Oturum: 1dd9061d-0478-4e67-81c6-c742d8b884df)
[00:18:40.576] [INFO] [AutoTuneEngine] Oturum başarıyla başlatıldı: 1dd9061d-0478-4e67-81c6-c742d8b884df
[00:18:40.576] [INFO] [AutoTuneEventPublisher] Domain olayı yayınlandı: SessionStopped (Oturum: 1dd9061d-0478-4e67-81c6-c742d8b884df)
[00:18:40.577] [INFO] [AutoTuneSafetyManager] Güvenlik limitleri yüklendi. Etkin kural sayısı: 4
[00:18:40.577] [INFO] [AutoTuneEventPublisher] Domain olayı yayınlandı: SessionCreated (Oturum: 533adca7-c6e2-4db6-96c8-0ecc192a5204)
[00:18:40.577] [INFO] [AutoTuneEngine] Oturum başarıyla başlatıldı: 533adca7-c6e2-4db6-96c8-0ecc192a5204
[00:18:40.577] [INFO] [AutoTuneEventPublisher] Domain olayı yayınlandı: SessionStopped (Oturum: 533adca7-c6e2-4db6-96c8-0ecc192a5204)
[00:18:40.579] [INFO] [RtpCalibrationEngine] Connecting to RTP emulator...
[00:18:40.579] [INFO] [RtpCalibrationEngine] RTP emulator connected successfully.
[00:18:40.580] [INFO] [RtpCalibrationEngine] Real-time synchronization active.
[00:18:40.580] [INFO] [RtpCalibrationEngine] Real-time synchronization paused.
[00:18:40.580] [INFO] [RtpCalibrationEngine] RTP Emulator disconnected.
[00:18:40.581] [INFO] [RtpCalibrationEngine] Connecting to RTP emulator...
[00:18:40.581] [INFO] [RtpCalibrationEngine] RTP emulator connected successfully.
[00:18:40.581] [INFO] [RtpCalibrationEngine] Real-time synchronization active.
[00:18:40.583] [INFO] [CalibrationManager] Değişiklik kaydedildi:  [ -> 99]
[00:18:40.792] [INFO] [RtpCalibrationEngine] Connecting to RTP emulator...
[00:18:40.792] [INFO] [RtpCalibrationEngine] RTP emulator connected successfully.
[00:18:40.794] [INFO] [CalibrationManager] Değişiklik kaydedildi:  [ -> 10]
[00:18:40.803] [INFO] [CalibrationManager] Değişiklik kaydedildi:  [ -> 11]
[00:18:40.812] [INFO] [CalibrationManager] Değişiklik kaydedildi:  [ -> 12]
[00:18:40.813] [INFO] [RtpCalibrationEngine] Real-time synchronization active.
[00:18:41.029] [INFO] [RtpCalibrationEngine] Connecting to RTP emulator...
[00:18:41.029] [INFO] [RtpCalibrationEngine] RTP emulator connected successfully.
[00:18:41.031] [INFO] [CalibrationManager] Değişiklik kaydedildi:  [ -> 1]
[00:18:41.033] [INFO] [CalibrationManager] Değişiklik kaydedildi:  [ -> 2]
[00:18:41.039] [INFO] [CalibrationManager] Değişiklik kaydedildi:  [ -> 3]
[00:18:41.039] [INFO] [RtpCalibrationEngine] Real-time synchronization active.
[00:18:41.247] [INFO] [RtpCalibrationEngine] Connecting to RTP emulator...
[00:18:41.247] [INFO] [RtpCalibrationEngine] RTP emulator connected successfully.
[00:18:41.248] [INFO] [RtpCalibrationEngine] Real-time synchronization active.
[00:18:41.249] [INFO] [CalibrationManager] Değişiklik kaydedildi:  [ -> 45]
[00:18:41.453] [INFO] [RtpCalibrationEngine] Connecting to RTP emulator...
[00:18:41.453] [INFO] [RtpCalibrationEngine] RTP emulator connected successfully.
[00:18:41.453] [INFO] [RtpCalibrationEngine] Real-time synchronization active.
[00:18:41.455] [INFO] [CalibrationManager] Değişiklik kaydedildi:  [ -> 5]
[00:18:41.457] [INFO] [CalibrationManager] Değişiklik kaydedildi:  [ -> 5]
[00:18:41.463] [INFO] [CalibrationManager] Değişiklik kaydedildi:  [ -> 5]
[00:18:41.464] [INFO] [CalibrationManager] Değişiklik kaydedildi:  [ -> 5]
[00:18:41.470] [WARNING] [RtpCalibrationEngine] Could not save persistent sync queue: The process cannot access the file 'C:\Users\ayhan\OneDrive\Desktop\Canlı OBD2 Araç Telemetri Ekranı\HondaTuner\bin\Debug\net6.0-windows\Database\pending_rtp_queue.json' because it is being used by another process.
[00:18:41.476] [INFO] [CalibrationManager] Değişiklik kaydedildi:  [ -> 5]
[00:18:41.478] [INFO] [CalibrationManager] Değişiklik kaydedildi:  [ -> 5]
[00:18:41.479] [INFO] [CalibrationManager] Değişiklik kaydedildi:  [ -> 5]
[00:18:41.480] [INFO] [CalibrationManager] Değişiklik kaydedildi:  [ -> 5]
[00:18:41.482] [INFO] [CalibrationManager] Değişiklik kaydedildi:  [ -> 5]
[00:18:41.483] [INFO] [CalibrationManager] Değişiklik kaydedildi:  [ -> 5]
[00:18:41.484] [INFO] [CalibrationManager] Değişiklik kaydedildi:  [ -> 5]
[00:18:41.485] [INFO] [CalibrationManager] Değişiklik kaydedildi:  [ -> 5]
[00:18:41.491] [INFO] [CalibrationManager] Değişiklik kaydedildi:  [ -> 5]
[00:18:41.493] [INFO] [CalibrationManager] Değişiklik kaydedildi:  [ -> 5]
[00:18:41.494] [INFO] [CalibrationManager] Değişiklik kaydedildi:  [ -> 5]
[00:18:41.495] [INFO] [CalibrationManager] Değişiklik kaydedildi:  [ -> 5]
[00:18:41.496] [INFO] [CalibrationManager] Değişiklik kaydedildi:  [ -> 5]
[00:18:41.498] [INFO] [CalibrationManager] Değişiklik kaydedildi:  [ -> 5]
[00:18:41.499] [INFO] [CalibrationManager] Değişiklik kaydedildi:  [ -> 5]
[00:18:41.500] [INFO] [CalibrationManager] Değişiklik kaydedildi:  [ -> 5]
[00:18:41.501] [INFO] [CalibrationManager] Değişiklik kaydedildi:  [ -> 5]
[00:18:41.503] [INFO] [CalibrationManager] Değişiklik kaydedildi:  [ -> 5]
[00:18:41.504] [INFO] [CalibrationManager] Değişiklik kaydedildi:  [ -> 5]
[00:18:41.505] [INFO] [CalibrationManager] Değişiklik kaydedildi:  [ -> 5]
[00:18:41.506] [INFO] [CalibrationManager] Değişiklik kaydedildi:  [ -> 5]
[00:18:41.508] [INFO] [CalibrationManager] Değişiklik kaydedildi:  [ -> 5]
[00:18:41.509] [INFO] [CalibrationManager] Değişiklik kaydedildi:  [ -> 5]
[00:18:41.510] [INFO] [CalibrationManager] Değişiklik kaydedildi:  [ -> 5]
[00:18:41.512] [INFO] [CalibrationManager] Değişiklik kaydedildi:  [ -> 5]
[00:18:41.513] [INFO] [CalibrationManager] Değişiklik kaydedildi:  [ -> 5]
[00:18:41.514] [INFO] [CalibrationManager] Değişiklik kaydedildi:  [ -> 5]
[00:18:41.515] [INFO] [CalibrationManager] Değişiklik kaydedildi:  [ -> 5]
[00:18:41.516] [INFO] [CalibrationManager] Değişiklik kaydedildi:  [ -> 5]
[00:18:41.518] [INFO] [CalibrationManager] Değişiklik kaydedildi:  [ -> 5]
[00:18:41.519] [INFO] [CalibrationManager] Değişiklik kaydedildi:  [ -> 5]
[00:18:41.523] [INFO] [CalibrationManager] Değişiklik kaydedildi:  [ -> 5]
[00:18:41.525] [INFO] [CalibrationManager] Değişiklik kaydedildi:  [ -> 5]
[00:18:41.526] [INFO] [CalibrationManager] Değişiklik kaydedildi:  [ -> 5]
[00:18:41.527] [INFO] [CalibrationManager] Değişiklik kaydedildi:  [ -> 5]
[00:18:41.528] [INFO] [CalibrationManager] Değişiklik kaydedildi:  [ -> 5]
[00:18:41.529] [INFO] [CalibrationManager] Değişiklik kaydedildi:  [ -> 5]
[00:18:41.531] [INFO] [CalibrationManager] Değişiklik kaydedildi:  [ -> 5]
[00:18:41.532] [INFO] [CalibrationManager] Değişiklik kaydedildi:  [ -> 5]
[00:18:41.533] [INFO] [CalibrationManager] Değişiklik kaydedildi:  [ -> 5]
[00:18:41.534] [INFO] [CalibrationManager] Değişiklik kaydedildi:  [ -> 5]
[00:18:41.535] [INFO] [CalibrationManager] Değişiklik kaydedildi:  [ -> 5]
[00:18:41.537] [INFO] [CalibrationManager] Değişiklik kaydedildi:  [ -> 5]
[00:18:41.538] [INFO] [CalibrationManager] Değişiklik kaydedildi:  [ -> 5]
[00:18:41.539] [INFO] [CalibrationManager] Değişiklik kaydedildi:  [ -> 5]
[00:18:41.541] [INFO] [CalibrationManager] Değişiklik kaydedildi:  [ -> 5]
[00:18:41.542] [INFO] [CalibrationManager] Değişiklik kaydedildi:  [ -> 5]
[00:18:41.543] [INFO] [CalibrationManager] Değişiklik kaydedildi:  [ -> 5]
[00:18:41.544] [INFO] [CalibrationManager] Değişiklik kaydedildi:  [ -> 5]
[00:18:41.545] [INFO] [CalibrationManager] Değişiklik kaydedildi:  [ -> 5]
[00:18:41.547] [INFO] [CalibrationManager] Değişiklik kaydedildi:  [ -> 5]
[00:18:41.548] [INFO] [CalibrationManager] Değişiklik kaydedildi:  [ -> 5]
[00:18:41.549] [INFO] [CalibrationManager] Değişiklik kaydedildi:  [ -> 5]
[00:18:41.550] [INFO] [CalibrationManager] Değişiklik kaydedildi:  [ -> 5]
[00:18:41.551] [INFO] [CalibrationManager] Değişiklik kaydedildi:  [ -> 5]
[00:18:41.552] [INFO] [CalibrationManager] Değişiklik kaydedildi:  [ -> 5]
[00:18:41.554] [INFO] [CalibrationManager] Değişiklik kaydedildi:  [ -> 5]
[00:18:41.555] [INFO] [CalibrationManager] Değişiklik kaydedildi:  [ -> 5]
[00:18:41.556] [INFO] [CalibrationManager] Değişiklik kaydedildi:  [ -> 5]
[00:18:41.557] [INFO] [CalibrationManager] Değişiklik kaydedildi:  [ -> 5]
[00:18:41.559] [INFO] [CalibrationManager] Değişiklik kaydedildi:  [ -> 5]
[00:18:41.560] [INFO] [CalibrationManager] Değişiklik kaydedildi:  [ -> 5]
[00:18:41.561] [INFO] [CalibrationManager] Değişiklik kaydedildi:  [ -> 5]
[00:18:41.562] [INFO] [CalibrationManager] Değişiklik kaydedildi:  [ -> 5]
[00:18:41.564] [INFO] [CalibrationManager] Değişiklik kaydedildi:  [ -> 5]
[00:18:41.565] [INFO] [CalibrationManager] Değişiklik kaydedildi:  [ -> 5]
[00:18:41.566] [INFO] [CalibrationManager] Değişiklik kaydedildi:  [ -> 5]
[00:18:41.567] [INFO] [CalibrationManager] Değişiklik kaydedildi:  [ -> 5]
[00:18:41.569] [INFO] [CalibrationManager] Değişiklik kaydedildi:  [ -> 5]
[00:18:41.570] [INFO] [CalibrationManager] Değişiklik kaydedildi:  [ -> 5]
[00:18:41.571] [INFO] [CalibrationManager] Değişiklik kaydedildi:  [ -> 5]
[00:18:41.572] [INFO] [CalibrationManager] Değişiklik kaydedildi:  [ -> 5]
[00:18:41.574] [INFO] [CalibrationManager] Değişiklik kaydedildi:  [ -> 5]
[00:18:41.575] [INFO] [CalibrationManager] Değişiklik kaydedildi:  [ -> 5]
[00:18:41.576] [INFO] [CalibrationManager] Değişiklik kaydedildi:  [ -> 5]
[00:18:41.577] [INFO] [CalibrationManager] Değişiklik kaydedildi:  [ -> 5]
[00:18:41.579] [INFO] [CalibrationManager] Değişiklik kaydedildi:  [ -> 5]
[00:18:41.580] [INFO] [CalibrationManager] Değişiklik kaydedildi:  [ -> 5]
[00:18:41.581] [INFO] [CalibrationManager] Değişiklik kaydedildi:  [ -> 5]
[00:18:41.583] [INFO] [CalibrationManager] Değişiklik kaydedildi:  [ -> 5]
[00:18:41.584] [INFO] [CalibrationManager] Değişiklik kaydedildi:  [ -> 5]
[00:18:41.585] [INFO] [CalibrationManager] Değişiklik kaydedildi:  [ -> 5]
[00:18:41.587] [INFO] [CalibrationManager] Değişiklik kaydedildi:  [ -> 5]
[00:18:41.588] [INFO] [CalibrationManager] Değişiklik kaydedildi:  [ -> 5]
[00:18:41.589] [INFO] [CalibrationManager] Değişiklik kaydedildi:  [ -> 5]
[00:18:41.590] [INFO] [CalibrationManager] Değişiklik kaydedildi:  [ -> 5]
[00:18:41.592] [INFO] [CalibrationManager] Değişiklik kaydedildi:  [ -> 5]
[00:18:41.593] [INFO] [CalibrationManager] Değişiklik kaydedildi:  [ -> 5]
[00:18:41.594] [INFO] [CalibrationManager] Değişiklik kaydedildi:  [ -> 5]
[00:18:41.596] [INFO] [CalibrationManager] Değişiklik kaydedildi:  [ -> 5]
[00:18:41.597] [INFO] [CalibrationManager] Değişiklik kaydedildi:  [ -> 5]
[00:18:41.598] [INFO] [CalibrationManager] Değişiklik kaydedildi:  [ -> 5]
[00:18:41.600] [INFO] [CalibrationManager] Değişiklik kaydedildi:  [ -> 5]
[00:18:41.601] [INFO] [CalibrationManager] Değişiklik kaydedildi:  [ -> 5]
[00:18:41.602] [INFO] [CalibrationManager] Değişiklik kaydedildi:  [ -> 5]
[00:18:41.604] [INFO] [CalibrationManager] Değişiklik kaydedildi:  [ -> 5]
[00:18:41.605] [INFO] [CalibrationManager] Değişiklik kaydedildi:  [ -> 5]
[00:18:41.606] [INFO] [CalibrationManager] Değişiklik kaydedildi:  [ -> 5]
[00:18:41.608] [INFO] [CalibrationManager] Değişiklik kaydedildi:  [ -> 5]
[00:18:41.609] [INFO] [CalibrationManager] Değişiklik kaydedildi:  [ -> 5]
[00:18:41.610] [INFO] [CalibrationManager] Değişiklik kaydedildi:  [ -> 5]
[00:18:41.611] [INFO] [CalibrationManager] Değişiklik kaydedildi:  [ -> 5]
[00:18:41.613] [INFO] [CalibrationManager] Değişiklik kaydedildi:  [ -> 5]
[00:18:41.614] [INFO] [CalibrationManager] Değişiklik kaydedildi:  [ -> 5]
[00:18:41.615] [INFO] [CalibrationManager] Değişiklik kaydedildi:  [ -> 5]
[00:18:41.616] [INFO] [CalibrationManager] Değişiklik kaydedildi:  [ -> 5]
[00:18:41.618] [INFO] [CalibrationManager] Değişiklik kaydedildi:  [ -> 5]
[00:18:41.619] [INFO] [CalibrationManager] Değişiklik kaydedildi:  [ -> 5]
[00:18:41.620] [INFO] [CalibrationManager] Değişiklik kaydedildi:  [ -> 5]
[00:18:41.622] [INFO] [CalibrationManager] Değişiklik kaydedildi:  [ -> 5]
[00:18:41.623] [INFO] [CalibrationManager] Değişiklik kaydedildi:  [ -> 5]
[00:18:41.624] [INFO] [CalibrationManager] Değişiklik kaydedildi:  [ -> 5]
[00:18:41.626] [INFO] [CalibrationManager] Değişiklik kaydedildi:  [ -> 5]
[00:18:41.627] [INFO] [CalibrationManager] Değişiklik kaydedildi:  [ -> 5]
[00:18:41.633] [INFO] [CalibrationManager] Değişiklik kaydedildi:  [ -> 5]
[00:18:41.634] [INFO] [CalibrationManager] Değişiklik kaydedildi:  [ -> 5]
[00:18:41.636] [INFO] [CalibrationManager] Değişiklik kaydedildi:  [ -> 5]
[00:18:41.637] [INFO] [CalibrationManager] Değişiklik kaydedildi:  [ -> 5]
[00:18:41.638] [INFO] [CalibrationManager] Değişiklik kaydedildi:  [ -> 5]
[00:18:41.639] [INFO] [CalibrationManager] Değişiklik kaydedildi:  [ -> 5]
[00:18:41.641] [INFO] [CalibrationManager] Değişiklik kaydedildi:  [ -> 5]
[00:18:41.643] [INFO] [CalibrationManager] Değişiklik kaydedildi:  [ -> 5]
[00:18:41.645] [INFO] [CalibrationManager] Değişiklik kaydedildi:  [ -> 5]
[00:18:41.646] [INFO] [CalibrationManager] Değişiklik kaydedildi:  [ -> 5]
[00:18:41.647] [INFO] [CalibrationManager] Değişiklik kaydedildi:  [ -> 5]
[00:18:41.649] [INFO] [CalibrationManager] Değişiklik kaydedildi:  [ -> 5]
[00:18:41.650] [INFO] [CalibrationManager] Değişiklik kaydedildi:  [ -> 5]
[00:18:41.651] [INFO] [CalibrationManager] Değişiklik kaydedildi:  [ -> 5]
[00:18:41.653] [INFO] [CalibrationManager] Değişiklik kaydedildi:  [ -> 5]
[00:18:41.654] [INFO] [CalibrationManager] Değişiklik kaydedildi:  [ -> 5]
[00:18:41.655] [INFO] [CalibrationManager] Değişiklik kaydedildi:  [ -> 5]
[00:18:41.657] [INFO] [CalibrationManager] Değişiklik kaydedildi:  [ -> 5]
[00:18:41.658] [INFO] [CalibrationManager] Değişiklik kaydedildi:  [ -> 5]
[00:18:41.659] [INFO] [CalibrationManager] Değişiklik kaydedildi:  [ -> 5]
[00:18:41.660] [INFO] [CalibrationManager] Değişiklik kaydedildi:  [ -> 5]
[00:18:41.662] [INFO] [CalibrationManager] Değişiklik kaydedildi:  [ -> 5]
[00:18:41.663] [INFO] [CalibrationManager] Değişiklik kaydedildi:  [ -> 5]
[00:18:41.664] [INFO] [CalibrationManager] Değişiklik kaydedildi:  [ -> 5]
[00:18:41.665] [INFO] [CalibrationManager] Değişiklik kaydedildi:  [ -> 5]
[00:18:41.667] [INFO] [CalibrationManager] Değişiklik kaydedildi:  [ -> 5]
[00:18:41.668] [INFO] [CalibrationManager] Değişiklik kaydedildi:  [ -> 5]
[00:18:41.669] [INFO] [CalibrationManager] Değişiklik kaydedildi:  [ -> 5]
[00:18:41.671] [INFO] [CalibrationManager] Değişiklik kaydedildi:  [ -> 5]
[00:18:41.672] [INFO] [CalibrationManager] Değişiklik kaydedildi:  [ -> 5]
[00:18:41.673] [INFO] [CalibrationManager] Değişiklik kaydedildi:  [ -> 5]
[00:18:41.675] [INFO] [CalibrationManager] Değişiklik kaydedildi:  [ -> 5]
[00:18:41.676] [INFO] [CalibrationManager] Değişiklik kaydedildi:  [ -> 5]
[00:18:41.677] [INFO] [CalibrationManager] Değişiklik kaydedildi:  [ -> 5]
[00:18:41.679] [INFO] [CalibrationManager] Değişiklik kaydedildi:  [ -> 5]
[00:18:41.680] [INFO] [CalibrationManager] Değişiklik kaydedildi:  [ -> 5]
[00:18:41.681] [INFO] [CalibrationManager] Değişiklik kaydedildi:  [ -> 5]
[00:18:41.682] [INFO] [CalibrationManager] Değişiklik kaydedildi:  [ -> 5]
[00:18:41.684] [INFO] [CalibrationManager] Değişiklik kaydedildi:  [ -> 5]
[00:18:41.685] [INFO] [CalibrationManager] Değişiklik kaydedildi:  [ -> 5]
[00:18:41.687] [INFO] [CalibrationManager] Değişiklik kaydedildi:  [ -> 5]
[00:18:41.688] [INFO] [CalibrationManager] Değişiklik kaydedildi:  [ -> 5]
[00:18:41.689] [INFO] [CalibrationManager] Değişiklik kaydedildi:  [ -> 5]
[00:18:41.691] [INFO] [CalibrationManager] Değişiklik kaydedildi:  [ -> 5]
[00:18:41.692] [INFO] [CalibrationManager] Değişiklik kaydedildi:  [ -> 5]
[00:18:41.694] [INFO] [CalibrationManager] Değişiklik kaydedildi:  [ -> 5]
[00:18:41.695] [INFO] [CalibrationManager] Değişiklik kaydedildi:  [ -> 5]
[00:18:41.696] [INFO] [CalibrationManager] Değişiklik kaydedildi:  [ -> 5]
[00:18:41.697] [INFO] [CalibrationManager] Değişiklik kaydedildi:  [ -> 5]
[00:18:41.699] [INFO] [CalibrationManager] Değişiklik kaydedildi:  [ -> 5]
[00:18:41.700] [INFO] [CalibrationManager] Değişiklik kaydedildi:  [ -> 5]
[00:18:41.702] [INFO] [CalibrationManager] Değişiklik kaydedildi:  [ -> 5]
[00:18:41.703] [INFO] [CalibrationManager] Değişiklik kaydedildi:  [ -> 5]
[00:18:41.704] [INFO] [CalibrationManager] Değişiklik kaydedildi:  [ -> 5]
[00:18:41.705] [INFO] [CalibrationManager] Değişiklik kaydedildi:  [ -> 5]
[00:18:41.707] [INFO] [CalibrationManager] Değişiklik kaydedildi:  [ -> 5]
[00:18:41.708] [INFO] [CalibrationManager] Değişiklik kaydedildi:  [ -> 5]
[00:18:41.710] [INFO] [CalibrationManager] Değişiklik kaydedildi:  [ -> 5]
[00:18:41.711] [INFO] [CalibrationManager] Değişiklik kaydedildi:  [ -> 5]
[00:18:41.712] [INFO] [CalibrationManager] Değişiklik kaydedildi:  [ -> 5]
[00:18:41.714] [INFO] [CalibrationManager] Değişiklik kaydedildi:  [ -> 5]
[00:18:41.715] [INFO] [CalibrationManager] Değişiklik kaydedildi:  [ -> 5]
[00:18:41.716] [INFO] [CalibrationManager] Değişiklik kaydedildi:  [ -> 5]
[00:18:41.718] [INFO] [CalibrationManager] Değişiklik kaydedildi:  [ -> 5]
[00:18:41.719] [INFO] [CalibrationManager] Değişiklik kaydedildi:  [ -> 5]
[00:18:41.720] [INFO] [CalibrationManager] Değişiklik kaydedildi:  [ -> 5]
[00:18:41.722] [INFO] [CalibrationManager] Değişiklik kaydedildi:  [ -> 5]
[00:18:41.723] [INFO] [CalibrationManager] Değişiklik kaydedildi:  [ -> 5]
[00:18:41.724] [INFO] [CalibrationManager] Değişiklik kaydedildi:  [ -> 5]
[00:18:41.726] [INFO] [CalibrationManager] Değişiklik kaydedildi:  [ -> 5]
[00:18:41.727] [INFO] [CalibrationManager] Değişiklik kaydedildi:  [ -> 5]
[00:18:41.729] [INFO] [CalibrationManager] Değişiklik kaydedildi:  [ -> 5]
[00:18:41.730] [INFO] [CalibrationManager] Değişiklik kaydedildi:  [ -> 5]
[00:18:41.731] [INFO] [CalibrationManager] Değişiklik kaydedildi:  [ -> 5]
[00:18:41.733] [INFO] [CalibrationManager] Değişiklik kaydedildi:  [ -> 5]
[00:18:41.734] [INFO] [CalibrationManager] Değişiklik kaydedildi:  [ -> 5]
[00:18:41.736] [INFO] [CalibrationManager] Değişiklik kaydedildi:  [ -> 5]
[00:18:41.737] [INFO] [CalibrationManager] Değişiklik kaydedildi:  [ -> 5]
[00:18:41.739] [INFO] [CalibrationManager] Değişiklik kaydedildi:  [ -> 5]
[00:18:41.740] [INFO] [CalibrationManager] Değişiklik kaydedildi:  [ -> 5]
[00:18:41.741] [INFO] [CalibrationManager] Değişiklik kaydedildi:  [ -> 5]
[00:18:41.743] [INFO] [CalibrationManager] Değişiklik kaydedildi:  [ -> 5]
[00:18:41.745] [INFO] [CalibrationManager] Değişiklik kaydedildi:  [ -> 5]
[00:18:41.746] [INFO] [CalibrationManager] Değişiklik kaydedildi:  [ -> 5]
[00:18:41.747] [INFO] [CalibrationManager] Değişiklik kaydedildi:  [ -> 5]
[00:18:41.753] [WARNING] [RtpCalibrationEngine] Could not save persistent sync queue: The process cannot access the file 'C:\Users\ayhan\OneDrive\Desktop\Canlı OBD2 Araç Telemetri Ekranı\HondaTuner\bin\Debug\net6.0-windows\Database\pending_rtp_queue.json' because it is being used by another process.
[00:18:41.753] [INFO] [CalibrationManager] Değişiklik kaydedildi:  [ -> 5]
[00:18:41.755] [INFO] [CalibrationManager] Değişiklik kaydedildi:  [ -> 5]
[00:18:41.756] [INFO] [CalibrationManager] Değişiklik kaydedildi:  [ -> 5]
[00:18:41.758] [INFO] [CalibrationManager] Değişiklik kaydedildi:  [ -> 5]
[00:18:41.759] [INFO] [CalibrationManager] Değişiklik kaydedildi:  [ -> 5]
[00:18:41.760] [INFO] [CalibrationManager] Değişiklik kaydedildi:  [ -> 5]
[00:18:41.762] [INFO] [CalibrationManager] Değişiklik kaydedildi:  [ -> 5]
[00:18:41.763] [INFO] [CalibrationManager] Değişiklik kaydedildi:  [ -> 5]
[00:18:41.765] [INFO] [CalibrationManager] Değişiklik kaydedildi:  [ -> 5]
[00:18:41.766] [INFO] [CalibrationManager] Değişiklik kaydedildi:  [ -> 5]
[00:18:41.768] [INFO] [CalibrationManager] Değişiklik kaydedildi:  [ -> 5]
[00:18:41.769] [INFO] [CalibrationManager] Değişiklik kaydedildi:  [ -> 5]
[00:18:41.770] [INFO] [CalibrationManager] Değişiklik kaydedildi:  [ -> 5]
[00:18:41.772] [INFO] [CalibrationManager] Değişiklik kaydedildi:  [ -> 5]
[00:18:41.773] [INFO] [CalibrationManager] Değişiklik kaydedildi:  [ -> 5]
[00:18:41.775] [INFO] [CalibrationManager] Değişiklik kaydedildi:  [ -> 5]
[00:18:41.776] [INFO] [CalibrationManager] Değişiklik kaydedildi:  [ -> 5]
[00:18:41.777] [INFO] [CalibrationManager] Değişiklik kaydedildi:  [ -> 5]
[00:18:41.779] [INFO] [CalibrationManager] Değişiklik kaydedildi:  [ -> 5]
[00:18:41.780] [INFO] [CalibrationManager] Değişiklik kaydedildi:  [ -> 5]
[00:18:41.782] [INFO] [CalibrationManager] Değişiklik kaydedildi:  [ -> 5]
[00:18:41.783] [INFO] [CalibrationManager] Değişiklik kaydedildi:  [ -> 5]
[00:18:41.784] [INFO] [CalibrationManager] Değişiklik kaydedildi:  [ -> 5]
[00:18:41.786] [INFO] [CalibrationManager] Değişiklik kaydedildi:  [ -> 5]
[00:18:41.787] [INFO] [CalibrationManager] Değişiklik kaydedildi:  [ -> 5]
[00:18:41.788] [INFO] [CalibrationManager] Değişiklik kaydedildi:  [ -> 5]
[00:18:41.790] [INFO] [CalibrationManager] Değişiklik kaydedildi:  [ -> 5]
[00:18:41.791] [INFO] [CalibrationManager] Değişiklik kaydedildi:  [ -> 5]
[00:18:41.794] [INFO] [CalibrationManager] Değişiklik kaydedildi:  [ -> 5]
[00:18:41.795] [INFO] [CalibrationManager] Değişiklik kaydedildi:  [ -> 5]
[00:18:41.796] [INFO] [CalibrationManager] Değişiklik kaydedildi:  [ -> 5]
[00:18:41.798] [INFO] [CalibrationManager] Değişiklik kaydedildi:  [ -> 5]
[00:18:41.799] [INFO] [CalibrationManager] Değişiklik kaydedildi:  [ -> 5]
[00:18:41.800] [INFO] [CalibrationManager] Değişiklik kaydedildi:  [ -> 5]
[00:18:41.802] [INFO] [CalibrationManager] Değişiklik kaydedildi:  [ -> 5]
[00:18:41.803] [INFO] [CalibrationManager] Değişiklik kaydedildi:  [ -> 5]
[00:18:41.804] [INFO] [CalibrationManager] Değişiklik kaydedildi:  [ -> 5]
[00:18:41.806] [INFO] [CalibrationManager] Değişiklik kaydedildi:  [ -> 5]
[00:18:41.807] [INFO] [CalibrationManager] Değişiklik kaydedildi:  [ -> 5]
[00:18:41.809] [INFO] [CalibrationManager] Değişiklik kaydedildi:  [ -> 5]
[00:18:41.810] [INFO] [CalibrationManager] Değişiklik kaydedildi:  [ -> 5]
[00:18:41.811] [INFO] [CalibrationManager] Değişiklik kaydedildi:  [ -> 5]
[00:18:41.813] [INFO] [CalibrationManager] Değişiklik kaydedildi:  [ -> 5]
[00:18:41.814] [INFO] [CalibrationManager] Değişiklik kaydedildi:  [ -> 5]
[00:18:41.816] [INFO] [CalibrationManager] Değişiklik kaydedildi:  [ -> 5]
[00:18:41.817] [INFO] [CalibrationManager] Değişiklik kaydedildi:  [ -> 5]
[00:18:41.818] [INFO] [CalibrationManager] Değişiklik kaydedildi:  [ -> 5]
[00:18:41.820] [INFO] [CalibrationManager] Değişiklik kaydedildi:  [ -> 5]
[00:18:41.821] [INFO] [CalibrationManager] Değişiklik kaydedildi:  [ -> 5]
[00:18:41.822] [INFO] [CalibrationManager] Değişiklik kaydedildi:  [ -> 5]
[00:18:41.824] [INFO] [CalibrationManager] Değişiklik kaydedildi:  [ -> 5]
[00:18:41.825] [INFO] [CalibrationManager] Değişiklik kaydedildi:  [ -> 5]
[00:18:41.827] [INFO] [CalibrationManager] Değişiklik kaydedildi:  [ -> 5]
[00:18:41.828] [INFO] [CalibrationManager] Değişiklik kaydedildi:  [ -> 5]
[00:18:41.830] [INFO] [CalibrationManager] Değişiklik kaydedildi:  [ -> 5]
[00:18:41.831] [INFO] [CalibrationManager] Değişiklik kaydedildi:  [ -> 5]
[00:18:41.833] [INFO] [CalibrationManager] Değişiklik kaydedildi:  [ -> 5]
[00:18:41.834] [INFO] [CalibrationManager] Değişiklik kaydedildi:  [ -> 5]
[00:18:41.837] [INFO] [CalibrationManager] Değişiklik kaydedildi:  [ -> 5]
[00:18:41.838] [INFO] [CalibrationManager] Değişiklik kaydedildi:  [ -> 5]
[00:18:41.840] [INFO] [CalibrationManager] Değişiklik kaydedildi:  [ -> 5]
[00:18:41.841] [INFO] [CalibrationManager] Değişiklik kaydedildi:  [ -> 5]
[00:18:41.842] [INFO] [CalibrationManager] Değişiklik kaydedildi:  [ -> 5]
[00:18:41.844] [INFO] [CalibrationManager] Değişiklik kaydedildi:  [ -> 5]
[00:18:41.845] [INFO] [CalibrationManager] Değişiklik kaydedildi:  [ -> 5]
[00:18:41.847] [INFO] [CalibrationManager] Değişiklik kaydedildi:  [ -> 5]
[00:18:41.848] [INFO] [CalibrationManager] Değişiklik kaydedildi:  [ -> 5]
[00:18:41.850] [INFO] [CalibrationManager] Değişiklik kaydedildi:  [ -> 5]
[00:18:41.851] [INFO] [CalibrationManager] Değişiklik kaydedildi:  [ -> 5]
[00:18:41.853] [INFO] [CalibrationManager] Değişiklik kaydedildi:  [ -> 5]
[00:18:41.854] [INFO] [CalibrationManager] Değişiklik kaydedildi:  [ -> 5]
[00:18:41.855] [INFO] [CalibrationManager] Değişiklik kaydedildi:  [ -> 5]
[00:18:41.857] [INFO] [CalibrationManager] Değişiklik kaydedildi:  [ -> 5]
[00:18:41.858] [INFO] [CalibrationManager] Değişiklik kaydedildi:  [ -> 5]
[00:18:41.860] [INFO] [CalibrationManager] Değişiklik kaydedildi:  [ -> 5]
[00:18:41.862] [INFO] [CalibrationManager] Değişiklik kaydedildi:  [ -> 5]
[00:18:41.863] [INFO] [CalibrationManager] Değişiklik kaydedildi:  [ -> 5]
[00:18:41.864] [INFO] [CalibrationManager] Değişiklik kaydedildi:  [ -> 5]
[00:18:41.866] [INFO] [CalibrationManager] Değişiklik kaydedildi:  [ -> 5]
[00:18:41.867] [INFO] [CalibrationManager] Değişiklik kaydedildi:  [ -> 5]
[00:18:41.869] [INFO] [CalibrationManager] Değişiklik kaydedildi:  [ -> 5]
[00:18:41.871] [INFO] [CalibrationManager] Değişiklik kaydedildi:  [ -> 5]
[00:18:41.872] [INFO] [CalibrationManager] Değişiklik kaydedildi:  [ -> 5]
[00:18:41.873] [INFO] [CalibrationManager] Değişiklik kaydedildi:  [ -> 5]
[00:18:41.875] [INFO] [CalibrationManager] Değişiklik kaydedildi:  [ -> 5]
[00:18:41.876] [INFO] [CalibrationManager] Değişiklik kaydedildi:  [ -> 5]
[00:18:41.879] [INFO] [CalibrationManager] Değişiklik kaydedildi:  [ -> 5]
[00:18:41.880] [INFO] [CalibrationManager] Değişiklik kaydedildi:  [ -> 5]
[00:18:41.882] [INFO] [CalibrationManager] Değişiklik kaydedildi:  [ -> 5]
[00:18:41.883] [INFO] [CalibrationManager] Değişiklik kaydedildi:  [ -> 5]
[00:18:41.885] [INFO] [CalibrationManager] Değişiklik kaydedildi:  [ -> 5]
[00:18:41.886] [INFO] [CalibrationManager] Değişiklik kaydedildi:  [ -> 5]
[00:18:41.888] [INFO] [CalibrationManager] Değişiklik kaydedildi:  [ -> 5]
[00:18:41.889] [INFO] [CalibrationManager] Değişiklik kaydedildi:  [ -> 5]
[00:18:41.890] [INFO] [CalibrationManager] Değişiklik kaydedildi:  [ -> 5]
[00:18:41.892] [INFO] [CalibrationManager] Değişiklik kaydedildi:  [ -> 5]
[00:18:41.893] [INFO] [CalibrationManager] Değişiklik kaydedildi:  [ -> 5]
[00:18:41.895] [INFO] [CalibrationManager] Değişiklik kaydedildi:  [ -> 5]
[00:18:41.896] [INFO] [CalibrationManager] Değişiklik kaydedildi:  [ -> 5]
[00:18:41.898] [INFO] [CalibrationManager] Değişiklik kaydedildi:  [ -> 5]
[00:18:41.899] [INFO] [CalibrationManager] Değişiklik kaydedildi:  [ -> 5]
[00:18:41.901] [INFO] [CalibrationManager] Değişiklik kaydedildi:  [ -> 5]
[00:18:41.902] [INFO] [CalibrationManager] Değişiklik kaydedildi:  [ -> 5]
[00:18:41.904] [INFO] [CalibrationManager] Değişiklik kaydedildi:  [ -> 5]
[00:18:41.905] [INFO] [CalibrationManager] Değişiklik kaydedildi:  [ -> 5]
[00:18:41.907] [INFO] [CalibrationManager] Değişiklik kaydedildi:  [ -> 5]
[00:18:41.908] [INFO] [CalibrationManager] Değişiklik kaydedildi:  [ -> 5]
[00:18:41.910] [INFO] [CalibrationManager] Değişiklik kaydedildi:  [ -> 5]
[00:18:41.911] [INFO] [CalibrationManager] Değişiklik kaydedildi:  [ -> 5]
[00:18:41.913] [INFO] [CalibrationManager] Değişiklik kaydedildi:  [ -> 5]
[00:18:41.915] [INFO] [CalibrationManager] Değişiklik kaydedildi:  [ -> 5]
[00:18:41.916] [INFO] [CalibrationManager] Değişiklik kaydedildi:  [ -> 5]
[00:18:41.918] [INFO] [CalibrationManager] Değişiklik kaydedildi:  [ -> 5]
[00:18:41.919] [INFO] [CalibrationManager] Değişiklik kaydedildi:  [ -> 5]
[00:18:41.921] [INFO] [CalibrationManager] Değişiklik kaydedildi:  [ -> 5]
[00:18:41.922] [INFO] [CalibrationManager] Değişiklik kaydedildi:  [ -> 5]
[00:18:41.924] [INFO] [CalibrationManager] Değişiklik kaydedildi:  [ -> 5]
[00:18:41.925] [INFO] [CalibrationManager] Değişiklik kaydedildi:  [ -> 5]
[00:18:41.926] [INFO] [CalibrationManager] Değişiklik kaydedildi:  [ -> 5]
[00:18:41.928] [INFO] [CalibrationManager] Değişiklik kaydedildi:  [ -> 5]
[00:18:41.929] [INFO] [CalibrationManager] Değişiklik kaydedildi:  [ -> 5]
[00:18:41.931] [INFO] [CalibrationManager] Değişiklik kaydedildi:  [ -> 5]
[00:18:41.932] [INFO] [CalibrationManager] Değişiklik kaydedildi:  [ -> 5]
[00:18:41.934] [INFO] [CalibrationManager] Değişiklik kaydedildi:  [ -> 5]
[00:18:41.935] [INFO] [CalibrationManager] Değişiklik kaydedildi:  [ -> 5]
[00:18:41.936] [INFO] [CalibrationManager] Değişiklik kaydedildi:  [ -> 5]
[00:18:41.938] [INFO] [CalibrationManager] Değişiklik kaydedildi:  [ -> 5]
[00:18:41.939] [INFO] [CalibrationManager] Değişiklik kaydedildi:  [ -> 5]
[00:18:41.941] [INFO] [CalibrationManager] Değişiklik kaydedildi:  [ -> 5]
[00:18:41.942] [INFO] [CalibrationManager] Değişiklik kaydedildi:  [ -> 5]
[00:18:41.944] [INFO] [CalibrationManager] Değişiklik kaydedildi:  [ -> 5]
[00:18:41.945] [INFO] [CalibrationManager] Değişiklik kaydedildi:  [ -> 5]
[00:18:41.946] [INFO] [CalibrationManager] Değişiklik kaydedildi:  [ -> 5]
[00:18:41.948] [INFO] [CalibrationManager] Değişiklik kaydedildi:  [ -> 5]
[00:18:41.950] [INFO] [CalibrationManager] Değişiklik kaydedildi:  [ -> 5]
[00:18:41.951] [INFO] [CalibrationManager] Değişiklik kaydedildi:  [ -> 5]
[00:18:41.953] [INFO] [CalibrationManager] Değişiklik kaydedildi:  [ -> 5]
[00:18:41.954] [INFO] [CalibrationManager] Değişiklik kaydedildi:  [ -> 5]
[00:18:41.956] [INFO] [CalibrationManager] Değişiklik kaydedildi:  [ -> 5]
[00:18:41.957] [INFO] [CalibrationManager] Değişiklik kaydedildi:  [ -> 5]
[00:18:41.959] [INFO] [CalibrationManager] Değişiklik kaydedildi:  [ -> 5]
[00:18:41.960] [INFO] [CalibrationManager] Değişiklik kaydedildi:  [ -> 5]
[00:18:41.962] [INFO] [CalibrationManager] Değişiklik kaydedildi:  [ -> 5]
[00:18:41.963] [INFO] [CalibrationManager] Değişiklik kaydedildi:  [ -> 5]
[00:18:41.964] [INFO] [CalibrationManager] Değişiklik kaydedildi:  [ -> 5]
[00:18:41.966] [INFO] [CalibrationManager] Değişiklik kaydedildi:  [ -> 5]
[00:18:41.967] [INFO] [CalibrationManager] Değişiklik kaydedildi:  [ -> 5]
[00:18:41.969] [INFO] [CalibrationManager] Değişiklik kaydedildi:  [ -> 5]
[00:18:41.970] [INFO] [CalibrationManager] Değişiklik kaydedildi:  [ -> 5]
[00:18:41.972] [INFO] [CalibrationManager] Değişiklik kaydedildi:  [ -> 5]
[00:18:41.973] [INFO] [CalibrationManager] Değişiklik kaydedildi:  [ -> 5]
[00:18:41.975] [INFO] [CalibrationManager] Değişiklik kaydedildi:  [ -> 5]
[00:18:41.976] [INFO] [CalibrationManager] Değişiklik kaydedildi:  [ -> 5]
[00:18:41.978] [INFO] [CalibrationManager] Değişiklik kaydedildi:  [ -> 5]
[00:18:41.979] [INFO] [CalibrationManager] Değişiklik kaydedildi:  [ -> 5]
[00:18:41.981] [INFO] [CalibrationManager] Değişiklik kaydedildi:  [ -> 5]
[00:18:41.983] [INFO] [CalibrationManager] Değişiklik kaydedildi:  [ -> 5]
[00:18:41.985] [INFO] [CalibrationManager] Değişiklik kaydedildi:  [ -> 5]
[00:18:41.986] [INFO] [CalibrationManager] Değişiklik kaydedildi:  [ -> 5]
[00:18:41.988] [INFO] [CalibrationManager] Değişiklik kaydedildi:  [ -> 5]
[00:18:41.989] [INFO] [CalibrationManager] Değişiklik kaydedildi:  [ -> 5]
[00:18:41.991] [INFO] [CalibrationManager] Değişiklik kaydedildi:  [ -> 5]
[00:18:41.992] [INFO] [CalibrationManager] Değişiklik kaydedildi:  [ -> 5]
[00:18:41.994] [INFO] [CalibrationManager] Değişiklik kaydedildi:  [ -> 5]
[00:18:41.995] [INFO] [CalibrationManager] Değişiklik kaydedildi:  [ -> 5]
[00:18:41.997] [INFO] [CalibrationManager] Değişiklik kaydedildi:  [ -> 5]
[00:18:41.998] [INFO] [CalibrationManager] Değişiklik kaydedildi:  [ -> 5]
[00:18:42.000] [INFO] [CalibrationManager] Değişiklik kaydedildi:  [ -> 5]
[00:18:42.002] [INFO] [CalibrationManager] Değişiklik kaydedildi:  [ -> 5]
[00:18:42.003] [INFO] [CalibrationManager] Değişiklik kaydedildi:  [ -> 5]
[00:18:42.005] [INFO] [CalibrationManager] Değişiklik kaydedildi:  [ -> 5]
[00:18:42.006] [INFO] [CalibrationManager] Değişiklik kaydedildi:  [ -> 5]
[00:18:42.008] [INFO] [CalibrationManager] Değişiklik kaydedildi:  [ -> 5]
[00:18:42.009] [INFO] [CalibrationManager] Değişiklik kaydedildi:  [ -> 5]
[00:18:42.011] [INFO] [CalibrationManager] Değişiklik kaydedildi:  [ -> 5]
[00:18:42.012] [INFO] [CalibrationManager] Değişiklik kaydedildi:  [ -> 5]
[00:18:42.014] [INFO] [CalibrationManager] Değişiklik kaydedildi:  [ -> 5]
[00:18:42.017] [INFO] [CalibrationManager] Değişiklik kaydedildi:  [ -> 5]
[00:18:42.018] [INFO] [CalibrationManager] Değişiklik kaydedildi:  [ -> 5]
[00:18:42.020] [INFO] [CalibrationManager] Değişiklik kaydedildi:  [ -> 5]
[00:18:42.021] [INFO] [CalibrationManager] Değişiklik kaydedildi:  [ -> 5]
[00:18:42.023] [INFO] [CalibrationManager] Değişiklik kaydedildi:  [ -> 5]
[00:18:42.024] [INFO] [CalibrationManager] Değişiklik kaydedildi:  [ -> 5]
[00:18:42.026] [INFO] [CalibrationManager] Değişiklik kaydedildi:  [ -> 5]
[00:18:42.027] [INFO] [CalibrationManager] Değişiklik kaydedildi:  [ -> 5]
[00:18:42.029] [INFO] [CalibrationManager] Değişiklik kaydedildi:  [ -> 5]
[00:18:42.030] [INFO] [CalibrationManager] Değişiklik kaydedildi:  [ -> 5]
[00:18:42.032] [INFO] [CalibrationManager] Değişiklik kaydedildi:  [ -> 5]
[00:18:42.033] [INFO] [CalibrationManager] Değişiklik kaydedildi:  [ -> 5]
[00:18:42.035] [INFO] [CalibrationManager] Değişiklik kaydedildi:  [ -> 5]
[00:18:42.036] [INFO] [CalibrationManager] Değişiklik kaydedildi:  [ -> 5]
[00:18:42.038] [INFO] [CalibrationManager] Değişiklik kaydedildi:  [ -> 5]
[00:18:42.040] [INFO] [CalibrationManager] Değişiklik kaydedildi:  [ -> 5]
[00:18:42.041] [INFO] [CalibrationManager] Değişiklik kaydedildi:  [ -> 5]
[00:18:42.043] [INFO] [CalibrationManager] Değişiklik kaydedildi:  [ -> 5]
[00:18:42.044] [INFO] [CalibrationManager] Değişiklik kaydedildi:  [ -> 5]
[00:18:42.046] [INFO] [CalibrationManager] Değişiklik kaydedildi:  [ -> 5]
[00:18:42.048] [INFO] [CalibrationManager] Değişiklik kaydedildi:  [ -> 5]
[00:18:42.050] [INFO] [CalibrationManager] Değişiklik kaydedildi:  [ -> 5]
[00:18:42.051] [INFO] [CalibrationManager] Değişiklik kaydedildi:  [ -> 5]
[00:18:42.053] [INFO] [CalibrationManager] Değişiklik kaydedildi:  [ -> 5]
[00:18:42.054] [INFO] [CalibrationManager] Değişiklik kaydedildi:  [ -> 5]
[00:18:42.056] [INFO] [CalibrationManager] Değişiklik kaydedildi:  [ -> 5]
[00:18:42.057] [INFO] [CalibrationManager] Değişiklik kaydedildi:  [ -> 5]
[00:18:42.059] [INFO] [CalibrationManager] Değişiklik kaydedildi:  [ -> 5]
[00:18:42.060] [INFO] [CalibrationManager] Değişiklik kaydedildi:  [ -> 5]
[00:18:42.062] [INFO] [CalibrationManager] Değişiklik kaydedildi:  [ -> 5]
[00:18:42.063] [INFO] [CalibrationManager] Değişiklik kaydedildi:  [ -> 5]
[00:18:42.065] [INFO] [CalibrationManager] Değişiklik kaydedildi:  [ -> 5]
[00:18:42.066] [INFO] [CalibrationManager] Değişiklik kaydedildi:  [ -> 5]
[00:18:42.068] [INFO] [CalibrationManager] Değişiklik kaydedildi:  [ -> 5]
[00:18:42.069] [INFO] [CalibrationManager] Değişiklik kaydedildi:  [ -> 5]
[00:18:42.071] [INFO] [CalibrationManager] Değişiklik kaydedildi:  [ -> 5]
[00:18:42.073] [INFO] [CalibrationManager] Değişiklik kaydedildi:  [ -> 5]
[00:18:42.074] [INFO] [CalibrationManager] Değişiklik kaydedildi:  [ -> 5]
[00:18:42.076] [INFO] [CalibrationManager] Değişiklik kaydedildi:  [ -> 5]
[00:18:42.078] [INFO] [CalibrationManager] Değişiklik kaydedildi:  [ -> 5]
[00:18:42.080] [INFO] [CalibrationManager] Değişiklik kaydedildi:  [ -> 5]
[00:18:42.082] [INFO] [CalibrationManager] Değişiklik kaydedildi:  [ -> 5]
[00:18:42.083] [INFO] [CalibrationManager] Değişiklik kaydedildi:  [ -> 5]
[00:18:42.085] [INFO] [CalibrationManager] Değişiklik kaydedildi:  [ -> 5]
[00:18:42.087] [INFO] [CalibrationManager] Değişiklik kaydedildi:  [ -> 5]
[00:18:42.088] [INFO] [CalibrationManager] Değişiklik kaydedildi:  [ -> 5]
[00:18:42.090] [INFO] [CalibrationManager] Değişiklik kaydedildi:  [ -> 5]
[00:18:42.091] [INFO] [CalibrationManager] Değişiklik kaydedildi:  [ -> 5]
[00:18:42.093] [INFO] [CalibrationManager] Değişiklik kaydedildi:  [ -> 5]
[00:18:42.094] [INFO] [CalibrationManager] Değişiklik kaydedildi:  [ -> 5]
[00:18:42.096] [INFO] [CalibrationManager] Değişiklik kaydedildi:  [ -> 5]
[00:18:42.098] [INFO] [CalibrationManager] Değişiklik kaydedildi:  [ -> 5]
[00:18:42.099] [INFO] [CalibrationManager] Değişiklik kaydedildi:  [ -> 5]
[00:18:42.101] [INFO] [CalibrationManager] Değişiklik kaydedildi:  [ -> 5]
[00:18:42.102] [INFO] [CalibrationManager] Değişiklik kaydedildi:  [ -> 5]
[00:18:42.104] [INFO] [CalibrationManager] Değişiklik kaydedildi:  [ -> 5]
[00:18:42.105] [INFO] [CalibrationManager] Değişiklik kaydedildi:  [ -> 5]
[00:18:42.108] [INFO] [CalibrationManager] Değişiklik kaydedildi:  [ -> 5]
[00:18:42.109] [INFO] [CalibrationManager] Değişiklik kaydedildi:  [ -> 5]
[00:18:42.111] [INFO] [CalibrationManager] Değişiklik kaydedildi:  [ -> 5]
[00:18:42.112] [INFO] [CalibrationManager] Değişiklik kaydedildi:  [ -> 5]
[00:18:42.114] [INFO] [CalibrationManager] Değişiklik kaydedildi:  [ -> 5]
[00:18:42.116] [INFO] [CalibrationManager] Değişiklik kaydedildi:  [ -> 5]
[00:18:42.117] [INFO] [CalibrationManager] Değişiklik kaydedildi:  [ -> 5]
[00:18:42.119] [INFO] [CalibrationManager] Değişiklik kaydedildi:  [ -> 5]
[00:18:42.121] [INFO] [CalibrationManager] Değişiklik kaydedildi:  [ -> 5]
[00:18:42.122] [INFO] [CalibrationManager] Değişiklik kaydedildi:  [ -> 5]
[00:18:42.124] [INFO] [CalibrationManager] Değişiklik kaydedildi:  [ -> 5]
[00:18:42.126] [INFO] [CalibrationManager] Değişiklik kaydedildi:  [ -> 5]
[00:18:42.127] [INFO] [CalibrationManager] Değişiklik kaydedildi:  [ -> 5]
[00:18:42.129] [INFO] [CalibrationManager] Değişiklik kaydedildi:  [ -> 5]
[00:18:42.130] [INFO] [CalibrationManager] Değişiklik kaydedildi:  [ -> 5]
[00:18:42.132] [INFO] [CalibrationManager] Değişiklik kaydedildi:  [ -> 5]
[00:18:42.133] [INFO] [CalibrationManager] Değişiklik kaydedildi:  [ -> 5]
[00:18:42.135] [INFO] [CalibrationManager] Değişiklik kaydedildi:  [ -> 5]
[00:18:42.138] [INFO] [CalibrationManager] Değişiklik kaydedildi:  [ -> 5]
[00:18:42.139] [INFO] [CalibrationManager] Değişiklik kaydedildi:  [ -> 5]
[00:18:42.141] [INFO] [CalibrationManager] Değişiklik kaydedildi:  [ -> 5]
[00:18:42.142] [INFO] [CalibrationManager] Değişiklik kaydedildi:  [ -> 5]
[00:18:42.144] [INFO] [CalibrationManager] Değişiklik kaydedildi:  [ -> 5]
[00:18:42.145] [INFO] [CalibrationManager] Değişiklik kaydedildi:  [ -> 5]
[00:18:42.147] [INFO] [CalibrationManager] Değişiklik kaydedildi:  [ -> 5]
[00:18:42.149] [INFO] [CalibrationManager] Değişiklik kaydedildi:  [ -> 5]
[00:18:42.150] [INFO] [CalibrationManager] Değişiklik kaydedildi:  [ -> 5]
[00:18:42.152] [INFO] [CalibrationManager] Değişiklik kaydedildi:  [ -> 5]
[00:18:42.153] [INFO] [CalibrationManager] Değişiklik kaydedildi:  [ -> 5]
[00:18:42.155] [INFO] [CalibrationManager] Değişiklik kaydedildi:  [ -> 5]
[00:18:42.157] [INFO] [CalibrationManager] Değişiklik kaydedildi:  [ -> 5]
[00:18:42.158] [INFO] [CalibrationManager] Değişiklik kaydedildi:  [ -> 5]
[00:18:42.160] [INFO] [CalibrationManager] Değişiklik kaydedildi:  [ -> 5]
[00:18:42.162] [INFO] [CalibrationManager] Değişiklik kaydedildi:  [ -> 5]
[00:18:42.164] [INFO] [CalibrationManager] Değişiklik kaydedildi:  [ -> 5]
[00:18:42.167] [INFO] [CalibrationManager] Değişiklik kaydedildi:  [ -> 5]
[00:18:42.169] [INFO] [CalibrationManager] Değişiklik kaydedildi:  [ -> 5]
[00:18:42.170] [INFO] [CalibrationManager] Değişiklik kaydedildi:  [ -> 5]
[00:18:42.172] [INFO] [CalibrationManager] Değişiklik kaydedildi:  [ -> 5]
[00:18:42.173] [INFO] [CalibrationManager] Değişiklik kaydedildi:  [ -> 5]
[00:18:42.175] [INFO] [CalibrationManager] Değişiklik kaydedildi:  [ -> 5]
[00:18:42.176] [INFO] [CalibrationManager] Değişiklik kaydedildi:  [ -> 5]
[00:18:42.178] [INFO] [CalibrationManager] Değişiklik kaydedildi:  [ -> 5]
[00:18:42.179] [INFO] [CalibrationManager] Değişiklik kaydedildi:  [ -> 5]
[00:18:42.181] [INFO] [CalibrationManager] Değişiklik kaydedildi:  [ -> 5]
[00:18:42.182] [INFO] [CalibrationManager] Değişiklik kaydedildi:  [ -> 5]
[00:18:42.184] [INFO] [CalibrationManager] Değişiklik kaydedildi:  [ -> 5]
[00:18:42.185] [INFO] [CalibrationManager] Değişiklik kaydedildi:  [ -> 5]
[00:18:42.187] [INFO] [CalibrationManager] Değişiklik kaydedildi:  [ -> 5]
[00:18:42.188] [INFO] [CalibrationManager] Değişiklik kaydedildi:  [ -> 5]
[00:18:42.190] [INFO] [CalibrationManager] Değişiklik kaydedildi:  [ -> 5]
[00:18:42.192] [INFO] [CalibrationManager] Değişiklik kaydedildi:  [ -> 5]
[00:18:42.193] [INFO] [CalibrationManager] Değişiklik kaydedildi:  [ -> 5]
[00:18:42.195] [INFO] [CalibrationManager] Değişiklik kaydedildi:  [ -> 5]
[00:18:42.196] [INFO] [CalibrationManager] Değişiklik kaydedildi:  [ -> 5]
[00:18:42.198] [INFO] [CalibrationManager] Değişiklik kaydedildi:  [ -> 5]
[00:18:42.199] [INFO] [CalibrationManager] Değişiklik kaydedildi:  [ -> 5]
[00:18:42.201] [INFO] [CalibrationManager] Değişiklik kaydedildi:  [ -> 5]
[00:18:42.202] [INFO] [CalibrationManager] Değişiklik kaydedildi:  [ -> 5]
[00:18:42.204] [INFO] [CalibrationManager] Değişiklik kaydedildi:  [ -> 5]
[00:18:42.205] [INFO] [CalibrationManager] Değişiklik kaydedildi:  [ -> 5]
[00:18:42.207] [INFO] [CalibrationManager] Değişiklik kaydedildi:  [ -> 5]
[00:18:42.209] [INFO] [CalibrationManager] Değişiklik kaydedildi:  [ -> 5]
[00:18:42.625] [INFO] [RtpCalibrationEngine] Connecting to RTP emulator...
[00:18:42.625] [INFO] [RtpCalibrationEngine] RTP emulator connected successfully.
[00:18:42.625] [INFO] [RtpCalibrationEngine] Real-time synchronization active.
[00:18:42.625] [INFO] [RtpCalibrationEngine] Connecting to RTP emulator...
[00:18:42.626] [INFO] [RtpCalibrationEngine] RTP emulator connected successfully.
[00:18:42.626] [INFO] [RtpCalibrationEngine] Real-time synchronization active.
[00:18:42.628] [INFO] [CalibrationManager] Değişiklik kaydedildi:  [ -> 55]
[00:18:42.702] [ERROR] [RtpCalibrationEngine] Batch write execution failed: Batch block verification write failed: Simulated block write exception
[00:18:42.830] [INFO] [RtpCalibrationEngine] Connecting to RTP emulator...
[00:18:42.830] [INFO] [RtpCalibrationEngine] RTP emulator connected successfully.
[00:18:42.831] [INFO] [RtpCalibrationEngine] Real-time synchronization active.
[00:18:42.833] [INFO] [CalibrationManager] Değişiklik kaydedildi:  [ -> 88]
[00:18:42.905] [ERROR] [RtpCalibrationEngine] Batch write execution failed: Batch block verification write failed: Batch block verify mismatch at relative index 0. Expected: 88, Actual: 167
[00:18:43.036] [INFO] [RtpCalibrationEngine] Connecting to RTP emulator...
[00:18:43.036] [INFO] [RtpCalibrationEngine] RTP emulator connected successfully.
[00:18:43.036] [INFO] [RtpCalibrationEngine] Real-time synchronization active.
[00:18:43.039] [INFO] [CalibrationManager] Değişiklik kaydedildi:  [ -> 22]
[00:18:43.147] [INFO] [CalibrationManager] Değişiklik kaydedildi:  [ -> 22]
[00:18:43.261] [INFO] [CalibrationManager] Değişiklik kaydedildi:  [ -> 0]
[00:18:43.268] [INFO] [CalibrationManager] Değişiklik kaydedildi:  [ -> 1]
[00:18:43.277] [INFO] [CalibrationManager] Değişiklik kaydedildi:  [ -> 2]
[00:18:43.284] [INFO] [CalibrationManager] Değişiklik kaydedildi:  [ -> 3]
[00:18:43.290] [INFO] [CalibrationManager] Değişiklik kaydedildi:  [ -> 4]
[00:18:43.297] [INFO] [CalibrationManager] Değişiklik kaydedildi:  [ -> 5]
[00:18:43.303] [INFO] [CalibrationManager] Değişiklik kaydedildi:  [ -> 6]
[00:18:43.307] [INFO] [CalibrationManager] Değişiklik kaydedildi:  [ -> 0]
[00:18:43.314] [INFO] [CalibrationManager] Değişiklik kaydedildi:  [ -> 1]
[00:18:43.322] [INFO] [CalibrationManager] Değişiklik kaydedildi:  [ -> 2]
[00:18:43.331] [INFO] [CalibrationManager] Değişiklik kaydedildi:  [ -> 3]
[00:18:43.340] [INFO] [CalibrationManager] Değişiklik kaydedildi:  [ -> 4]
[00:18:43.347] [INFO] [CalibrationManager] Değişiklik kaydedildi:  [ -> 5]
[00:18:43.354] [INFO] [CalibrationManager] Değişiklik kaydedildi:  [ -> 6]
[00:18:43.359] [INFO] [CalibrationManager] Değişiklik kaydedildi:  [ -> 0]
[00:18:43.368] [INFO] [CalibrationManager] Değişiklik kaydedildi:  [ -> 1]
[00:18:43.370] [INFO] [CalibrationManager] Değişiklik kaydedildi:  [ -> 2]
[00:18:43.378] [INFO] [CalibrationManager] Değişiklik kaydedildi:  [ -> 3]
[00:18:43.387] [INFO] [CalibrationManager] Değişiklik kaydedildi:  [ -> 4]
[00:18:43.497] [INFO] [CalibrationManager] Değişiklik kaydedildi:  [ -> 5]
[00:18:43.608] [INFO] [CalibrationManager] Değişiklik kaydedildi:  [ -> 6]
[00:18:43.610] [ERROR] [RtpCalibrationEngine] RTP Configuration validation failed: Retry count must be between 0 and 10. (Parameter 'RetryCount')
[00:18:43.612] [INFO] [RtpCalibrationEngine] Recovered 1 pending changes from persistent queue on disk.
[00:18:43.627] [INFO] [RtpCalibrationEngine] Connecting to RTP emulator...
[00:18:43.628] [INFO] [RtpCalibrationEngine] RTP emulator connected successfully.
[00:18:43.628] [INFO] [RtpCalibrationEngine] Real-time synchronization active.
[00:18:43.637] [INFO] [AutoTuneSafetyManager] Güvenlik limitleri yüklendi. Etkin kural sayısı: 4
[00:18:43.637] [INFO] [AutoTuneEventPublisher] Domain olayı yayınlandı: SessionCreated (Oturum: 13907cda-97fa-49de-9c35-1e6204529e3f)
[00:18:43.637] [INFO] [AutoTuneEngine] Oturum başarıyla başlatıldı: 13907cda-97fa-49de-9c35-1e6204529e3f
[00:18:43.768] [INFO] [AutoTuneEventPublisher] Domain olayı yayınlandı: TelemetryWindowAccepted (Oturum: 13907cda-97fa-49de-9c35-1e6204529e3f)
[00:18:43.769] [INFO] [AutoTuneEventPublisher] Domain olayı yayınlandı: SafetyViolation (Oturum: 13907cda-97fa-49de-9c35-1e6204529e3f)
[00:18:43.769] [INFO] [AutoTuneEventPublisher] Domain olayı yayınlandı: DecisionCreated (Oturum: 13907cda-97fa-49de-9c35-1e6204529e3f)
[00:18:43.770] [INFO] [CalibrationSnapshotManager] Snapshot oluşturuldu: 8951b399-e3c8-4ab0-a699-c7298734624b, Hücre sayısı: 1
[00:18:43.771] [INFO] [CalibrationRecoveryManager] Bekleyen işlem kaydedildi: da6cfa2a-6825-4510-ac6e-ac1789e48f36
[00:18:43.773] [INFO] [CalibrationManager] Değişiklik kaydedildi: AFRTargetTable Hücre [3,4] [0 -> 15]
[00:18:43.774] [INFO] [CalibrationRecoveryManager] Bekleyen işlem temizlendi (başarılı commit).
[00:18:43.774] [INFO] [CalibrationStreamPublisher] Uygulanan değişiklik yayınlandı: Lambda adres: AFRTargetTable[3,4]
[00:18:43.774] [INFO] [AutoTuneEventPublisher] Domain olayı yayınlandı: MapChangeApplied (Oturum: 13907cda-97fa-49de-9c35-1e6204529e3f)
[00:18:43.775] [INFO] [AutoTuneEventPublisher] Domain olayı yayınlandı: DecisionCreated (Oturum: 13907cda-97fa-49de-9c35-1e6204529e3f)
[00:18:43.775] [INFO] [CalibrationSnapshotManager] Snapshot oluşturuldu: 8c2bc1e4-8821-4ebb-a812-935baddfc977, Hücre sayısı: 1
[00:18:43.776] [INFO] [CalibrationRecoveryManager] Bekleyen işlem kaydedildi: e7d1388c-ac1d-4b38-bbb5-026419f10524
[00:18:43.778] [INFO] [CalibrationManager] Değişiklik kaydedildi: IgnitionTable Hücre [3,4] [15 -> 16]
[00:18:43.779] [INFO] [CalibrationRecoveryManager] Bekleyen işlem temizlendi (başarılı commit).
[00:18:43.779] [INFO] [CalibrationStreamPublisher] Uygulanan değişiklik yayınlandı: Ignition adres: IgnitionTable[3,4]
[00:18:43.779] [INFO] [AutoTuneEventPublisher] Domain olayı yayınlandı: MapChangeApplied (Oturum: 13907cda-97fa-49de-9c35-1e6204529e3f)
[00:18:43.779] [INFO] [AutoTuneEventPublisher] Domain olayı yayınlandı: DecisionCreated (Oturum: 13907cda-97fa-49de-9c35-1e6204529e3f)
[00:18:43.779] [INFO] [CalibrationSnapshotManager] Snapshot oluşturuldu: 76e1a8e9-d284-48e5-b5df-4f1d774bcfa5, Hücre sayısı: 1
[00:18:43.780] [INFO] [CalibrationRecoveryManager] Bekleyen işlem kaydedildi: 974412e3-12f2-40f9-8938-a728b33cc1ad
[00:18:43.782] [INFO] [CalibrationManager] Değişiklik kaydedildi: FuelVETable Hücre [3,4] [16 -> 60]
[00:18:43.783] [INFO] [CalibrationRecoveryManager] Bekleyen işlem temizlendi (başarılı commit).
[00:18:43.783] [INFO] [CalibrationStreamPublisher] Uygulanan değişiklik yayınlandı: VE adres: FuelVETable[3,4]
[00:18:43.783] [INFO] [AutoTuneEventPublisher] Domain olayı yayınlandı: MapChangeApplied (Oturum: 13907cda-97fa-49de-9c35-1e6204529e3f)
[00:18:43.795] [INFO] [AutoTuneEventPublisher] Domain olayı yayınlandı: TelemetryWindowAccepted (Oturum: 13907cda-97fa-49de-9c35-1e6204529e3f)
[00:18:43.795] [INFO] [AutoTuneEventPublisher] Domain olayı yayınlandı: SafetyViolation (Oturum: 13907cda-97fa-49de-9c35-1e6204529e3f)
[00:18:43.795] [INFO] [AutoTuneEventPublisher] Domain olayı yayınlandı: DecisionCreated (Oturum: 13907cda-97fa-49de-9c35-1e6204529e3f)
[00:18:43.795] [INFO] [CalibrationSnapshotManager] Snapshot oluşturuldu: 2929e065-199e-4c8f-a6ae-6cf102cb7ce0, Hücre sayısı: 1
[00:18:43.797] [INFO] [CalibrationRecoveryManager] Bekleyen işlem kaydedildi: a52784fd-2106-492c-a086-d48f05a66a64
[00:18:43.799] [INFO] [CalibrationManager] Değişiklik kaydedildi: AFRTargetTable Hücre [3,4] [60 -> 15]
[00:18:43.799] [INFO] [CalibrationRecoveryManager] Bekleyen işlem temizlendi (başarılı commit).
[00:18:43.800] [INFO] [CalibrationStreamPublisher] Uygulanan değişiklik yayınlandı: Lambda adres: AFRTargetTable[3,4]
[00:18:43.800] [INFO] [AutoTuneEventPublisher] Domain olayı yayınlandı: MapChangeApplied (Oturum: 13907cda-97fa-49de-9c35-1e6204529e3f)
[00:18:43.800] [INFO] [AutoTuneEventPublisher] Domain olayı yayınlandı: DecisionCreated (Oturum: 13907cda-97fa-49de-9c35-1e6204529e3f)
[00:18:43.800] [INFO] [CalibrationSnapshotManager] Snapshot oluşturuldu: ff193464-6930-4668-b9f0-e6847025f1eb, Hücre sayısı: 1
[00:18:43.801] [INFO] [CalibrationRecoveryManager] Bekleyen işlem kaydedildi: 0ee2d085-11fe-49c6-822c-7d826c7119e9
[00:18:43.803] [INFO] [CalibrationManager] Değişiklik kaydedildi: IgnitionTable Hücre [3,4] [15 -> 16]
[00:18:43.804] [INFO] [CalibrationRecoveryManager] Bekleyen işlem temizlendi (başarılı commit).
[00:18:43.804] [INFO] [CalibrationStreamPublisher] Uygulanan değişiklik yayınlandı: Ignition adres: IgnitionTable[3,4]
[00:18:43.804] [INFO] [AutoTuneEventPublisher] Domain olayı yayınlandı: MapChangeApplied (Oturum: 13907cda-97fa-49de-9c35-1e6204529e3f)
[00:18:43.804] [INFO] [AutoTuneEventPublisher] Domain olayı yayınlandı: DecisionCreated (Oturum: 13907cda-97fa-49de-9c35-1e6204529e3f)
[00:18:43.804] [INFO] [CalibrationSnapshotManager] Snapshot oluşturuldu: ef19eb43-4645-467c-9dd6-9f514f926a44, Hücre sayısı: 1
[00:18:43.805] [INFO] [CalibrationRecoveryManager] Bekleyen işlem kaydedildi: a0f69f25-4a47-4b4d-92d5-360283ad1e9d
[00:18:43.807] [INFO] [CalibrationManager] Değişiklik kaydedildi: FuelVETable Hücre [3,4] [16 -> 60]
[00:18:43.808] [INFO] [CalibrationRecoveryManager] Bekleyen işlem temizlendi (başarılı commit).
[00:18:43.808] [INFO] [CalibrationStreamPublisher] Uygulanan değişiklik yayınlandı: VE adres: FuelVETable[3,4]
[00:18:43.808] [INFO] [AutoTuneEventPublisher] Domain olayı yayınlandı: MapChangeApplied (Oturum: 13907cda-97fa-49de-9c35-1e6204529e3f)
[00:18:43.819] [INFO] [AutoTuneEventPublisher] Domain olayı yayınlandı: TelemetryWindowAccepted (Oturum: 13907cda-97fa-49de-9c35-1e6204529e3f)
[00:18:43.819] [INFO] [AutoTuneEventPublisher] Domain olayı yayınlandı: SafetyViolation (Oturum: 13907cda-97fa-49de-9c35-1e6204529e3f)
[00:18:43.819] [INFO] [AutoTuneEventPublisher] Domain olayı yayınlandı: DecisionCreated (Oturum: 13907cda-97fa-49de-9c35-1e6204529e3f)
[00:18:43.819] [INFO] [CalibrationSnapshotManager] Snapshot oluşturuldu: 0f017f16-9cf7-4829-ba37-7988e106e28e, Hücre sayısı: 1
[00:18:43.820] [INFO] [CalibrationRecoveryManager] Bekleyen işlem kaydedildi: fb20caf7-ee5e-4023-b044-ecfaa16d79a1
[00:18:43.822] [INFO] [CalibrationManager] Değişiklik kaydedildi: AFRTargetTable Hücre [3,4] [60 -> 15]
[00:18:43.823] [INFO] [CalibrationRecoveryManager] Bekleyen işlem temizlendi (başarılı commit).
[00:18:43.823] [INFO] [CalibrationStreamPublisher] Uygulanan değişiklik yayınlandı: Lambda adres: AFRTargetTable[3,4]
[00:18:43.823] [INFO] [AutoTuneEventPublisher] Domain olayı yayınlandı: MapChangeApplied (Oturum: 13907cda-97fa-49de-9c35-1e6204529e3f)
[00:18:43.823] [INFO] [AutoTuneEventPublisher] Domain olayı yayınlandı: DecisionCreated (Oturum: 13907cda-97fa-49de-9c35-1e6204529e3f)
[00:18:43.824] [INFO] [CalibrationSnapshotManager] Snapshot oluşturuldu: a1bd98e7-8fa1-499d-9a95-d9d7f79496e0, Hücre sayısı: 1
[00:18:43.825] [INFO] [CalibrationRecoveryManager] Bekleyen işlem kaydedildi: f84eae13-7edd-4222-89b8-ea20b76124d4
[00:18:43.826] [INFO] [CalibrationManager] Değişiklik kaydedildi: IgnitionTable Hücre [3,4] [15 -> 16]
[00:18:43.827] [INFO] [CalibrationRecoveryManager] Bekleyen işlem temizlendi (başarılı commit).
[00:18:43.827] [INFO] [CalibrationStreamPublisher] Uygulanan değişiklik yayınlandı: Ignition adres: IgnitionTable[3,4]
[00:18:43.827] [INFO] [AutoTuneEventPublisher] Domain olayı yayınlandı: MapChangeApplied (Oturum: 13907cda-97fa-49de-9c35-1e6204529e3f)
[00:18:43.828] [INFO] [AutoTuneEventPublisher] Domain olayı yayınlandı: DecisionCreated (Oturum: 13907cda-97fa-49de-9c35-1e6204529e3f)
[00:18:43.828] [INFO] [CalibrationSnapshotManager] Snapshot oluşturuldu: 10c44a3c-fdd8-4d13-b10a-83683bfd86ef, Hücre sayısı: 1
[00:18:43.829] [INFO] [CalibrationRecoveryManager] Bekleyen işlem kaydedildi: 69c62fc0-968a-4f4d-9e9d-e9348e8107bd
[00:18:43.831] [INFO] [CalibrationManager] Değişiklik kaydedildi: FuelVETable Hücre [3,4] [16 -> 60]
[00:18:43.832] [INFO] [CalibrationRecoveryManager] Bekleyen işlem temizlendi (başarılı commit).
[00:18:43.832] [INFO] [CalibrationStreamPublisher] Uygulanan değişiklik yayınlandı: VE adres: FuelVETable[3,4]
[00:18:43.832] [INFO] [AutoTuneEventPublisher] Domain olayı yayınlandı: MapChangeApplied (Oturum: 13907cda-97fa-49de-9c35-1e6204529e3f)
[00:18:43.846] [INFO] [AutoTuneEventPublisher] Domain olayı yayınlandı: TelemetryWindowAccepted (Oturum: 13907cda-97fa-49de-9c35-1e6204529e3f)
[00:18:43.846] [INFO] [AutoTuneEventPublisher] Domain olayı yayınlandı: SafetyViolation (Oturum: 13907cda-97fa-49de-9c35-1e6204529e3f)
[00:18:43.847] [INFO] [AutoTuneEventPublisher] Domain olayı yayınlandı: DecisionCreated (Oturum: 13907cda-97fa-49de-9c35-1e6204529e3f)
[00:18:43.847] [INFO] [CalibrationSnapshotManager] Snapshot oluşturuldu: 68aa435c-e85c-4a9b-8e75-f3929044ebf1, Hücre sayısı: 1
[00:18:43.848] [INFO] [CalibrationRecoveryManager] Bekleyen işlem kaydedildi: 3357e025-13b7-455b-af0c-7d98e10ef7f5
[00:18:43.851] [INFO] [CalibrationManager] Değişiklik kaydedildi: AFRTargetTable Hücre [3,4] [60 -> 15]
[00:18:43.852] [INFO] [CalibrationRecoveryManager] Bekleyen işlem temizlendi (başarılı commit).
[00:18:43.852] [INFO] [CalibrationStreamPublisher] Uygulanan değişiklik yayınlandı: Lambda adres: AFRTargetTable[3,4]
[00:18:43.852] [INFO] [AutoTuneEventPublisher] Domain olayı yayınlandı: MapChangeApplied (Oturum: 13907cda-97fa-49de-9c35-1e6204529e3f)
[00:18:43.853] [INFO] [AutoTuneEventPublisher] Domain olayı yayınlandı: DecisionCreated (Oturum: 13907cda-97fa-49de-9c35-1e6204529e3f)
[00:18:43.853] [INFO] [CalibrationSnapshotManager] Snapshot oluşturuldu: b656f4d4-c81b-45e7-b399-b303345b6deb, Hücre sayısı: 1
[00:18:43.854] [INFO] [CalibrationRecoveryManager] Bekleyen işlem kaydedildi: 15189319-fc64-408f-97c8-b42695802b80
[00:18:43.856] [INFO] [CalibrationManager] Değişiklik kaydedildi: IgnitionTable Hücre [3,4] [15 -> 16]
[00:18:43.856] [INFO] [CalibrationRecoveryManager] Bekleyen işlem temizlendi (başarılı commit).
[00:18:43.857] [INFO] [CalibrationStreamPublisher] Uygulanan değişiklik yayınlandı: Ignition adres: IgnitionTable[3,4]
[00:18:43.857] [INFO] [AutoTuneEventPublisher] Domain olayı yayınlandı: MapChangeApplied (Oturum: 13907cda-97fa-49de-9c35-1e6204529e3f)
[00:18:43.857] [INFO] [AutoTuneEventPublisher] Domain olayı yayınlandı: DecisionCreated (Oturum: 13907cda-97fa-49de-9c35-1e6204529e3f)
[00:18:43.857] [INFO] [CalibrationSnapshotManager] Snapshot oluşturuldu: 48257552-7bd5-4ded-86d3-e852812ee2ab, Hücre sayısı: 1
[00:18:43.858] [INFO] [CalibrationRecoveryManager] Bekleyen işlem kaydedildi: 727656d3-0f82-47ae-b075-7c4192d901c1
[00:18:43.860] [INFO] [CalibrationManager] Değişiklik kaydedildi: FuelVETable Hücre [3,4] [16 -> 60]
[00:18:43.861] [INFO] [CalibrationRecoveryManager] Bekleyen işlem temizlendi (başarılı commit).
[00:18:43.861] [INFO] [CalibrationStreamPublisher] Uygulanan değişiklik yayınlandı: VE adres: FuelVETable[3,4]
[00:18:43.861] [INFO] [AutoTuneEventPublisher] Domain olayı yayınlandı: MapChangeApplied (Oturum: 13907cda-97fa-49de-9c35-1e6204529e3f)
[00:18:43.877] [INFO] [AutoTuneEventPublisher] Domain olayı yayınlandı: TelemetryWindowAccepted (Oturum: 13907cda-97fa-49de-9c35-1e6204529e3f)
[00:18:43.877] [INFO] [AutoTuneEventPublisher] Domain olayı yayınlandı: SafetyViolation (Oturum: 13907cda-97fa-49de-9c35-1e6204529e3f)
[00:18:43.877] [INFO] [AutoTuneEventPublisher] Domain olayı yayınlandı: DecisionCreated (Oturum: 13907cda-97fa-49de-9c35-1e6204529e3f)
[00:18:43.877] [INFO] [CalibrationSnapshotManager] Snapshot oluşturuldu: cc53a67b-e297-425f-a2dd-739fc09ada90, Hücre sayısı: 1
[00:18:43.879] [INFO] [CalibrationRecoveryManager] Bekleyen işlem kaydedildi: 2d40dc44-56ca-49c8-b8fe-81f658537f7d
[00:18:43.881] [INFO] [CalibrationManager] Değişiklik kaydedildi: AFRTargetTable Hücre [3,4] [60 -> 15]
[00:18:43.881] [INFO] [CalibrationRecoveryManager] Bekleyen işlem temizlendi (başarılı commit).
[00:18:43.881] [INFO] [CalibrationStreamPublisher] Uygulanan değişiklik yayınlandı: Lambda adres: AFRTargetTable[3,4]
[00:18:43.882] [INFO] [AutoTuneEventPublisher] Domain olayı yayınlandı: MapChangeApplied (Oturum: 13907cda-97fa-49de-9c35-1e6204529e3f)
[00:18:43.882] [INFO] [AutoTuneEventPublisher] Domain olayı yayınlandı: DecisionCreated (Oturum: 13907cda-97fa-49de-9c35-1e6204529e3f)
[00:18:43.882] [INFO] [CalibrationSnapshotManager] Snapshot oluşturuldu: 9114382e-de98-43f1-ac29-0b4b1cffcf1e, Hücre sayısı: 1
[00:18:43.883] [INFO] [CalibrationRecoveryManager] Bekleyen işlem kaydedildi: dcf21e42-91b1-41ac-947a-064354e50714
[00:18:43.884] [INFO] [CalibrationManager] Değişiklik kaydedildi: IgnitionTable Hücre [3,4] [15 -> 16]
[00:18:43.885] [INFO] [CalibrationRecoveryManager] Bekleyen işlem temizlendi (başarılı commit).
[00:18:43.885] [INFO] [CalibrationStreamPublisher] Uygulanan değişiklik yayınlandı: Ignition adres: IgnitionTable[3,4]
[00:18:43.886] [INFO] [AutoTuneEventPublisher] Domain olayı yayınlandı: MapChangeApplied (Oturum: 13907cda-97fa-49de-9c35-1e6204529e3f)
[00:18:43.886] [INFO] [AutoTuneEventPublisher] Domain olayı yayınlandı: DecisionCreated (Oturum: 13907cda-97fa-49de-9c35-1e6204529e3f)
[00:18:43.886] [INFO] [CalibrationSnapshotManager] Snapshot oluşturuldu: 78910bf5-4969-430e-b7cd-554af2935831, Hücre sayısı: 1
[00:18:43.887] [INFO] [CalibrationRecoveryManager] Bekleyen işlem kaydedildi: e9ceb77b-7dd6-45ef-92df-652c4e7d246c
[00:18:43.888] [INFO] [CalibrationManager] Değişiklik kaydedildi: FuelVETable Hücre [3,4] [16 -> 60]
[00:18:43.889] [INFO] [CalibrationRecoveryManager] Bekleyen işlem temizlendi (başarılı commit).
[00:18:43.889] [INFO] [CalibrationStreamPublisher] Uygulanan değişiklik yayınlandı: VE adres: FuelVETable[3,4]
[00:18:43.890] [INFO] [AutoTuneEventPublisher] Domain olayı yayınlandı: MapChangeApplied (Oturum: 13907cda-97fa-49de-9c35-1e6204529e3f)
[00:18:43.902] [INFO] [AutoTuneEventPublisher] Domain olayı yayınlandı: TelemetryWindowAccepted (Oturum: 13907cda-97fa-49de-9c35-1e6204529e3f)
[00:18:43.902] [INFO] [AutoTuneEventPublisher] Domain olayı yayınlandı: SafetyViolation (Oturum: 13907cda-97fa-49de-9c35-1e6204529e3f)
[00:18:43.902] [INFO] [AutoTuneEventPublisher] Domain olayı yayınlandı: DecisionCreated (Oturum: 13907cda-97fa-49de-9c35-1e6204529e3f)
[00:18:43.902] [INFO] [CalibrationSnapshotManager] Snapshot oluşturuldu: 57c57e5c-492b-4d30-9904-2271fcb4a216, Hücre sayısı: 1
[00:18:43.904] [INFO] [CalibrationRecoveryManager] Bekleyen işlem kaydedildi: 7506d12d-881c-42ef-9f09-d4efe3913612
[00:18:43.905] [INFO] [CalibrationManager] Değişiklik kaydedildi: AFRTargetTable Hücre [3,4] [60 -> 15]
[00:18:43.906] [INFO] [CalibrationRecoveryManager] Bekleyen işlem temizlendi (başarılı commit).
[00:18:43.906] [INFO] [CalibrationStreamPublisher] Uygulanan değişiklik yayınlandı: Lambda adres: AFRTargetTable[3,4]
[00:18:43.906] [INFO] [AutoTuneEventPublisher] Domain olayı yayınlandı: MapChangeApplied (Oturum: 13907cda-97fa-49de-9c35-1e6204529e3f)
[00:18:43.906] [INFO] [AutoTuneEventPublisher] Domain olayı yayınlandı: DecisionCreated (Oturum: 13907cda-97fa-49de-9c35-1e6204529e3f)
[00:18:43.907] [INFO] [CalibrationSnapshotManager] Snapshot oluşturuldu: b5ee368f-3140-4f06-9325-30f8d00150df, Hücre sayısı: 1
[00:18:43.908] [INFO] [CalibrationRecoveryManager] Bekleyen işlem kaydedildi: 9aa301a7-36cc-477b-aec7-d26206f0c8d8
[00:18:43.909] [INFO] [CalibrationManager] Değişiklik kaydedildi: IgnitionTable Hücre [3,4] [15 -> 16]
[00:18:43.910] [INFO] [CalibrationRecoveryManager] Bekleyen işlem temizlendi (başarılı commit).
[00:18:43.910] [INFO] [CalibrationStreamPublisher] Uygulanan değişiklik yayınlandı: Ignition adres: IgnitionTable[3,4]
[00:18:43.910] [INFO] [AutoTuneEventPublisher] Domain olayı yayınlandı: MapChangeApplied (Oturum: 13907cda-97fa-49de-9c35-1e6204529e3f)
[00:18:43.911] [INFO] [AutoTuneEventPublisher] Domain olayı yayınlandı: DecisionCreated (Oturum: 13907cda-97fa-49de-9c35-1e6204529e3f)
[00:18:43.911] [INFO] [CalibrationSnapshotManager] Snapshot oluşturuldu: fe47e0d2-953e-4a41-93ad-17b756a086b6, Hücre sayısı: 1
[00:18:43.912] [INFO] [CalibrationRecoveryManager] Bekleyen işlem kaydedildi: fbd7e2ab-b130-46cf-b875-0617f652db0f
[00:18:43.913] [INFO] [CalibrationManager] Değişiklik kaydedildi: FuelVETable Hücre [3,4] [16 -> 60]
[00:18:43.914] [INFO] [CalibrationRecoveryManager] Bekleyen işlem temizlendi (başarılı commit).
[00:18:43.914] [INFO] [CalibrationStreamPublisher] Uygulanan değişiklik yayınlandı: VE adres: FuelVETable[3,4]
[00:18:43.915] [INFO] [AutoTuneEventPublisher] Domain olayı yayınlandı: MapChangeApplied (Oturum: 13907cda-97fa-49de-9c35-1e6204529e3f)
[00:18:44.237] [INFO] [AutoTuneEventPublisher] Domain olayı yayınlandı: SessionStopped (Oturum: 13907cda-97fa-49de-9c35-1e6204529e3f)
[00:18:44.238] [INFO] [TestHarness] Test tamamlandÄ±: 93 geÃ§ti, 9 kaldÄ±
[00:18:44.239] [WARNING] [RomIdentifier] ROM imzası hiçbir ECU profiliyle eşleşmedi.
[00:18:44.239] [INFO] [Program] Test sonuçları:
â•â•â•â•â•â•â•â•â•â•â•â•â•â•â•â•â•â•â•â•â•â•â•â•â•â•â•â•â•â•â•â•â•â•â•â•â•â•â•â•â•â•â•â•â•â•â•
  HONDATUNER â€” OTOMATÄ°K TEST SÃœÄ°TÄ°
â•â•â•â•â•â•â•â•â•â•â•â•â•â•â•â•â•â•â•â•â•â•â•â•â•â•â•â•â•â•â•â•â•â•â•â•â•â•â•â•â•â•â•â•â•â•â•

â”€â”€ ROM Testleri â”€â”€â”€â”€â”€â”€â”€â”€â”€â”€â”€â”€â”€â”€â”€â”€â”€â”€â”€â”€â”€â”€â”€â”€â”€â”€â”€â”€â”€â”€
  âœ… ROM Identifier â€” 32KB boÅŸ ROM tanÄ±ma
  âœ… ROM Identifier â€” yanlÄ±ÅŸ boyut reddi
  âœ… ROM Patch â€” doÄŸrulama ve uygulama
  âœ… ROM Patch â€” rollback geri yÃ¼kleme

â”€â”€ Kalibrasyon Testleri â”€â”€â”€â”€â”€â”€â”€â”€â”€â”€â”€â”€â”€â”€â”€â”€â”€â”€â”€â”€â”€â”€â”€
  âœ… Injector Scaling â€” 240â†’440cc
  âœ… Injector Scaling â€” clamp to 255
  âœ… Calibration Engine â€” Commit applies value to ROM buffer
  âœ… Calibration Engine â€” Rollback restores original values in ROM buffer
  âœ… Calibration Engine â€” Undo and Redo states are fully synchronized
  âœ… Calibration Engine â€” Safety validator rejects OOR Rev Limit changes

â”€â”€ Faz 4: Map Engine & Interpolation Testleri â”€â”€
  âœ… Map Engine â€” Cell write and read accuracy
  âœ… Map Engine â€” Scale factors conversion logic
  âœ… Map Engine â€” Invalid offset out-of-range bounds check
  âœ… Map Engine â€” Transaction commits, rollbacks, and Undo/Redo integration
  âœ… Interpolation â€” 4 neighbor bilinear cell weight sum equals exactly 1.0

â”€â”€ AutoTune GÃ¼venlik Testleri â”€â”€â”€â”€â”€â”€â”€â”€â”€â”€â”€â”€â”€â”€â”€â”€â”€
  âœ… AutoTune â€” dÃ¼ÅŸÃ¼k ECT reddi
  âœ… AutoTune â€” dÃ¼ÅŸÃ¼k batarya reddi
  âœ… AutoTune â€” dÃ¼zeltme kÄ±rpma (Â±12%)

── Faz 5: Checksum Engine & Safety Layer Testleri ──
  âœ… Checksum â€” Stock ROM passes validation
  âœ… Checksum â€” Corrupt byte fails validation
  âœ… Checksum â€” Map change updates checksum successfully
  âœ… Checksum â€” VerifyBeforeSave detects bad checksum and returns false
  âœ… Checksum â€” Reloaded ROM checksum is valid
  âœ… Checksum â€” Multiple regions validation is successful

── ROM Patch Engine v2 Testleri ──
  âŒ PatchEngine — Başarılı Yama Uygulama (Hata: Yama tanımları arasında 'LaunchControl' bulunamadı.)
  âŒ PatchEngine — Yanlış ExpectedBytes Koruması (Hata: Yama tanımları arasında 'LaunchControl' bulunamadı.)
  âŒ PatchEngine — Uyumsuz ECU Koruması (Hata: Yama tanımları arasında 'SpeedLimiterPatch' bulunamadı.)
  âŒ PatchEngine — ROM Boyut Limiti Koruması (Hata: Yama tanımları arasında 'LaunchControl' bulunamadı.)
  âŒ PatchEngine — Yamayı Geri Alma (Rollback) (Apply Hata: Yama tanımları arasında 'LaunchControl' bulunamadı.)
  âŒ PatchEngine — İşlem (Transaction) Commit Entegrasyonu (Hata: Yama tanımları arasında 'LaunchControl' bulunamadı.)
  âœ… PatchEngine — İşlem Geri Alma (Transaction Rollback)
  âŒ PatchEngine — Otomatik Checksum Güncelleme (Hata: Yama tanımları arasında 'LaunchControl' bulunamadı.)
  âŒ PatchEngine — Audit Loglama Kontrolü (Hata: logs=LaunchControl:FAILED: Yama tanımları arasında 'LaunchControl' bulunamadı.)
  âŒ PatchEngine — Profil Destekli Yamaları Bulma

── Phase 7: Telemetry & Live Datalog Bus Engine Testleri ──
  âœ… Telemetry - Event Bus Publish & Subscribe
  âœ… Telemetry - Event Bus Metrics Kontrolü
  âœ… Telemetry - Kanalsal Matematiksel Formül Çözümleme
  âœ… Telemetry - Backpressure DropOldest Politikası
  âœ… Telemetry - Backpressure DropNewest Politikası
  âœ… Telemetry - Backpressure BlockPublisher Politikası
  âœ… Telemetry - Yapılandırma Dosya İzleyicisi (Hot Reload)
  âœ… Telemetry - Erişim Kontrolü Yetkilendirme Hiyerarşisi
  âœ… Telemetry - SystemClock Monotonic Ticks
  âœ… Telemetry - HighResolutionClock Performance Ticks
  âœ… Telemetry - ReplayClock Geri Oynatıcı Zaman Akışı
  âœ… Telemetry - Dairesel Bellek (RingBuffer) Kapasite Tanımı
  âœ… Telemetry - RingBuffer Aşımında Overwrite (FIFO Overlay)
  âœ… Telemetry - Moving Average Gürültü Azaltma Filtresi
  âœ… Telemetry - Median (Ortanca) Filtreleme
  âœ… Telemetry - LowPass Üstel Sinyal Yumuşatma
  âœ… Telemetry - HighPass Dalgalanma Odaklı Sinyal Filtresi
  âœ… Telemetry - MockProvider Canlı Veri Akış Simülasyonu
  âœ… Telemetry - Sağlık İzleme (HealthMonitor) Parametreleri
  âœ… Telemetry - HealthMonitor Bağlantı Kaybı Anomali Algılama
  âœ… Telemetry - Analiz Hattı (AnalyzerPipeline) Sıralı Çalışma
  âœ… Telemetry - Engine Profil Geçiş Yönetimi (Street -> Dyno)
  âœ… Telemetry - Engine Canlı Datalogging Yaşam Döngüsü
  âœ… Telemetry - GC Basıncını Azaltan Frame Nesne Havuzu
  âœ… Telemetry - Salt-Okunur (Immutable) Snaphsot Yapısı
  âœ… Telemetry - Multi-Thread Veri Giriş Stress Testi

── Phase 8: AutoTune Closed Loop Engine Testleri ──
  âœ… AutoTune - State transitions (Start, Pause, Resume, Stop) lifecycle verification
  âœ… AutoTune - Confidence score calculation under low deviation is high
  âœ… AutoTune - Confidence score calculation under high deviation is low
  âœ… AutoTune - Stable window filter standard deviation and length checks
  âœ… AutoTune - Config validator rejects JSON with missing target attributes
  âœ… AutoTune - Config validator rejects out of bounds parameter variables
  âœ… AutoTune - ParameterType safety enum structure check
  âœ… AutoTune - Session manager multi session conflict prevention
  âœ… AutoTune - Session manager releases lock and allows new allocation
  âœ… AutoTune - Recovery manager logs interrupt trace successfully to file
  âœ… AutoTune - Recovery manager restores trace and validates details
  âœ… AutoTune - Diff engine returns detailed comparison matrix values
  âœ… AutoTune - CSV Package export contains session identity and values
  âœ… AutoTune - Replay simulator matches telemetry lists deterministically
  âœ… AutoTune - SafetyRuleProvider loads dynamic rules successfully
  âœ… AutoTune - QualityScoreCalculator rates stoichiometric history cleanly near 100
  âœ… AutoTune - Telemetry loss pause and reconnect validation cycle
  âœ… AutoTune - Domain event emitter publishes valid structured transition events
  âœ… AutoTune - Calibration RTP stream publishing streams virtual changes
  âœ… AutoTune - Replay validation checks run determinism bounds
  âœ… AutoTune - Persistence layer correctly serializes state machine records and migrates schema V1 to V2
  âœ… AutoTune - Query service retrieves session lists correctly
  âœ… AutoTune - Command service issues control triggers successfully
  âœ… AutoTune - Hardware checks and SafeMode blocks writing calibrations
  âœ… AutoTune - Cell lock manager acquires, releases and traps conflicts

── Faz 9: RTP Emulator & Real-Time Calibration Engine Testleri ──
  âœ… RTP - Engine correctly registers and resolves from DI ServiceContainer
  âœ… RTP - Connection state machine cycles correctly through all states
  âœ… RTP - Transient write failures trigger automatic retries and recover successfully
  âœ… RTP - Consecutive calibration edits coalesce into a single block write
  âœ… RTP - Multi-threaded queue guarantees strict sequential write ordering
  âœ… RTP - Execution latency benchmark tracking meets target limits
  âœ… RTP - Engine sustains high-frequency (500+) update throughput stress
  âœ… RTP - Background sync worker terminates cleanly on CancellationToken request
  âœ… RTP - Hardware disconnect automatically halts sync and raises Faulted event
  âœ… RTP - Enforces read-back verification after writing values to emulator
  âœ… RTP - Idempotent synchronization ignores duplicate writes to target cells
  âœ… RTP - Backpressure policy DropOldest purges oldest queued changes under load
  âœ… RTP - Backpressure policy RejectNewest drops new updates under queue overflow
  âœ… RTP - Backpressure policy BlockProducer controls producer rates correctly
  âœ… RTP - Validation layer rejects bad config schema values at initialization
  âœ… RTP - Restores un-synced calibration state queue records on startup
  âœ… RTP - Synchronizes concurrently applied AutoTune decisions to hardware

â•â•â•â•â•â•â•â•â•â•â•â•â•â•â•â•â•â•â•â•â•â•â•â•â•â•â•â•â•â•â•â•â•â•â•â•â•â•â•â•â•â•â•â•â•â•â•
  SONUÃ‡: 93 baÅŸarÄ±lÄ±, 9 baÅŸarÄ±sÄ±z
â•â•â•â•â•â•â•â•â•â•â•â•â•â•â•â•â•â•â•â•â•â•â•â•â•â•â•â•â•â•â•â•â•â•â•â•â•â•â•â•â•â•â•â•â•â•â•
[00:18:44.239] [INFO] [Program] Örnek ROM test sonuçları:
── Örnek ROM Test Çerçevesi ───────────────────
  ✅ Checksum offset geçerli
  ✅ Bozuk ROM reddedildi
  ✅ Fuel map sınırları geçerli
  ✅ Ignition map sınırları geçerli
  ✅ Tüm profiller 32KB ROM boyutu

  Sonuç: 5 geçti, 0 kaldı
