[00:15:57.790] [INFO] [RomIdentifier] ECU Tanımlandı: P06 (Confidence: %45,7)
[00:15:57.793] [WARNING] [RomIdentifier] ROM imzası hiçbir ECU profiliyle eşleşmedi.
[00:15:57.794] [INFO] [RomPatchManager] Yama uygulandı: TEST_PATCH_1 @ 0x000A
[00:15:57.794] [INFO] [RomPatchManager] Yama uygulandı: TEST_PATCH_ROLLBACK @ 0x000A
[00:15:57.795] [INFO] [RomPatchManager] Yama geri alındı: TEST_PATCH_ROLLBACK
[00:15:57.796] [INFO] [InjectorManager] Fuel haritası ölçeklendi: 240cc → 440cc (oran: 0,545)
[00:15:57.796] [INFO] [InjectorManager] Fuel haritası ölçeklendi: 440cc → 240cc (oran: 1,833)
[00:15:57.842] [INFO] [CalibrationManager] Değişiklik kaydedildi: Fuel Cell [0,0] [50 -> 60]
[00:15:57.844] [INFO] [CalibrationManager] Değişiklik kaydedildi: Fuel Cell [0,0] [50 -> 60]
[00:15:57.845] [INFO] [CalibrationManager] Değişiklik kaydedildi: Fuel Cell [0,0] [50 -> 75]
[00:15:57.851] [INFO] [CalibrationManager] Değişiklik kaydedildi: FuelMapTest Hücre [4,5] [0 -> 123]
[00:15:57.857] [INFO] [CalibrationManager] Değişiklik kaydedildi: FuelMapTest Hücre [0,0] [0 -> 125]
[00:15:57.862] [INFO] [CalibrationManager] Değişiklik kaydedildi: FuelMapTest Hücre [1,1] [0 -> 150]
[00:15:57.870] [INFO] [CalibrationManager] Değişiklik kaydedildi: FuelMapTest Hücre [1,1] [0 -> 150]
[00:15:57.893] [DEBUG] [AutoTuneValidator] Reddedildi [ECT_LOW]: Motor sıcaklığı düşük: 50°C < 72°C
[00:15:57.893] [DEBUG] [AutoTuneValidator] Reddedildi [BATT_LOW]: Batarya düşük: 10,5V < 12V
[00:15:57.916] [INFO] [EcuDatabaseManager] Toplam 8 dinamik ECU profili yüklendi.
[00:15:57.931] [INFO] [ChecksumTest] [TRACE-1] romBuffer[0]=00
[00:15:57.937] [INFO] [ChecksumTest] [TRACE-2] tempFile[0]=00
[00:15:57.938] [INFO] [ChecksumTest] [TRACE-3] loadedBuffer[0]=00
[00:15:57.938] [INFO] [ChecksumTest] [TRACE-4] beforeSaveBuffer[0]=00
[00:15:57.941] [INFO] [ChecksumTest] [TRACE-5] afterSaveParserBuffer[0]=00
[00:15:57.948] [INFO] [ChecksumTest] [TRACE-6] reloadedFile[0]=00
[00:15:59.675] [INFO] [AutoTuneSafetyManager] Güvenlik limitleri yüklendi. Etkin kural sayısı: 4
[00:15:59.675] [INFO] [AutoTuneEventPublisher] Domain olayı yayınlandı: SessionCreated (Oturum: 9fe62742-89ad-4794-997c-8847550e0334)
[00:15:59.675] [INFO] [AutoTuneEngine] Oturum başarıyla başlatıldı: 9fe62742-89ad-4794-997c-8847550e0334
[00:15:59.676] [INFO] [AutoTuneEventPublisher] Domain olayı yayınlandı: SessionPaused (Oturum: 9fe62742-89ad-4794-997c-8847550e0334)
[00:15:59.676] [INFO] [AutoTuneEventPublisher] Domain olayı yayınlandı: SessionResumed (Oturum: 9fe62742-89ad-4794-997c-8847550e0334)
[00:15:59.676] [INFO] [AutoTuneEventPublisher] Domain olayı yayınlandı: SessionStopped (Oturum: 9fe62742-89ad-4794-997c-8847550e0334)
[00:15:59.685] [INFO] [CalibrationRecoveryManager] Bekleyen işlem kaydedildi: TX-TEMP
[00:15:59.694] [INFO] [CalibrationRecoveryManager] Bekleyen işlem temizlendi (başarılı commit).
[00:15:59.696] [INFO] [CalibrationRecoveryManager] Bekleyen işlem kaydedildi: TX-TEMP2
[00:15:59.702] [INFO] [CalibrationRecoveryManager] Yarım kalmış işlem geri yükleniyor: TX-TEMP2
[00:15:59.703] [INFO] [CalibrationSnapshotManager] Snapshot geri yükleniyor: SNAP-TEMP2, Kurtarılacak hücre: 1
[00:15:59.703] [INFO] [CalibrationRecoveryManager] Bekleyen işlem temizlendi (başarılı commit).
[00:15:59.707] [INFO] [AutoTuneSafetyManager] Güvenlik limitleri yüklendi. Etkin kural sayısı: 4
[00:15:59.707] [INFO] [AutoTuneEventPublisher] Domain olayı yayınlandı: SessionCreated (Oturum: 11656eb8-c221-42a9-9275-7f61f939e196)
[00:15:59.707] [INFO] [AutoTuneEngine] Oturum başarıyla başlatıldı: 11656eb8-c221-42a9-9275-7f61f939e196
[00:15:59.708] [INFO] [AutoTuneEventPublisher] Domain olayı yayınlandı: SessionPaused (Oturum: 11656eb8-c221-42a9-9275-7f61f939e196)
[00:15:59.708] [INFO] [AutoTuneEventPublisher] Domain olayı yayınlandı: SessionResumed (Oturum: 11656eb8-c221-42a9-9275-7f61f939e196)
[00:15:59.708] [INFO] [AutoTuneEventPublisher] Domain olayı yayınlandı: SessionStopped (Oturum: 11656eb8-c221-42a9-9275-7f61f939e196)
[00:15:59.709] [INFO] [AutoTuneSafetyManager] Güvenlik limitleri yüklendi. Etkin kural sayısı: 4
[00:15:59.709] [INFO] [AutoTuneEventPublisher] Domain olayı yayınlandı: SessionCreated (Oturum: e7f4eb0c-a81f-4676-b64e-04a8f35d09f0)
[00:15:59.709] [INFO] [AutoTuneEngine] Oturum başarıyla başlatıldı: e7f4eb0c-a81f-4676-b64e-04a8f35d09f0
[00:15:59.710] [INFO] [AutoTuneEventPublisher] Domain olayı yayınlandı: SessionStopped (Oturum: e7f4eb0c-a81f-4676-b64e-04a8f35d09f0)
[00:15:59.710] [INFO] [AutoTuneSafetyManager] Güvenlik limitleri yüklendi. Etkin kural sayısı: 4
[00:15:59.710] [INFO] [AutoTuneEventPublisher] Domain olayı yayınlandı: SessionCreated (Oturum: 6cf27f2c-28be-4cc5-aae2-4f0c8f6f7903)
[00:15:59.711] [INFO] [AutoTuneEngine] Oturum başarıyla başlatıldı: 6cf27f2c-28be-4cc5-aae2-4f0c8f6f7903
[00:15:59.711] [INFO] [AutoTuneEventPublisher] Domain olayı yayınlandı: TelemetryWindowAccepted (Oturum: 6cf27f2c-28be-4cc5-aae2-4f0c8f6f7903)
[00:15:59.715] [INFO] [AutoTuneEventPublisher] Domain olayı yayınlandı: DecisionCreated (Oturum: 6cf27f2c-28be-4cc5-aae2-4f0c8f6f7903)
[00:15:59.717] [INFO] [CalibrationStreamPublisher] Uygulanan değişiklik yayınlandı: Fuel adres: FuelVETable[3,4]
[00:15:59.718] [INFO] [AutoTuneEventPublisher] Domain olayı yayınlandı: DecisionCreated (Oturum: 6cf27f2c-28be-4cc5-aae2-4f0c8f6f7903)
[00:15:59.718] [INFO] [CalibrationStreamPublisher] Uygulanan değişiklik yayınlandı: Lambda adres: AFRTargetTable[3,4]
[00:15:59.719] [INFO] [AutoTuneEventPublisher] Domain olayı yayınlandı: DecisionCreated (Oturum: 6cf27f2c-28be-4cc5-aae2-4f0c8f6f7903)
[00:15:59.719] [INFO] [CalibrationStreamPublisher] Uygulanan değişiklik yayınlandı: Ignition adres: IgnitionTable[3,4]
[00:15:59.719] [INFO] [AutoTuneEventPublisher] Domain olayı yayınlandı: DecisionCreated (Oturum: 6cf27f2c-28be-4cc5-aae2-4f0c8f6f7903)
[00:15:59.720] [INFO] [CalibrationStreamPublisher] Uygulanan değişiklik yayınlandı: VE adres: FuelVETable[3,4]
[00:15:59.720] [INFO] [AutoTuneEventPublisher] Domain olayı yayınlandı: TelemetryWindowAccepted (Oturum: 6cf27f2c-28be-4cc5-aae2-4f0c8f6f7903)
[00:15:59.720] [INFO] [AutoTuneEventPublisher] Domain olayı yayınlandı: DecisionCreated (Oturum: 6cf27f2c-28be-4cc5-aae2-4f0c8f6f7903)
[00:15:59.720] [INFO] [CalibrationStreamPublisher] Uygulanan değişiklik yayınlandı: Fuel adres: FuelVETable[3,4]
[00:15:59.720] [INFO] [AutoTuneEventPublisher] Domain olayı yayınlandı: DecisionCreated (Oturum: 6cf27f2c-28be-4cc5-aae2-4f0c8f6f7903)
[00:15:59.721] [INFO] [CalibrationStreamPublisher] Uygulanan değişiklik yayınlandı: Lambda adres: AFRTargetTable[3,4]
[00:15:59.721] [INFO] [AutoTuneEventPublisher] Domain olayı yayınlandı: DecisionCreated (Oturum: 6cf27f2c-28be-4cc5-aae2-4f0c8f6f7903)
[00:15:59.723] [INFO] [CalibrationStreamPublisher] Uygulanan değişiklik yayınlandı: Ignition adres: IgnitionTable[3,4]
[00:15:59.723] [INFO] [AutoTuneEventPublisher] Domain olayı yayınlandı: DecisionCreated (Oturum: 6cf27f2c-28be-4cc5-aae2-4f0c8f6f7903)
[00:15:59.724] [INFO] [CalibrationStreamPublisher] Uygulanan değişiklik yayınlandı: VE adres: FuelVETable[3,4]
[00:15:59.724] [INFO] [AutoTuneEventPublisher] Domain olayı yayınlandı: TelemetryWindowAccepted (Oturum: 6cf27f2c-28be-4cc5-aae2-4f0c8f6f7903)
[00:15:59.724] [INFO] [AutoTuneEventPublisher] Domain olayı yayınlandı: DecisionCreated (Oturum: 6cf27f2c-28be-4cc5-aae2-4f0c8f6f7903)
[00:15:59.724] [INFO] [CalibrationStreamPublisher] Uygulanan değişiklik yayınlandı: Fuel adres: FuelVETable[3,4]
[00:15:59.724] [INFO] [AutoTuneEventPublisher] Domain olayı yayınlandı: DecisionCreated (Oturum: 6cf27f2c-28be-4cc5-aae2-4f0c8f6f7903)
[00:15:59.725] [INFO] [CalibrationStreamPublisher] Uygulanan değişiklik yayınlandı: Lambda adres: AFRTargetTable[3,4]
[00:15:59.725] [INFO] [AutoTuneEventPublisher] Domain olayı yayınlandı: DecisionCreated (Oturum: 6cf27f2c-28be-4cc5-aae2-4f0c8f6f7903)
[00:15:59.726] [INFO] [CalibrationStreamPublisher] Uygulanan değişiklik yayınlandı: Ignition adres: IgnitionTable[3,4]
[00:15:59.726] [INFO] [AutoTuneEventPublisher] Domain olayı yayınlandı: DecisionCreated (Oturum: 6cf27f2c-28be-4cc5-aae2-4f0c8f6f7903)
[00:15:59.726] [INFO] [CalibrationStreamPublisher] Uygulanan değişiklik yayınlandı: VE adres: FuelVETable[3,4]
[00:15:59.726] [INFO] [AutoTuneEventPublisher] Domain olayı yayınlandı: TelemetryWindowAccepted (Oturum: 6cf27f2c-28be-4cc5-aae2-4f0c8f6f7903)
[00:15:59.727] [INFO] [AutoTuneEventPublisher] Domain olayı yayınlandı: DecisionCreated (Oturum: 6cf27f2c-28be-4cc5-aae2-4f0c8f6f7903)
[00:15:59.727] [INFO] [CalibrationStreamPublisher] Uygulanan değişiklik yayınlandı: Fuel adres: FuelVETable[3,4]
[00:15:59.727] [INFO] [AutoTuneEventPublisher] Domain olayı yayınlandı: DecisionCreated (Oturum: 6cf27f2c-28be-4cc5-aae2-4f0c8f6f7903)
[00:15:59.727] [INFO] [CalibrationStreamPublisher] Uygulanan değişiklik yayınlandı: Lambda adres: AFRTargetTable[3,4]
[00:15:59.727] [INFO] [AutoTuneEventPublisher] Domain olayı yayınlandı: DecisionCreated (Oturum: 6cf27f2c-28be-4cc5-aae2-4f0c8f6f7903)
[00:15:59.728] [INFO] [CalibrationStreamPublisher] Uygulanan değişiklik yayınlandı: Ignition adres: IgnitionTable[3,4]
[00:15:59.728] [INFO] [AutoTuneEventPublisher] Domain olayı yayınlandı: DecisionCreated (Oturum: 6cf27f2c-28be-4cc5-aae2-4f0c8f6f7903)
[00:15:59.728] [INFO] [CalibrationStreamPublisher] Uygulanan değişiklik yayınlandı: VE adres: FuelVETable[3,4]
[00:15:59.728] [INFO] [AutoTuneEventPublisher] Domain olayı yayınlandı: TelemetryWindowAccepted (Oturum: 6cf27f2c-28be-4cc5-aae2-4f0c8f6f7903)
[00:15:59.729] [INFO] [AutoTuneEventPublisher] Domain olayı yayınlandı: DecisionCreated (Oturum: 6cf27f2c-28be-4cc5-aae2-4f0c8f6f7903)
[00:15:59.729] [INFO] [CalibrationStreamPublisher] Uygulanan değişiklik yayınlandı: Fuel adres: FuelVETable[3,4]
[00:15:59.729] [INFO] [AutoTuneEventPublisher] Domain olayı yayınlandı: DecisionCreated (Oturum: 6cf27f2c-28be-4cc5-aae2-4f0c8f6f7903)
[00:15:59.729] [INFO] [CalibrationStreamPublisher] Uygulanan değişiklik yayınlandı: Lambda adres: AFRTargetTable[3,4]
[00:15:59.729] [INFO] [AutoTuneEventPublisher] Domain olayı yayınlandı: DecisionCreated (Oturum: 6cf27f2c-28be-4cc5-aae2-4f0c8f6f7903)
[00:15:59.729] [INFO] [CalibrationStreamPublisher] Uygulanan değişiklik yayınlandı: Ignition adres: IgnitionTable[3,4]
[00:15:59.729] [INFO] [AutoTuneEventPublisher] Domain olayı yayınlandı: DecisionCreated (Oturum: 6cf27f2c-28be-4cc5-aae2-4f0c8f6f7903)
[00:15:59.729] [INFO] [CalibrationStreamPublisher] Uygulanan değişiklik yayınlandı: VE adres: FuelVETable[3,4]
[00:15:59.730] [INFO] [AutoTuneEventPublisher] Domain olayı yayınlandı: TelemetryWindowAccepted (Oturum: 6cf27f2c-28be-4cc5-aae2-4f0c8f6f7903)
[00:15:59.730] [INFO] [AutoTuneEventPublisher] Domain olayı yayınlandı: DecisionCreated (Oturum: 6cf27f2c-28be-4cc5-aae2-4f0c8f6f7903)
[00:15:59.730] [INFO] [CalibrationStreamPublisher] Uygulanan değişiklik yayınlandı: Fuel adres: FuelVETable[3,4]
[00:15:59.730] [INFO] [AutoTuneEventPublisher] Domain olayı yayınlandı: DecisionCreated (Oturum: 6cf27f2c-28be-4cc5-aae2-4f0c8f6f7903)
[00:15:59.730] [INFO] [CalibrationStreamPublisher] Uygulanan değişiklik yayınlandı: Lambda adres: AFRTargetTable[3,4]
[00:15:59.730] [INFO] [AutoTuneEventPublisher] Domain olayı yayınlandı: DecisionCreated (Oturum: 6cf27f2c-28be-4cc5-aae2-4f0c8f6f7903)
[00:15:59.730] [INFO] [CalibrationStreamPublisher] Uygulanan değişiklik yayınlandı: Ignition adres: IgnitionTable[3,4]
[00:15:59.730] [INFO] [AutoTuneEventPublisher] Domain olayı yayınlandı: DecisionCreated (Oturum: 6cf27f2c-28be-4cc5-aae2-4f0c8f6f7903)
[00:15:59.731] [INFO] [CalibrationStreamPublisher] Uygulanan değişiklik yayınlandı: VE adres: FuelVETable[3,4]
[00:15:59.731] [INFO] [AutoTuneEventPublisher] Domain olayı yayınlandı: SessionStopped (Oturum: 6cf27f2c-28be-4cc5-aae2-4f0c8f6f7903)
[00:15:59.735] [INFO] [AdaptiveMemory] V1 hafıza verisi V2 şemasına başarıyla taşındı. Toplam kayıt: 1
[00:15:59.736] [INFO] [AutoTuneSafetyManager] Güvenlik limitleri yüklendi. Etkin kural sayısı: 4
[00:15:59.736] [INFO] [AutoTuneEventPublisher] Domain olayı yayınlandı: SessionCreated (Oturum: c597757a-0229-45a2-ab22-3c685aeb3b62)
[00:15:59.736] [INFO] [AutoTuneEngine] Oturum başarıyla başlatıldı: c597757a-0229-45a2-ab22-3c685aeb3b62
[00:15:59.736] [INFO] [AutoTuneEventPublisher] Domain olayı yayınlandı: SessionStopped (Oturum: c597757a-0229-45a2-ab22-3c685aeb3b62)
[00:15:59.737] [INFO] [AutoTuneSafetyManager] Güvenlik limitleri yüklendi. Etkin kural sayısı: 4
[00:15:59.737] [INFO] [AutoTuneEventPublisher] Domain olayı yayınlandı: SessionCreated (Oturum: d9073856-3e16-46ca-8894-b977f158df05)
[00:15:59.737] [INFO] [AutoTuneEngine] Oturum başarıyla başlatıldı: d9073856-3e16-46ca-8894-b977f158df05
[00:15:59.737] [INFO] [AutoTuneEventPublisher] Domain olayı yayınlandı: SessionStopped (Oturum: d9073856-3e16-46ca-8894-b977f158df05)
[00:15:59.739] [INFO] [RtpCalibrationEngine] Recovered 7 pending changes from persistent queue on disk.
[00:15:59.739] [INFO] [RtpCalibrationEngine] Connecting to RTP emulator...
[00:15:59.740] [INFO] [RtpCalibrationEngine] RTP emulator connected successfully.
[00:15:59.740] [INFO] [RtpCalibrationEngine] Real-time synchronization active.
[00:15:59.740] [INFO] [RtpCalibrationEngine] Real-time synchronization paused.
[00:15:59.741] [INFO] [RtpCalibrationEngine] RTP Emulator disconnected.
[00:15:59.743] [INFO] [RtpCalibrationEngine] Connecting to RTP emulator...
[00:15:59.743] [INFO] [RtpCalibrationEngine] RTP emulator connected successfully.
[00:15:59.743] [INFO] [RtpCalibrationEngine] Real-time synchronization active.
[00:15:59.745] [INFO] [CalibrationManager] Değişiklik kaydedildi:  [ -> 99]
[00:15:59.953] [INFO] [RtpCalibrationEngine] Connecting to RTP emulator...
[00:15:59.953] [INFO] [RtpCalibrationEngine] RTP emulator connected successfully.
[00:15:59.955] [INFO] [CalibrationManager] Değişiklik kaydedildi:  [ -> 10]
[00:15:59.962] [INFO] [CalibrationManager] Değişiklik kaydedildi:  [ -> 11]
[00:15:59.968] [INFO] [CalibrationManager] Değişiklik kaydedildi:  [ -> 12]
[00:15:59.968] [INFO] [RtpCalibrationEngine] Real-time synchronization active.
[00:16:00.180] [INFO] [RtpCalibrationEngine] Connecting to RTP emulator...
[00:16:00.181] [INFO] [RtpCalibrationEngine] RTP emulator connected successfully.
[00:16:00.183] [INFO] [CalibrationManager] Değişiklik kaydedildi:  [ -> 1]
[00:16:00.184] [INFO] [CalibrationManager] Değişiklik kaydedildi:  [ -> 2]
[00:16:00.192] [INFO] [CalibrationManager] Değişiklik kaydedildi:  [ -> 3]
[00:16:00.192] [INFO] [RtpCalibrationEngine] Real-time synchronization active.
[00:16:00.407] [INFO] [RtpCalibrationEngine] Connecting to RTP emulator...
[00:16:00.408] [INFO] [RtpCalibrationEngine] RTP emulator connected successfully.
[00:16:00.409] [INFO] [RtpCalibrationEngine] Real-time synchronization active.
[00:16:00.414] [INFO] [CalibrationManager] Değişiklik kaydedildi:  [ -> 45]
[00:16:00.627] [INFO] [RtpCalibrationEngine] Connecting to RTP emulator...
[00:16:00.627] [INFO] [RtpCalibrationEngine] RTP emulator connected successfully.
[00:16:00.628] [INFO] [RtpCalibrationEngine] Real-time synchronization active.
[00:16:00.631] [INFO] [CalibrationManager] Değişiklik kaydedildi:  [ -> 5]
[00:16:00.633] [INFO] [CalibrationManager] Değişiklik kaydedildi:  [ -> 5]
[00:16:00.635] [INFO] [CalibrationManager] Değişiklik kaydedildi:  [ -> 5]
[00:16:00.638] [INFO] [CalibrationManager] Değişiklik kaydedildi:  [ -> 5]
[00:16:00.653] [WARNING] [RtpCalibrationEngine] Could not save persistent sync queue: The process cannot access the file 'C:\Users\ayhan\OneDrive\Desktop\Canlı OBD2 Araç Telemetri Ekranı\HondaTuner\bin\Debug\net6.0-windows\Database\pending_rtp_queue.json' because it is being used by another process.
[00:16:00.654] [INFO] [CalibrationManager] Değişiklik kaydedildi:  [ -> 5]
[00:16:00.656] [INFO] [CalibrationManager] Değişiklik kaydedildi:  [ -> 5]
[00:16:00.658] [INFO] [CalibrationManager] Değişiklik kaydedildi:  [ -> 5]
[00:16:00.660] [INFO] [CalibrationManager] Değişiklik kaydedildi:  [ -> 5]
[00:16:00.663] [INFO] [CalibrationManager] Değişiklik kaydedildi:  [ -> 5]
[00:16:00.665] [INFO] [CalibrationManager] Değişiklik kaydedildi:  [ -> 5]
[00:16:00.667] [INFO] [CalibrationManager] Değişiklik kaydedildi:  [ -> 5]
[00:16:00.669] [INFO] [CalibrationManager] Değişiklik kaydedildi:  [ -> 5]
[00:16:00.671] [INFO] [CalibrationManager] Değişiklik kaydedildi:  [ -> 5]
[00:16:00.672] [INFO] [CalibrationManager] Değişiklik kaydedildi:  [ -> 5]
[00:16:00.674] [INFO] [CalibrationManager] Değişiklik kaydedildi:  [ -> 5]
[00:16:00.676] [INFO] [CalibrationManager] Değişiklik kaydedildi:  [ -> 5]
[00:16:00.679] [INFO] [CalibrationManager] Değişiklik kaydedildi:  [ -> 5]
[00:16:00.681] [INFO] [CalibrationManager] Değişiklik kaydedildi:  [ -> 5]
[00:16:00.683] [INFO] [CalibrationManager] Değişiklik kaydedildi:  [ -> 5]
[00:16:00.685] [INFO] [CalibrationManager] Değişiklik kaydedildi:  [ -> 5]
[00:16:00.687] [INFO] [CalibrationManager] Değişiklik kaydedildi:  [ -> 5]
[00:16:00.689] [INFO] [CalibrationManager] Değişiklik kaydedildi:  [ -> 5]
[00:16:00.691] [INFO] [CalibrationManager] Değişiklik kaydedildi:  [ -> 5]
[00:16:00.692] [INFO] [CalibrationManager] Değişiklik kaydedildi:  [ -> 5]
[00:16:00.694] [INFO] [CalibrationManager] Değişiklik kaydedildi:  [ -> 5]
[00:16:00.696] [INFO] [CalibrationManager] Değişiklik kaydedildi:  [ -> 5]
[00:16:00.698] [INFO] [CalibrationManager] Değişiklik kaydedildi:  [ -> 5]
[00:16:00.700] [INFO] [CalibrationManager] Değişiklik kaydedildi:  [ -> 5]
[00:16:00.702] [INFO] [CalibrationManager] Değişiklik kaydedildi:  [ -> 5]
[00:16:00.704] [INFO] [CalibrationManager] Değişiklik kaydedildi:  [ -> 5]
[00:16:00.706] [INFO] [CalibrationManager] Değişiklik kaydedildi:  [ -> 5]
[00:16:00.708] [INFO] [CalibrationManager] Değişiklik kaydedildi:  [ -> 5]
[00:16:00.711] [INFO] [CalibrationManager] Değişiklik kaydedildi:  [ -> 5]
[00:16:00.713] [INFO] [CalibrationManager] Değişiklik kaydedildi:  [ -> 5]
[00:16:00.715] [INFO] [CalibrationManager] Değişiklik kaydedildi:  [ -> 5]
[00:16:00.717] [INFO] [CalibrationManager] Değişiklik kaydedildi:  [ -> 5]
[00:16:00.726] [WARNING] [RtpCalibrationEngine] Could not save persistent sync queue: The process cannot access the file 'C:\Users\ayhan\OneDrive\Desktop\Canlı OBD2 Araç Telemetri Ekranı\HondaTuner\bin\Debug\net6.0-windows\Database\pending_rtp_queue.json' because it is being used by another process.
[00:16:00.727] [INFO] [CalibrationManager] Değişiklik kaydedildi:  [ -> 5]
[00:16:00.728] [INFO] [CalibrationManager] Değişiklik kaydedildi:  [ -> 5]
[00:16:00.729] [INFO] [CalibrationManager] Değişiklik kaydedildi:  [ -> 5]
[00:16:00.730] [INFO] [CalibrationManager] Değişiklik kaydedildi:  [ -> 5]
[00:16:00.732] [INFO] [CalibrationManager] Değişiklik kaydedildi:  [ -> 5]
[00:16:00.733] [INFO] [CalibrationManager] Değişiklik kaydedildi:  [ -> 5]
[00:16:00.734] [INFO] [CalibrationManager] Değişiklik kaydedildi:  [ -> 5]
[00:16:00.735] [INFO] [CalibrationManager] Değişiklik kaydedildi:  [ -> 5]
[00:16:00.737] [INFO] [CalibrationManager] Değişiklik kaydedildi:  [ -> 5]
[00:16:00.738] [INFO] [CalibrationManager] Değişiklik kaydedildi:  [ -> 5]
[00:16:00.743] [INFO] [CalibrationManager] Değişiklik kaydedildi:  [ -> 5]
[00:16:00.744] [INFO] [CalibrationManager] Değişiklik kaydedildi:  [ -> 5]
[00:16:00.745] [INFO] [CalibrationManager] Değişiklik kaydedildi:  [ -> 5]
[00:16:00.747] [INFO] [CalibrationManager] Değişiklik kaydedildi:  [ -> 5]
[00:16:00.748] [INFO] [CalibrationManager] Değişiklik kaydedildi:  [ -> 5]
[00:16:00.749] [INFO] [CalibrationManager] Değişiklik kaydedildi:  [ -> 5]
[00:16:00.750] [INFO] [CalibrationManager] Değişiklik kaydedildi:  [ -> 5]
[00:16:00.756] [INFO] [CalibrationManager] Değişiklik kaydedildi:  [ -> 5]
[00:16:00.767] [INFO] [CalibrationManager] Değişiklik kaydedildi:  [ -> 5]
[00:16:00.769] [INFO] [CalibrationManager] Değişiklik kaydedildi:  [ -> 5]
[00:16:00.780] [INFO] [CalibrationManager] Değişiklik kaydedildi:  [ -> 5]
[00:16:00.788] [INFO] [CalibrationManager] Değişiklik kaydedildi:  [ -> 5]
[00:16:00.792] [INFO] [CalibrationManager] Değişiklik kaydedildi:  [ -> 5]
[00:16:00.794] [INFO] [CalibrationManager] Değişiklik kaydedildi:  [ -> 5]
[00:16:00.796] [WARNING] [RtpCalibrationEngine] Could not save persistent sync queue: The process cannot access the file 'C:\Users\ayhan\OneDrive\Desktop\Canlı OBD2 Araç Telemetri Ekranı\HondaTuner\bin\Debug\net6.0-windows\Database\pending_rtp_queue.json' because it is being used by another process.
[00:16:00.802] [INFO] [CalibrationManager] Değişiklik kaydedildi:  [ -> 5]
[00:16:00.804] [WARNING] [RtpCalibrationEngine] Could not save persistent sync queue: The process cannot access the file 'C:\Users\ayhan\OneDrive\Desktop\Canlı OBD2 Araç Telemetri Ekranı\HondaTuner\bin\Debug\net6.0-windows\Database\pending_rtp_queue.json' because it is being used by another process.
[00:16:00.805] [INFO] [CalibrationManager] Değişiklik kaydedildi:  [ -> 5]
[00:16:00.809] [INFO] [CalibrationManager] Değişiklik kaydedildi:  [ -> 5]
[00:16:00.811] [INFO] [CalibrationManager] Değişiklik kaydedildi:  [ -> 5]
[00:16:00.814] [INFO] [CalibrationManager] Değişiklik kaydedildi:  [ -> 5]
[00:16:00.817] [INFO] [CalibrationManager] Değişiklik kaydedildi:  [ -> 5]
[00:16:00.821] [INFO] [CalibrationManager] Değişiklik kaydedildi:  [ -> 5]
[00:16:00.823] [INFO] [CalibrationManager] Değişiklik kaydedildi:  [ -> 5]
[00:16:00.825] [INFO] [CalibrationManager] Değişiklik kaydedildi:  [ -> 5]
[00:16:00.827] [INFO] [CalibrationManager] Değişiklik kaydedildi:  [ -> 5]
[00:16:00.829] [INFO] [CalibrationManager] Değişiklik kaydedildi:  [ -> 5]
[00:16:00.832] [INFO] [CalibrationManager] Değişiklik kaydedildi:  [ -> 5]
[00:16:00.834] [INFO] [CalibrationManager] Değişiklik kaydedildi:  [ -> 5]
[00:16:00.837] [INFO] [CalibrationManager] Değişiklik kaydedildi:  [ -> 5]
[00:16:00.839] [INFO] [CalibrationManager] Değişiklik kaydedildi:  [ -> 5]
[00:16:00.842] [INFO] [CalibrationManager] Değişiklik kaydedildi:  [ -> 5]
[00:16:00.845] [INFO] [CalibrationManager] Değişiklik kaydedildi:  [ -> 5]
[00:16:00.847] [INFO] [CalibrationManager] Değişiklik kaydedildi:  [ -> 5]
[00:16:00.864] [INFO] [CalibrationManager] Değişiklik kaydedildi:  [ -> 5]
[00:16:00.865] [INFO] [CalibrationManager] Değişiklik kaydedildi:  [ -> 5]
[00:16:00.866] [INFO] [CalibrationManager] Değişiklik kaydedildi:  [ -> 5]
[00:16:00.871] [INFO] [CalibrationManager] Değişiklik kaydedildi:  [ -> 5]
[00:16:00.873] [INFO] [CalibrationManager] Değişiklik kaydedildi:  [ -> 5]
[00:16:00.874] [INFO] [CalibrationManager] Değişiklik kaydedildi:  [ -> 5]
[00:16:00.877] [INFO] [CalibrationManager] Değişiklik kaydedildi:  [ -> 5]
[00:16:00.880] [INFO] [CalibrationManager] Değişiklik kaydedildi:  [ -> 5]
[00:16:00.892] [INFO] [CalibrationManager] Değişiklik kaydedildi:  [ -> 5]
[00:16:00.894] [INFO] [CalibrationManager] Değişiklik kaydedildi:  [ -> 5]
[00:16:00.901] [INFO] [CalibrationManager] Değişiklik kaydedildi:  [ -> 5]
[00:16:00.904] [INFO] [CalibrationManager] Değişiklik kaydedildi:  [ -> 5]
[00:16:00.907] [INFO] [CalibrationManager] Değişiklik kaydedildi:  [ -> 5]
[00:16:00.909] [INFO] [CalibrationManager] Değişiklik kaydedildi:  [ -> 5]
[00:16:00.911] [INFO] [CalibrationManager] Değişiklik kaydedildi:  [ -> 5]
[00:16:00.913] [INFO] [CalibrationManager] Değişiklik kaydedildi:  [ -> 5]
[00:16:00.915] [INFO] [CalibrationManager] Değişiklik kaydedildi:  [ -> 5]
[00:16:00.917] [INFO] [CalibrationManager] Değişiklik kaydedildi:  [ -> 5]
[00:16:00.919] [INFO] [CalibrationManager] Değişiklik kaydedildi:  [ -> 5]
[00:16:00.921] [INFO] [CalibrationManager] Değişiklik kaydedildi:  [ -> 5]
[00:16:00.923] [INFO] [CalibrationManager] Değişiklik kaydedildi:  [ -> 5]
[00:16:00.925] [INFO] [CalibrationManager] Değişiklik kaydedildi:  [ -> 5]
[00:16:00.927] [INFO] [CalibrationManager] Değişiklik kaydedildi:  [ -> 5]
[00:16:00.929] [INFO] [CalibrationManager] Değişiklik kaydedildi:  [ -> 5]
[00:16:00.931] [INFO] [CalibrationManager] Değişiklik kaydedildi:  [ -> 5]
[00:16:00.933] [INFO] [CalibrationManager] Değişiklik kaydedildi:  [ -> 5]
[00:16:00.935] [INFO] [CalibrationManager] Değişiklik kaydedildi:  [ -> 5]
[00:16:00.937] [INFO] [CalibrationManager] Değişiklik kaydedildi:  [ -> 5]
[00:16:00.939] [INFO] [CalibrationManager] Değişiklik kaydedildi:  [ -> 5]
[00:16:00.941] [INFO] [CalibrationManager] Değişiklik kaydedildi:  [ -> 5]
[00:16:00.943] [INFO] [CalibrationManager] Değişiklik kaydedildi:  [ -> 5]
[00:16:00.945] [INFO] [CalibrationManager] Değişiklik kaydedildi:  [ -> 5]
[00:16:00.947] [INFO] [CalibrationManager] Değişiklik kaydedildi:  [ -> 5]
[00:16:00.950] [INFO] [CalibrationManager] Değişiklik kaydedildi:  [ -> 5]
[00:16:00.957] [INFO] [CalibrationManager] Değişiklik kaydedildi:  [ -> 5]
[00:16:00.959] [INFO] [CalibrationManager] Değişiklik kaydedildi:  [ -> 5]
[00:16:00.962] [INFO] [CalibrationManager] Değişiklik kaydedildi:  [ -> 5]
[00:16:00.967] [WARNING] [RtpCalibrationEngine] Could not save persistent sync queue: The process cannot access the file 'C:\Users\ayhan\OneDrive\Desktop\Canlı OBD2 Araç Telemetri Ekranı\HondaTuner\bin\Debug\net6.0-windows\Database\pending_rtp_queue.json' because it is being used by another process.
[00:16:00.967] [INFO] [CalibrationManager] Değişiklik kaydedildi:  [ -> 5]
[00:16:00.969] [INFO] [CalibrationManager] Değişiklik kaydedildi:  [ -> 5]
[00:16:00.971] [INFO] [CalibrationManager] Değişiklik kaydedildi:  [ -> 5]
[00:16:00.974] [INFO] [CalibrationManager] Değişiklik kaydedildi:  [ -> 5]
[00:16:00.977] [INFO] [CalibrationManager] Değişiklik kaydedildi:  [ -> 5]
[00:16:00.979] [INFO] [CalibrationManager] Değişiklik kaydedildi:  [ -> 5]
[00:16:00.987] [INFO] [CalibrationManager] Değişiklik kaydedildi:  [ -> 5]
[00:16:00.990] [INFO] [CalibrationManager] Değişiklik kaydedildi:  [ -> 5]
[00:16:00.992] [INFO] [CalibrationManager] Değişiklik kaydedildi:  [ -> 5]
[00:16:00.995] [INFO] [CalibrationManager] Değişiklik kaydedildi:  [ -> 5]
[00:16:00.997] [INFO] [CalibrationManager] Değişiklik kaydedildi:  [ -> 5]
[00:16:01.008] [INFO] [CalibrationManager] Değişiklik kaydedildi:  [ -> 5]
[00:16:01.018] [INFO] [CalibrationManager] Değişiklik kaydedildi:  [ -> 5]
[00:16:01.020] [INFO] [CalibrationManager] Değişiklik kaydedildi:  [ -> 5]
[00:16:01.022] [INFO] [CalibrationManager] Değişiklik kaydedildi:  [ -> 5]
[00:16:01.025] [INFO] [CalibrationManager] Değişiklik kaydedildi:  [ -> 5]
[00:16:01.027] [INFO] [CalibrationManager] Değişiklik kaydedildi:  [ -> 5]
[00:16:01.029] [INFO] [CalibrationManager] Değişiklik kaydedildi:  [ -> 5]
[00:16:01.032] [INFO] [CalibrationManager] Değişiklik kaydedildi:  [ -> 5]
[00:16:01.034] [INFO] [CalibrationManager] Değişiklik kaydedildi:  [ -> 5]
[00:16:01.037] [INFO] [CalibrationManager] Değişiklik kaydedildi:  [ -> 5]
[00:16:01.040] [INFO] [CalibrationManager] Değişiklik kaydedildi:  [ -> 5]
[00:16:01.042] [INFO] [CalibrationManager] Değişiklik kaydedildi:  [ -> 5]
[00:16:01.044] [INFO] [CalibrationManager] Değişiklik kaydedildi:  [ -> 5]
[00:16:01.046] [INFO] [CalibrationManager] Değişiklik kaydedildi:  [ -> 5]
[00:16:01.048] [INFO] [CalibrationManager] Değişiklik kaydedildi:  [ -> 5]
[00:16:01.050] [INFO] [CalibrationManager] Değişiklik kaydedildi:  [ -> 5]
[00:16:01.053] [INFO] [CalibrationManager] Değişiklik kaydedildi:  [ -> 5]
[00:16:01.055] [INFO] [CalibrationManager] Değişiklik kaydedildi:  [ -> 5]
[00:16:01.058] [INFO] [CalibrationManager] Değişiklik kaydedildi:  [ -> 5]
[00:16:01.060] [INFO] [CalibrationManager] Değişiklik kaydedildi:  [ -> 5]
[00:16:01.062] [INFO] [CalibrationManager] Değişiklik kaydedildi:  [ -> 5]
[00:16:01.064] [INFO] [CalibrationManager] Değişiklik kaydedildi:  [ -> 5]
[00:16:01.067] [INFO] [CalibrationManager] Değişiklik kaydedildi:  [ -> 5]
[00:16:01.069] [INFO] [CalibrationManager] Değişiklik kaydedildi:  [ -> 5]
[00:16:01.071] [INFO] [CalibrationManager] Değişiklik kaydedildi:  [ -> 5]
[00:16:01.073] [INFO] [CalibrationManager] Değişiklik kaydedildi:  [ -> 5]
[00:16:01.076] [INFO] [CalibrationManager] Değişiklik kaydedildi:  [ -> 5]
[00:16:01.078] [INFO] [CalibrationManager] Değişiklik kaydedildi:  [ -> 5]
[00:16:01.080] [INFO] [CalibrationManager] Değişiklik kaydedildi:  [ -> 5]
[00:16:01.083] [INFO] [CalibrationManager] Değişiklik kaydedildi:  [ -> 5]
[00:16:01.085] [INFO] [CalibrationManager] Değişiklik kaydedildi:  [ -> 5]
[00:16:01.086] [INFO] [CalibrationManager] Değişiklik kaydedildi:  [ -> 5]
[00:16:01.087] [INFO] [CalibrationManager] Değişiklik kaydedildi:  [ -> 5]
[00:16:01.089] [INFO] [CalibrationManager] Değişiklik kaydedildi:  [ -> 5]
[00:16:01.090] [INFO] [CalibrationManager] Değişiklik kaydedildi:  [ -> 5]
[00:16:01.091] [INFO] [CalibrationManager] Değişiklik kaydedildi:  [ -> 5]
[00:16:01.094] [INFO] [CalibrationManager] Değişiklik kaydedildi:  [ -> 5]
[00:16:01.097] [INFO] [CalibrationManager] Değişiklik kaydedildi:  [ -> 5]
[00:16:01.100] [INFO] [CalibrationManager] Değişiklik kaydedildi:  [ -> 5]
[00:16:01.102] [INFO] [CalibrationManager] Değişiklik kaydedildi:  [ -> 5]
[00:16:01.105] [INFO] [CalibrationManager] Değişiklik kaydedildi:  [ -> 5]
[00:16:01.107] [INFO] [CalibrationManager] Değişiklik kaydedildi:  [ -> 5]
[00:16:01.110] [INFO] [CalibrationManager] Değişiklik kaydedildi:  [ -> 5]
[00:16:01.113] [INFO] [CalibrationManager] Değişiklik kaydedildi:  [ -> 5]
[00:16:01.115] [INFO] [CalibrationManager] Değişiklik kaydedildi:  [ -> 5]
[00:16:01.118] [INFO] [CalibrationManager] Değişiklik kaydedildi:  [ -> 5]
[00:16:01.120] [INFO] [CalibrationManager] Değişiklik kaydedildi:  [ -> 5]
[00:16:01.132] [INFO] [CalibrationManager] Değişiklik kaydedildi:  [ -> 5]
[00:16:01.135] [INFO] [CalibrationManager] Değişiklik kaydedildi:  [ -> 5]
[00:16:01.142] [WARNING] [RtpCalibrationEngine] Could not save persistent sync queue: The process cannot access the file 'C:\Users\ayhan\OneDrive\Desktop\Canlı OBD2 Araç Telemetri Ekranı\HondaTuner\bin\Debug\net6.0-windows\Database\pending_rtp_queue.json' because it is being used by another process.
[00:16:01.143] [INFO] [CalibrationManager] Değişiklik kaydedildi:  [ -> 5]
[00:16:01.145] [INFO] [CalibrationManager] Değişiklik kaydedildi:  [ -> 5]
[00:16:01.147] [INFO] [CalibrationManager] Değişiklik kaydedildi:  [ -> 5]
[00:16:01.151] [INFO] [CalibrationManager] Değişiklik kaydedildi:  [ -> 5]
[00:16:01.155] [INFO] [CalibrationManager] Değişiklik kaydedildi:  [ -> 5]
[00:16:01.157] [INFO] [CalibrationManager] Değişiklik kaydedildi:  [ -> 5]
[00:16:01.160] [INFO] [CalibrationManager] Değişiklik kaydedildi:  [ -> 5]
[00:16:01.162] [INFO] [CalibrationManager] Değişiklik kaydedildi:  [ -> 5]
[00:16:01.164] [INFO] [CalibrationManager] Değişiklik kaydedildi:  [ -> 5]
[00:16:01.166] [INFO] [CalibrationManager] Değişiklik kaydedildi:  [ -> 5]
[00:16:01.168] [INFO] [CalibrationManager] Değişiklik kaydedildi:  [ -> 5]
[00:16:01.170] [INFO] [CalibrationManager] Değişiklik kaydedildi:  [ -> 5]
[00:16:01.173] [INFO] [CalibrationManager] Değişiklik kaydedildi:  [ -> 5]
[00:16:01.175] [INFO] [CalibrationManager] Değişiklik kaydedildi:  [ -> 5]
[00:16:01.177] [INFO] [CalibrationManager] Değişiklik kaydedildi:  [ -> 5]
[00:16:01.179] [INFO] [CalibrationManager] Değişiklik kaydedildi:  [ -> 5]
[00:16:01.181] [INFO] [CalibrationManager] Değişiklik kaydedildi:  [ -> 5]
[00:16:01.184] [INFO] [CalibrationManager] Değişiklik kaydedildi:  [ -> 5]
[00:16:01.186] [INFO] [CalibrationManager] Değişiklik kaydedildi:  [ -> 5]
[00:16:01.188] [INFO] [CalibrationManager] Değişiklik kaydedildi:  [ -> 5]
[00:16:01.190] [INFO] [CalibrationManager] Değişiklik kaydedildi:  [ -> 5]
[00:16:01.192] [INFO] [CalibrationManager] Değişiklik kaydedildi:  [ -> 5]
[00:16:01.195] [INFO] [CalibrationManager] Değişiklik kaydedildi:  [ -> 5]
[00:16:01.197] [INFO] [CalibrationManager] Değişiklik kaydedildi:  [ -> 5]
[00:16:01.199] [INFO] [CalibrationManager] Değişiklik kaydedildi:  [ -> 5]
[00:16:01.201] [INFO] [CalibrationManager] Değişiklik kaydedildi:  [ -> 5]
[00:16:01.203] [INFO] [CalibrationManager] Değişiklik kaydedildi:  [ -> 5]
[00:16:01.205] [INFO] [CalibrationManager] Değişiklik kaydedildi:  [ -> 5]
[00:16:01.214] [INFO] [CalibrationManager] Değişiklik kaydedildi:  [ -> 5]
[00:16:01.221] [WARNING] [RtpCalibrationEngine] Could not save persistent sync queue: The process cannot access the file 'C:\Users\ayhan\OneDrive\Desktop\Canlı OBD2 Araç Telemetri Ekranı\HondaTuner\bin\Debug\net6.0-windows\Database\pending_rtp_queue.json' because it is being used by another process.
[00:16:01.222] [INFO] [CalibrationManager] Değişiklik kaydedildi:  [ -> 5]
[00:16:01.236] [INFO] [CalibrationManager] Değişiklik kaydedildi:  [ -> 5]
[00:16:01.239] [INFO] [CalibrationManager] Değişiklik kaydedildi:  [ -> 5]
[00:16:01.242] [INFO] [CalibrationManager] Değişiklik kaydedildi:  [ -> 5]
[00:16:01.245] [INFO] [CalibrationManager] Değişiklik kaydedildi:  [ -> 5]
[00:16:01.247] [INFO] [CalibrationManager] Değişiklik kaydedildi:  [ -> 5]
[00:16:01.250] [INFO] [CalibrationManager] Değişiklik kaydedildi:  [ -> 5]
[00:16:01.253] [INFO] [CalibrationManager] Değişiklik kaydedildi:  [ -> 5]
[00:16:01.267] [INFO] [CalibrationManager] Değişiklik kaydedildi:  [ -> 5]
[00:16:01.270] [INFO] [CalibrationManager] Değişiklik kaydedildi:  [ -> 5]
[00:16:01.273] [INFO] [CalibrationManager] Değişiklik kaydedildi:  [ -> 5]
[00:16:01.276] [INFO] [CalibrationManager] Değişiklik kaydedildi:  [ -> 5]
[00:16:01.278] [INFO] [CalibrationManager] Değişiklik kaydedildi:  [ -> 5]
[00:16:01.281] [INFO] [CalibrationManager] Değişiklik kaydedildi:  [ -> 5]
[00:16:01.283] [INFO] [CalibrationManager] Değişiklik kaydedildi:  [ -> 5]
[00:16:01.286] [INFO] [CalibrationManager] Değişiklik kaydedildi:  [ -> 5]
[00:16:01.288] [INFO] [CalibrationManager] Değişiklik kaydedildi:  [ -> 5]
[00:16:01.298] [WARNING] [RtpCalibrationEngine] Could not save persistent sync queue: The process cannot access the file 'C:\Users\ayhan\OneDrive\Desktop\Canlı OBD2 Araç Telemetri Ekranı\HondaTuner\bin\Debug\net6.0-windows\Database\pending_rtp_queue.json' because it is being used by another process.
[00:16:01.298] [INFO] [CalibrationManager] Değişiklik kaydedildi:  [ -> 5]
[00:16:01.300] [INFO] [CalibrationManager] Değişiklik kaydedildi:  [ -> 5]
[00:16:01.301] [INFO] [CalibrationManager] Değişiklik kaydedildi:  [ -> 5]
[00:16:01.303] [INFO] [CalibrationManager] Değişiklik kaydedildi:  [ -> 5]
[00:16:01.304] [INFO] [CalibrationManager] Değişiklik kaydedildi:  [ -> 5]
[00:16:01.306] [INFO] [CalibrationManager] Değişiklik kaydedildi:  [ -> 5]
[00:16:01.307] [INFO] [CalibrationManager] Değişiklik kaydedildi:  [ -> 5]
[00:16:01.316] [INFO] [CalibrationManager] Değişiklik kaydedildi:  [ -> 5]
[00:16:01.327] [INFO] [CalibrationManager] Değişiklik kaydedildi:  [ -> 5]
[00:16:01.329] [INFO] [CalibrationManager] Değişiklik kaydedildi:  [ -> 5]
[00:16:01.334] [INFO] [CalibrationManager] Değişiklik kaydedildi:  [ -> 5]
[00:16:01.336] [INFO] [CalibrationManager] Değişiklik kaydedildi:  [ -> 5]
[00:16:01.339] [INFO] [CalibrationManager] Değişiklik kaydedildi:  [ -> 5]
[00:16:01.342] [INFO] [CalibrationManager] Değişiklik kaydedildi:  [ -> 5]
[00:16:01.344] [INFO] [CalibrationManager] Değişiklik kaydedildi:  [ -> 5]
[00:16:01.347] [INFO] [CalibrationManager] Değişiklik kaydedildi:  [ -> 5]
[00:16:01.349] [INFO] [CalibrationManager] Değişiklik kaydedildi:  [ -> 5]
[00:16:01.352] [INFO] [CalibrationManager] Değişiklik kaydedildi:  [ -> 5]
[00:16:01.354] [INFO] [CalibrationManager] Değişiklik kaydedildi:  [ -> 5]
[00:16:01.357] [INFO] [CalibrationManager] Değişiklik kaydedildi:  [ -> 5]
[00:16:01.359] [INFO] [CalibrationManager] Değişiklik kaydedildi:  [ -> 5]
[00:16:01.362] [INFO] [CalibrationManager] Değişiklik kaydedildi:  [ -> 5]
[00:16:01.364] [INFO] [CalibrationManager] Değişiklik kaydedildi:  [ -> 5]
[00:16:01.367] [INFO] [CalibrationManager] Değişiklik kaydedildi:  [ -> 5]
[00:16:01.369] [INFO] [CalibrationManager] Değişiklik kaydedildi:  [ -> 5]
[00:16:01.372] [INFO] [CalibrationManager] Değişiklik kaydedildi:  [ -> 5]
[00:16:01.374] [INFO] [CalibrationManager] Değişiklik kaydedildi:  [ -> 5]
[00:16:01.377] [INFO] [CalibrationManager] Değişiklik kaydedildi:  [ -> 5]
[00:16:01.384] [WARNING] [RtpCalibrationEngine] Could not save persistent sync queue: The process cannot access the file 'C:\Users\ayhan\OneDrive\Desktop\Canlı OBD2 Araç Telemetri Ekranı\HondaTuner\bin\Debug\net6.0-windows\Database\pending_rtp_queue.json' because it is being used by another process.
[00:16:01.385] [INFO] [CalibrationManager] Değişiklik kaydedildi:  [ -> 5]
[00:16:01.387] [INFO] [CalibrationManager] Değişiklik kaydedildi:  [ -> 5]
[00:16:01.401] [INFO] [CalibrationManager] Değişiklik kaydedildi:  [ -> 5]
[00:16:01.408] [INFO] [CalibrationManager] Değişiklik kaydedildi:  [ -> 5]
[00:16:01.413] [INFO] [CalibrationManager] Değişiklik kaydedildi:  [ -> 5]
[00:16:01.416] [INFO] [CalibrationManager] Değişiklik kaydedildi:  [ -> 5]
[00:16:01.419] [INFO] [CalibrationManager] Değişiklik kaydedildi:  [ -> 5]
[00:16:01.421] [INFO] [CalibrationManager] Değişiklik kaydedildi:  [ -> 5]
[00:16:01.423] [INFO] [CalibrationManager] Değişiklik kaydedildi:  [ -> 5]
[00:16:01.426] [INFO] [CalibrationManager] Değişiklik kaydedildi:  [ -> 5]
[00:16:01.428] [INFO] [CalibrationManager] Değişiklik kaydedildi:  [ -> 5]
[00:16:01.430] [INFO] [CalibrationManager] Değişiklik kaydedildi:  [ -> 5]
[00:16:01.434] [INFO] [CalibrationManager] Değişiklik kaydedildi:  [ -> 5]
[00:16:01.437] [INFO] [CalibrationManager] Değişiklik kaydedildi:  [ -> 5]
[00:16:01.439] [INFO] [CalibrationManager] Değişiklik kaydedildi:  [ -> 5]
[00:16:01.442] [INFO] [CalibrationManager] Değişiklik kaydedildi:  [ -> 5]
[00:16:01.444] [INFO] [CalibrationManager] Değişiklik kaydedildi:  [ -> 5]
[00:16:01.446] [INFO] [CalibrationManager] Değişiklik kaydedildi:  [ -> 5]
[00:16:01.449] [INFO] [CalibrationManager] Değişiklik kaydedildi:  [ -> 5]
[00:16:01.451] [INFO] [CalibrationManager] Değişiklik kaydedildi:  [ -> 5]
[00:16:01.454] [INFO] [CalibrationManager] Değişiklik kaydedildi:  [ -> 5]
[00:16:01.456] [INFO] [CalibrationManager] Değişiklik kaydedildi:  [ -> 5]
[00:16:01.458] [INFO] [CalibrationManager] Değişiklik kaydedildi:  [ -> 5]
[00:16:01.461] [INFO] [CalibrationManager] Değişiklik kaydedildi:  [ -> 5]
[00:16:01.464] [INFO] [CalibrationManager] Değişiklik kaydedildi:  [ -> 5]
[00:16:01.466] [INFO] [CalibrationManager] Değişiklik kaydedildi:  [ -> 5]
[00:16:01.469] [INFO] [CalibrationManager] Değişiklik kaydedildi:  [ -> 5]
[00:16:01.472] [INFO] [CalibrationManager] Değişiklik kaydedildi:  [ -> 5]
[00:16:01.486] [INFO] [CalibrationManager] Değişiklik kaydedildi:  [ -> 5]
[00:16:01.489] [INFO] [CalibrationManager] Değişiklik kaydedildi:  [ -> 5]
[00:16:01.493] [INFO] [CalibrationManager] Değişiklik kaydedildi:  [ -> 5]
[00:16:01.500] [WARNING] [RtpCalibrationEngine] Could not save persistent sync queue: The process cannot access the file 'C:\Users\ayhan\OneDrive\Desktop\Canlı OBD2 Araç Telemetri Ekranı\HondaTuner\bin\Debug\net6.0-windows\Database\pending_rtp_queue.json' because it is being used by another process.
[00:16:01.501] [INFO] [CalibrationManager] Değişiklik kaydedildi:  [ -> 5]
[00:16:01.505] [INFO] [CalibrationManager] Değişiklik kaydedildi:  [ -> 5]
[00:16:01.507] [INFO] [CalibrationManager] Değişiklik kaydedildi:  [ -> 5]
[00:16:01.510] [INFO] [CalibrationManager] Değişiklik kaydedildi:  [ -> 5]
[00:16:01.512] [INFO] [CalibrationManager] Değişiklik kaydedildi:  [ -> 5]
[00:16:01.527] [INFO] [CalibrationManager] Değişiklik kaydedildi:  [ -> 5]
[00:16:01.530] [INFO] [CalibrationManager] Değişiklik kaydedildi:  [ -> 5]
[00:16:01.532] [INFO] [CalibrationManager] Değişiklik kaydedildi:  [ -> 5]
[00:16:01.535] [INFO] [CalibrationManager] Değişiklik kaydedildi:  [ -> 5]
[00:16:01.539] [INFO] [CalibrationManager] Değişiklik kaydedildi:  [ -> 5]
[00:16:01.541] [INFO] [CalibrationManager] Değişiklik kaydedildi:  [ -> 5]
[00:16:01.545] [INFO] [CalibrationManager] Değişiklik kaydedildi:  [ -> 5]
[00:16:01.547] [INFO] [CalibrationManager] Değişiklik kaydedildi:  [ -> 5]
[00:16:01.550] [INFO] [CalibrationManager] Değişiklik kaydedildi:  [ -> 5]
[00:16:01.552] [INFO] [CalibrationManager] Değişiklik kaydedildi:  [ -> 5]
[00:16:01.555] [INFO] [CalibrationManager] Değişiklik kaydedildi:  [ -> 5]
[00:16:01.565] [INFO] [CalibrationManager] Değişiklik kaydedildi:  [ -> 5]
[00:16:01.568] [INFO] [CalibrationManager] Değişiklik kaydedildi:  [ -> 5]
[00:16:01.571] [INFO] [CalibrationManager] Değişiklik kaydedildi:  [ -> 5]
[00:16:01.573] [INFO] [CalibrationManager] Değişiklik kaydedildi:  [ -> 5]
[00:16:01.576] [INFO] [CalibrationManager] Değişiklik kaydedildi:  [ -> 5]
[00:16:01.580] [INFO] [CalibrationManager] Değişiklik kaydedildi:  [ -> 5]
[00:16:01.583] [INFO] [CalibrationManager] Değişiklik kaydedildi:  [ -> 5]
[00:16:01.585] [INFO] [CalibrationManager] Değişiklik kaydedildi:  [ -> 5]
[00:16:01.588] [INFO] [CalibrationManager] Değişiklik kaydedildi:  [ -> 5]
[00:16:01.591] [INFO] [CalibrationManager] Değişiklik kaydedildi:  [ -> 5]
[00:16:01.594] [INFO] [CalibrationManager] Değişiklik kaydedildi:  [ -> 5]
[00:16:01.597] [INFO] [CalibrationManager] Değişiklik kaydedildi:  [ -> 5]
[00:16:01.599] [INFO] [CalibrationManager] Değişiklik kaydedildi:  [ -> 5]
[00:16:01.602] [INFO] [CalibrationManager] Değişiklik kaydedildi:  [ -> 5]
[00:16:01.604] [INFO] [CalibrationManager] Değişiklik kaydedildi:  [ -> 5]
[00:16:01.607] [INFO] [CalibrationManager] Değişiklik kaydedildi:  [ -> 5]
[00:16:01.610] [INFO] [CalibrationManager] Değişiklik kaydedildi:  [ -> 5]
[00:16:01.614] [INFO] [CalibrationManager] Değişiklik kaydedildi:  [ -> 5]
[00:16:01.617] [INFO] [CalibrationManager] Değişiklik kaydedildi:  [ -> 5]
[00:16:01.619] [INFO] [CalibrationManager] Değişiklik kaydedildi:  [ -> 5]
[00:16:01.622] [INFO] [CalibrationManager] Değişiklik kaydedildi:  [ -> 5]
[00:16:01.624] [INFO] [CalibrationManager] Değişiklik kaydedildi:  [ -> 5]
[00:16:01.630] [WARNING] [RtpCalibrationEngine] Could not save persistent sync queue: The process cannot access the file 'C:\Users\ayhan\OneDrive\Desktop\Canlı OBD2 Araç Telemetri Ekranı\HondaTuner\bin\Debug\net6.0-windows\Database\pending_rtp_queue.json' because it is being used by another process.
[00:16:01.631] [INFO] [CalibrationManager] Değişiklik kaydedildi:  [ -> 5]
[00:16:01.633] [INFO] [CalibrationManager] Değişiklik kaydedildi:  [ -> 5]
[00:16:01.636] [INFO] [CalibrationManager] Değişiklik kaydedildi:  [ -> 5]
[00:16:01.644] [INFO] [CalibrationManager] Değişiklik kaydedildi:  [ -> 5]
[00:16:01.647] [INFO] [CalibrationManager] Değişiklik kaydedildi:  [ -> 5]
[00:16:01.650] [INFO] [CalibrationManager] Değişiklik kaydedildi:  [ -> 5]
[00:16:01.653] [INFO] [CalibrationManager] Değişiklik kaydedildi:  [ -> 5]
[00:16:01.656] [INFO] [CalibrationManager] Değişiklik kaydedildi:  [ -> 5]
[00:16:01.658] [INFO] [CalibrationManager] Değişiklik kaydedildi:  [ -> 5]
[00:16:01.661] [INFO] [CalibrationManager] Değişiklik kaydedildi:  [ -> 5]
[00:16:01.663] [INFO] [CalibrationManager] Değişiklik kaydedildi:  [ -> 5]
[00:16:01.666] [INFO] [CalibrationManager] Değişiklik kaydedildi:  [ -> 5]
[00:16:01.676] [INFO] [CalibrationManager] Değişiklik kaydedildi:  [ -> 5]
[00:16:01.679] [INFO] [CalibrationManager] Değişiklik kaydedildi:  [ -> 5]
[00:16:01.682] [INFO] [CalibrationManager] Değişiklik kaydedildi:  [ -> 5]
[00:16:01.685] [INFO] [CalibrationManager] Değişiklik kaydedildi:  [ -> 5]
[00:16:01.687] [INFO] [CalibrationManager] Değişiklik kaydedildi:  [ -> 5]
[00:16:01.690] [INFO] [CalibrationManager] Değişiklik kaydedildi:  [ -> 5]
[00:16:01.693] [INFO] [CalibrationManager] Değişiklik kaydedildi:  [ -> 5]
[00:16:01.696] [INFO] [CalibrationManager] Değişiklik kaydedildi:  [ -> 5]
[00:16:01.699] [INFO] [CalibrationManager] Değişiklik kaydedildi:  [ -> 5]
[00:16:01.702] [INFO] [CalibrationManager] Değişiklik kaydedildi:  [ -> 5]
[00:16:01.705] [INFO] [CalibrationManager] Değişiklik kaydedildi:  [ -> 5]
[00:16:01.707] [INFO] [CalibrationManager] Değişiklik kaydedildi:  [ -> 5]
[00:16:01.710] [INFO] [CalibrationManager] Değişiklik kaydedildi:  [ -> 5]
[00:16:01.712] [INFO] [CalibrationManager] Değişiklik kaydedildi:  [ -> 5]
[00:16:01.715] [INFO] [CalibrationManager] Değişiklik kaydedildi:  [ -> 5]
[00:16:01.717] [INFO] [CalibrationManager] Değişiklik kaydedildi:  [ -> 5]
[00:16:01.720] [INFO] [CalibrationManager] Değişiklik kaydedildi:  [ -> 5]
[00:16:01.723] [INFO] [CalibrationManager] Değişiklik kaydedildi:  [ -> 5]
[00:16:01.725] [INFO] [CalibrationManager] Değişiklik kaydedildi:  [ -> 5]
[00:16:01.728] [INFO] [CalibrationManager] Değişiklik kaydedildi:  [ -> 5]
[00:16:01.731] [INFO] [CalibrationManager] Değişiklik kaydedildi:  [ -> 5]
[00:16:01.733] [INFO] [CalibrationManager] Değişiklik kaydedildi:  [ -> 5]
[00:16:01.736] [INFO] [CalibrationManager] Değişiklik kaydedildi:  [ -> 5]
[00:16:01.750] [INFO] [CalibrationManager] Değişiklik kaydedildi:  [ -> 5]
[00:16:01.753] [INFO] [CalibrationManager] Değişiklik kaydedildi:  [ -> 5]
[00:16:01.756] [INFO] [CalibrationManager] Değişiklik kaydedildi:  [ -> 5]
[00:16:01.763] [WARNING] [RtpCalibrationEngine] Could not save persistent sync queue: The process cannot access the file 'C:\Users\ayhan\OneDrive\Desktop\Canlı OBD2 Araç Telemetri Ekranı\HondaTuner\bin\Debug\net6.0-windows\Database\pending_rtp_queue.json' because it is being used by another process.
[00:16:01.764] [INFO] [CalibrationManager] Değişiklik kaydedildi:  [ -> 5]
[00:16:01.766] [INFO] [CalibrationManager] Değişiklik kaydedildi:  [ -> 5]
[00:16:01.770] [INFO] [CalibrationManager] Değişiklik kaydedildi:  [ -> 5]
[00:16:01.781] [INFO] [CalibrationManager] Değişiklik kaydedildi:  [ -> 5]
[00:16:01.783] [INFO] [CalibrationManager] Değişiklik kaydedildi:  [ -> 5]
[00:16:01.787] [INFO] [CalibrationManager] Değişiklik kaydedildi:  [ -> 5]
[00:16:01.794] [WARNING] [RtpCalibrationEngine] Could not save persistent sync queue: The process cannot access the file 'C:\Users\ayhan\OneDrive\Desktop\Canlı OBD2 Araç Telemetri Ekranı\HondaTuner\bin\Debug\net6.0-windows\Database\pending_rtp_queue.json' because it is being used by another process.
[00:16:01.795] [INFO] [CalibrationManager] Değişiklik kaydedildi:  [ -> 5]
[00:16:01.798] [INFO] [CalibrationManager] Değişiklik kaydedildi:  [ -> 5]
[00:16:01.801] [INFO] [CalibrationManager] Değişiklik kaydedildi:  [ -> 5]
[00:16:01.804] [INFO] [CalibrationManager] Değişiklik kaydedildi:  [ -> 5]
[00:16:01.807] [INFO] [CalibrationManager] Değişiklik kaydedildi:  [ -> 5]
[00:16:01.820] [INFO] [CalibrationManager] Değişiklik kaydedildi:  [ -> 5]
[00:16:01.823] [INFO] [CalibrationManager] Değişiklik kaydedildi:  [ -> 5]
[00:16:01.826] [INFO] [CalibrationManager] Değişiklik kaydedildi:  [ -> 5]
[00:16:01.829] [INFO] [CalibrationManager] Değişiklik kaydedildi:  [ -> 5]
[00:16:01.831] [INFO] [CalibrationManager] Değişiklik kaydedildi:  [ -> 5]
[00:16:01.834] [INFO] [CalibrationManager] Değişiklik kaydedildi:  [ -> 5]
[00:16:01.837] [INFO] [CalibrationManager] Değişiklik kaydedildi:  [ -> 5]
[00:16:01.840] [INFO] [CalibrationManager] Değişiklik kaydedildi:  [ -> 5]
[00:16:01.843] [INFO] [CalibrationManager] Değişiklik kaydedildi:  [ -> 5]
[00:16:01.846] [INFO] [CalibrationManager] Değişiklik kaydedildi:  [ -> 5]
[00:16:01.850] [INFO] [CalibrationManager] Değişiklik kaydedildi:  [ -> 5]
[00:16:01.852] [INFO] [CalibrationManager] Değişiklik kaydedildi:  [ -> 5]
[00:16:01.855] [INFO] [CalibrationManager] Değişiklik kaydedildi:  [ -> 5]
[00:16:01.859] [INFO] [CalibrationManager] Değişiklik kaydedildi:  [ -> 5]
[00:16:01.878] [INFO] [CalibrationManager] Değişiklik kaydedildi:  [ -> 5]
[00:16:01.898] [INFO] [CalibrationManager] Değişiklik kaydedildi:  [ -> 5]
[00:16:01.914] [INFO] [CalibrationManager] Değişiklik kaydedildi:  [ -> 5]
[00:16:01.917] [INFO] [CalibrationManager] Değişiklik kaydedildi:  [ -> 5]
[00:16:01.921] [INFO] [CalibrationManager] Değişiklik kaydedildi:  [ -> 5]
[00:16:01.927] [INFO] [CalibrationManager] Değişiklik kaydedildi:  [ -> 5]
[00:16:01.929] [INFO] [CalibrationManager] Değişiklik kaydedildi:  [ -> 5]
[00:16:01.932] [INFO] [CalibrationManager] Değişiklik kaydedildi:  [ -> 5]
[00:16:01.935] [INFO] [CalibrationManager] Değişiklik kaydedildi:  [ -> 5]
[00:16:01.938] [INFO] [CalibrationManager] Değişiklik kaydedildi:  [ -> 5]
[00:16:01.941] [INFO] [CalibrationManager] Değişiklik kaydedildi:  [ -> 5]
[00:16:01.943] [INFO] [CalibrationManager] Değişiklik kaydedildi:  [ -> 5]
[00:16:01.946] [INFO] [CalibrationManager] Değişiklik kaydedildi:  [ -> 5]
[00:16:01.948] [INFO] [CalibrationManager] Değişiklik kaydedildi:  [ -> 5]
[00:16:01.951] [INFO] [CalibrationManager] Değişiklik kaydedildi:  [ -> 5]
[00:16:01.954] [INFO] [CalibrationManager] Değişiklik kaydedildi:  [ -> 5]
[00:16:01.956] [INFO] [CalibrationManager] Değişiklik kaydedildi:  [ -> 5]
[00:16:01.959] [INFO] [CalibrationManager] Değişiklik kaydedildi:  [ -> 5]
[00:16:01.961] [INFO] [CalibrationManager] Değişiklik kaydedildi:  [ -> 5]
[00:16:01.965] [INFO] [CalibrationManager] Değişiklik kaydedildi:  [ -> 5]
[00:16:01.968] [INFO] [CalibrationManager] Değişiklik kaydedildi:  [ -> 5]
[00:16:01.980] [INFO] [CalibrationManager] Değişiklik kaydedildi:  [ -> 5]
[00:16:01.983] [INFO] [CalibrationManager] Değişiklik kaydedildi:  [ -> 5]
[00:16:01.987] [INFO] [CalibrationManager] Değişiklik kaydedildi:  [ -> 5]
[00:16:01.990] [INFO] [CalibrationManager] Değişiklik kaydedildi:  [ -> 5]
[00:16:01.993] [INFO] [CalibrationManager] Değişiklik kaydedildi:  [ -> 5]
[00:16:01.996] [INFO] [CalibrationManager] Değişiklik kaydedildi:  [ -> 5]
[00:16:01.999] [INFO] [CalibrationManager] Değişiklik kaydedildi:  [ -> 5]
[00:16:02.002] [INFO] [CalibrationManager] Değişiklik kaydedildi:  [ -> 5]
[00:16:02.004] [INFO] [CalibrationManager] Değişiklik kaydedildi:  [ -> 5]
[00:16:02.007] [INFO] [CalibrationManager] Değişiklik kaydedildi:  [ -> 5]
[00:16:02.021] [INFO] [CalibrationManager] Değişiklik kaydedildi:  [ -> 5]
[00:16:02.024] [INFO] [CalibrationManager] Değişiklik kaydedildi:  [ -> 5]
[00:16:02.026] [INFO] [CalibrationManager] Değişiklik kaydedildi:  [ -> 5]
[00:16:02.029] [INFO] [CalibrationManager] Değişiklik kaydedildi:  [ -> 5]
[00:16:02.032] [INFO] [CalibrationManager] Değişiklik kaydedildi:  [ -> 5]
[00:16:02.035] [INFO] [CalibrationManager] Değişiklik kaydedildi:  [ -> 5]
[00:16:02.038] [INFO] [CalibrationManager] Değişiklik kaydedildi:  [ -> 5]
[00:16:02.042] [INFO] [CalibrationManager] Değişiklik kaydedildi:  [ -> 5]
[00:16:02.046] [INFO] [CalibrationManager] Değişiklik kaydedildi:  [ -> 5]
[00:16:02.048] [INFO] [CalibrationManager] Değişiklik kaydedildi:  [ -> 5]
[00:16:02.051] [INFO] [CalibrationManager] Değişiklik kaydedildi:  [ -> 5]
[00:16:02.053] [INFO] [CalibrationManager] Değişiklik kaydedildi:  [ -> 5]
[00:16:02.056] [INFO] [CalibrationManager] Değişiklik kaydedildi:  [ -> 5]
[00:16:02.059] [INFO] [CalibrationManager] Değişiklik kaydedildi:  [ -> 5]
[00:16:02.062] [INFO] [CalibrationManager] Değişiklik kaydedildi:  [ -> 5]
[00:16:02.065] [INFO] [CalibrationManager] Değişiklik kaydedildi:  [ -> 5]
[00:16:02.068] [INFO] [CalibrationManager] Değişiklik kaydedildi:  [ -> 5]
[00:16:02.070] [INFO] [CalibrationManager] Değişiklik kaydedildi:  [ -> 5]
[00:16:02.073] [INFO] [CalibrationManager] Değişiklik kaydedildi:  [ -> 5]
[00:16:02.076] [INFO] [CalibrationManager] Değişiklik kaydedildi:  [ -> 5]
[00:16:02.079] [INFO] [CalibrationManager] Değişiklik kaydedildi:  [ -> 5]
[00:16:02.082] [INFO] [CalibrationManager] Değişiklik kaydedildi:  [ -> 5]
[00:16:02.085] [INFO] [CalibrationManager] Değişiklik kaydedildi:  [ -> 5]
[00:16:02.087] [INFO] [CalibrationManager] Değişiklik kaydedildi:  [ -> 5]
[00:16:02.091] [INFO] [CalibrationManager] Değişiklik kaydedildi:  [ -> 5]
[00:16:02.095] [INFO] [CalibrationManager] Değişiklik kaydedildi:  [ -> 5]
[00:16:02.098] [INFO] [CalibrationManager] Değişiklik kaydedildi:  [ -> 5]
[00:16:02.101] [INFO] [CalibrationManager] Değişiklik kaydedildi:  [ -> 5]
[00:16:02.103] [INFO] [CalibrationManager] Değişiklik kaydedildi:  [ -> 5]
[00:16:02.106] [INFO] [CalibrationManager] Değişiklik kaydedildi:  [ -> 5]
[00:16:02.109] [INFO] [CalibrationManager] Değişiklik kaydedildi:  [ -> 5]
[00:16:02.112] [INFO] [CalibrationManager] Değişiklik kaydedildi:  [ -> 5]
[00:16:02.115] [INFO] [CalibrationManager] Değişiklik kaydedildi:  [ -> 5]
[00:16:02.118] [INFO] [CalibrationManager] Değişiklik kaydedildi:  [ -> 5]
[00:16:02.120] [INFO] [CalibrationManager] Değişiklik kaydedildi:  [ -> 5]
[00:16:02.123] [INFO] [CalibrationManager] Değişiklik kaydedildi:  [ -> 5]
[00:16:02.126] [INFO] [CalibrationManager] Değişiklik kaydedildi:  [ -> 5]
[00:16:02.129] [INFO] [CalibrationManager] Değişiklik kaydedildi:  [ -> 5]
[00:16:02.131] [INFO] [CalibrationManager] Değişiklik kaydedildi:  [ -> 5]
[00:16:02.134] [INFO] [CalibrationManager] Değişiklik kaydedildi:  [ -> 5]
[00:16:02.137] [INFO] [CalibrationManager] Değişiklik kaydedildi:  [ -> 5]
[00:16:02.140] [INFO] [CalibrationManager] Değişiklik kaydedildi:  [ -> 5]
[00:16:02.143] [INFO] [CalibrationManager] Değişiklik kaydedildi:  [ -> 5]
[00:16:02.148] [INFO] [CalibrationManager] Değişiklik kaydedildi:  [ -> 5]
[00:16:02.151] [INFO] [CalibrationManager] Değişiklik kaydedildi:  [ -> 5]
[00:16:02.154] [INFO] [CalibrationManager] Değişiklik kaydedildi:  [ -> 5]
[00:16:02.157] [INFO] [CalibrationManager] Değişiklik kaydedildi:  [ -> 5]
[00:16:02.160] [INFO] [CalibrationManager] Değişiklik kaydedildi:  [ -> 5]
[00:16:02.163] [INFO] [CalibrationManager] Değişiklik kaydedildi:  [ -> 5]
[00:16:02.166] [INFO] [CalibrationManager] Değişiklik kaydedildi:  [ -> 5]
[00:16:02.169] [INFO] [CalibrationManager] Değişiklik kaydedildi:  [ -> 5]
[00:16:02.173] [INFO] [CalibrationManager] Değişiklik kaydedildi:  [ -> 5]
[00:16:02.177] [INFO] [CalibrationManager] Değişiklik kaydedildi:  [ -> 5]
[00:16:02.181] [INFO] [CalibrationManager] Değişiklik kaydedildi:  [ -> 5]
[00:16:02.184] [INFO] [CalibrationManager] Değişiklik kaydedildi:  [ -> 5]
[00:16:02.187] [INFO] [CalibrationManager] Değişiklik kaydedildi:  [ -> 5]
[00:16:02.190] [INFO] [CalibrationManager] Değişiklik kaydedildi:  [ -> 5]
[00:16:02.192] [INFO] [CalibrationManager] Değişiklik kaydedildi:  [ -> 5]
[00:16:02.196] [INFO] [CalibrationManager] Değişiklik kaydedildi:  [ -> 5]
[00:16:02.200] [INFO] [CalibrationManager] Değişiklik kaydedildi:  [ -> 5]
[00:16:02.204] [INFO] [CalibrationManager] Değişiklik kaydedildi:  [ -> 5]
[00:16:02.207] [INFO] [CalibrationManager] Değişiklik kaydedildi:  [ -> 5]
[00:16:02.211] [INFO] [CalibrationManager] Değişiklik kaydedildi:  [ -> 5]
[00:16:02.214] [INFO] [CalibrationManager] Değişiklik kaydedildi:  [ -> 5]
[00:16:02.217] [INFO] [CalibrationManager] Değişiklik kaydedildi:  [ -> 5]
[00:16:02.221] [INFO] [CalibrationManager] Değişiklik kaydedildi:  [ -> 5]
[00:16:02.224] [INFO] [CalibrationManager] Değişiklik kaydedildi:  [ -> 5]
[00:16:02.227] [INFO] [CalibrationManager] Değişiklik kaydedildi:  [ -> 5]
[00:16:02.230] [INFO] [CalibrationManager] Değişiklik kaydedildi:  [ -> 5]
[00:16:02.233] [INFO] [CalibrationManager] Değişiklik kaydedildi:  [ -> 5]
[00:16:02.237] [INFO] [CalibrationManager] Değişiklik kaydedildi:  [ -> 5]
[00:16:02.240] [INFO] [CalibrationManager] Değişiklik kaydedildi:  [ -> 5]
[00:16:02.243] [INFO] [CalibrationManager] Değişiklik kaydedildi:  [ -> 5]
[00:16:02.246] [INFO] [CalibrationManager] Değişiklik kaydedildi:  [ -> 5]
[00:16:02.249] [INFO] [CalibrationManager] Değişiklik kaydedildi:  [ -> 5]
[00:16:02.251] [INFO] [CalibrationManager] Değişiklik kaydedildi:  [ -> 5]
[00:16:02.256] [INFO] [CalibrationManager] Değişiklik kaydedildi:  [ -> 5]
[00:16:02.258] [INFO] [CalibrationManager] Değişiklik kaydedildi:  [ -> 5]
[00:16:02.261] [INFO] [CalibrationManager] Değişiklik kaydedildi:  [ -> 5]
[00:16:02.264] [INFO] [CalibrationManager] Değişiklik kaydedildi:  [ -> 5]
[00:16:02.267] [INFO] [CalibrationManager] Değişiklik kaydedildi:  [ -> 5]
[00:16:02.270] [INFO] [CalibrationManager] Değişiklik kaydedildi:  [ -> 5]
[00:16:02.273] [INFO] [CalibrationManager] Değişiklik kaydedildi:  [ -> 5]
[00:16:02.277] [INFO] [CalibrationManager] Değişiklik kaydedildi:  [ -> 5]
[00:16:02.287] [INFO] [CalibrationManager] Değişiklik kaydedildi:  [ -> 5]
[00:16:02.290] [INFO] [CalibrationManager] Değişiklik kaydedildi:  [ -> 5]
[00:16:02.293] [INFO] [CalibrationManager] Değişiklik kaydedildi:  [ -> 5]
[00:16:02.296] [INFO] [CalibrationManager] Değişiklik kaydedildi:  [ -> 5]
[00:16:02.705] [INFO] [RtpCalibrationEngine] Connecting to RTP emulator...
[00:16:02.706] [INFO] [RtpCalibrationEngine] RTP emulator connected successfully.
[00:16:02.706] [INFO] [RtpCalibrationEngine] Real-time synchronization active.
[00:16:02.736] [INFO] [RtpCalibrationEngine] Connecting to RTP emulator...
[00:16:02.736] [INFO] [RtpCalibrationEngine] RTP emulator connected successfully.
[00:16:02.736] [INFO] [RtpCalibrationEngine] Real-time synchronization active.
[00:16:02.742] [INFO] [CalibrationManager] Değişiklik kaydedildi:  [ -> 55]
[00:16:02.839] [ERROR] [RtpCalibrationEngine] Batch write execution failed: Batch block verification write failed: Simulated block write exception
[00:16:02.950] [INFO] [RtpCalibrationEngine] Recovered 1 pending changes from persistent queue on disk.
[00:16:02.951] [INFO] [RtpCalibrationEngine] Connecting to RTP emulator...
[00:16:02.951] [INFO] [RtpCalibrationEngine] RTP emulator connected successfully.
[00:16:02.952] [INFO] [RtpCalibrationEngine] Real-time synchronization active.
[00:16:02.955] [INFO] [CalibrationManager] Değişiklik kaydedildi:  [ -> 88]
[00:16:03.042] [ERROR] [RtpCalibrationEngine] Batch write execution failed: Batch block verification write failed: Batch block verify mismatch at relative index 0. Expected: 0, Actual: 255
[00:16:03.167] [INFO] [RtpCalibrationEngine] Recovered 2 pending changes from persistent queue on disk.
[00:16:03.167] [INFO] [RtpCalibrationEngine] Connecting to RTP emulator...
[00:16:03.167] [INFO] [RtpCalibrationEngine] RTP emulator connected successfully.
[00:16:03.168] [INFO] [RtpCalibrationEngine] Real-time synchronization active.
[00:16:03.172] [INFO] [CalibrationManager] Değişiklik kaydedildi:  [ -> 22]
[00:16:03.276] [INFO] [CalibrationManager] Değişiklik kaydedildi:  [ -> 22]
[00:16:03.390] [INFO] [RtpCalibrationEngine] Recovered 519 pending changes from persistent queue on disk.
[00:16:03.409] [INFO] [CalibrationManager] Değişiklik kaydedildi:  [ -> 0]
[00:16:03.424] [INFO] [CalibrationManager] Değişiklik kaydedildi:  [ -> 1]
[00:16:03.445] [INFO] [CalibrationManager] Değişiklik kaydedildi:  [ -> 2]
[00:16:03.457] [INFO] [CalibrationManager] Değişiklik kaydedildi:  [ -> 3]
[00:16:03.471] [INFO] [CalibrationManager] Değişiklik kaydedildi:  [ -> 4]
[00:16:03.484] [INFO] [CalibrationManager] Değişiklik kaydedildi:  [ -> 5]
[00:16:03.493] [INFO] [CalibrationManager] Değişiklik kaydedildi:  [ -> 6]
[00:16:03.510] [INFO] [RtpCalibrationEngine] Recovered 519 pending changes from persistent queue on disk.
[00:16:03.513] [INFO] [CalibrationManager] Değişiklik kaydedildi:  [ -> 0]
[00:16:03.526] [INFO] [CalibrationManager] Değişiklik kaydedildi:  [ -> 1]
[00:16:03.544] [INFO] [CalibrationManager] Değişiklik kaydedildi:  [ -> 2]
[00:16:03.568] [INFO] [CalibrationManager] Değişiklik kaydedildi:  [ -> 3]
[00:16:03.592] [INFO] [CalibrationManager] Değişiklik kaydedildi:  [ -> 4]
[00:16:03.607] [INFO] [CalibrationManager] Değişiklik kaydedildi:  [ -> 5]
[00:16:03.626] [INFO] [CalibrationManager] Değişiklik kaydedildi:  [ -> 6]
[00:16:03.639] [INFO] [RtpCalibrationEngine] Recovered 519 pending changes from persistent queue on disk.
[00:16:03.746] [INFO] [CalibrationManager] Değişiklik kaydedildi:  [ -> 0]
[00:16:03.870] [INFO] [CalibrationManager] Değişiklik kaydedildi:  [ -> 1]
[00:16:03.987] [INFO] [CalibrationManager] Değişiklik kaydedildi:  [ -> 2]
[00:16:04.114] [INFO] [CalibrationManager] Değişiklik kaydedildi:  [ -> 3]
[00:16:04.240] [INFO] [CalibrationManager] Değişiklik kaydedildi:  [ -> 4]
[00:16:04.363] [INFO] [CalibrationManager] Değişiklik kaydedildi:  [ -> 5]
[00:16:04.486] [INFO] [CalibrationManager] Değişiklik kaydedildi:  [ -> 6]
[00:16:04.490] [ERROR] [RtpCalibrationEngine] RTP Configuration validation failed: Retry count must be between 0 and 10. (Parameter 'RetryCount')
[00:16:04.493] [INFO] [RtpCalibrationEngine] Recovered 1 pending changes from persistent queue on disk.
[00:16:04.495] [INFO] [RtpCalibrationEngine] Connecting to RTP emulator...
[00:16:04.495] [INFO] [RtpCalibrationEngine] RTP emulator connected successfully.
[00:16:04.496] [INFO] [RtpCalibrationEngine] Real-time synchronization active.
[00:16:04.505] [INFO] [AutoTuneSafetyManager] Güvenlik limitleri yüklendi. Etkin kural sayısı: 4
[00:16:04.505] [INFO] [AutoTuneEventPublisher] Domain olayı yayınlandı: SessionCreated (Oturum: 41acbc80-4691-4ac4-9a5d-f945d31fe637)
[00:16:04.506] [INFO] [AutoTuneEngine] Oturum başarıyla başlatıldı: 41acbc80-4691-4ac4-9a5d-f945d31fe637
[00:16:04.652] [INFO] [AutoTuneEventPublisher] Domain olayı yayınlandı: TelemetryWindowAccepted (Oturum: 41acbc80-4691-4ac4-9a5d-f945d31fe637)
[00:16:04.653] [INFO] [AutoTuneEventPublisher] Domain olayı yayınlandı: SafetyViolation (Oturum: 41acbc80-4691-4ac4-9a5d-f945d31fe637)
[00:16:04.653] [INFO] [AutoTuneEventPublisher] Domain olayı yayınlandı: DecisionCreated (Oturum: 41acbc80-4691-4ac4-9a5d-f945d31fe637)
[00:16:04.654] [INFO] [CalibrationSnapshotManager] Snapshot oluşturuldu: a6a2b1fa-630e-4d9a-8dde-f868db57debd, Hücre sayısı: 1
[00:16:04.655] [INFO] [CalibrationRecoveryManager] Bekleyen işlem kaydedildi: 56f718a8-4f9c-476e-ac78-c1f05c3e54d8
[00:16:04.658] [INFO] [CalibrationManager] Değişiklik kaydedildi: AFRTargetTable Hücre [3,4] [0 -> 15]
[00:16:04.660] [INFO] [CalibrationRecoveryManager] Bekleyen işlem temizlendi (başarılı commit).
[00:16:04.660] [INFO] [CalibrationStreamPublisher] Uygulanan değişiklik yayınlandı: Lambda adres: AFRTargetTable[3,4]
[00:16:04.660] [INFO] [AutoTuneEventPublisher] Domain olayı yayınlandı: MapChangeApplied (Oturum: 41acbc80-4691-4ac4-9a5d-f945d31fe637)
[00:16:04.661] [INFO] [AutoTuneEventPublisher] Domain olayı yayınlandı: DecisionCreated (Oturum: 41acbc80-4691-4ac4-9a5d-f945d31fe637)
[00:16:04.661] [INFO] [CalibrationSnapshotManager] Snapshot oluşturuldu: b8684f2d-49da-4e75-9fbd-e96ae0ac1c2e, Hücre sayısı: 1
[00:16:04.664] [INFO] [CalibrationRecoveryManager] Bekleyen işlem kaydedildi: 41edbb26-40b4-4057-9fb6-1bd841b23bed
[00:16:04.667] [INFO] [CalibrationManager] Değişiklik kaydedildi: IgnitionTable Hücre [3,4] [15 -> 16]
[00:16:04.668] [INFO] [CalibrationRecoveryManager] Bekleyen işlem temizlendi (başarılı commit).
[00:16:04.668] [INFO] [CalibrationStreamPublisher] Uygulanan değişiklik yayınlandı: Ignition adres: IgnitionTable[3,4]
[00:16:04.669] [INFO] [AutoTuneEventPublisher] Domain olayı yayınlandı: MapChangeApplied (Oturum: 41acbc80-4691-4ac4-9a5d-f945d31fe637)
[00:16:04.669] [INFO] [AutoTuneEventPublisher] Domain olayı yayınlandı: DecisionCreated (Oturum: 41acbc80-4691-4ac4-9a5d-f945d31fe637)
[00:16:04.669] [INFO] [CalibrationSnapshotManager] Snapshot oluşturuldu: 92bdcf0e-d861-4692-93ac-d7d1210ce24e, Hücre sayısı: 1
[00:16:04.672] [INFO] [CalibrationRecoveryManager] Bekleyen işlem kaydedildi: b9a81a14-3819-4fa6-8817-783dec8ccdd3
[00:16:04.675] [INFO] [CalibrationManager] Değişiklik kaydedildi: FuelVETable Hücre [3,4] [16 -> 60]
[00:16:04.676] [INFO] [CalibrationRecoveryManager] Bekleyen işlem temizlendi (başarılı commit).
[00:16:04.676] [INFO] [CalibrationStreamPublisher] Uygulanan değişiklik yayınlandı: VE adres: FuelVETable[3,4]
[00:16:04.677] [INFO] [AutoTuneEventPublisher] Domain olayı yayınlandı: MapChangeApplied (Oturum: 41acbc80-4691-4ac4-9a5d-f945d31fe637)
[00:16:04.698] [INFO] [AutoTuneEventPublisher] Domain olayı yayınlandı: TelemetryWindowAccepted (Oturum: 41acbc80-4691-4ac4-9a5d-f945d31fe637)
[00:16:04.699] [INFO] [AutoTuneEventPublisher] Domain olayı yayınlandı: SafetyViolation (Oturum: 41acbc80-4691-4ac4-9a5d-f945d31fe637)
[00:16:04.699] [INFO] [AutoTuneEventPublisher] Domain olayı yayınlandı: DecisionCreated (Oturum: 41acbc80-4691-4ac4-9a5d-f945d31fe637)
[00:16:04.699] [INFO] [CalibrationSnapshotManager] Snapshot oluşturuldu: 11945c8b-ea61-4b89-bba8-2d1e8eb15f71, Hücre sayısı: 1
[00:16:04.702] [INFO] [CalibrationRecoveryManager] Bekleyen işlem kaydedildi: 88e8e2dd-c2bb-4786-b097-bf9328051b6c
[00:16:04.705] [INFO] [CalibrationManager] Değişiklik kaydedildi: AFRTargetTable Hücre [3,4] [60 -> 15]
[00:16:04.706] [INFO] [CalibrationRecoveryManager] Bekleyen işlem temizlendi (başarılı commit).
[00:16:04.706] [INFO] [CalibrationStreamPublisher] Uygulanan değişiklik yayınlandı: Lambda adres: AFRTargetTable[3,4]
[00:16:04.707] [INFO] [AutoTuneEventPublisher] Domain olayı yayınlandı: MapChangeApplied (Oturum: 41acbc80-4691-4ac4-9a5d-f945d31fe637)
[00:16:04.707] [INFO] [AutoTuneEventPublisher] Domain olayı yayınlandı: DecisionCreated (Oturum: 41acbc80-4691-4ac4-9a5d-f945d31fe637)
[00:16:04.707] [INFO] [CalibrationSnapshotManager] Snapshot oluşturuldu: a810eb91-fa40-49f8-8ee9-07bc0090c15b, Hücre sayısı: 1
[00:16:04.709] [INFO] [CalibrationRecoveryManager] Bekleyen işlem kaydedildi: ad310250-5894-4521-a726-181671324e94
[00:16:04.712] [INFO] [CalibrationManager] Değişiklik kaydedildi: IgnitionTable Hücre [3,4] [15 -> 16]
[00:16:04.714] [INFO] [CalibrationRecoveryManager] Bekleyen işlem temizlendi (başarılı commit).
[00:16:04.714] [INFO] [CalibrationStreamPublisher] Uygulanan değişiklik yayınlandı: Ignition adres: IgnitionTable[3,4]
[00:16:04.714] [INFO] [AutoTuneEventPublisher] Domain olayı yayınlandı: MapChangeApplied (Oturum: 41acbc80-4691-4ac4-9a5d-f945d31fe637)
[00:16:04.715] [INFO] [AutoTuneEventPublisher] Domain olayı yayınlandı: DecisionCreated (Oturum: 41acbc80-4691-4ac4-9a5d-f945d31fe637)
[00:16:04.715] [INFO] [CalibrationSnapshotManager] Snapshot oluşturuldu: 4b4e3a93-ec1c-455b-8782-e62412c12bed, Hücre sayısı: 1
[00:16:04.717] [INFO] [CalibrationRecoveryManager] Bekleyen işlem kaydedildi: 2aeba043-ee6d-46e0-bf6b-259d8f047423
[00:16:04.720] [INFO] [CalibrationManager] Değişiklik kaydedildi: FuelVETable Hücre [3,4] [16 -> 60]
[00:16:04.721] [INFO] [CalibrationRecoveryManager] Bekleyen işlem temizlendi (başarılı commit).
[00:16:04.722] [INFO] [CalibrationStreamPublisher] Uygulanan değişiklik yayınlandı: VE adres: FuelVETable[3,4]
[00:16:04.722] [INFO] [AutoTuneEventPublisher] Domain olayı yayınlandı: MapChangeApplied (Oturum: 41acbc80-4691-4ac4-9a5d-f945d31fe637)
[00:16:04.745] [INFO] [AutoTuneEventPublisher] Domain olayı yayınlandı: TelemetryWindowAccepted (Oturum: 41acbc80-4691-4ac4-9a5d-f945d31fe637)
[00:16:04.745] [INFO] [AutoTuneEventPublisher] Domain olayı yayınlandı: SafetyViolation (Oturum: 41acbc80-4691-4ac4-9a5d-f945d31fe637)
[00:16:04.745] [INFO] [AutoTuneEventPublisher] Domain olayı yayınlandı: DecisionCreated (Oturum: 41acbc80-4691-4ac4-9a5d-f945d31fe637)
[00:16:04.746] [INFO] [CalibrationSnapshotManager] Snapshot oluşturuldu: a5613732-91e3-49a4-9fbd-893fe4b3fdb2, Hücre sayısı: 1
[00:16:04.748] [INFO] [CalibrationRecoveryManager] Bekleyen işlem kaydedildi: 7d4c954e-593d-4931-833f-781bd279f10a
[00:16:04.751] [INFO] [CalibrationManager] Değişiklik kaydedildi: AFRTargetTable Hücre [3,4] [60 -> 15]
[00:16:04.753] [INFO] [CalibrationRecoveryManager] Bekleyen işlem temizlendi (başarılı commit).
[00:16:04.753] [INFO] [CalibrationStreamPublisher] Uygulanan değişiklik yayınlandı: Lambda adres: AFRTargetTable[3,4]
[00:16:04.753] [INFO] [AutoTuneEventPublisher] Domain olayı yayınlandı: MapChangeApplied (Oturum: 41acbc80-4691-4ac4-9a5d-f945d31fe637)
[00:16:04.753] [INFO] [AutoTuneEventPublisher] Domain olayı yayınlandı: DecisionCreated (Oturum: 41acbc80-4691-4ac4-9a5d-f945d31fe637)
[00:16:04.754] [INFO] [CalibrationSnapshotManager] Snapshot oluşturuldu: 9f024d43-5af7-4907-9a4e-3a26bda2e4eb, Hücre sayısı: 1
[00:16:04.756] [INFO] [CalibrationRecoveryManager] Bekleyen işlem kaydedildi: 1024a0fd-1328-4a90-98ff-bdf92f973a78
[00:16:04.760] [INFO] [CalibrationManager] Değişiklik kaydedildi: IgnitionTable Hücre [3,4] [15 -> 16]
[00:16:04.761] [INFO] [CalibrationRecoveryManager] Bekleyen işlem temizlendi (başarılı commit).
[00:16:04.762] [INFO] [CalibrationStreamPublisher] Uygulanan değişiklik yayınlandı: Ignition adres: IgnitionTable[3,4]
[00:16:04.762] [INFO] [AutoTuneEventPublisher] Domain olayı yayınlandı: MapChangeApplied (Oturum: 41acbc80-4691-4ac4-9a5d-f945d31fe637)
[00:16:04.763] [INFO] [AutoTuneEventPublisher] Domain olayı yayınlandı: DecisionCreated (Oturum: 41acbc80-4691-4ac4-9a5d-f945d31fe637)
[00:16:04.763] [INFO] [CalibrationSnapshotManager] Snapshot oluşturuldu: 7604d001-49d7-49f9-9043-d95732635493, Hücre sayısı: 1
[00:16:04.766] [INFO] [CalibrationRecoveryManager] Bekleyen işlem kaydedildi: a2221a86-695f-4d25-bd2f-851fc9890a75
[00:16:04.769] [INFO] [CalibrationManager] Değişiklik kaydedildi: FuelVETable Hücre [3,4] [16 -> 60]
[00:16:04.770] [INFO] [CalibrationRecoveryManager] Bekleyen işlem temizlendi (başarılı commit).
[00:16:04.771] [INFO] [CalibrationStreamPublisher] Uygulanan değişiklik yayınlandı: VE adres: FuelVETable[3,4]
[00:16:04.771] [INFO] [AutoTuneEventPublisher] Domain olayı yayınlandı: MapChangeApplied (Oturum: 41acbc80-4691-4ac4-9a5d-f945d31fe637)
[00:16:04.791] [INFO] [AutoTuneEventPublisher] Domain olayı yayınlandı: TelemetryWindowAccepted (Oturum: 41acbc80-4691-4ac4-9a5d-f945d31fe637)
[00:16:04.791] [INFO] [AutoTuneEventPublisher] Domain olayı yayınlandı: SafetyViolation (Oturum: 41acbc80-4691-4ac4-9a5d-f945d31fe637)
[00:16:04.792] [INFO] [AutoTuneEventPublisher] Domain olayı yayınlandı: DecisionCreated (Oturum: 41acbc80-4691-4ac4-9a5d-f945d31fe637)
[00:16:04.792] [INFO] [CalibrationSnapshotManager] Snapshot oluşturuldu: 49c52d7a-6593-4d5c-8f07-9330cbdacd71, Hücre sayısı: 1
[00:16:04.794] [INFO] [CalibrationRecoveryManager] Bekleyen işlem kaydedildi: 3cfb1165-bd45-4448-90da-9fea2d9be237
[00:16:04.798] [INFO] [CalibrationManager] Değişiklik kaydedildi: AFRTargetTable Hücre [3,4] [60 -> 15]
[00:16:04.800] [INFO] [CalibrationRecoveryManager] Bekleyen işlem temizlendi (başarılı commit).
[00:16:04.800] [INFO] [CalibrationStreamPublisher] Uygulanan değişiklik yayınlandı: Lambda adres: AFRTargetTable[3,4]
[00:16:04.801] [INFO] [AutoTuneEventPublisher] Domain olayı yayınlandı: MapChangeApplied (Oturum: 41acbc80-4691-4ac4-9a5d-f945d31fe637)
[00:16:04.802] [INFO] [AutoTuneEventPublisher] Domain olayı yayınlandı: DecisionCreated (Oturum: 41acbc80-4691-4ac4-9a5d-f945d31fe637)
[00:16:04.802] [INFO] [CalibrationSnapshotManager] Snapshot oluşturuldu: 605e6a27-0fcd-4dda-9f9f-fb71ddaf3d5c, Hücre sayısı: 1
[00:16:04.804] [INFO] [CalibrationRecoveryManager] Bekleyen işlem kaydedildi: e53861c5-1574-4db5-a272-393b4717fca1
[00:16:04.808] [INFO] [CalibrationManager] Değişiklik kaydedildi: IgnitionTable Hücre [3,4] [15 -> 16]
[00:16:04.809] [INFO] [CalibrationRecoveryManager] Bekleyen işlem temizlendi (başarılı commit).
[00:16:04.810] [INFO] [CalibrationStreamPublisher] Uygulanan değişiklik yayınlandı: Ignition adres: IgnitionTable[3,4]
[00:16:04.810] [INFO] [AutoTuneEventPublisher] Domain olayı yayınlandı: MapChangeApplied (Oturum: 41acbc80-4691-4ac4-9a5d-f945d31fe637)
[00:16:04.810] [INFO] [AutoTuneEventPublisher] Domain olayı yayınlandı: DecisionCreated (Oturum: 41acbc80-4691-4ac4-9a5d-f945d31fe637)
[00:16:04.811] [INFO] [CalibrationSnapshotManager] Snapshot oluşturuldu: c1747b47-9f89-49b4-8797-10582bd1ce89, Hücre sayısı: 1
[00:16:04.813] [INFO] [CalibrationRecoveryManager] Bekleyen işlem kaydedildi: 19a869c2-33be-4aae-bea6-ceefa39a7204
[00:16:04.816] [INFO] [CalibrationManager] Değişiklik kaydedildi: FuelVETable Hücre [3,4] [16 -> 60]
[00:16:04.818] [INFO] [CalibrationRecoveryManager] Bekleyen işlem temizlendi (başarılı commit).
[00:16:04.818] [INFO] [CalibrationStreamPublisher] Uygulanan değişiklik yayınlandı: VE adres: FuelVETable[3,4]
[00:16:04.818] [INFO] [AutoTuneEventPublisher] Domain olayı yayınlandı: MapChangeApplied (Oturum: 41acbc80-4691-4ac4-9a5d-f945d31fe637)
[00:16:04.837] [INFO] [AutoTuneEventPublisher] Domain olayı yayınlandı: TelemetryWindowAccepted (Oturum: 41acbc80-4691-4ac4-9a5d-f945d31fe637)
[00:16:04.837] [INFO] [AutoTuneEventPublisher] Domain olayı yayınlandı: SafetyViolation (Oturum: 41acbc80-4691-4ac4-9a5d-f945d31fe637)
[00:16:04.837] [INFO] [AutoTuneEventPublisher] Domain olayı yayınlandı: DecisionCreated (Oturum: 41acbc80-4691-4ac4-9a5d-f945d31fe637)
[00:16:04.838] [INFO] [CalibrationSnapshotManager] Snapshot oluşturuldu: c6f0b8d5-bb84-4623-8e85-157ad3675a8b, Hücre sayısı: 1
[00:16:04.840] [INFO] [CalibrationRecoveryManager] Bekleyen işlem kaydedildi: 48cfcfdb-8be3-4ae8-9c7b-13b31a3d0adc
[00:16:04.843] [INFO] [CalibrationManager] Değişiklik kaydedildi: AFRTargetTable Hücre [3,4] [60 -> 15]
[00:16:04.845] [INFO] [CalibrationRecoveryManager] Bekleyen işlem temizlendi (başarılı commit).
[00:16:04.845] [INFO] [CalibrationStreamPublisher] Uygulanan değişiklik yayınlandı: Lambda adres: AFRTargetTable[3,4]
[00:16:04.846] [INFO] [AutoTuneEventPublisher] Domain olayı yayınlandı: MapChangeApplied (Oturum: 41acbc80-4691-4ac4-9a5d-f945d31fe637)
[00:16:04.846] [INFO] [AutoTuneEventPublisher] Domain olayı yayınlandı: DecisionCreated (Oturum: 41acbc80-4691-4ac4-9a5d-f945d31fe637)
[00:16:04.846] [INFO] [CalibrationSnapshotManager] Snapshot oluşturuldu: ba23a42d-3ea1-415e-94d0-26ed5ba7ab6c, Hücre sayısı: 1
[00:16:04.849] [INFO] [CalibrationRecoveryManager] Bekleyen işlem kaydedildi: 38eafdc7-3c8e-48d2-a824-9ba9a354359b
[00:16:04.853] [INFO] [CalibrationManager] Değişiklik kaydedildi: IgnitionTable Hücre [3,4] [15 -> 16]
[00:16:04.854] [INFO] [CalibrationRecoveryManager] Bekleyen işlem temizlendi (başarılı commit).
[00:16:04.854] [INFO] [CalibrationStreamPublisher] Uygulanan değişiklik yayınlandı: Ignition adres: IgnitionTable[3,4]
[00:16:04.855] [INFO] [AutoTuneEventPublisher] Domain olayı yayınlandı: MapChangeApplied (Oturum: 41acbc80-4691-4ac4-9a5d-f945d31fe637)
[00:16:04.855] [INFO] [AutoTuneEventPublisher] Domain olayı yayınlandı: DecisionCreated (Oturum: 41acbc80-4691-4ac4-9a5d-f945d31fe637)
[00:16:04.856] [INFO] [CalibrationSnapshotManager] Snapshot oluşturuldu: b1993558-5acc-4fb8-b7b6-ccc25c261a9e, Hücre sayısı: 1
[00:16:04.858] [INFO] [CalibrationRecoveryManager] Bekleyen işlem kaydedildi: cb9d2698-1748-4504-b5bb-b594551d94c6
[00:16:04.864] [INFO] [CalibrationManager] Değişiklik kaydedildi: FuelVETable Hücre [3,4] [16 -> 60]
[00:16:04.866] [INFO] [CalibrationRecoveryManager] Bekleyen işlem temizlendi (başarılı commit).
[00:16:04.866] [INFO] [CalibrationStreamPublisher] Uygulanan değişiklik yayınlandı: VE adres: FuelVETable[3,4]
[00:16:04.866] [INFO] [AutoTuneEventPublisher] Domain olayı yayınlandı: MapChangeApplied (Oturum: 41acbc80-4691-4ac4-9a5d-f945d31fe637)
[00:16:04.883] [INFO] [AutoTuneEventPublisher] Domain olayı yayınlandı: TelemetryWindowAccepted (Oturum: 41acbc80-4691-4ac4-9a5d-f945d31fe637)
[00:16:04.884] [INFO] [AutoTuneEventPublisher] Domain olayı yayınlandı: SafetyViolation (Oturum: 41acbc80-4691-4ac4-9a5d-f945d31fe637)
[00:16:04.884] [INFO] [AutoTuneEventPublisher] Domain olayı yayınlandı: DecisionCreated (Oturum: 41acbc80-4691-4ac4-9a5d-f945d31fe637)
[00:16:04.884] [INFO] [CalibrationSnapshotManager] Snapshot oluşturuldu: 9451bd1a-b810-4205-a87e-4170181168d1, Hücre sayısı: 1
[00:16:04.887] [INFO] [CalibrationRecoveryManager] Bekleyen işlem kaydedildi: c6df62f0-7d27-499e-86f9-0861bf5ce5b6
[00:16:04.891] [INFO] [CalibrationManager] Değişiklik kaydedildi: AFRTargetTable Hücre [3,4] [60 -> 15]
[00:16:04.892] [INFO] [CalibrationRecoveryManager] Bekleyen işlem temizlendi (başarılı commit).
[00:16:04.892] [INFO] [CalibrationStreamPublisher] Uygulanan değişiklik yayınlandı: Lambda adres: AFRTargetTable[3,4]
[00:16:04.893] [INFO] [AutoTuneEventPublisher] Domain olayı yayınlandı: MapChangeApplied (Oturum: 41acbc80-4691-4ac4-9a5d-f945d31fe637)
[00:16:04.893] [INFO] [AutoTuneEventPublisher] Domain olayı yayınlandı: DecisionCreated (Oturum: 41acbc80-4691-4ac4-9a5d-f945d31fe637)
[00:16:04.894] [INFO] [CalibrationSnapshotManager] Snapshot oluşturuldu: 6e262d31-9533-4d79-b9ce-e216034b6508, Hücre sayısı: 1
[00:16:04.896] [INFO] [CalibrationRecoveryManager] Bekleyen işlem kaydedildi: 0982759f-bce0-4137-b39b-4771f2319321
[00:16:04.900] [INFO] [CalibrationManager] Değişiklik kaydedildi: IgnitionTable Hücre [3,4] [15 -> 16]
[00:16:04.901] [INFO] [CalibrationRecoveryManager] Bekleyen işlem temizlendi (başarılı commit).
[00:16:04.901] [INFO] [CalibrationStreamPublisher] Uygulanan değişiklik yayınlandı: Ignition adres: IgnitionTable[3,4]
[00:16:04.902] [INFO] [AutoTuneEventPublisher] Domain olayı yayınlandı: MapChangeApplied (Oturum: 41acbc80-4691-4ac4-9a5d-f945d31fe637)
[00:16:04.902] [INFO] [AutoTuneEventPublisher] Domain olayı yayınlandı: DecisionCreated (Oturum: 41acbc80-4691-4ac4-9a5d-f945d31fe637)
[00:16:04.903] [INFO] [CalibrationSnapshotManager] Snapshot oluşturuldu: 3037c635-fa0e-4514-a723-fa1850caac01, Hücre sayısı: 1
[00:16:04.905] [INFO] [CalibrationRecoveryManager] Bekleyen işlem kaydedildi: 3c84d884-bc8e-4f36-a6b2-61627d56c248
[00:16:04.908] [INFO] [CalibrationManager] Değişiklik kaydedildi: FuelVETable Hücre [3,4] [16 -> 60]
[00:16:04.909] [INFO] [CalibrationRecoveryManager] Bekleyen işlem temizlendi (başarılı commit).
[00:16:04.910] [INFO] [CalibrationStreamPublisher] Uygulanan değişiklik yayınlandı: VE adres: FuelVETable[3,4]
[00:16:04.910] [INFO] [AutoTuneEventPublisher] Domain olayı yayınlandı: MapChangeApplied (Oturum: 41acbc80-4691-4ac4-9a5d-f945d31fe637)
[00:16:05.237] [INFO] [AutoTuneEventPublisher] Domain olayı yayınlandı: SessionStopped (Oturum: 41acbc80-4691-4ac4-9a5d-f945d31fe637)
[00:16:05.238] [INFO] [TestHarness] Test tamamlandÄ±: 90 geÃ§ti, 12 kaldÄ±
[00:16:05.239] [WARNING] [RomIdentifier] ROM imzası hiçbir ECU profiliyle eşleşmedi.
[00:16:05.239] [INFO] [Program] Test sonuçları:
â•â•â•â•â•â•â•â•â•â•â•â•â•â•â•â•â•â•â•â•â•â•â•â•â•â•â•â•â•â•â•â•â•â•â•â•â•â•â•â•â•â•â•â•â•â•â•
  HONDATUNER â€” OTOMATÄ°K TEST SÃœÄ°TÄ°
â•â•â•â•â•â•â•â•â•â•â•â•â•â•â•â•â•â•â•â•â•â•â•â•â•â•â•â•â•â•â•â•â•â•â•â•â•â•â•â•â•â•â•â•â•â•â•

â”€â”€ ROM Testleri â”€â”€â”€â”€â”€â”€â”€â”€â”€â”€â”€â”€â”€â”€â”€â”€â”€â”€â”€â”€â”€â”€â”€â”€â”€â”€â”€â”€â”€â”€
  âœ… ROM Identifier â€” 32KB boÅŸ ROM tanÄ±ma
  âœ… ROM Identifier â€” yanlÄ±ÅŸ boyut reddi
  âœ… ROM Patch â€” doÄŸrulama ve uygulama
  âœ… ROM Patch â€” rollback geri yÃ¼kleme

â”€â”€ Kalibrasyon Testleri â”€â”€â”€â”€â”€â”€â”€â”€â”€â”€â”€â”€â”€â”€â”€â”€â”€â”€â”€â”€â”€â”€â”€
  âœ… Injector Scaling â€” 240â†’440cc
  âœ… Injector Scaling â€” clamp to 255
  âœ… Calibration Engine â€” Commit applies value to ROM buffer
  âœ… Calibration Engine â€” Rollback restores original values in ROM buffer
  âœ… Calibration Engine â€” Undo and Redo states are fully synchronized
  âœ… Calibration Engine â€” Safety validator rejects OOR Rev Limit changes

â”€â”€ Faz 4: Map Engine & Interpolation Testleri â”€â”€
  âœ… Map Engine â€” Cell write and read accuracy
  âœ… Map Engine â€” Scale factors conversion logic
  âœ… Map Engine â€” Invalid offset out-of-range bounds check
  âœ… Map Engine â€” Transaction commits, rollbacks, and Undo/Redo integration
  âœ… Interpolation â€” 4 neighbor bilinear cell weight sum equals exactly 1.0

â”€â”€ AutoTune GÃ¼venlik Testleri â”€â”€â”€â”€â”€â”€â”€â”€â”€â”€â”€â”€â”€â”€â”€â”€â”€
  âœ… AutoTune â€” dÃ¼ÅŸÃ¼k ECT reddi
  âœ… AutoTune â€” dÃ¼ÅŸÃ¼k batarya reddi
  âœ… AutoTune â€” dÃ¼zeltme kÄ±rpma (Â±12%)

── Faz 5: Checksum Engine & Safety Layer Testleri ──
  âœ… Checksum â€” Stock ROM passes validation
  âœ… Checksum â€” Corrupt byte fails validation
  âœ… Checksum â€” Map change updates checksum successfully
  âœ… Checksum â€” VerifyBeforeSave detects bad checksum and returns false
  âœ… Checksum â€” Reloaded ROM checksum is valid
  âœ… Checksum â€” Multiple regions validation is successful

── ROM Patch Engine v2 Testleri ──
  âŒ PatchEngine — Başarılı Yama Uygulama (Hata: Yama tanımları arasında 'LaunchControl' bulunamadı.)
  âŒ PatchEngine — Yanlış ExpectedBytes Koruması (Hata: Yama tanımları arasında 'LaunchControl' bulunamadı.)
  âŒ PatchEngine — Uyumsuz ECU Koruması (Hata: Yama tanımları arasında 'SpeedLimiterPatch' bulunamadı.)
  âŒ PatchEngine — ROM Boyut Limiti Koruması (Hata: Yama tanımları arasında 'LaunchControl' bulunamadı.)
  âŒ PatchEngine — Yamayı Geri Alma (Rollback) (Apply Hata: Yama tanımları arasında 'LaunchControl' bulunamadı.)
  âŒ PatchEngine — İşlem (Transaction) Commit Entegrasyonu (Hata: Yama tanımları arasında 'LaunchControl' bulunamadı.)
  âœ… PatchEngine — İşlem Geri Alma (Transaction Rollback)
  âŒ PatchEngine — Otomatik Checksum Güncelleme (Hata: Yama tanımları arasında 'LaunchControl' bulunamadı.)
  âŒ PatchEngine — Audit Loglama Kontrolü (Hata: logs=LaunchControl:FAILED: Yama tanımları arasında 'LaunchControl' bulunamadı.)
  âŒ PatchEngine — Profil Destekli Yamaları Bulma

── Phase 7: Telemetry & Live Datalog Bus Engine Testleri ──
  âœ… Telemetry - Event Bus Publish & Subscribe
  âœ… Telemetry - Event Bus Metrics Kontrolü
  âœ… Telemetry - Kanalsal Matematiksel Formül Çözümleme
  âœ… Telemetry - Backpressure DropOldest Politikası
  âœ… Telemetry - Backpressure DropNewest Politikası
  âœ… Telemetry - Backpressure BlockPublisher Politikası
  âœ… Telemetry - Yapılandırma Dosya İzleyicisi (Hot Reload)
  âœ… Telemetry - Erişim Kontrolü Yetkilendirme Hiyerarşisi
  âœ… Telemetry - SystemClock Monotonic Ticks
  âœ… Telemetry - HighResolutionClock Performance Ticks
  âœ… Telemetry - ReplayClock Geri Oynatıcı Zaman Akışı
  âœ… Telemetry - Dairesel Bellek (RingBuffer) Kapasite Tanımı
  âœ… Telemetry - RingBuffer Aşımında Overwrite (FIFO Overlay)
  âœ… Telemetry - Moving Average Gürültü Azaltma Filtresi
  âœ… Telemetry - Median (Ortanca) Filtreleme
  âœ… Telemetry - LowPass Üstel Sinyal Yumuşatma
  âœ… Telemetry - HighPass Dalgalanma Odaklı Sinyal Filtresi
  âœ… Telemetry - MockProvider Canlı Veri Akış Simülasyonu
  âœ… Telemetry - Sağlık İzleme (HealthMonitor) Parametreleri
  âœ… Telemetry - HealthMonitor Bağlantı Kaybı Anomali Algılama
  âœ… Telemetry - Analiz Hattı (AnalyzerPipeline) Sıralı Çalışma
  âœ… Telemetry - Engine Profil Geçiş Yönetimi (Street -> Dyno)
  âœ… Telemetry - Engine Canlı Datalogging Yaşam Döngüsü
  âœ… Telemetry - GC Basıncını Azaltan Frame Nesne Havuzu
  âœ… Telemetry - Salt-Okunur (Immutable) Snaphsot Yapısı
  âœ… Telemetry - Multi-Thread Veri Giriş Stress Testi

── Phase 8: AutoTune Closed Loop Engine Testleri ──
  âœ… AutoTune - State transitions (Start, Pause, Resume, Stop) lifecycle verification
  âœ… AutoTune - Confidence score calculation under low deviation is high
  âœ… AutoTune - Confidence score calculation under high deviation is low
  âœ… AutoTune - Stable window filter standard deviation and length checks
  âœ… AutoTune - Config validator rejects JSON with missing target attributes
  âœ… AutoTune - Config validator rejects out of bounds parameter variables
  âœ… AutoTune - ParameterType safety enum structure check
  âœ… AutoTune - Session manager multi session conflict prevention
  âœ… AutoTune - Session manager releases lock and allows new allocation
  âœ… AutoTune - Recovery manager logs interrupt trace successfully to file
  âœ… AutoTune - Recovery manager restores trace and validates details
  âœ… AutoTune - Diff engine returns detailed comparison matrix values
  âœ… AutoTune - CSV Package export contains session identity and values
  âœ… AutoTune - Replay simulator matches telemetry lists deterministically
  âœ… AutoTune - SafetyRuleProvider loads dynamic rules successfully
  âœ… AutoTune - QualityScoreCalculator rates stoichiometric history cleanly near 100
  âœ… AutoTune - Telemetry loss pause and reconnect validation cycle
  âœ… AutoTune - Domain event emitter publishes valid structured transition events
  âœ… AutoTune - Calibration RTP stream publishing streams virtual changes
  âœ… AutoTune - Replay validation checks run determinism bounds
  âœ… AutoTune - Persistence layer correctly serializes state machine records and migrates schema V1 to V2
  âœ… AutoTune - Query service retrieves session lists correctly
  âœ… AutoTune - Command service issues control triggers successfully
  âœ… AutoTune - Hardware checks and SafeMode blocks writing calibrations
  âœ… AutoTune - Cell lock manager acquires, releases and traps conflicts

── Faz 9: RTP Emulator & Real-Time Calibration Engine Testleri ──
  âœ… RTP - Engine correctly registers and resolves from DI ServiceContainer
  âœ… RTP - Connection state machine cycles correctly through all states
  âœ… RTP - Transient write failures trigger automatic retries and recover successfully
  âœ… RTP - Consecutive calibration edits coalesce into a single block write
  âœ… RTP - Multi-threaded queue guarantees strict sequential write ordering
  âœ… RTP - Execution latency benchmark tracking meets target limits
  âœ… RTP - Engine sustains high-frequency (500+) update throughput stress
  âœ… RTP - Background sync worker terminates cleanly on CancellationToken request
  âœ… RTP - Hardware disconnect automatically halts sync and raises Faulted event
  âœ… RTP - Enforces read-back verification after writing values to emulator
  âœ… RTP - Idempotent synchronization ignores duplicate writes to target cells
  âŒ RTP - Backpressure policy DropOldest purges oldest queued changes under load
  âŒ RTP - Backpressure policy RejectNewest drops new updates under queue overflow
  âŒ RTP - Backpressure policy BlockProducer controls producer rates correctly
  âœ… RTP - Validation layer rejects bad config schema values at initialization
  âœ… RTP - Restores un-synced calibration state queue records on startup
  âœ… RTP - Synchronizes concurrently applied AutoTune decisions to hardware

â•â•â•â•â•â•â•â•â•â•â•â•â•â•â•â•â•â•â•â•â•â•â•â•â•â•â•â•â•â•â•â•â•â•â•â•â•â•â•â•â•â•â•â•â•â•â•
  SONUÃ‡: 90 baÅŸarÄ±lÄ±, 12 baÅŸarÄ±sÄ±z
â•â•â•â•â•â•â•â•â•â•â•â•â•â•â•â•â•â•â•â•â•â•â•â•â•â•â•â•â•â•â•â•â•â•â•â•â•â•â•â•â•â•â•â•â•â•â•
[00:16:05.240] [INFO] [Program] Örnek ROM test sonuçları:
── Örnek ROM Test Çerçevesi ───────────────────
  ✅ Checksum offset geçerli
  ✅ Bozuk ROM reddedildi
  ✅ Fuel map sınırları geçerli
  ✅ Ignition map sınırları geçerli
  ✅ Tüm profiller 32KB ROM boyutu

  Sonuç: 5 geçti, 0 kaldı
