[16:49:09.272] [INFO] [RomIdentifier] ECU Tanımlandı: P06 (Confidence: %45,7)
[16:49:09.275] [WARNING] [RomIdentifier] ROM imzası hiçbir ECU profiliyle eşleşmedi.
[16:49:09.276] [INFO] [RomPatchManager] Yama uygulandı: TEST_PATCH_1 @ 0x000A
[16:49:09.276] [INFO] [RomPatchManager] Yama uygulandı: TEST_PATCH_ROLLBACK @ 0x000A
[16:49:09.276] [INFO] [RomPatchManager] Yama geri alındı: TEST_PATCH_ROLLBACK
[16:49:09.277] [INFO] [InjectorManager] Fuel haritası ölçeklendi: 240cc → 440cc (oran: 0,545)
[16:49:09.277] [INFO] [InjectorManager] Fuel haritası ölçeklendi: 440cc → 240cc (oran: 1,833)
[16:49:09.329] [INFO] [CalibrationManager] Değişiklik kaydedildi: Fuel Cell [0,0] [50 -> 60]
[16:49:09.330] [INFO] [CalibrationManager] Değişiklik kaydedildi: Fuel Cell [0,0] [50 -> 60]
[16:49:09.331] [INFO] [CalibrationManager] Değişiklik kaydedildi: Fuel Cell [0,0] [50 -> 75]
[16:49:09.337] [INFO] [CalibrationManager] Değişiklik kaydedildi: FuelMapTest Hücre [4,5] [0 -> 123]
[16:49:09.343] [INFO] [CalibrationManager] Değişiklik kaydedildi: FuelMapTest Hücre [0,0] [0 -> 125]
[16:49:09.350] [INFO] [CalibrationManager] Değişiklik kaydedildi: FuelMapTest Hücre [1,1] [0 -> 150]
[16:49:09.361] [INFO] [CalibrationManager] Değişiklik kaydedildi: FuelMapTest Hücre [1,1] [0 -> 150]
[16:49:09.378] [DEBUG] [AutoTuneValidator] Reddedildi [ECT_LOW]: Motor sıcaklığı düşük: 50°C < 72°C
[16:49:09.378] [DEBUG] [AutoTuneValidator] Reddedildi [BATT_LOW]: Batarya düşük: 10,5V < 12V
[16:49:09.401] [INFO] [EcuDatabaseManager] Toplam 8 dinamik ECU profili yüklendi.
[16:49:09.414] [INFO] [ChecksumTest] [TRACE-1] romBuffer[0]=00
[16:49:09.419] [INFO] [ChecksumTest] [TRACE-2] tempFile[0]=00
[16:49:09.420] [INFO] [ChecksumTest] [TRACE-3] loadedBuffer[0]=00
[16:49:09.420] [INFO] [ChecksumTest] [TRACE-4] beforeSaveBuffer[0]=00
[16:49:09.424] [INFO] [ChecksumTest] [TRACE-5] afterSaveParserBuffer[0]=00
[16:49:09.430] [INFO] [ChecksumTest] [TRACE-6] reloadedFile[0]=00
[16:49:09.438] [INFO] [CalibrationManager] Değişiklik kaydedildi: Patch.LaunchControl.Byte0 [144 -> 205]
[16:49:09.447] [INFO] [CalibrationManager] Değişiklik kaydedildi: Patch.LaunchControl.Byte1 [144 -> 25]
[16:49:09.450] [INFO] [PatchEngine] Yama başarıyla uygulandı: LaunchControl @ 0x1FB0
[16:49:09.456] [INFO] [CalibrationManager] Değişiklik kaydedildi: Patch.LaunchControl.Byte0 [144 -> 205]
[16:49:09.462] [INFO] [CalibrationManager] Değişiklik kaydedildi: Patch.LaunchControl.Byte1 [144 -> 25]
[16:49:09.464] [INFO] [PatchEngine] Yama başarıyla uygulandı: LaunchControl @ 0x1FB0
[16:49:09.467] [INFO] [CalibrationManager] Değişiklik kaydedildi: Patch.LaunchControl.Byte0 [205 -> 144]
[16:49:09.474] [INFO] [CalibrationManager] Değişiklik kaydedildi: Patch.LaunchControl.Byte1 [25 -> 144]
[16:49:09.475] [INFO] [PatchEngine] Yama başarıyla geri alındı (Rollback): LaunchControl
[16:49:09.481] [INFO] [CalibrationManager] Değişiklik kaydedildi: Patch.LaunchControl.Byte0 [144 -> 205]
[16:49:09.488] [INFO] [CalibrationManager] Değişiklik kaydedildi: Patch.LaunchControl.Byte1 [144 -> 25]
[16:49:09.490] [INFO] [PatchEngine] Yama başarıyla uygulandı: LaunchControl @ 0x1FB0
[16:49:09.500] [INFO] [CalibrationManager] Değişiklik kaydedildi: Patch.LaunchControl.Byte0 [144 -> 205]
[16:49:09.510] [INFO] [CalibrationManager] Değişiklik kaydedildi: Patch.LaunchControl.Byte1 [144 -> 25]
[16:49:09.512] [INFO] [PatchEngine] Yama başarıyla uygulandı: LaunchControl @ 0x1FB0
[16:49:09.522] [INFO] [CalibrationManager] Değişiklik kaydedildi: Patch.LaunchControl.Byte0 [144 -> 205]
[16:49:09.528] [INFO] [CalibrationManager] Değişiklik kaydedildi: Patch.LaunchControl.Byte1 [144 -> 25]
[16:49:09.530] [INFO] [PatchEngine] Yama başarıyla uygulandı: LaunchControl @ 0x1FB0
[16:49:09.536] [INFO] [CalibrationManager] Değişiklik kaydedildi: Patch.LaunchControl.Byte0 [144 -> 205]
[16:49:09.544] [INFO] [CalibrationManager] Değişiklik kaydedildi: Patch.LaunchControl.Byte1 [144 -> 25]
[16:49:09.546] [INFO] [PatchEngine] Yama başarıyla uygulandı: LaunchControl @ 0x1FB0
[16:49:10.881] [INFO] [AutoTuneSafetyManager] Güvenlik limitleri yüklendi. Etkin kural sayısı: 4
[16:49:10.881] [INFO] [AutoTuneEventPublisher] Domain olayı yayınlandı: SessionCreated (Oturum: c506bfb8-6130-4662-89dc-8b5ff62f63e7)
[16:49:10.881] [INFO] [AutoTuneEngine] Oturum başarıyla başlatıldı: c506bfb8-6130-4662-89dc-8b5ff62f63e7
[16:49:10.882] [INFO] [AutoTuneEventPublisher] Domain olayı yayınlandı: SessionPaused (Oturum: c506bfb8-6130-4662-89dc-8b5ff62f63e7)
[16:49:10.882] [INFO] [AutoTuneEventPublisher] Domain olayı yayınlandı: SessionResumed (Oturum: c506bfb8-6130-4662-89dc-8b5ff62f63e7)
[16:49:10.882] [INFO] [AutoTuneEventPublisher] Domain olayı yayınlandı: SessionStopped (Oturum: c506bfb8-6130-4662-89dc-8b5ff62f63e7)
[16:49:10.898] [INFO] [CalibrationRecoveryManager] Bekleyen işlem kaydedildi: TX-TEMP
[16:49:10.910] [INFO] [CalibrationRecoveryManager] Bekleyen işlem temizlendi (başarılı commit).
[16:49:10.911] [INFO] [CalibrationRecoveryManager] Bekleyen işlem kaydedildi: TX-TEMP2
[16:49:10.920] [INFO] [CalibrationRecoveryManager] Yarım kalmış işlem geri yükleniyor: TX-TEMP2
[16:49:10.920] [INFO] [CalibrationSnapshotManager] Snapshot geri yükleniyor: SNAP-TEMP2, Kurtarılacak hücre: 1
[16:49:10.921] [INFO] [CalibrationRecoveryManager] Bekleyen işlem temizlendi (başarılı commit).
[16:49:10.924] [INFO] [AutoTuneSafetyManager] Güvenlik limitleri yüklendi. Etkin kural sayısı: 4
[16:49:10.924] [INFO] [AutoTuneEventPublisher] Domain olayı yayınlandı: SessionCreated (Oturum: 90636338-4101-4899-b257-ede8dc96f7cb)
[16:49:10.925] [INFO] [AutoTuneEngine] Oturum başarıyla başlatıldı: 90636338-4101-4899-b257-ede8dc96f7cb
[16:49:10.925] [INFO] [AutoTuneEventPublisher] Domain olayı yayınlandı: SessionPaused (Oturum: 90636338-4101-4899-b257-ede8dc96f7cb)
[16:49:10.926] [INFO] [AutoTuneEventPublisher] Domain olayı yayınlandı: SessionResumed (Oturum: 90636338-4101-4899-b257-ede8dc96f7cb)
[16:49:10.926] [INFO] [AutoTuneEventPublisher] Domain olayı yayınlandı: SessionStopped (Oturum: 90636338-4101-4899-b257-ede8dc96f7cb)
[16:49:10.926] [INFO] [AutoTuneSafetyManager] Güvenlik limitleri yüklendi. Etkin kural sayısı: 4
[16:49:10.927] [INFO] [AutoTuneEventPublisher] Domain olayı yayınlandı: SessionCreated (Oturum: 68bfed04-481a-4c84-b516-793219d29733)
[16:49:10.927] [INFO] [AutoTuneEngine] Oturum başarıyla başlatıldı: 68bfed04-481a-4c84-b516-793219d29733
[16:49:10.927] [INFO] [AutoTuneEventPublisher] Domain olayı yayınlandı: SessionStopped (Oturum: 68bfed04-481a-4c84-b516-793219d29733)
[16:49:10.928] [INFO] [AutoTuneSafetyManager] Güvenlik limitleri yüklendi. Etkin kural sayısı: 4
[16:49:10.928] [INFO] [AutoTuneEventPublisher] Domain olayı yayınlandı: SessionCreated (Oturum: 1677de9f-1341-41f9-bf50-ca87943a48ed)
[16:49:10.928] [INFO] [AutoTuneEngine] Oturum başarıyla başlatıldı: 1677de9f-1341-41f9-bf50-ca87943a48ed
[16:49:10.928] [INFO] [AutoTuneEventPublisher] Domain olayı yayınlandı: TelemetryWindowAccepted (Oturum: 1677de9f-1341-41f9-bf50-ca87943a48ed)
[16:49:10.932] [INFO] [AutoTuneEventPublisher] Domain olayı yayınlandı: DecisionCreated (Oturum: 1677de9f-1341-41f9-bf50-ca87943a48ed)
[16:49:10.934] [INFO] [CalibrationStreamPublisher] Uygulanan değişiklik yayınlandı: Fuel adres: FuelVETable[3,4]
[16:49:10.935] [INFO] [AutoTuneEventPublisher] Domain olayı yayınlandı: DecisionCreated (Oturum: 1677de9f-1341-41f9-bf50-ca87943a48ed)
[16:49:10.935] [INFO] [CalibrationStreamPublisher] Uygulanan değişiklik yayınlandı: Lambda adres: AFRTargetTable[3,4]
[16:49:10.936] [INFO] [AutoTuneEventPublisher] Domain olayı yayınlandı: DecisionCreated (Oturum: 1677de9f-1341-41f9-bf50-ca87943a48ed)
[16:49:10.936] [INFO] [CalibrationStreamPublisher] Uygulanan değişiklik yayınlandı: Ignition adres: IgnitionTable[3,4]
[16:49:10.937] [INFO] [AutoTuneEventPublisher] Domain olayı yayınlandı: DecisionCreated (Oturum: 1677de9f-1341-41f9-bf50-ca87943a48ed)
[16:49:10.937] [INFO] [CalibrationStreamPublisher] Uygulanan değişiklik yayınlandı: VE adres: FuelVETable[3,4]
[16:49:10.937] [INFO] [AutoTuneEventPublisher] Domain olayı yayınlandı: TelemetryWindowAccepted (Oturum: 1677de9f-1341-41f9-bf50-ca87943a48ed)
[16:49:10.937] [INFO] [AutoTuneEventPublisher] Domain olayı yayınlandı: DecisionCreated (Oturum: 1677de9f-1341-41f9-bf50-ca87943a48ed)
[16:49:10.937] [INFO] [CalibrationStreamPublisher] Uygulanan değişiklik yayınlandı: Fuel adres: FuelVETable[3,4]
[16:49:10.938] [INFO] [AutoTuneEventPublisher] Domain olayı yayınlandı: DecisionCreated (Oturum: 1677de9f-1341-41f9-bf50-ca87943a48ed)
[16:49:10.938] [INFO] [CalibrationStreamPublisher] Uygulanan değişiklik yayınlandı: Lambda adres: AFRTargetTable[3,4]
[16:49:10.938] [INFO] [AutoTuneEventPublisher] Domain olayı yayınlandı: DecisionCreated (Oturum: 1677de9f-1341-41f9-bf50-ca87943a48ed)
[16:49:10.938] [INFO] [CalibrationStreamPublisher] Uygulanan değişiklik yayınlandı: Ignition adres: IgnitionTable[3,4]
[16:49:10.938] [INFO] [AutoTuneEventPublisher] Domain olayı yayınlandı: DecisionCreated (Oturum: 1677de9f-1341-41f9-bf50-ca87943a48ed)
[16:49:10.938] [INFO] [CalibrationStreamPublisher] Uygulanan değişiklik yayınlandı: VE adres: FuelVETable[3,4]
[16:49:10.939] [INFO] [AutoTuneEventPublisher] Domain olayı yayınlandı: TelemetryWindowAccepted (Oturum: 1677de9f-1341-41f9-bf50-ca87943a48ed)
[16:49:10.939] [INFO] [AutoTuneEventPublisher] Domain olayı yayınlandı: DecisionCreated (Oturum: 1677de9f-1341-41f9-bf50-ca87943a48ed)
[16:49:10.939] [INFO] [CalibrationStreamPublisher] Uygulanan değişiklik yayınlandı: Fuel adres: FuelVETable[3,4]
[16:49:10.939] [INFO] [AutoTuneEventPublisher] Domain olayı yayınlandı: DecisionCreated (Oturum: 1677de9f-1341-41f9-bf50-ca87943a48ed)
[16:49:10.939] [INFO] [CalibrationStreamPublisher] Uygulanan değişiklik yayınlandı: Lambda adres: AFRTargetTable[3,4]
[16:49:10.939] [INFO] [AutoTuneEventPublisher] Domain olayı yayınlandı: DecisionCreated (Oturum: 1677de9f-1341-41f9-bf50-ca87943a48ed)
[16:49:10.939] [INFO] [CalibrationStreamPublisher] Uygulanan değişiklik yayınlandı: Ignition adres: IgnitionTable[3,4]
[16:49:10.939] [INFO] [AutoTuneEventPublisher] Domain olayı yayınlandı: DecisionCreated (Oturum: 1677de9f-1341-41f9-bf50-ca87943a48ed)
[16:49:10.939] [INFO] [CalibrationStreamPublisher] Uygulanan değişiklik yayınlandı: VE adres: FuelVETable[3,4]
[16:49:10.940] [INFO] [AutoTuneEventPublisher] Domain olayı yayınlandı: TelemetryWindowAccepted (Oturum: 1677de9f-1341-41f9-bf50-ca87943a48ed)
[16:49:10.940] [INFO] [AutoTuneEventPublisher] Domain olayı yayınlandı: DecisionCreated (Oturum: 1677de9f-1341-41f9-bf50-ca87943a48ed)
[16:49:10.940] [INFO] [CalibrationStreamPublisher] Uygulanan değişiklik yayınlandı: Fuel adres: FuelVETable[3,4]
[16:49:10.940] [INFO] [AutoTuneEventPublisher] Domain olayı yayınlandı: DecisionCreated (Oturum: 1677de9f-1341-41f9-bf50-ca87943a48ed)
[16:49:10.940] [INFO] [CalibrationStreamPublisher] Uygulanan değişiklik yayınlandı: Lambda adres: AFRTargetTable[3,4]
[16:49:10.940] [INFO] [AutoTuneEventPublisher] Domain olayı yayınlandı: DecisionCreated (Oturum: 1677de9f-1341-41f9-bf50-ca87943a48ed)
[16:49:10.940] [INFO] [CalibrationStreamPublisher] Uygulanan değişiklik yayınlandı: Ignition adres: IgnitionTable[3,4]
[16:49:10.940] [INFO] [AutoTuneEventPublisher] Domain olayı yayınlandı: DecisionCreated (Oturum: 1677de9f-1341-41f9-bf50-ca87943a48ed)
[16:49:10.940] [INFO] [CalibrationStreamPublisher] Uygulanan değişiklik yayınlandı: VE adres: FuelVETable[3,4]
[16:49:10.941] [INFO] [AutoTuneEventPublisher] Domain olayı yayınlandı: TelemetryWindowAccepted (Oturum: 1677de9f-1341-41f9-bf50-ca87943a48ed)
[16:49:10.941] [INFO] [AutoTuneEventPublisher] Domain olayı yayınlandı: DecisionCreated (Oturum: 1677de9f-1341-41f9-bf50-ca87943a48ed)
[16:49:10.941] [INFO] [CalibrationStreamPublisher] Uygulanan değişiklik yayınlandı: Fuel adres: FuelVETable[3,4]
[16:49:10.941] [INFO] [AutoTuneEventPublisher] Domain olayı yayınlandı: DecisionCreated (Oturum: 1677de9f-1341-41f9-bf50-ca87943a48ed)
[16:49:10.941] [INFO] [CalibrationStreamPublisher] Uygulanan değişiklik yayınlandı: Lambda adres: AFRTargetTable[3,4]
[16:49:10.942] [INFO] [AutoTuneEventPublisher] Domain olayı yayınlandı: DecisionCreated (Oturum: 1677de9f-1341-41f9-bf50-ca87943a48ed)
[16:49:10.942] [INFO] [CalibrationStreamPublisher] Uygulanan değişiklik yayınlandı: Ignition adres: IgnitionTable[3,4]
[16:49:10.942] [INFO] [AutoTuneEventPublisher] Domain olayı yayınlandı: DecisionCreated (Oturum: 1677de9f-1341-41f9-bf50-ca87943a48ed)
[16:49:10.942] [INFO] [CalibrationStreamPublisher] Uygulanan değişiklik yayınlandı: VE adres: FuelVETable[3,4]
[16:49:10.942] [INFO] [AutoTuneEventPublisher] Domain olayı yayınlandı: TelemetryWindowAccepted (Oturum: 1677de9f-1341-41f9-bf50-ca87943a48ed)
[16:49:10.943] [INFO] [AutoTuneEventPublisher] Domain olayı yayınlandı: DecisionCreated (Oturum: 1677de9f-1341-41f9-bf50-ca87943a48ed)
[16:49:10.943] [INFO] [CalibrationStreamPublisher] Uygulanan değişiklik yayınlandı: Fuel adres: FuelVETable[3,4]
[16:49:10.943] [INFO] [AutoTuneEventPublisher] Domain olayı yayınlandı: DecisionCreated (Oturum: 1677de9f-1341-41f9-bf50-ca87943a48ed)
[16:49:10.943] [INFO] [CalibrationStreamPublisher] Uygulanan değişiklik yayınlandı: Lambda adres: AFRTargetTable[3,4]
[16:49:10.943] [INFO] [AutoTuneEventPublisher] Domain olayı yayınlandı: DecisionCreated (Oturum: 1677de9f-1341-41f9-bf50-ca87943a48ed)
[16:49:10.943] [INFO] [CalibrationStreamPublisher] Uygulanan değişiklik yayınlandı: Ignition adres: IgnitionTable[3,4]
[16:49:10.944] [INFO] [AutoTuneEventPublisher] Domain olayı yayınlandı: DecisionCreated (Oturum: 1677de9f-1341-41f9-bf50-ca87943a48ed)
[16:49:10.944] [INFO] [CalibrationStreamPublisher] Uygulanan değişiklik yayınlandı: VE adres: FuelVETable[3,4]
[16:49:10.944] [INFO] [AutoTuneEventPublisher] Domain olayı yayınlandı: SessionStopped (Oturum: 1677de9f-1341-41f9-bf50-ca87943a48ed)
[16:49:10.947] [INFO] [AdaptiveMemory] V1 hafıza verisi V2 şemasına başarıyla taşındı. Toplam kayıt: 1
[16:49:10.948] [INFO] [AutoTuneSafetyManager] Güvenlik limitleri yüklendi. Etkin kural sayısı: 4
[16:49:10.948] [INFO] [AutoTuneEventPublisher] Domain olayı yayınlandı: SessionCreated (Oturum: 0ed4ef19-d244-48bb-a7d6-21f227686aba)
[16:49:10.948] [INFO] [AutoTuneEngine] Oturum başarıyla başlatıldı: 0ed4ef19-d244-48bb-a7d6-21f227686aba
[16:49:10.949] [INFO] [AutoTuneEventPublisher] Domain olayı yayınlandı: SessionStopped (Oturum: 0ed4ef19-d244-48bb-a7d6-21f227686aba)
[16:49:10.949] [INFO] [AutoTuneSafetyManager] Güvenlik limitleri yüklendi. Etkin kural sayısı: 4
[16:49:10.949] [INFO] [AutoTuneEventPublisher] Domain olayı yayınlandı: SessionCreated (Oturum: 6a14fa10-695f-4c5a-9ebe-872a1254451e)
[16:49:10.949] [INFO] [AutoTuneEngine] Oturum başarıyla başlatıldı: 6a14fa10-695f-4c5a-9ebe-872a1254451e
[16:49:10.949] [INFO] [AutoTuneEventPublisher] Domain olayı yayınlandı: SessionStopped (Oturum: 6a14fa10-695f-4c5a-9ebe-872a1254451e)
[16:49:10.951] [INFO] [RtpCalibrationEngine] Connecting to RTP emulator...
[16:49:10.951] [INFO] [RtpCalibrationEngine] RTP emulator connected successfully.
[16:49:10.952] [INFO] [RtpCalibrationEngine] Real-time synchronization active.
[16:49:10.952] [INFO] [RtpCalibrationEngine] Real-time synchronization paused.
[16:49:10.952] [INFO] [RtpCalibrationEngine] RTP Emulator disconnected.
[16:49:10.953] [INFO] [RtpCalibrationEngine] Connecting to RTP emulator...
[16:49:10.953] [INFO] [RtpCalibrationEngine] RTP emulator connected successfully.
[16:49:10.953] [INFO] [RtpCalibrationEngine] Real-time synchronization active.
[16:49:10.955] [INFO] [CalibrationManager] Değişiklik kaydedildi:  [ -> 99]
[16:49:11.161] [INFO] [RtpCalibrationEngine] Connecting to RTP emulator...
[16:49:11.162] [INFO] [RtpCalibrationEngine] RTP emulator connected successfully.
[16:49:11.163] [INFO] [CalibrationManager] Değişiklik kaydedildi:  [ -> 10]
[16:49:11.173] [INFO] [CalibrationManager] Değişiklik kaydedildi:  [ -> 11]
[16:49:11.185] [INFO] [CalibrationManager] Değişiklik kaydedildi:  [ -> 12]
[16:49:11.185] [INFO] [RtpCalibrationEngine] Real-time synchronization active.
[16:49:11.391] [INFO] [RtpCalibrationEngine] Connecting to RTP emulator...
[16:49:11.392] [INFO] [RtpCalibrationEngine] RTP emulator connected successfully.
[16:49:11.394] [INFO] [CalibrationManager] Değişiklik kaydedildi:  [ -> 1]
[16:49:11.395] [INFO] [CalibrationManager] Değişiklik kaydedildi:  [ -> 2]
[16:49:11.403] [INFO] [CalibrationManager] Değişiklik kaydedildi:  [ -> 3]
[16:49:11.403] [INFO] [RtpCalibrationEngine] Real-time synchronization active.
[16:49:11.613] [INFO] [RtpCalibrationEngine] Connecting to RTP emulator...
[16:49:11.613] [INFO] [RtpCalibrationEngine] RTP emulator connected successfully.
[16:49:11.614] [INFO] [RtpCalibrationEngine] Real-time synchronization active.
[16:49:11.616] [INFO] [CalibrationManager] Değişiklik kaydedildi:  [ -> 45]
[16:49:11.825] [INFO] [RtpCalibrationEngine] Connecting to RTP emulator...
[16:49:11.825] [INFO] [RtpCalibrationEngine] RTP emulator connected successfully.
[16:49:11.825] [INFO] [RtpCalibrationEngine] Real-time synchronization active.
[16:49:11.827] [INFO] [CalibrationManager] Değişiklik kaydedildi:  [ -> 5]
[16:49:11.836] [INFO] [CalibrationManager] Değişiklik kaydedildi:  [ -> 5]
[16:49:11.838] [INFO] [CalibrationManager] Değişiklik kaydedildi:  [ -> 5]
[16:49:11.839] [INFO] [CalibrationManager] Değişiklik kaydedildi:  [ -> 5]
[16:49:11.845] [WARNING] [RtpCalibrationEngine] Could not save persistent sync queue: The process cannot access the file 'C:\Users\ayhan\OneDrive\Desktop\Canlı OBD2 Araç Telemetri Ekranı\HondaTuner\bin\Debug\net6.0-windows\Database\pending_rtp_queue.json' because it is being used by another process.
[16:49:11.846] [INFO] [CalibrationManager] Değişiklik kaydedildi:  [ -> 5]
[16:49:11.847] [INFO] [CalibrationManager] Değişiklik kaydedildi:  [ -> 5]
[16:49:11.848] [INFO] [CalibrationManager] Değişiklik kaydedildi:  [ -> 5]
[16:49:11.849] [INFO] [CalibrationManager] Değişiklik kaydedildi:  [ -> 5]
[16:49:11.851] [INFO] [CalibrationManager] Değişiklik kaydedildi:  [ -> 5]
[16:49:11.852] [INFO] [CalibrationManager] Değişiklik kaydedildi:  [ -> 5]
[16:49:11.853] [INFO] [CalibrationManager] Değişiklik kaydedildi:  [ -> 5]
[16:49:11.854] [INFO] [CalibrationManager] Değişiklik kaydedildi:  [ -> 5]
[16:49:11.861] [INFO] [CalibrationManager] Değişiklik kaydedildi:  [ -> 5]
[16:49:11.862] [INFO] [CalibrationManager] Değişiklik kaydedildi:  [ -> 5]
[16:49:11.863] [INFO] [CalibrationManager] Değişiklik kaydedildi:  [ -> 5]
[16:49:11.864] [INFO] [CalibrationManager] Değişiklik kaydedildi:  [ -> 5]
[16:49:11.865] [INFO] [CalibrationManager] Değişiklik kaydedildi:  [ -> 5]
[16:49:11.866] [INFO] [CalibrationManager] Değişiklik kaydedildi:  [ -> 5]
[16:49:11.868] [INFO] [CalibrationManager] Değişiklik kaydedildi:  [ -> 5]
[16:49:11.869] [INFO] [CalibrationManager] Değişiklik kaydedildi:  [ -> 5]
[16:49:11.870] [INFO] [CalibrationManager] Değişiklik kaydedildi:  [ -> 5]
[16:49:11.871] [INFO] [CalibrationManager] Değişiklik kaydedildi:  [ -> 5]
[16:49:11.872] [INFO] [CalibrationManager] Değişiklik kaydedildi:  [ -> 5]
[16:49:11.874] [INFO] [CalibrationManager] Değişiklik kaydedildi:  [ -> 5]
[16:49:11.875] [INFO] [CalibrationManager] Değişiklik kaydedildi:  [ -> 5]
[16:49:11.876] [INFO] [CalibrationManager] Değişiklik kaydedildi:  [ -> 5]
[16:49:11.877] [INFO] [CalibrationManager] Değişiklik kaydedildi:  [ -> 5]
[16:49:11.878] [INFO] [CalibrationManager] Değişiklik kaydedildi:  [ -> 5]
[16:49:11.879] [INFO] [CalibrationManager] Değişiklik kaydedildi:  [ -> 5]
[16:49:11.880] [INFO] [CalibrationManager] Değişiklik kaydedildi:  [ -> 5]
[16:49:11.881] [INFO] [CalibrationManager] Değişiklik kaydedildi:  [ -> 5]
[16:49:11.883] [INFO] [CalibrationManager] Değişiklik kaydedildi:  [ -> 5]
[16:49:11.884] [INFO] [CalibrationManager] Değişiklik kaydedildi:  [ -> 5]
[16:49:11.885] [INFO] [CalibrationManager] Değişiklik kaydedildi:  [ -> 5]
[16:49:11.886] [INFO] [CalibrationManager] Değişiklik kaydedildi:  [ -> 5]
[16:49:11.887] [INFO] [CalibrationManager] Değişiklik kaydedildi:  [ -> 5]
[16:49:11.888] [INFO] [CalibrationManager] Değişiklik kaydedildi:  [ -> 5]
[16:49:11.889] [INFO] [CalibrationManager] Değişiklik kaydedildi:  [ -> 5]
[16:49:11.891] [INFO] [CalibrationManager] Değişiklik kaydedildi:  [ -> 5]
[16:49:11.892] [INFO] [CalibrationManager] Değişiklik kaydedildi:  [ -> 5]
[16:49:11.893] [INFO] [CalibrationManager] Değişiklik kaydedildi:  [ -> 5]
[16:49:11.894] [INFO] [CalibrationManager] Değişiklik kaydedildi:  [ -> 5]
[16:49:11.895] [INFO] [CalibrationManager] Değişiklik kaydedildi:  [ -> 5]
[16:49:11.897] [INFO] [CalibrationManager] Değişiklik kaydedildi:  [ -> 5]
[16:49:11.898] [INFO] [CalibrationManager] Değişiklik kaydedildi:  [ -> 5]
[16:49:11.899] [INFO] [CalibrationManager] Değişiklik kaydedildi:  [ -> 5]
[16:49:11.900] [INFO] [CalibrationManager] Değişiklik kaydedildi:  [ -> 5]
[16:49:11.901] [INFO] [CalibrationManager] Değişiklik kaydedildi:  [ -> 5]
[16:49:11.902] [INFO] [CalibrationManager] Değişiklik kaydedildi:  [ -> 5]
[16:49:11.904] [INFO] [CalibrationManager] Değişiklik kaydedildi:  [ -> 5]
[16:49:11.905] [INFO] [CalibrationManager] Değişiklik kaydedildi:  [ -> 5]
[16:49:11.906] [INFO] [CalibrationManager] Değişiklik kaydedildi:  [ -> 5]
[16:49:11.907] [INFO] [CalibrationManager] Değişiklik kaydedildi:  [ -> 5]
[16:49:11.908] [INFO] [CalibrationManager] Değişiklik kaydedildi:  [ -> 5]
[16:49:11.910] [INFO] [CalibrationManager] Değişiklik kaydedildi:  [ -> 5]
[16:49:11.911] [INFO] [CalibrationManager] Değişiklik kaydedildi:  [ -> 5]
[16:49:11.912] [INFO] [CalibrationManager] Değişiklik kaydedildi:  [ -> 5]
[16:49:11.914] [INFO] [CalibrationManager] Değişiklik kaydedildi:  [ -> 5]
[16:49:11.915] [INFO] [CalibrationManager] Değişiklik kaydedildi:  [ -> 5]
[16:49:11.916] [INFO] [CalibrationManager] Değişiklik kaydedildi:  [ -> 5]
[16:49:11.917] [INFO] [CalibrationManager] Değişiklik kaydedildi:  [ -> 5]
[16:49:11.918] [INFO] [CalibrationManager] Değişiklik kaydedildi:  [ -> 5]
[16:49:11.920] [INFO] [CalibrationManager] Değişiklik kaydedildi:  [ -> 5]
[16:49:11.921] [INFO] [CalibrationManager] Değişiklik kaydedildi:  [ -> 5]
[16:49:11.922] [INFO] [CalibrationManager] Değişiklik kaydedildi:  [ -> 5]
[16:49:11.923] [INFO] [CalibrationManager] Değişiklik kaydedildi:  [ -> 5]
[16:49:11.924] [INFO] [CalibrationManager] Değişiklik kaydedildi:  [ -> 5]
[16:49:11.925] [INFO] [CalibrationManager] Değişiklik kaydedildi:  [ -> 5]
[16:49:11.927] [INFO] [CalibrationManager] Değişiklik kaydedildi:  [ -> 5]
[16:49:11.928] [INFO] [CalibrationManager] Değişiklik kaydedildi:  [ -> 5]
[16:49:11.929] [INFO] [CalibrationManager] Değişiklik kaydedildi:  [ -> 5]
[16:49:11.931] [INFO] [CalibrationManager] Değişiklik kaydedildi:  [ -> 5]
[16:49:11.932] [INFO] [CalibrationManager] Değişiklik kaydedildi:  [ -> 5]
[16:49:11.933] [INFO] [CalibrationManager] Değişiklik kaydedildi:  [ -> 5]
[16:49:11.934] [INFO] [CalibrationManager] Değişiklik kaydedildi:  [ -> 5]
[16:49:11.935] [INFO] [CalibrationManager] Değişiklik kaydedildi:  [ -> 5]
[16:49:11.941] [INFO] [CalibrationManager] Değişiklik kaydedildi:  [ -> 5]
[16:49:11.942] [INFO] [CalibrationManager] Değişiklik kaydedildi:  [ -> 5]
[16:49:11.943] [INFO] [CalibrationManager] Değişiklik kaydedildi:  [ -> 5]
[16:49:11.944] [INFO] [CalibrationManager] Değişiklik kaydedildi:  [ -> 5]
[16:49:11.946] [INFO] [CalibrationManager] Değişiklik kaydedildi:  [ -> 5]
[16:49:11.947] [INFO] [CalibrationManager] Değişiklik kaydedildi:  [ -> 5]
[16:49:11.948] [INFO] [CalibrationManager] Değişiklik kaydedildi:  [ -> 5]
[16:49:11.949] [INFO] [CalibrationManager] Değişiklik kaydedildi:  [ -> 5]
[16:49:11.950] [INFO] [CalibrationManager] Değişiklik kaydedildi:  [ -> 5]
[16:49:11.952] [INFO] [CalibrationManager] Değişiklik kaydedildi:  [ -> 5]
[16:49:11.953] [INFO] [CalibrationManager] Değişiklik kaydedildi:  [ -> 5]
[16:49:11.954] [INFO] [CalibrationManager] Değişiklik kaydedildi:  [ -> 5]
[16:49:11.956] [INFO] [CalibrationManager] Değişiklik kaydedildi:  [ -> 5]
[16:49:11.957] [INFO] [CalibrationManager] Değişiklik kaydedildi:  [ -> 5]
[16:49:11.958] [INFO] [CalibrationManager] Değişiklik kaydedildi:  [ -> 5]
[16:49:11.959] [INFO] [CalibrationManager] Değişiklik kaydedildi:  [ -> 5]
[16:49:11.961] [INFO] [CalibrationManager] Değişiklik kaydedildi:  [ -> 5]
[16:49:11.962] [INFO] [CalibrationManager] Değişiklik kaydedildi:  [ -> 5]
[16:49:11.963] [INFO] [CalibrationManager] Değişiklik kaydedildi:  [ -> 5]
[16:49:11.965] [INFO] [CalibrationManager] Değişiklik kaydedildi:  [ -> 5]
[16:49:11.966] [INFO] [CalibrationManager] Değişiklik kaydedildi:  [ -> 5]
[16:49:11.967] [INFO] [CalibrationManager] Değişiklik kaydedildi:  [ -> 5]
[16:49:11.969] [INFO] [CalibrationManager] Değişiklik kaydedildi:  [ -> 5]
[16:49:11.970] [INFO] [CalibrationManager] Değişiklik kaydedildi:  [ -> 5]
[16:49:11.971] [INFO] [CalibrationManager] Değişiklik kaydedildi:  [ -> 5]
[16:49:11.972] [INFO] [CalibrationManager] Değişiklik kaydedildi:  [ -> 5]
[16:49:11.974] [INFO] [CalibrationManager] Değişiklik kaydedildi:  [ -> 5]
[16:49:11.977] [INFO] [CalibrationManager] Değişiklik kaydedildi:  [ -> 5]
[16:49:11.978] [INFO] [CalibrationManager] Değişiklik kaydedildi:  [ -> 5]
[16:49:11.979] [INFO] [CalibrationManager] Değişiklik kaydedildi:  [ -> 5]
[16:49:11.981] [INFO] [CalibrationManager] Değişiklik kaydedildi:  [ -> 5]
[16:49:11.982] [INFO] [CalibrationManager] Değişiklik kaydedildi:  [ -> 5]
[16:49:11.983] [INFO] [CalibrationManager] Değişiklik kaydedildi:  [ -> 5]
[16:49:11.985] [INFO] [CalibrationManager] Değişiklik kaydedildi:  [ -> 5]
[16:49:11.986] [INFO] [CalibrationManager] Değişiklik kaydedildi:  [ -> 5]
[16:49:11.987] [INFO] [CalibrationManager] Değişiklik kaydedildi:  [ -> 5]
[16:49:11.989] [INFO] [CalibrationManager] Değişiklik kaydedildi:  [ -> 5]
[16:49:11.990] [INFO] [CalibrationManager] Değişiklik kaydedildi:  [ -> 5]
[16:49:11.991] [INFO] [CalibrationManager] Değişiklik kaydedildi:  [ -> 5]
[16:49:11.992] [INFO] [CalibrationManager] Değişiklik kaydedildi:  [ -> 5]
[16:49:11.993] [INFO] [CalibrationManager] Değişiklik kaydedildi:  [ -> 5]
[16:49:11.994] [INFO] [CalibrationManager] Değişiklik kaydedildi:  [ -> 5]
[16:49:12.003] [INFO] [CalibrationManager] Değişiklik kaydedildi:  [ -> 5]
[16:49:12.005] [INFO] [CalibrationManager] Değişiklik kaydedildi:  [ -> 5]
[16:49:12.006] [INFO] [CalibrationManager] Değişiklik kaydedildi:  [ -> 5]
[16:49:12.007] [INFO] [CalibrationManager] Değişiklik kaydedildi:  [ -> 5]
[16:49:12.009] [INFO] [CalibrationManager] Değişiklik kaydedildi:  [ -> 5]
[16:49:12.010] [INFO] [CalibrationManager] Değişiklik kaydedildi:  [ -> 5]
[16:49:12.011] [INFO] [CalibrationManager] Değişiklik kaydedildi:  [ -> 5]
[16:49:12.012] [INFO] [CalibrationManager] Değişiklik kaydedildi:  [ -> 5]
[16:49:12.014] [INFO] [CalibrationManager] Değişiklik kaydedildi:  [ -> 5]
[16:49:12.015] [INFO] [CalibrationManager] Değişiklik kaydedildi:  [ -> 5]
[16:49:12.016] [INFO] [CalibrationManager] Değişiklik kaydedildi:  [ -> 5]
[16:49:12.017] [INFO] [CalibrationManager] Değişiklik kaydedildi:  [ -> 5]
[16:49:12.019] [INFO] [CalibrationManager] Değişiklik kaydedildi:  [ -> 5]
[16:49:12.020] [INFO] [CalibrationManager] Değişiklik kaydedildi:  [ -> 5]
[16:49:12.021] [INFO] [CalibrationManager] Değişiklik kaydedildi:  [ -> 5]
[16:49:12.022] [INFO] [CalibrationManager] Değişiklik kaydedildi:  [ -> 5]
[16:49:12.024] [INFO] [CalibrationManager] Değişiklik kaydedildi:  [ -> 5]
[16:49:12.025] [INFO] [CalibrationManager] Değişiklik kaydedildi:  [ -> 5]
[16:49:12.027] [INFO] [CalibrationManager] Değişiklik kaydedildi:  [ -> 5]
[16:49:12.028] [INFO] [CalibrationManager] Değişiklik kaydedildi:  [ -> 5]
[16:49:12.029] [INFO] [CalibrationManager] Değişiklik kaydedildi:  [ -> 5]
[16:49:12.031] [INFO] [CalibrationManager] Değişiklik kaydedildi:  [ -> 5]
[16:49:12.032] [INFO] [CalibrationManager] Değişiklik kaydedildi:  [ -> 5]
[16:49:12.033] [INFO] [CalibrationManager] Değişiklik kaydedildi:  [ -> 5]
[16:49:12.034] [INFO] [CalibrationManager] Değişiklik kaydedildi:  [ -> 5]
[16:49:12.036] [INFO] [CalibrationManager] Değişiklik kaydedildi:  [ -> 5]
[16:49:12.037] [INFO] [CalibrationManager] Değişiklik kaydedildi:  [ -> 5]
[16:49:12.038] [INFO] [CalibrationManager] Değişiklik kaydedildi:  [ -> 5]
[16:49:12.039] [INFO] [CalibrationManager] Değişiklik kaydedildi:  [ -> 5]
[16:49:12.040] [INFO] [CalibrationManager] Değişiklik kaydedildi:  [ -> 5]
[16:49:12.042] [INFO] [CalibrationManager] Değişiklik kaydedildi:  [ -> 5]
[16:49:12.043] [INFO] [CalibrationManager] Değişiklik kaydedildi:  [ -> 5]
[16:49:12.044] [INFO] [CalibrationManager] Değişiklik kaydedildi:  [ -> 5]
[16:49:12.046] [INFO] [CalibrationManager] Değişiklik kaydedildi:  [ -> 5]
[16:49:12.047] [INFO] [CalibrationManager] Değişiklik kaydedildi:  [ -> 5]
[16:49:12.048] [INFO] [CalibrationManager] Değişiklik kaydedildi:  [ -> 5]
[16:49:12.050] [INFO] [CalibrationManager] Değişiklik kaydedildi:  [ -> 5]
[16:49:12.051] [INFO] [CalibrationManager] Değişiklik kaydedildi:  [ -> 5]
[16:49:12.052] [INFO] [CalibrationManager] Değişiklik kaydedildi:  [ -> 5]
[16:49:12.053] [INFO] [CalibrationManager] Değişiklik kaydedildi:  [ -> 5]
[16:49:12.055] [INFO] [CalibrationManager] Değişiklik kaydedildi:  [ -> 5]
[16:49:12.056] [INFO] [CalibrationManager] Değişiklik kaydedildi:  [ -> 5]
[16:49:12.058] [INFO] [CalibrationManager] Değişiklik kaydedildi:  [ -> 5]
[16:49:12.059] [INFO] [CalibrationManager] Değişiklik kaydedildi:  [ -> 5]
[16:49:12.061] [INFO] [CalibrationManager] Değişiklik kaydedildi:  [ -> 5]
[16:49:12.062] [INFO] [CalibrationManager] Değişiklik kaydedildi:  [ -> 5]
[16:49:12.063] [INFO] [CalibrationManager] Değişiklik kaydedildi:  [ -> 5]
[16:49:12.065] [INFO] [CalibrationManager] Değişiklik kaydedildi:  [ -> 5]
[16:49:12.066] [INFO] [CalibrationManager] Değişiklik kaydedildi:  [ -> 5]
[16:49:12.067] [INFO] [CalibrationManager] Değişiklik kaydedildi:  [ -> 5]
[16:49:12.069] [INFO] [CalibrationManager] Değişiklik kaydedildi:  [ -> 5]
[16:49:12.070] [INFO] [CalibrationManager] Değişiklik kaydedildi:  [ -> 5]
[16:49:12.071] [INFO] [CalibrationManager] Değişiklik kaydedildi:  [ -> 5]
[16:49:12.073] [INFO] [CalibrationManager] Değişiklik kaydedildi:  [ -> 5]
[16:49:12.074] [INFO] [CalibrationManager] Değişiklik kaydedildi:  [ -> 5]
[16:49:12.076] [INFO] [CalibrationManager] Değişiklik kaydedildi:  [ -> 5]
[16:49:12.077] [INFO] [CalibrationManager] Değişiklik kaydedildi:  [ -> 5]
[16:49:12.078] [INFO] [CalibrationManager] Değişiklik kaydedildi:  [ -> 5]
[16:49:12.079] [INFO] [CalibrationManager] Değişiklik kaydedildi:  [ -> 5]
[16:49:12.081] [INFO] [CalibrationManager] Değişiklik kaydedildi:  [ -> 5]
[16:49:12.083] [INFO] [CalibrationManager] Değişiklik kaydedildi:  [ -> 5]
[16:49:12.084] [INFO] [CalibrationManager] Değişiklik kaydedildi:  [ -> 5]
[16:49:12.086] [INFO] [CalibrationManager] Değişiklik kaydedildi:  [ -> 5]
[16:49:12.087] [INFO] [CalibrationManager] Değişiklik kaydedildi:  [ -> 5]
[16:49:12.088] [INFO] [CalibrationManager] Değişiklik kaydedildi:  [ -> 5]
[16:49:12.089] [INFO] [CalibrationManager] Değişiklik kaydedildi:  [ -> 5]
[16:49:12.091] [INFO] [CalibrationManager] Değişiklik kaydedildi:  [ -> 5]
[16:49:12.092] [INFO] [CalibrationManager] Değişiklik kaydedildi:  [ -> 5]
[16:49:12.093] [INFO] [CalibrationManager] Değişiklik kaydedildi:  [ -> 5]
[16:49:12.095] [INFO] [CalibrationManager] Değişiklik kaydedildi:  [ -> 5]
[16:49:12.096] [INFO] [CalibrationManager] Değişiklik kaydedildi:  [ -> 5]
[16:49:12.098] [INFO] [CalibrationManager] Değişiklik kaydedildi:  [ -> 5]
[16:49:12.099] [INFO] [CalibrationManager] Değişiklik kaydedildi:  [ -> 5]
[16:49:12.100] [INFO] [CalibrationManager] Değişiklik kaydedildi:  [ -> 5]
[16:49:12.102] [INFO] [CalibrationManager] Değişiklik kaydedildi:  [ -> 5]
[16:49:12.103] [INFO] [CalibrationManager] Değişiklik kaydedildi:  [ -> 5]
[16:49:12.105] [INFO] [CalibrationManager] Değişiklik kaydedildi:  [ -> 5]
[16:49:12.106] [INFO] [CalibrationManager] Değişiklik kaydedildi:  [ -> 5]
[16:49:12.108] [INFO] [CalibrationManager] Değişiklik kaydedildi:  [ -> 5]
[16:49:12.109] [INFO] [CalibrationManager] Değişiklik kaydedildi:  [ -> 5]
[16:49:12.110] [INFO] [CalibrationManager] Değişiklik kaydedildi:  [ -> 5]
[16:49:12.112] [INFO] [CalibrationManager] Değişiklik kaydedildi:  [ -> 5]
[16:49:12.113] [INFO] [CalibrationManager] Değişiklik kaydedildi:  [ -> 5]
[16:49:12.115] [INFO] [CalibrationManager] Değişiklik kaydedildi:  [ -> 5]
[16:49:12.116] [INFO] [CalibrationManager] Değişiklik kaydedildi:  [ -> 5]
[16:49:12.118] [INFO] [CalibrationManager] Değişiklik kaydedildi:  [ -> 5]
[16:49:12.119] [INFO] [CalibrationManager] Değişiklik kaydedildi:  [ -> 5]
[16:49:12.121] [INFO] [CalibrationManager] Değişiklik kaydedildi:  [ -> 5]
[16:49:12.122] [INFO] [CalibrationManager] Değişiklik kaydedildi:  [ -> 5]
[16:49:12.124] [INFO] [CalibrationManager] Değişiklik kaydedildi:  [ -> 5]
[16:49:12.125] [INFO] [CalibrationManager] Değişiklik kaydedildi:  [ -> 5]
[16:49:12.127] [INFO] [CalibrationManager] Değişiklik kaydedildi:  [ -> 5]
[16:49:12.128] [INFO] [CalibrationManager] Değişiklik kaydedildi:  [ -> 5]
[16:49:12.129] [INFO] [CalibrationManager] Değişiklik kaydedildi:  [ -> 5]
[16:49:12.131] [INFO] [CalibrationManager] Değişiklik kaydedildi:  [ -> 5]
[16:49:12.133] [INFO] [CalibrationManager] Değişiklik kaydedildi:  [ -> 5]
[16:49:12.134] [INFO] [CalibrationManager] Değişiklik kaydedildi:  [ -> 5]
[16:49:12.136] [INFO] [CalibrationManager] Değişiklik kaydedildi:  [ -> 5]
[16:49:12.137] [INFO] [CalibrationManager] Değişiklik kaydedildi:  [ -> 5]
[16:49:12.139] [INFO] [CalibrationManager] Değişiklik kaydedildi:  [ -> 5]
[16:49:12.140] [INFO] [CalibrationManager] Değişiklik kaydedildi:  [ -> 5]
[16:49:12.141] [INFO] [CalibrationManager] Değişiklik kaydedildi:  [ -> 5]
[16:49:12.143] [INFO] [CalibrationManager] Değişiklik kaydedildi:  [ -> 5]
[16:49:12.145] [INFO] [CalibrationManager] Değişiklik kaydedildi:  [ -> 5]
[16:49:12.146] [INFO] [CalibrationManager] Değişiklik kaydedildi:  [ -> 5]
[16:49:12.148] [INFO] [CalibrationManager] Değişiklik kaydedildi:  [ -> 5]
[16:49:12.149] [INFO] [CalibrationManager] Değişiklik kaydedildi:  [ -> 5]
[16:49:12.150] [INFO] [CalibrationManager] Değişiklik kaydedildi:  [ -> 5]
[16:49:12.152] [INFO] [CalibrationManager] Değişiklik kaydedildi:  [ -> 5]
[16:49:12.153] [INFO] [CalibrationManager] Değişiklik kaydedildi:  [ -> 5]
[16:49:12.154] [INFO] [CalibrationManager] Değişiklik kaydedildi:  [ -> 5]
[16:49:12.156] [INFO] [CalibrationManager] Değişiklik kaydedildi:  [ -> 5]
[16:49:12.157] [INFO] [CalibrationManager] Değişiklik kaydedildi:  [ -> 5]
[16:49:12.158] [INFO] [CalibrationManager] Değişiklik kaydedildi:  [ -> 5]
[16:49:12.160] [INFO] [CalibrationManager] Değişiklik kaydedildi:  [ -> 5]
[16:49:12.161] [INFO] [CalibrationManager] Değişiklik kaydedildi:  [ -> 5]
[16:49:12.163] [INFO] [CalibrationManager] Değişiklik kaydedildi:  [ -> 5]
[16:49:12.164] [INFO] [CalibrationManager] Değişiklik kaydedildi:  [ -> 5]
[16:49:12.165] [INFO] [CalibrationManager] Değişiklik kaydedildi:  [ -> 5]
[16:49:12.167] [INFO] [CalibrationManager] Değişiklik kaydedildi:  [ -> 5]
[16:49:12.168] [INFO] [CalibrationManager] Değişiklik kaydedildi:  [ -> 5]
[16:49:12.170] [INFO] [CalibrationManager] Değişiklik kaydedildi:  [ -> 5]
[16:49:12.171] [INFO] [CalibrationManager] Değişiklik kaydedildi:  [ -> 5]
[16:49:12.172] [INFO] [CalibrationManager] Değişiklik kaydedildi:  [ -> 5]
[16:49:12.175] [INFO] [CalibrationManager] Değişiklik kaydedildi:  [ -> 5]
[16:49:12.176] [INFO] [CalibrationManager] Değişiklik kaydedildi:  [ -> 5]
[16:49:12.178] [INFO] [CalibrationManager] Değişiklik kaydedildi:  [ -> 5]
[16:49:12.179] [INFO] [CalibrationManager] Değişiklik kaydedildi:  [ -> 5]
[16:49:12.180] [INFO] [CalibrationManager] Değişiklik kaydedildi:  [ -> 5]
[16:49:12.182] [INFO] [CalibrationManager] Değişiklik kaydedildi:  [ -> 5]
[16:49:12.183] [INFO] [CalibrationManager] Değişiklik kaydedildi:  [ -> 5]
[16:49:12.184] [INFO] [CalibrationManager] Değişiklik kaydedildi:  [ -> 5]
[16:49:12.186] [INFO] [CalibrationManager] Değişiklik kaydedildi:  [ -> 5]
[16:49:12.187] [INFO] [CalibrationManager] Değişiklik kaydedildi:  [ -> 5]
[16:49:12.189] [INFO] [CalibrationManager] Değişiklik kaydedildi:  [ -> 5]
[16:49:12.190] [INFO] [CalibrationManager] Değişiklik kaydedildi:  [ -> 5]
[16:49:12.191] [INFO] [CalibrationManager] Değişiklik kaydedildi:  [ -> 5]
[16:49:12.193] [INFO] [CalibrationManager] Değişiklik kaydedildi:  [ -> 5]
[16:49:12.194] [INFO] [CalibrationManager] Değişiklik kaydedildi:  [ -> 5]
[16:49:12.195] [INFO] [CalibrationManager] Değişiklik kaydedildi:  [ -> 5]
[16:49:12.197] [INFO] [CalibrationManager] Değişiklik kaydedildi:  [ -> 5]
[16:49:12.198] [INFO] [CalibrationManager] Değişiklik kaydedildi:  [ -> 5]
[16:49:12.199] [INFO] [CalibrationManager] Değişiklik kaydedildi:  [ -> 5]
[16:49:12.209] [INFO] [CalibrationManager] Değişiklik kaydedildi:  [ -> 5]
[16:49:12.210] [INFO] [CalibrationManager] Değişiklik kaydedildi:  [ -> 5]
[16:49:12.211] [INFO] [CalibrationManager] Değişiklik kaydedildi:  [ -> 5]
[16:49:12.213] [INFO] [CalibrationManager] Değişiklik kaydedildi:  [ -> 5]
[16:49:12.214] [INFO] [CalibrationManager] Değişiklik kaydedildi:  [ -> 5]
[16:49:12.216] [INFO] [CalibrationManager] Değişiklik kaydedildi:  [ -> 5]
[16:49:12.217] [INFO] [CalibrationManager] Değişiklik kaydedildi:  [ -> 5]
[16:49:12.218] [INFO] [CalibrationManager] Değişiklik kaydedildi:  [ -> 5]
[16:49:12.221] [INFO] [CalibrationManager] Değişiklik kaydedildi:  [ -> 5]
[16:49:12.222] [INFO] [CalibrationManager] Değişiklik kaydedildi:  [ -> 5]
[16:49:12.223] [INFO] [CalibrationManager] Değişiklik kaydedildi:  [ -> 5]
[16:49:12.225] [INFO] [CalibrationManager] Değişiklik kaydedildi:  [ -> 5]
[16:49:12.226] [INFO] [CalibrationManager] Değişiklik kaydedildi:  [ -> 5]
[16:49:12.227] [INFO] [CalibrationManager] Değişiklik kaydedildi:  [ -> 5]
[16:49:12.229] [INFO] [CalibrationManager] Değişiklik kaydedildi:  [ -> 5]
[16:49:12.230] [INFO] [CalibrationManager] Değişiklik kaydedildi:  [ -> 5]
[16:49:12.232] [INFO] [CalibrationManager] Değişiklik kaydedildi:  [ -> 5]
[16:49:12.233] [INFO] [CalibrationManager] Değişiklik kaydedildi:  [ -> 5]
[16:49:12.235] [INFO] [CalibrationManager] Değişiklik kaydedildi:  [ -> 5]
[16:49:12.236] [INFO] [CalibrationManager] Değişiklik kaydedildi:  [ -> 5]
[16:49:12.237] [INFO] [CalibrationManager] Değişiklik kaydedildi:  [ -> 5]
[16:49:12.239] [INFO] [CalibrationManager] Değişiklik kaydedildi:  [ -> 5]
[16:49:12.240] [INFO] [CalibrationManager] Değişiklik kaydedildi:  [ -> 5]
[16:49:12.241] [INFO] [CalibrationManager] Değişiklik kaydedildi:  [ -> 5]
[16:49:12.243] [INFO] [CalibrationManager] Değişiklik kaydedildi:  [ -> 5]
[16:49:12.244] [INFO] [CalibrationManager] Değişiklik kaydedildi:  [ -> 5]
[16:49:12.245] [INFO] [CalibrationManager] Değişiklik kaydedildi:  [ -> 5]
[16:49:12.247] [INFO] [CalibrationManager] Değişiklik kaydedildi:  [ -> 5]
[16:49:12.248] [INFO] [CalibrationManager] Değişiklik kaydedildi:  [ -> 5]
[16:49:12.250] [INFO] [CalibrationManager] Değişiklik kaydedildi:  [ -> 5]
[16:49:12.251] [INFO] [CalibrationManager] Değişiklik kaydedildi:  [ -> 5]
[16:49:12.252] [INFO] [CalibrationManager] Değişiklik kaydedildi:  [ -> 5]
[16:49:12.254] [INFO] [CalibrationManager] Değişiklik kaydedildi:  [ -> 5]
[16:49:12.256] [INFO] [CalibrationManager] Değişiklik kaydedildi:  [ -> 5]
[16:49:12.258] [INFO] [CalibrationManager] Değişiklik kaydedildi:  [ -> 5]
[16:49:12.259] [INFO] [CalibrationManager] Değişiklik kaydedildi:  [ -> 5]
[16:49:12.260] [INFO] [CalibrationManager] Değişiklik kaydedildi:  [ -> 5]
[16:49:12.262] [INFO] [CalibrationManager] Değişiklik kaydedildi:  [ -> 5]
[16:49:12.263] [INFO] [CalibrationManager] Değişiklik kaydedildi:  [ -> 5]
[16:49:12.264] [INFO] [CalibrationManager] Değişiklik kaydedildi:  [ -> 5]
[16:49:12.266] [INFO] [CalibrationManager] Değişiklik kaydedildi:  [ -> 5]
[16:49:12.267] [INFO] [CalibrationManager] Değişiklik kaydedildi:  [ -> 5]
[16:49:12.269] [INFO] [CalibrationManager] Değişiklik kaydedildi:  [ -> 5]
[16:49:12.270] [INFO] [CalibrationManager] Değişiklik kaydedildi:  [ -> 5]
[16:49:12.272] [INFO] [CalibrationManager] Değişiklik kaydedildi:  [ -> 5]
[16:49:12.273] [INFO] [CalibrationManager] Değişiklik kaydedildi:  [ -> 5]
[16:49:12.275] [INFO] [CalibrationManager] Değişiklik kaydedildi:  [ -> 5]
[16:49:12.276] [INFO] [CalibrationManager] Değişiklik kaydedildi:  [ -> 5]
[16:49:12.278] [INFO] [CalibrationManager] Değişiklik kaydedildi:  [ -> 5]
[16:49:12.279] [INFO] [CalibrationManager] Değişiklik kaydedildi:  [ -> 5]
[16:49:12.280] [INFO] [CalibrationManager] Değişiklik kaydedildi:  [ -> 5]
[16:49:12.282] [INFO] [CalibrationManager] Değişiklik kaydedildi:  [ -> 5]
[16:49:12.283] [INFO] [CalibrationManager] Değişiklik kaydedildi:  [ -> 5]
[16:49:12.285] [INFO] [CalibrationManager] Değişiklik kaydedildi:  [ -> 5]
[16:49:12.286] [INFO] [CalibrationManager] Değişiklik kaydedildi:  [ -> 5]
[16:49:12.288] [INFO] [CalibrationManager] Değişiklik kaydedildi:  [ -> 5]
[16:49:12.291] [INFO] [CalibrationManager] Değişiklik kaydedildi:  [ -> 5]
[16:49:12.293] [INFO] [CalibrationManager] Değişiklik kaydedildi:  [ -> 5]
[16:49:12.294] [INFO] [CalibrationManager] Değişiklik kaydedildi:  [ -> 5]
[16:49:12.296] [INFO] [CalibrationManager] Değişiklik kaydedildi:  [ -> 5]
[16:49:12.297] [INFO] [CalibrationManager] Değişiklik kaydedildi:  [ -> 5]
[16:49:12.298] [INFO] [CalibrationManager] Değişiklik kaydedildi:  [ -> 5]
[16:49:12.300] [INFO] [CalibrationManager] Değişiklik kaydedildi:  [ -> 5]
[16:49:12.301] [INFO] [CalibrationManager] Değişiklik kaydedildi:  [ -> 5]
[16:49:12.303] [INFO] [CalibrationManager] Değişiklik kaydedildi:  [ -> 5]
[16:49:12.304] [INFO] [CalibrationManager] Değişiklik kaydedildi:  [ -> 5]
[16:49:12.306] [INFO] [CalibrationManager] Değişiklik kaydedildi:  [ -> 5]
[16:49:12.307] [INFO] [CalibrationManager] Değişiklik kaydedildi:  [ -> 5]
[16:49:12.309] [INFO] [CalibrationManager] Değişiklik kaydedildi:  [ -> 5]
[16:49:12.311] [INFO] [CalibrationManager] Değişiklik kaydedildi:  [ -> 5]
[16:49:12.313] [INFO] [CalibrationManager] Değişiklik kaydedildi:  [ -> 5]
[16:49:12.314] [INFO] [CalibrationManager] Değişiklik kaydedildi:  [ -> 5]
[16:49:12.316] [INFO] [CalibrationManager] Değişiklik kaydedildi:  [ -> 5]
[16:49:12.317] [INFO] [CalibrationManager] Değişiklik kaydedildi:  [ -> 5]
[16:49:12.319] [INFO] [CalibrationManager] Değişiklik kaydedildi:  [ -> 5]
[16:49:12.321] [INFO] [CalibrationManager] Değişiklik kaydedildi:  [ -> 5]
[16:49:12.322] [INFO] [CalibrationManager] Değişiklik kaydedildi:  [ -> 5]
[16:49:12.324] [INFO] [CalibrationManager] Değişiklik kaydedildi:  [ -> 5]
[16:49:12.326] [INFO] [CalibrationManager] Değişiklik kaydedildi:  [ -> 5]
[16:49:12.327] [INFO] [CalibrationManager] Değişiklik kaydedildi:  [ -> 5]
[16:49:12.329] [INFO] [CalibrationManager] Değişiklik kaydedildi:  [ -> 5]
[16:49:12.331] [INFO] [CalibrationManager] Değişiklik kaydedildi:  [ -> 5]
[16:49:12.332] [INFO] [CalibrationManager] Değişiklik kaydedildi:  [ -> 5]
[16:49:12.333] [INFO] [CalibrationManager] Değişiklik kaydedildi:  [ -> 5]
[16:49:12.335] [INFO] [CalibrationManager] Değişiklik kaydedildi:  [ -> 5]
[16:49:12.336] [INFO] [CalibrationManager] Değişiklik kaydedildi:  [ -> 5]
[16:49:12.338] [INFO] [CalibrationManager] Değişiklik kaydedildi:  [ -> 5]
[16:49:12.340] [INFO] [CalibrationManager] Değişiklik kaydedildi:  [ -> 5]
[16:49:12.341] [INFO] [CalibrationManager] Değişiklik kaydedildi:  [ -> 5]
[16:49:12.343] [INFO] [CalibrationManager] Değişiklik kaydedildi:  [ -> 5]
[16:49:12.345] [INFO] [CalibrationManager] Değişiklik kaydedildi:  [ -> 5]
[16:49:12.347] [INFO] [CalibrationManager] Değişiklik kaydedildi:  [ -> 5]
[16:49:12.349] [INFO] [CalibrationManager] Değişiklik kaydedildi:  [ -> 5]
[16:49:12.350] [INFO] [CalibrationManager] Değişiklik kaydedildi:  [ -> 5]
[16:49:12.352] [INFO] [CalibrationManager] Değişiklik kaydedildi:  [ -> 5]
[16:49:12.354] [INFO] [CalibrationManager] Değişiklik kaydedildi:  [ -> 5]
[16:49:12.355] [INFO] [CalibrationManager] Değişiklik kaydedildi:  [ -> 5]
[16:49:12.357] [INFO] [CalibrationManager] Değişiklik kaydedildi:  [ -> 5]
[16:49:12.359] [INFO] [CalibrationManager] Değişiklik kaydedildi:  [ -> 5]
[16:49:12.361] [INFO] [CalibrationManager] Değişiklik kaydedildi:  [ -> 5]
[16:49:12.363] [INFO] [CalibrationManager] Değişiklik kaydedildi:  [ -> 5]
[16:49:12.365] [INFO] [CalibrationManager] Değişiklik kaydedildi:  [ -> 5]
[16:49:12.366] [INFO] [CalibrationManager] Değişiklik kaydedildi:  [ -> 5]
[16:49:12.367] [INFO] [CalibrationManager] Değişiklik kaydedildi:  [ -> 5]
[16:49:12.369] [INFO] [CalibrationManager] Değişiklik kaydedildi:  [ -> 5]
[16:49:12.371] [INFO] [CalibrationManager] Değişiklik kaydedildi:  [ -> 5]
[16:49:12.373] [INFO] [CalibrationManager] Değişiklik kaydedildi:  [ -> 5]
[16:49:12.375] [INFO] [CalibrationManager] Değişiklik kaydedildi:  [ -> 5]
[16:49:12.377] [INFO] [CalibrationManager] Değişiklik kaydedildi:  [ -> 5]
[16:49:12.379] [INFO] [CalibrationManager] Değişiklik kaydedildi:  [ -> 5]
[16:49:12.380] [INFO] [CalibrationManager] Değişiklik kaydedildi:  [ -> 5]
[16:49:12.382] [INFO] [CalibrationManager] Değişiklik kaydedildi:  [ -> 5]
[16:49:12.383] [INFO] [CalibrationManager] Değişiklik kaydedildi:  [ -> 5]
[16:49:12.385] [INFO] [CalibrationManager] Değişiklik kaydedildi:  [ -> 5]
[16:49:12.387] [INFO] [CalibrationManager] Değişiklik kaydedildi:  [ -> 5]
[16:49:12.388] [INFO] [CalibrationManager] Değişiklik kaydedildi:  [ -> 5]
[16:49:12.390] [INFO] [CalibrationManager] Değişiklik kaydedildi:  [ -> 5]
[16:49:12.392] [INFO] [CalibrationManager] Değişiklik kaydedildi:  [ -> 5]
[16:49:12.393] [INFO] [CalibrationManager] Değişiklik kaydedildi:  [ -> 5]
[16:49:12.396] [INFO] [CalibrationManager] Değişiklik kaydedildi:  [ -> 5]
[16:49:12.398] [INFO] [CalibrationManager] Değişiklik kaydedildi:  [ -> 5]
[16:49:12.399] [INFO] [CalibrationManager] Değişiklik kaydedildi:  [ -> 5]
[16:49:12.401] [INFO] [CalibrationManager] Değişiklik kaydedildi:  [ -> 5]
[16:49:12.403] [INFO] [CalibrationManager] Değişiklik kaydedildi:  [ -> 5]
[16:49:12.404] [INFO] [CalibrationManager] Değişiklik kaydedildi:  [ -> 5]
[16:49:12.406] [INFO] [CalibrationManager] Değişiklik kaydedildi:  [ -> 5]
[16:49:12.407] [INFO] [CalibrationManager] Değişiklik kaydedildi:  [ -> 5]
[16:49:12.409] [INFO] [CalibrationManager] Değişiklik kaydedildi:  [ -> 5]
[16:49:12.410] [INFO] [CalibrationManager] Değişiklik kaydedildi:  [ -> 5]
[16:49:12.412] [INFO] [CalibrationManager] Değişiklik kaydedildi:  [ -> 5]
[16:49:12.414] [INFO] [CalibrationManager] Değişiklik kaydedildi:  [ -> 5]
[16:49:12.415] [INFO] [CalibrationManager] Değişiklik kaydedildi:  [ -> 5]
[16:49:12.417] [INFO] [CalibrationManager] Değişiklik kaydedildi:  [ -> 5]
[16:49:12.418] [INFO] [CalibrationManager] Değişiklik kaydedildi:  [ -> 5]
[16:49:12.420] [INFO] [CalibrationManager] Değişiklik kaydedildi:  [ -> 5]
[16:49:12.421] [INFO] [CalibrationManager] Değişiklik kaydedildi:  [ -> 5]
[16:49:12.423] [INFO] [CalibrationManager] Değişiklik kaydedildi:  [ -> 5]
[16:49:12.424] [INFO] [CalibrationManager] Değişiklik kaydedildi:  [ -> 5]
[16:49:12.427] [INFO] [CalibrationManager] Değişiklik kaydedildi:  [ -> 5]
[16:49:12.428] [INFO] [CalibrationManager] Değişiklik kaydedildi:  [ -> 5]
[16:49:12.430] [INFO] [CalibrationManager] Değişiklik kaydedildi:  [ -> 5]
[16:49:12.432] [INFO] [CalibrationManager] Değişiklik kaydedildi:  [ -> 5]
[16:49:12.434] [INFO] [CalibrationManager] Değişiklik kaydedildi:  [ -> 5]
[16:49:12.435] [INFO] [CalibrationManager] Değişiklik kaydedildi:  [ -> 5]
[16:49:12.437] [INFO] [CalibrationManager] Değişiklik kaydedildi:  [ -> 5]
[16:49:12.438] [INFO] [CalibrationManager] Değişiklik kaydedildi:  [ -> 5]
[16:49:12.440] [INFO] [CalibrationManager] Değişiklik kaydedildi:  [ -> 5]
[16:49:12.442] [INFO] [CalibrationManager] Değişiklik kaydedildi:  [ -> 5]
[16:49:12.443] [INFO] [CalibrationManager] Değişiklik kaydedildi:  [ -> 5]
[16:49:12.444] [INFO] [CalibrationManager] Değişiklik kaydedildi:  [ -> 5]
[16:49:12.446] [INFO] [CalibrationManager] Değişiklik kaydedildi:  [ -> 5]
[16:49:12.448] [INFO] [CalibrationManager] Değişiklik kaydedildi:  [ -> 5]
[16:49:12.449] [INFO] [CalibrationManager] Değişiklik kaydedildi:  [ -> 5]
[16:49:12.450] [INFO] [CalibrationManager] Değişiklik kaydedildi:  [ -> 5]
[16:49:12.462] [INFO] [CalibrationManager] Değişiklik kaydedildi:  [ -> 5]
[16:49:12.464] [INFO] [CalibrationManager] Değişiklik kaydedildi:  [ -> 5]
[16:49:12.467] [INFO] [CalibrationManager] Değişiklik kaydedildi:  [ -> 5]
[16:49:12.468] [INFO] [CalibrationManager] Değişiklik kaydedildi:  [ -> 5]
[16:49:12.470] [INFO] [CalibrationManager] Değişiklik kaydedildi:  [ -> 5]
[16:49:12.471] [INFO] [CalibrationManager] Değişiklik kaydedildi:  [ -> 5]
[16:49:12.473] [INFO] [CalibrationManager] Değişiklik kaydedildi:  [ -> 5]
[16:49:12.475] [INFO] [CalibrationManager] Değişiklik kaydedildi:  [ -> 5]
[16:49:12.476] [INFO] [CalibrationManager] Değişiklik kaydedildi:  [ -> 5]
[16:49:12.478] [INFO] [CalibrationManager] Değişiklik kaydedildi:  [ -> 5]
[16:49:12.479] [INFO] [CalibrationManager] Değişiklik kaydedildi:  [ -> 5]
[16:49:12.481] [INFO] [CalibrationManager] Değişiklik kaydedildi:  [ -> 5]
[16:49:12.482] [INFO] [CalibrationManager] Değişiklik kaydedildi:  [ -> 5]
[16:49:12.484] [INFO] [CalibrationManager] Değişiklik kaydedildi:  [ -> 5]
[16:49:12.487] [INFO] [CalibrationManager] Değişiklik kaydedildi:  [ -> 5]
[16:49:12.488] [INFO] [CalibrationManager] Değişiklik kaydedildi:  [ -> 5]
[16:49:12.490] [INFO] [CalibrationManager] Değişiklik kaydedildi:  [ -> 5]
[16:49:12.491] [INFO] [CalibrationManager] Değişiklik kaydedildi:  [ -> 5]
[16:49:12.492] [INFO] [CalibrationManager] Değişiklik kaydedildi:  [ -> 5]
[16:49:12.494] [INFO] [CalibrationManager] Değişiklik kaydedildi:  [ -> 5]
[16:49:12.496] [INFO] [CalibrationManager] Değişiklik kaydedildi:  [ -> 5]
[16:49:12.498] [INFO] [CalibrationManager] Değişiklik kaydedildi:  [ -> 5]
[16:49:12.499] [INFO] [CalibrationManager] Değişiklik kaydedildi:  [ -> 5]
[16:49:12.501] [INFO] [CalibrationManager] Değişiklik kaydedildi:  [ -> 5]
[16:49:12.502] [INFO] [CalibrationManager] Değişiklik kaydedildi:  [ -> 5]
[16:49:12.504] [INFO] [CalibrationManager] Değişiklik kaydedildi:  [ -> 5]
[16:49:12.505] [INFO] [CalibrationManager] Değişiklik kaydedildi:  [ -> 5]
[16:49:12.507] [INFO] [CalibrationManager] Değişiklik kaydedildi:  [ -> 5]
[16:49:12.508] [INFO] [CalibrationManager] Değişiklik kaydedildi:  [ -> 5]
[16:49:12.510] [INFO] [CalibrationManager] Değişiklik kaydedildi:  [ -> 5]
[16:49:12.511] [INFO] [CalibrationManager] Değişiklik kaydedildi:  [ -> 5]
[16:49:12.513] [INFO] [CalibrationManager] Değişiklik kaydedildi:  [ -> 5]
[16:49:12.514] [INFO] [CalibrationManager] Değişiklik kaydedildi:  [ -> 5]
[16:49:12.520] [WARNING] [RtpCalibrationEngine] Could not save persistent sync queue: The process cannot access the file 'C:\Users\ayhan\OneDrive\Desktop\Canlı OBD2 Araç Telemetri Ekranı\HondaTuner\bin\Debug\net6.0-windows\Database\pending_rtp_queue.json' because it is being used by another process.
[16:49:12.520] [INFO] [CalibrationManager] Değişiklik kaydedildi:  [ -> 5]
[16:49:12.522] [INFO] [CalibrationManager] Değişiklik kaydedildi:  [ -> 5]
[16:49:12.523] [INFO] [CalibrationManager] Değişiklik kaydedildi:  [ -> 5]
[16:49:12.525] [INFO] [CalibrationManager] Değişiklik kaydedildi:  [ -> 5]
[16:49:12.527] [INFO] [CalibrationManager] Değişiklik kaydedildi:  [ -> 5]
[16:49:12.529] [INFO] [CalibrationManager] Değişiklik kaydedildi:  [ -> 5]
[16:49:12.531] [INFO] [CalibrationManager] Değişiklik kaydedildi:  [ -> 5]
[16:49:12.532] [INFO] [CalibrationManager] Değişiklik kaydedildi:  [ -> 5]
[16:49:12.533] [INFO] [CalibrationManager] Değişiklik kaydedildi:  [ -> 5]
[16:49:12.535] [INFO] [CalibrationManager] Değişiklik kaydedildi:  [ -> 5]
[16:49:12.537] [INFO] [CalibrationManager] Değişiklik kaydedildi:  [ -> 5]
[16:49:12.538] [INFO] [CalibrationManager] Değişiklik kaydedildi:  [ -> 5]
[16:49:12.540] [INFO] [CalibrationManager] Değişiklik kaydedildi:  [ -> 5]
[16:49:12.541] [INFO] [CalibrationManager] Değişiklik kaydedildi:  [ -> 5]
[16:49:12.543] [INFO] [CalibrationManager] Değişiklik kaydedildi:  [ -> 5]
[16:49:12.545] [INFO] [CalibrationManager] Değişiklik kaydedildi:  [ -> 5]
[16:49:12.546] [INFO] [CalibrationManager] Değişiklik kaydedildi:  [ -> 5]
[16:49:12.548] [INFO] [CalibrationManager] Değişiklik kaydedildi:  [ -> 5]
[16:49:12.549] [INFO] [CalibrationManager] Değişiklik kaydedildi:  [ -> 5]
[16:49:12.551] [INFO] [CalibrationManager] Değişiklik kaydedildi:  [ -> 5]
[16:49:12.553] [INFO] [CalibrationManager] Değişiklik kaydedildi:  [ -> 5]
[16:49:12.555] [INFO] [CalibrationManager] Değişiklik kaydedildi:  [ -> 5]
[16:49:12.556] [INFO] [CalibrationManager] Değişiklik kaydedildi:  [ -> 5]
[16:49:12.557] [INFO] [CalibrationManager] Değişiklik kaydedildi:  [ -> 5]
[16:49:12.559] [INFO] [CalibrationManager] Değişiklik kaydedildi:  [ -> 5]
[16:49:12.561] [INFO] [CalibrationManager] Değişiklik kaydedildi:  [ -> 5]
[16:49:12.562] [INFO] [CalibrationManager] Değişiklik kaydedildi:  [ -> 5]
[16:49:12.564] [INFO] [CalibrationManager] Değişiklik kaydedildi:  [ -> 5]
[16:49:12.566] [INFO] [CalibrationManager] Değişiklik kaydedildi:  [ -> 5]
[16:49:12.567] [INFO] [CalibrationManager] Değişiklik kaydedildi:  [ -> 5]
[16:49:12.569] [INFO] [CalibrationManager] Değişiklik kaydedildi:  [ -> 5]
[16:49:12.570] [INFO] [CalibrationManager] Değişiklik kaydedildi:  [ -> 5]
[16:49:12.572] [INFO] [CalibrationManager] Değişiklik kaydedildi:  [ -> 5]
[16:49:12.574] [INFO] [CalibrationManager] Değişiklik kaydedildi:  [ -> 5]
[16:49:12.575] [INFO] [CalibrationManager] Değişiklik kaydedildi:  [ -> 5]
[16:49:12.577] [INFO] [CalibrationManager] Değişiklik kaydedildi:  [ -> 5]
[16:49:12.590] [INFO] [CalibrationManager] Değişiklik kaydedildi:  [ -> 5]
[16:49:12.591] [INFO] [CalibrationManager] Değişiklik kaydedildi:  [ -> 5]
[16:49:12.593] [INFO] [CalibrationManager] Değişiklik kaydedildi:  [ -> 5]
[16:49:12.595] [INFO] [CalibrationManager] Değişiklik kaydedildi:  [ -> 5]
[16:49:12.596] [INFO] [CalibrationManager] Değişiklik kaydedildi:  [ -> 5]
[16:49:12.598] [INFO] [CalibrationManager] Değişiklik kaydedildi:  [ -> 5]
[16:49:12.599] [INFO] [CalibrationManager] Değişiklik kaydedildi:  [ -> 5]
[16:49:12.601] [INFO] [CalibrationManager] Değişiklik kaydedildi:  [ -> 5]
[16:49:12.603] [INFO] [CalibrationManager] Değişiklik kaydedildi:  [ -> 5]
[16:49:12.604] [INFO] [CalibrationManager] Değişiklik kaydedildi:  [ -> 5]
[16:49:12.606] [INFO] [CalibrationManager] Değişiklik kaydedildi:  [ -> 5]
[16:49:12.607] [INFO] [CalibrationManager] Değişiklik kaydedildi:  [ -> 5]
[16:49:12.609] [INFO] [CalibrationManager] Değişiklik kaydedildi:  [ -> 5]
[16:49:12.610] [INFO] [CalibrationManager] Değişiklik kaydedildi:  [ -> 5]
[16:49:12.612] [INFO] [CalibrationManager] Değişiklik kaydedildi:  [ -> 5]
[16:49:12.614] [INFO] [CalibrationManager] Değişiklik kaydedildi:  [ -> 5]
[16:49:13.021] [INFO] [RtpCalibrationEngine] Connecting to RTP emulator...
[16:49:13.021] [INFO] [RtpCalibrationEngine] RTP emulator connected successfully.
[16:49:13.021] [INFO] [RtpCalibrationEngine] Real-time synchronization active.
[16:49:13.022] [INFO] [RtpCalibrationEngine] Connecting to RTP emulator...
[16:49:13.022] [INFO] [RtpCalibrationEngine] RTP emulator connected successfully.
[16:49:13.022] [INFO] [RtpCalibrationEngine] Real-time synchronization active.
[16:49:13.024] [INFO] [CalibrationManager] Değişiklik kaydedildi:  [ -> 55]
[16:49:13.112] [ERROR] [RtpCalibrationEngine] Batch write execution failed: Batch block verification write failed: Simulated block write exception
[16:49:13.233] [INFO] [RtpCalibrationEngine] Connecting to RTP emulator...
[16:49:13.233] [INFO] [RtpCalibrationEngine] RTP emulator connected successfully.
[16:49:13.233] [INFO] [RtpCalibrationEngine] Real-time synchronization active.
[16:49:13.236] [INFO] [CalibrationManager] Değişiklik kaydedildi:  [ -> 88]
[16:49:13.320] [ERROR] [RtpCalibrationEngine] Batch write execution failed: Batch block verification write failed: Batch block verify mismatch at relative index 0. Expected: 88, Actual: 167
[16:49:13.438] [INFO] [RtpCalibrationEngine] Connecting to RTP emulator...
[16:49:13.438] [INFO] [RtpCalibrationEngine] RTP emulator connected successfully.
[16:49:13.438] [INFO] [RtpCalibrationEngine] Real-time synchronization active.
[16:49:13.440] [INFO] [CalibrationManager] Değişiklik kaydedildi:  [ -> 22]
[16:49:13.543] [INFO] [CalibrationManager] Değişiklik kaydedildi:  [ -> 22]
[16:49:13.651] [INFO] [CalibrationManager] Değişiklik kaydedildi:  [ -> 0]
[16:49:13.657] [INFO] [CalibrationManager] Değişiklik kaydedildi:  [ -> 1]
[16:49:13.669] [INFO] [CalibrationManager] Değişiklik kaydedildi:  [ -> 2]
[16:49:13.679] [INFO] [CalibrationManager] Değişiklik kaydedildi:  [ -> 3]
[16:49:13.689] [INFO] [CalibrationManager] Değişiklik kaydedildi:  [ -> 4]
[16:49:13.709] [INFO] [CalibrationManager] Değişiklik kaydedildi:  [ -> 5]
[16:49:13.719] [INFO] [CalibrationManager] Değişiklik kaydedildi:  [ -> 6]
[16:49:13.723] [INFO] [CalibrationManager] Değişiklik kaydedildi:  [ -> 0]
[16:49:13.732] [INFO] [CalibrationManager] Değişiklik kaydedildi:  [ -> 1]
[16:49:13.742] [INFO] [CalibrationManager] Değişiklik kaydedildi:  [ -> 2]
[16:49:13.748] [INFO] [CalibrationManager] Değişiklik kaydedildi:  [ -> 3]
[16:49:13.762] [INFO] [CalibrationManager] Değişiklik kaydedildi:  [ -> 4]
[16:49:13.768] [INFO] [CalibrationManager] Değişiklik kaydedildi:  [ -> 5]
[16:49:13.770] [INFO] [CalibrationManager] Değişiklik kaydedildi:  [ -> 6]
[16:49:13.774] [INFO] [CalibrationManager] Değişiklik kaydedildi:  [ -> 0]
[16:49:13.781] [INFO] [CalibrationManager] Değişiklik kaydedildi:  [ -> 1]
[16:49:13.787] [INFO] [CalibrationManager] Değişiklik kaydedildi:  [ -> 2]
[16:49:13.794] [INFO] [CalibrationManager] Değişiklik kaydedildi:  [ -> 3]
[16:49:13.799] [INFO] [CalibrationManager] Değişiklik kaydedildi:  [ -> 4]
[16:49:13.917] [INFO] [CalibrationManager] Değişiklik kaydedildi:  [ -> 5]
[16:49:14.020] [INFO] [CalibrationManager] Değişiklik kaydedildi:  [ -> 6]
[16:49:14.022] [ERROR] [RtpCalibrationEngine] RTP Configuration validation failed: Retry count must be between 0 and 10. (Parameter 'RetryCount')
[16:49:14.025] [INFO] [RtpCalibrationEngine] Recovered 1 pending changes from persistent queue on disk.
[16:49:14.047] [INFO] [RtpCalibrationEngine] Connecting to RTP emulator...
[16:49:14.047] [INFO] [RtpCalibrationEngine] RTP emulator connected successfully.
[16:49:14.047] [INFO] [RtpCalibrationEngine] Real-time synchronization active.
[16:49:14.057] [INFO] [AutoTuneSafetyManager] Güvenlik limitleri yüklendi. Etkin kural sayısı: 4
[16:49:14.057] [INFO] [AutoTuneEventPublisher] Domain olayı yayınlandı: SessionCreated (Oturum: 0572f3d0-2a56-490e-b493-951e36d9e643)
[16:49:14.057] [INFO] [AutoTuneEngine] Oturum başarıyla başlatıldı: 0572f3d0-2a56-490e-b493-951e36d9e643
[16:49:14.177] [INFO] [AutoTuneEventPublisher] Domain olayı yayınlandı: TelemetryWindowAccepted (Oturum: 0572f3d0-2a56-490e-b493-951e36d9e643)
[16:49:14.177] [INFO] [AutoTuneEventPublisher] Domain olayı yayınlandı: SafetyViolation (Oturum: 0572f3d0-2a56-490e-b493-951e36d9e643)
[16:49:14.178] [INFO] [AutoTuneEventPublisher] Domain olayı yayınlandı: DecisionCreated (Oturum: 0572f3d0-2a56-490e-b493-951e36d9e643)
[16:49:14.178] [INFO] [CalibrationSnapshotManager] Snapshot oluşturuldu: bc066dbe-19ba-41d4-a1d5-506b424fb8b3, Hücre sayısı: 1
[16:49:14.179] [INFO] [CalibrationRecoveryManager] Bekleyen işlem kaydedildi: 83cff491-0836-4040-b23f-b013bb31d7b2
[16:49:14.181] [INFO] [CalibrationManager] Değişiklik kaydedildi: AFRTargetTable Hücre [3,4] [0 -> 15]
[16:49:14.182] [INFO] [CalibrationRecoveryManager] Bekleyen işlem temizlendi (başarılı commit).
[16:49:14.182] [INFO] [CalibrationStreamPublisher] Uygulanan değişiklik yayınlandı: Lambda adres: AFRTargetTable[3,4]
[16:49:14.182] [INFO] [AutoTuneEventPublisher] Domain olayı yayınlandı: MapChangeApplied (Oturum: 0572f3d0-2a56-490e-b493-951e36d9e643)
[16:49:14.183] [INFO] [AutoTuneEventPublisher] Domain olayı yayınlandı: DecisionCreated (Oturum: 0572f3d0-2a56-490e-b493-951e36d9e643)
[16:49:14.183] [INFO] [CalibrationSnapshotManager] Snapshot oluşturuldu: 0d9bbf81-0d71-4f81-8412-7f549d2eddb6, Hücre sayısı: 1
[16:49:14.184] [INFO] [CalibrationRecoveryManager] Bekleyen işlem kaydedildi: 516820b2-5388-44a4-9a4f-8e11b07d7759
[16:49:14.186] [INFO] [CalibrationManager] Değişiklik kaydedildi: IgnitionTable Hücre [3,4] [15 -> 16]
[16:49:14.187] [INFO] [CalibrationRecoveryManager] Bekleyen işlem temizlendi (başarılı commit).
[16:49:14.187] [INFO] [CalibrationStreamPublisher] Uygulanan değişiklik yayınlandı: Ignition adres: IgnitionTable[3,4]
[16:49:14.187] [INFO] [AutoTuneEventPublisher] Domain olayı yayınlandı: MapChangeApplied (Oturum: 0572f3d0-2a56-490e-b493-951e36d9e643)
[16:49:14.187] [INFO] [AutoTuneEventPublisher] Domain olayı yayınlandı: DecisionCreated (Oturum: 0572f3d0-2a56-490e-b493-951e36d9e643)
[16:49:14.187] [INFO] [CalibrationSnapshotManager] Snapshot oluşturuldu: 0cc728bf-ce87-4875-ab0b-1ace3bf201c5, Hücre sayısı: 1
[16:49:14.188] [INFO] [CalibrationRecoveryManager] Bekleyen işlem kaydedildi: 92f6d9b5-c841-46e4-8684-f7c0417dc9c1
[16:49:14.190] [INFO] [CalibrationManager] Değişiklik kaydedildi: FuelVETable Hücre [3,4] [16 -> 60]
[16:49:14.191] [INFO] [CalibrationRecoveryManager] Bekleyen işlem temizlendi (başarılı commit).
[16:49:14.191] [INFO] [CalibrationStreamPublisher] Uygulanan değişiklik yayınlandı: VE adres: FuelVETable[3,4]
[16:49:14.191] [INFO] [AutoTuneEventPublisher] Domain olayı yayınlandı: MapChangeApplied (Oturum: 0572f3d0-2a56-490e-b493-951e36d9e643)
[16:49:14.204] [INFO] [AutoTuneEventPublisher] Domain olayı yayınlandı: TelemetryWindowAccepted (Oturum: 0572f3d0-2a56-490e-b493-951e36d9e643)
[16:49:14.204] [INFO] [AutoTuneEventPublisher] Domain olayı yayınlandı: SafetyViolation (Oturum: 0572f3d0-2a56-490e-b493-951e36d9e643)
[16:49:14.204] [INFO] [AutoTuneEventPublisher] Domain olayı yayınlandı: DecisionCreated (Oturum: 0572f3d0-2a56-490e-b493-951e36d9e643)
[16:49:14.205] [INFO] [CalibrationSnapshotManager] Snapshot oluşturuldu: 2640a4c6-b3e3-4208-8a02-4c1c463083f0, Hücre sayısı: 1
[16:49:14.206] [INFO] [CalibrationRecoveryManager] Bekleyen işlem kaydedildi: e9f36e05-ab3d-4584-bd94-631f0745aee9
[16:49:14.208] [INFO] [CalibrationManager] Değişiklik kaydedildi: AFRTargetTable Hücre [3,4] [60 -> 15]
[16:49:14.208] [INFO] [CalibrationRecoveryManager] Bekleyen işlem temizlendi (başarılı commit).
[16:49:14.209] [INFO] [CalibrationStreamPublisher] Uygulanan değişiklik yayınlandı: Lambda adres: AFRTargetTable[3,4]
[16:49:14.209] [INFO] [AutoTuneEventPublisher] Domain olayı yayınlandı: MapChangeApplied (Oturum: 0572f3d0-2a56-490e-b493-951e36d9e643)
[16:49:14.209] [INFO] [AutoTuneEventPublisher] Domain olayı yayınlandı: DecisionCreated (Oturum: 0572f3d0-2a56-490e-b493-951e36d9e643)
[16:49:14.209] [INFO] [CalibrationSnapshotManager] Snapshot oluşturuldu: 9fdeacda-961d-4d83-a113-cd0cfd9e7603, Hücre sayısı: 1
[16:49:14.210] [INFO] [CalibrationRecoveryManager] Bekleyen işlem kaydedildi: e75faba7-f830-42e2-8d79-c6b7f467ef19
[16:49:14.213] [INFO] [CalibrationManager] Değişiklik kaydedildi: IgnitionTable Hücre [3,4] [15 -> 16]
[16:49:14.214] [INFO] [CalibrationRecoveryManager] Bekleyen işlem temizlendi (başarılı commit).
[16:49:14.214] [INFO] [CalibrationStreamPublisher] Uygulanan değişiklik yayınlandı: Ignition adres: IgnitionTable[3,4]
[16:49:14.214] [INFO] [AutoTuneEventPublisher] Domain olayı yayınlandı: MapChangeApplied (Oturum: 0572f3d0-2a56-490e-b493-951e36d9e643)
[16:49:14.214] [INFO] [AutoTuneEventPublisher] Domain olayı yayınlandı: DecisionCreated (Oturum: 0572f3d0-2a56-490e-b493-951e36d9e643)
[16:49:14.215] [INFO] [CalibrationSnapshotManager] Snapshot oluşturuldu: c1877625-49c5-4cb6-bda2-c2aee001aca3, Hücre sayısı: 1
[16:49:14.216] [INFO] [CalibrationRecoveryManager] Bekleyen işlem kaydedildi: af05a0bb-bace-4dbb-a710-79a9f508612e
[16:49:14.217] [INFO] [CalibrationManager] Değişiklik kaydedildi: FuelVETable Hücre [3,4] [16 -> 60]
[16:49:14.218] [INFO] [CalibrationRecoveryManager] Bekleyen işlem temizlendi (başarılı commit).
[16:49:14.219] [INFO] [CalibrationStreamPublisher] Uygulanan değişiklik yayınlandı: VE adres: FuelVETable[3,4]
[16:49:14.219] [INFO] [AutoTuneEventPublisher] Domain olayı yayınlandı: MapChangeApplied (Oturum: 0572f3d0-2a56-490e-b493-951e36d9e643)
[16:49:14.234] [INFO] [AutoTuneEventPublisher] Domain olayı yayınlandı: TelemetryWindowAccepted (Oturum: 0572f3d0-2a56-490e-b493-951e36d9e643)
[16:49:14.234] [INFO] [AutoTuneEventPublisher] Domain olayı yayınlandı: SafetyViolation (Oturum: 0572f3d0-2a56-490e-b493-951e36d9e643)
[16:49:14.235] [INFO] [AutoTuneEventPublisher] Domain olayı yayınlandı: DecisionCreated (Oturum: 0572f3d0-2a56-490e-b493-951e36d9e643)
[16:49:14.235] [INFO] [CalibrationSnapshotManager] Snapshot oluşturuldu: 7eeeb463-db00-47f3-9f40-bb8200f816eb, Hücre sayısı: 1
[16:49:14.236] [INFO] [CalibrationRecoveryManager] Bekleyen işlem kaydedildi: d4fc94be-4eb9-4c98-887f-1d650c6ea243
[16:49:14.238] [INFO] [CalibrationManager] Değişiklik kaydedildi: AFRTargetTable Hücre [3,4] [60 -> 15]
[16:49:14.239] [INFO] [CalibrationRecoveryManager] Bekleyen işlem temizlendi (başarılı commit).
[16:49:14.239] [INFO] [CalibrationStreamPublisher] Uygulanan değişiklik yayınlandı: Lambda adres: AFRTargetTable[3,4]
[16:49:14.239] [INFO] [AutoTuneEventPublisher] Domain olayı yayınlandı: MapChangeApplied (Oturum: 0572f3d0-2a56-490e-b493-951e36d9e643)
[16:49:14.239] [INFO] [AutoTuneEventPublisher] Domain olayı yayınlandı: DecisionCreated (Oturum: 0572f3d0-2a56-490e-b493-951e36d9e643)
[16:49:14.239] [INFO] [CalibrationSnapshotManager] Snapshot oluşturuldu: c12029cf-1c78-4fe1-bf69-9b45a8fced6d, Hücre sayısı: 1
[16:49:14.240] [INFO] [CalibrationRecoveryManager] Bekleyen işlem kaydedildi: 4f8c76c3-e05f-430c-b996-1b960b97227a
[16:49:14.242] [INFO] [CalibrationManager] Değişiklik kaydedildi: IgnitionTable Hücre [3,4] [15 -> 16]
[16:49:14.243] [INFO] [CalibrationRecoveryManager] Bekleyen işlem temizlendi (başarılı commit).
[16:49:14.243] [INFO] [CalibrationStreamPublisher] Uygulanan değişiklik yayınlandı: Ignition adres: IgnitionTable[3,4]
[16:49:14.243] [INFO] [AutoTuneEventPublisher] Domain olayı yayınlandı: MapChangeApplied (Oturum: 0572f3d0-2a56-490e-b493-951e36d9e643)
[16:49:14.243] [INFO] [AutoTuneEventPublisher] Domain olayı yayınlandı: DecisionCreated (Oturum: 0572f3d0-2a56-490e-b493-951e36d9e643)
[16:49:14.243] [INFO] [CalibrationSnapshotManager] Snapshot oluşturuldu: bf267b06-be0d-4dbf-b0ba-e49e0e6b4dc8, Hücre sayısı: 1
[16:49:14.244] [INFO] [CalibrationRecoveryManager] Bekleyen işlem kaydedildi: 3c44f129-bd78-42f7-9757-08bc18c06902
[16:49:14.246] [INFO] [CalibrationManager] Değişiklik kaydedildi: FuelVETable Hücre [3,4] [16 -> 60]
[16:49:14.247] [INFO] [CalibrationRecoveryManager] Bekleyen işlem temizlendi (başarılı commit).
[16:49:14.247] [INFO] [CalibrationStreamPublisher] Uygulanan değişiklik yayınlandı: VE adres: FuelVETable[3,4]
[16:49:14.247] [INFO] [AutoTuneEventPublisher] Domain olayı yayınlandı: MapChangeApplied (Oturum: 0572f3d0-2a56-490e-b493-951e36d9e643)
[16:49:14.267] [INFO] [AutoTuneEventPublisher] Domain olayı yayınlandı: TelemetryWindowAccepted (Oturum: 0572f3d0-2a56-490e-b493-951e36d9e643)
[16:49:14.267] [INFO] [AutoTuneEventPublisher] Domain olayı yayınlandı: SafetyViolation (Oturum: 0572f3d0-2a56-490e-b493-951e36d9e643)
[16:49:14.267] [INFO] [AutoTuneEventPublisher] Domain olayı yayınlandı: DecisionCreated (Oturum: 0572f3d0-2a56-490e-b493-951e36d9e643)
[16:49:14.267] [INFO] [CalibrationSnapshotManager] Snapshot oluşturuldu: a91c80b6-eeac-4542-8821-1d30e7917294, Hücre sayısı: 1
[16:49:14.268] [INFO] [CalibrationRecoveryManager] Bekleyen işlem kaydedildi: 763ce333-1aa3-44a7-8e4b-0da92887efa6
[16:49:14.270] [INFO] [CalibrationManager] Değişiklik kaydedildi: AFRTargetTable Hücre [3,4] [60 -> 15]
[16:49:14.271] [INFO] [CalibrationRecoveryManager] Bekleyen işlem temizlendi (başarılı commit).
[16:49:14.271] [INFO] [CalibrationStreamPublisher] Uygulanan değişiklik yayınlandı: Lambda adres: AFRTargetTable[3,4]
[16:49:14.271] [INFO] [AutoTuneEventPublisher] Domain olayı yayınlandı: MapChangeApplied (Oturum: 0572f3d0-2a56-490e-b493-951e36d9e643)
[16:49:14.271] [INFO] [AutoTuneEventPublisher] Domain olayı yayınlandı: DecisionCreated (Oturum: 0572f3d0-2a56-490e-b493-951e36d9e643)
[16:49:14.271] [INFO] [CalibrationSnapshotManager] Snapshot oluşturuldu: 359c836d-9a8e-41b4-9c10-e79c433c3e12, Hücre sayısı: 1
[16:49:14.272] [INFO] [CalibrationRecoveryManager] Bekleyen işlem kaydedildi: 74aa3897-6a75-49d5-a78e-27731b0a61be
[16:49:14.274] [INFO] [CalibrationManager] Değişiklik kaydedildi: IgnitionTable Hücre [3,4] [15 -> 16]
[16:49:14.275] [INFO] [CalibrationRecoveryManager] Bekleyen işlem temizlendi (başarılı commit).
[16:49:14.275] [INFO] [CalibrationStreamPublisher] Uygulanan değişiklik yayınlandı: Ignition adres: IgnitionTable[3,4]
[16:49:14.275] [INFO] [AutoTuneEventPublisher] Domain olayı yayınlandı: MapChangeApplied (Oturum: 0572f3d0-2a56-490e-b493-951e36d9e643)
[16:49:14.275] [INFO] [AutoTuneEventPublisher] Domain olayı yayınlandı: DecisionCreated (Oturum: 0572f3d0-2a56-490e-b493-951e36d9e643)
[16:49:14.275] [INFO] [CalibrationSnapshotManager] Snapshot oluşturuldu: 67a1ac62-5825-4be2-85a9-69aa2a5db627, Hücre sayısı: 1
[16:49:14.276] [INFO] [CalibrationRecoveryManager] Bekleyen işlem kaydedildi: 08cb7712-e4bf-44df-9e59-517f14a8e743
[16:49:14.278] [INFO] [CalibrationManager] Değişiklik kaydedildi: FuelVETable Hücre [3,4] [16 -> 60]
[16:49:14.279] [INFO] [CalibrationRecoveryManager] Bekleyen işlem temizlendi (başarılı commit).
[16:49:14.279] [INFO] [CalibrationStreamPublisher] Uygulanan değişiklik yayınlandı: VE adres: FuelVETable[3,4]
[16:49:14.279] [INFO] [AutoTuneEventPublisher] Domain olayı yayınlandı: MapChangeApplied (Oturum: 0572f3d0-2a56-490e-b493-951e36d9e643)
[16:49:14.300] [INFO] [AutoTuneEventPublisher] Domain olayı yayınlandı: TelemetryWindowAccepted (Oturum: 0572f3d0-2a56-490e-b493-951e36d9e643)
[16:49:14.300] [INFO] [AutoTuneEventPublisher] Domain olayı yayınlandı: SafetyViolation (Oturum: 0572f3d0-2a56-490e-b493-951e36d9e643)
[16:49:14.300] [INFO] [AutoTuneEventPublisher] Domain olayı yayınlandı: DecisionCreated (Oturum: 0572f3d0-2a56-490e-b493-951e36d9e643)
[16:49:14.300] [INFO] [CalibrationSnapshotManager] Snapshot oluşturuldu: 39c7af31-6e68-42ab-93d0-7d2e8249d17c, Hücre sayısı: 1
[16:49:14.302] [INFO] [CalibrationRecoveryManager] Bekleyen işlem kaydedildi: f400b483-c0e7-4ade-8299-fa59e9ad3884
[16:49:14.304] [INFO] [CalibrationManager] Değişiklik kaydedildi: AFRTargetTable Hücre [3,4] [60 -> 15]
[16:49:14.305] [INFO] [CalibrationRecoveryManager] Bekleyen işlem temizlendi (başarılı commit).
[16:49:14.305] [INFO] [CalibrationStreamPublisher] Uygulanan değişiklik yayınlandı: Lambda adres: AFRTargetTable[3,4]
[16:49:14.305] [INFO] [AutoTuneEventPublisher] Domain olayı yayınlandı: MapChangeApplied (Oturum: 0572f3d0-2a56-490e-b493-951e36d9e643)
[16:49:14.305] [INFO] [AutoTuneEventPublisher] Domain olayı yayınlandı: DecisionCreated (Oturum: 0572f3d0-2a56-490e-b493-951e36d9e643)
[16:49:14.305] [INFO] [CalibrationSnapshotManager] Snapshot oluşturuldu: 44830fdf-98e6-43f1-ace2-15aead932140, Hücre sayısı: 1
[16:49:14.306] [INFO] [CalibrationRecoveryManager] Bekleyen işlem kaydedildi: 9042df70-19d0-47b4-92f6-f876cdf64566
[16:49:14.308] [INFO] [CalibrationManager] Değişiklik kaydedildi: IgnitionTable Hücre [3,4] [15 -> 16]
[16:49:14.309] [INFO] [CalibrationRecoveryManager] Bekleyen işlem temizlendi (başarılı commit).
[16:49:14.309] [INFO] [CalibrationStreamPublisher] Uygulanan değişiklik yayınlandı: Ignition adres: IgnitionTable[3,4]
[16:49:14.309] [INFO] [AutoTuneEventPublisher] Domain olayı yayınlandı: MapChangeApplied (Oturum: 0572f3d0-2a56-490e-b493-951e36d9e643)
[16:49:14.309] [INFO] [AutoTuneEventPublisher] Domain olayı yayınlandı: DecisionCreated (Oturum: 0572f3d0-2a56-490e-b493-951e36d9e643)
[16:49:14.310] [INFO] [CalibrationSnapshotManager] Snapshot oluşturuldu: d9480b71-1cf8-40b9-86ac-b2e51d40e241, Hücre sayısı: 1
[16:49:14.311] [INFO] [CalibrationRecoveryManager] Bekleyen işlem kaydedildi: 32ee99dc-3c2f-48e7-ae1f-5a54c25399cc
[16:49:14.312] [INFO] [CalibrationManager] Değişiklik kaydedildi: FuelVETable Hücre [3,4] [16 -> 60]
[16:49:14.313] [INFO] [CalibrationRecoveryManager] Bekleyen işlem temizlendi (başarılı commit).
[16:49:14.314] [INFO] [CalibrationStreamPublisher] Uygulanan değişiklik yayınlandı: VE adres: FuelVETable[3,4]
[16:49:14.314] [INFO] [AutoTuneEventPublisher] Domain olayı yayınlandı: MapChangeApplied (Oturum: 0572f3d0-2a56-490e-b493-951e36d9e643)
[16:49:14.335] [INFO] [AutoTuneEventPublisher] Domain olayı yayınlandı: TelemetryWindowAccepted (Oturum: 0572f3d0-2a56-490e-b493-951e36d9e643)
[16:49:14.335] [INFO] [AutoTuneEventPublisher] Domain olayı yayınlandı: SafetyViolation (Oturum: 0572f3d0-2a56-490e-b493-951e36d9e643)
[16:49:14.335] [INFO] [AutoTuneEventPublisher] Domain olayı yayınlandı: DecisionCreated (Oturum: 0572f3d0-2a56-490e-b493-951e36d9e643)
[16:49:14.336] [INFO] [CalibrationSnapshotManager] Snapshot oluşturuldu: 4330feea-faed-4629-8e34-c501438a9022, Hücre sayısı: 1
[16:49:14.337] [INFO] [CalibrationRecoveryManager] Bekleyen işlem kaydedildi: 761b3755-c6df-4ded-ab47-748d13844c58
[16:49:14.339] [INFO] [CalibrationManager] Değişiklik kaydedildi: AFRTargetTable Hücre [3,4] [60 -> 15]
[16:49:14.340] [INFO] [CalibrationRecoveryManager] Bekleyen işlem temizlendi (başarılı commit).
[16:49:14.340] [INFO] [CalibrationStreamPublisher] Uygulanan değişiklik yayınlandı: Lambda adres: AFRTargetTable[3,4]
[16:49:14.340] [INFO] [AutoTuneEventPublisher] Domain olayı yayınlandı: MapChangeApplied (Oturum: 0572f3d0-2a56-490e-b493-951e36d9e643)
[16:49:14.340] [INFO] [AutoTuneEventPublisher] Domain olayı yayınlandı: DecisionCreated (Oturum: 0572f3d0-2a56-490e-b493-951e36d9e643)
[16:49:14.340] [INFO] [CalibrationSnapshotManager] Snapshot oluşturuldu: f510a3cf-9f47-48b8-83fc-345a001672de, Hücre sayısı: 1
[16:49:14.341] [INFO] [CalibrationRecoveryManager] Bekleyen işlem kaydedildi: 009af144-87bd-4cbc-9742-f5164358477c
[16:49:14.343] [INFO] [CalibrationManager] Değişiklik kaydedildi: IgnitionTable Hücre [3,4] [15 -> 16]
[16:49:14.344] [INFO] [CalibrationRecoveryManager] Bekleyen işlem temizlendi (başarılı commit).
[16:49:14.344] [INFO] [CalibrationStreamPublisher] Uygulanan değişiklik yayınlandı: Ignition adres: IgnitionTable[3,4]
[16:49:14.344] [INFO] [AutoTuneEventPublisher] Domain olayı yayınlandı: MapChangeApplied (Oturum: 0572f3d0-2a56-490e-b493-951e36d9e643)
[16:49:14.344] [INFO] [AutoTuneEventPublisher] Domain olayı yayınlandı: DecisionCreated (Oturum: 0572f3d0-2a56-490e-b493-951e36d9e643)
[16:49:14.344] [INFO] [CalibrationSnapshotManager] Snapshot oluşturuldu: 22ed660d-0429-4466-ab04-2fdd57688b3c, Hücre sayısı: 1
[16:49:14.345] [INFO] [CalibrationRecoveryManager] Bekleyen işlem kaydedildi: c0dd28b8-3ec9-4e15-bbc5-68c9f386f65c
[16:49:14.347] [INFO] [CalibrationManager] Değişiklik kaydedildi: FuelVETable Hücre [3,4] [16 -> 60]
[16:49:14.348] [INFO] [CalibrationRecoveryManager] Bekleyen işlem temizlendi (başarılı commit).
[16:49:14.348] [INFO] [CalibrationStreamPublisher] Uygulanan değişiklik yayınlandı: VE adres: FuelVETable[3,4]
[16:49:14.348] [INFO] [AutoTuneEventPublisher] Domain olayı yayınlandı: MapChangeApplied (Oturum: 0572f3d0-2a56-490e-b493-951e36d9e643)
[16:49:14.662] [INFO] [AutoTuneEventPublisher] Domain olayı yayınlandı: SessionStopped (Oturum: 0572f3d0-2a56-490e-b493-951e36d9e643)
[16:49:14.872] [INFO] [TestHarness] Test tamamlandÄ±: 104 geÃ§ti, 0 kaldÄ±
[16:49:14.873] [WARNING] [RomIdentifier] ROM imzası hiçbir ECU profiliyle eşleşmedi.
[16:49:14.874] [INFO] [Program] Test sonuçları:
â•â•â•â•â•â•â•â•â•â•â•â•â•â•â•â•â•â•â•â•â•â•â•â•â•â•â•â•â•â•â•â•â•â•â•â•â•â•â•â•â•â•â•â•â•â•â•
  HONDATUNER â€” OTOMATÄ°K TEST SÃœÄ°TÄ°
â•â•â•â•â•â•â•â•â•â•â•â•â•â•â•â•â•â•â•â•â•â•â•â•â•â•â•â•â•â•â•â•â•â•â•â•â•â•â•â•â•â•â•â•â•â•â•

â”€â”€ ROM Testleri â”€â”€â”€â”€â”€â”€â”€â”€â”€â”€â”€â”€â”€â”€â”€â”€â”€â”€â”€â”€â”€â”€â”€â”€â”€â”€â”€â”€â”€â”€
  âœ… ROM Identifier â€” 32KB boÅŸ ROM tanÄ±ma
  âœ… ROM Identifier â€” yanlÄ±ÅŸ boyut reddi
  âœ… ROM Patch â€” doÄŸrulama ve uygulama
  âœ… ROM Patch â€” rollback geri yÃ¼kleme

â”€â”€ Kalibrasyon Testleri â”€â”€â”€â”€â”€â”€â”€â”€â”€â”€â”€â”€â”€â”€â”€â”€â”€â”€â”€â”€â”€â”€â”€
  âœ… Injector Scaling â€” 240â†’440cc
  âœ… Injector Scaling â€” clamp to 255
  âœ… Calibration Engine â€” Commit applies value to ROM buffer
  âœ… Calibration Engine â€” Rollback restores original values in ROM buffer
  âœ… Calibration Engine â€” Undo and Redo states are fully synchronized
  âœ… Calibration Engine â€” Safety validator rejects OOR Rev Limit changes

â”€â”€ Faz 4: Map Engine & Interpolation Testleri â”€â”€
  âœ… Map Engine â€” Cell write and read accuracy
  âœ… Map Engine â€” Scale factors conversion logic
  âœ… Map Engine â€” Invalid offset out-of-range bounds check
  âœ… Map Engine â€” Transaction commits, rollbacks, and Undo/Redo integration
  âœ… Interpolation â€” 4 neighbor bilinear cell weight sum equals exactly 1.0

â”€â”€ AutoTune GÃ¼venlik Testleri â”€â”€â”€â”€â”€â”€â”€â”€â”€â”€â”€â”€â”€â”€â”€â”€â”€
  âœ… AutoTune â€” dÃ¼ÅŸÃ¼k ECT reddi
  âœ… AutoTune â€” dÃ¼ÅŸÃ¼k batarya reddi
  âœ… AutoTune â€” dÃ¼zeltme kÄ±rpma (Â±12%)

── Faz 5: Checksum Engine & Safety Layer Testleri ──
  âœ… Checksum â€” Stock ROM passes validation
  âœ… Checksum â€” Corrupt byte fails validation
  âœ… Checksum â€” Map change updates checksum successfully
  âœ… Checksum â€” VerifyBeforeSave detects bad checksum and returns false
  âœ… Checksum â€” Reloaded ROM checksum is valid
  âœ… Checksum â€” Multiple regions validation is successful

── ROM Patch Engine v2 Testleri ──
  âœ… PatchEngine — Başarılı Yama Uygulama
  âœ… PatchEngine — Yanlış ExpectedBytes Koruması
  âœ… PatchEngine — Uyumsuz ECU Koruması
  âœ… PatchEngine — ROM Boyut Limiti Koruması
  âœ… PatchEngine — Yamayı Geri Alma (Rollback)
  âœ… PatchEngine — İşlem (Transaction) Commit Entegrasyonu
  âœ… PatchEngine — İşlem Geri Alma (Transaction Rollback)
  âœ… PatchEngine — Otomatik Checksum Güncelleme
  âœ… PatchEngine — Audit Loglama Kontrolü
  âœ… PatchEngine — Profil Destekli Yamaları Bulma

── Phase 7: Telemetry & Live Datalog Bus Engine Testleri ──
  âœ… Telemetry - Event Bus Publish & Subscribe
  âœ… Telemetry - Event Bus Metrics Kontrolü
  âœ… Telemetry - Kanalsal Matematiksel Formül Çözümleme
  âœ… Telemetry - Backpressure DropOldest Politikası
  âœ… Telemetry - Backpressure DropNewest Politikası
  âœ… Telemetry - Backpressure BlockPublisher Politikası
  âœ… Telemetry - Yapılandırma Dosya İzleyicisi (Hot Reload)
  âœ… Telemetry - Erişim Kontrolü Yetkilendirme Hiyerarşisi
  âœ… Telemetry - SystemClock Monotonic Ticks
  âœ… Telemetry - HighResolutionClock Performance Ticks
  âœ… Telemetry - ReplayClock Geri Oynatıcı Zaman Akışı
  âœ… Telemetry - Dairesel Bellek (RingBuffer) Kapasite Tanımı
  âœ… Telemetry - RingBuffer Aşımında Overwrite (FIFO Overlay)
  âœ… Telemetry - Moving Average Gürültü Azaltma Filtresi
  âœ… Telemetry - Median (Ortanca) Filtreleme
  âœ… Telemetry - LowPass Üstel Sinyal Yumuşatma
  âœ… Telemetry - HighPass Dalgalanma Odaklı Sinyal Filtresi
  âœ… Telemetry - MockProvider Canlı Veri Akış Simülasyonu
  âœ… Telemetry - Sağlık İzleme (HealthMonitor) Parametreleri
  âœ… Telemetry - HealthMonitor Bağlantı Kaybı Anomali Algılama
  âœ… Telemetry - Analiz Hattı (AnalyzerPipeline) Sıralı Çalışma
  âœ… Telemetry - Engine Profil Geçiş Yönetimi (Street -> Dyno)
  âœ… Telemetry - Engine Canlı Datalogging Yaşam Döngüsü
  âœ… Telemetry - GC Basıncını Azaltan Frame Nesne Havuzu
  âœ… Telemetry - Salt-Okunur (Immutable) Snaphsot Yapısı
  âœ… Telemetry - Multi-Thread Veri Giriş Stress Testi

── Phase 8: AutoTune Closed Loop Engine Testleri ──
  âœ… AutoTune - State transitions (Start, Pause, Resume, Stop) lifecycle verification
  âœ… AutoTune - Confidence score calculation under low deviation is high
  âœ… AutoTune - Confidence score calculation under high deviation is low
  âœ… AutoTune - Stable window filter standard deviation and length checks
  âœ… AutoTune - Config validator rejects JSON with missing target attributes
  âœ… AutoTune - Config validator rejects out of bounds parameter variables
  âœ… AutoTune - ParameterType safety enum structure check
  âœ… AutoTune - Session manager multi session conflict prevention
  âœ… AutoTune - Session manager releases lock and allows new allocation
  âœ… AutoTune - Recovery manager logs interrupt trace successfully to file
  âœ… AutoTune - Recovery manager restores trace and validates details
  âœ… AutoTune - Diff engine returns detailed comparison matrix values
  âœ… AutoTune - CSV Package export contains session identity and values
  âœ… AutoTune - Replay simulator matches telemetry lists deterministically
  âœ… AutoTune - SafetyRuleProvider loads dynamic rules successfully
  âœ… AutoTune - QualityScoreCalculator rates stoichiometric history cleanly near 100
  âœ… AutoTune - Telemetry loss pause and reconnect validation cycle
  âœ… AutoTune - Domain event emitter publishes valid structured transition events
  âœ… AutoTune - Calibration RTP stream publishing streams virtual changes
  âœ… AutoTune - Replay validation checks run determinism bounds
  âœ… AutoTune - Persistence layer correctly serializes state machine records and migrates schema V1 to V2
  âœ… AutoTune - Query service retrieves session lists correctly
  âœ… AutoTune - Command service issues control triggers successfully
  âœ… AutoTune - Hardware checks and SafeMode blocks writing calibrations
  âœ… AutoTune - Cell lock manager acquires, releases and traps conflicts

── Faz 9: RTP Emulator & Real-Time Calibration Engine Testleri ──
  âœ… RTP - Engine correctly registers and resolves from DI ServiceContainer
  âœ… RTP - Connection state machine cycles correctly through all states
  âœ… RTP - Transient write failures trigger automatic retries and recover successfully
  âœ… RTP - Consecutive calibration edits coalesce into a single block write
  âœ… RTP - Multi-threaded queue guarantees strict sequential write ordering
  âœ… RTP - Execution latency benchmark tracking meets target limits
  âœ… RTP - Engine sustains high-frequency (500+) update throughput stress
  âœ… RTP - Background sync worker terminates cleanly on CancellationToken request
  âœ… RTP - Hardware disconnect automatically halts sync and raises Faulted event
  âœ… RTP - Enforces read-back verification after writing values to emulator
  âœ… RTP - Idempotent synchronization ignores duplicate writes to target cells
  âœ… RTP - Backpressure policy DropOldest purges oldest queued changes under load
  âœ… RTP - Backpressure policy RejectNewest drops new updates under queue overflow
  âœ… RTP - Backpressure policy BlockProducer controls producer rates correctly
  âœ… RTP - Validation layer rejects bad config schema values at initialization
  âœ… RTP - Restores un-synced calibration state queue records on startup
  âœ… RTP - Synchronizes concurrently applied AutoTune decisions to hardware
  âœ… TestMetadata_SerializationAndValidation
  âœ… TestReverseEngineering_ExtractionAndDecompilation

â•â•â•â•â•â•â•â•â•â•â•â•â•â•â•â•â•â•â•â•â•â•â•â•â•â•â•â•â•â•â•â•â•â•â•â•â•â•â•â•â•â•â•â•â•â•â•
  SONUÃ‡: 104 baÅŸarÄ±lÄ±, 0 baÅŸarÄ±sÄ±z
â•â•â•â•â•â•â•â•â•â•â•â•â•â•â•â•â•â•â•â•â•â•â•â•â•â•â•â•â•â•â•â•â•â•â•â•â•â•â•â•â•â•â•â•â•â•â•
[16:49:14.874] [INFO] [Program] Örnek ROM test sonuçları:
── Örnek ROM Test Çerçevesi ───────────────────
  ✅ Checksum offset geçerli
  ✅ Bozuk ROM reddedildi
  ✅ Fuel map sınırları geçerli
  ✅ Ignition map sınırları geçerli
  ✅ Tüm profiller 32KB ROM boyutu

  Sonuç: 5 geçti, 0 kaldı
