[19:10:54.616] [INFO] [RomIdentifier] ECU Tanımlandı: P06 (Confidence: %45,7)
[19:10:54.619] [WARNING] [RomIdentifier] ROM imzası hiçbir ECU profiliyle eşleşmedi.
[19:10:54.620] [INFO] [RomPatchManager] Yama uygulandı: TEST_PATCH_1 @ 0x000A
[19:10:54.621] [INFO] [RomPatchManager] Yama uygulandı: TEST_PATCH_ROLLBACK @ 0x000A
[19:10:54.621] [INFO] [RomPatchManager] Yama geri alındı: TEST_PATCH_ROLLBACK
[19:10:54.622] [INFO] [InjectorManager] Fuel haritası ölçeklendi: 240cc → 440cc (oran: 0,545)
[19:10:54.622] [INFO] [InjectorManager] Fuel haritası ölçeklendi: 440cc → 240cc (oran: 1,833)
[19:10:54.691] [INFO] [CalibrationManager] Değişiklik kaydedildi: Fuel Cell [0,0] [50 -> 60]
[19:10:54.692] [INFO] [CalibrationManager] Değişiklik kaydedildi: Fuel Cell [0,0] [50 -> 60]
[19:10:54.693] [INFO] [CalibrationManager] Değişiklik kaydedildi: Fuel Cell [0,0] [50 -> 75]
[19:10:54.695] [INFO] [CalibrationManager] Değişiklik kaydedildi: FuelMapTest Hücre [4,5] [0 -> 123]
[19:10:54.695] [INFO] [CalibrationManager] Değişiklik kaydedildi: FuelMapTest Hücre [0,0] [0 -> 125]
[19:10:54.696] [INFO] [CalibrationManager] Değişiklik kaydedildi: FuelMapTest Hücre [1,1] [0 -> 150]
[19:10:54.696] [INFO] [CalibrationManager] Değişiklik kaydedildi: FuelMapTest Hücre [1,1] [0 -> 150]
[19:10:54.698] [DEBUG] [AutoTuneValidator] Reddedildi [ECT_LOW]: Motor sıcaklığı düşük: 50°C < 72°C
[19:10:54.699] [DEBUG] [AutoTuneValidator] Reddedildi [BATT_LOW]: Batarya düşük: 10,5V < 12V
[19:10:54.720] [INFO] [EcuDatabaseManager] Toplam 8 dinamik ECU profili yüklendi.
[19:10:54.733] [INFO] [ChecksumTest] [TRACE-1] romBuffer[0]=00
[19:10:54.739] [INFO] [ChecksumTest] [TRACE-2] tempFile[0]=00
[19:10:54.740] [INFO] [ChecksumTest] [TRACE-3] loadedBuffer[0]=00
[19:10:54.740] [INFO] [ChecksumTest] [TRACE-4] beforeSaveBuffer[0]=00
[19:10:54.743] [INFO] [ChecksumTest] [TRACE-5] afterSaveParserBuffer[0]=00
[19:10:54.751] [INFO] [ChecksumTest] [TRACE-6] reloadedFile[0]=00
[19:10:54.758] [INFO] [CalibrationManager] Değişiklik kaydedildi: Patch.LaunchControl.Byte0 [144 -> 205]
[19:10:54.759] [INFO] [CalibrationManager] Değişiklik kaydedildi: Patch.LaunchControl.Byte1 [144 -> 25]
[19:10:54.761] [INFO] [PatchEngine] Yama başarıyla uygulandı: LaunchControl @ 0x1FB0
[19:10:54.767] [INFO] [CalibrationManager] Değişiklik kaydedildi: Patch.LaunchControl.Byte0 [144 -> 205]
[19:10:54.768] [INFO] [CalibrationManager] Değişiklik kaydedildi: Patch.LaunchControl.Byte1 [144 -> 25]
[19:10:54.770] [INFO] [PatchEngine] Yama başarıyla uygulandı: LaunchControl @ 0x1FB0
[19:10:54.771] [INFO] [CalibrationManager] Değişiklik kaydedildi: Patch.LaunchControl.Byte0 [205 -> 144]
[19:10:54.772] [INFO] [CalibrationManager] Değişiklik kaydedildi: Patch.LaunchControl.Byte1 [25 -> 144]
[19:10:54.773] [INFO] [PatchEngine] Yama başarıyla geri alındı (Rollback): LaunchControl
[19:10:54.775] [INFO] [CalibrationManager] Değişiklik kaydedildi: Patch.LaunchControl.Byte0 [144 -> 205]
[19:10:54.776] [INFO] [CalibrationManager] Değişiklik kaydedildi: Patch.LaunchControl.Byte1 [144 -> 25]
[19:10:54.778] [INFO] [PatchEngine] Yama başarıyla uygulandı: LaunchControl @ 0x1FB0
[19:10:54.789] [INFO] [CalibrationManager] Değişiklik kaydedildi: Patch.LaunchControl.Byte0 [144 -> 205]
[19:10:54.790] [INFO] [CalibrationManager] Değişiklik kaydedildi: Patch.LaunchControl.Byte1 [144 -> 25]
[19:10:54.792] [INFO] [PatchEngine] Yama başarıyla uygulandı: LaunchControl @ 0x1FB0
[19:10:54.795] [INFO] [CalibrationManager] Değişiklik kaydedildi: Patch.LaunchControl.Byte0 [144 -> 205]
[19:10:54.795] [INFO] [CalibrationManager] Değişiklik kaydedildi: Patch.LaunchControl.Byte1 [144 -> 25]
[19:10:54.797] [INFO] [PatchEngine] Yama başarıyla uygulandı: LaunchControl @ 0x1FB0
[19:10:54.800] [INFO] [CalibrationManager] Değişiklik kaydedildi: Patch.LaunchControl.Byte0 [144 -> 205]
[19:10:54.800] [INFO] [CalibrationManager] Değişiklik kaydedildi: Patch.LaunchControl.Byte1 [144 -> 25]
[19:10:54.802] [INFO] [PatchEngine] Yama başarıyla uygulandı: LaunchControl @ 0x1FB0
