[13:07:19.205] [INFO] [RomIdentifier] ECU Tanımlandı: P06 (Confidence: %45,7)
[13:07:19.208] [WARNING] [RomIdentifier] ROM imzası hiçbir ECU profiliyle eşleşmedi.
[13:07:19.209] [INFO] [RomPatchManager] Yama uygulandı: TEST_PATCH_1 @ 0x000A
[13:07:19.209] [INFO] [RomPatchManager] Yama uygulandı: TEST_PATCH_ROLLBACK @ 0x000A
[13:07:19.210] [INFO] [RomPatchManager] Yama geri alındı: TEST_PATCH_ROLLBACK
[13:07:19.211] [INFO] [InjectorManager] Fuel haritası ölçeklendi: 240cc → 440cc (oran: 0,545)
[13:07:19.211] [INFO] [InjectorManager] Fuel haritası ölçeklendi: 440cc → 240cc (oran: 1,833)
[13:07:19.214] [INFO] [CalibrationManager] Değişiklik kaydedildi: Fuel Cell [0,0] [50 -> 60]
[13:07:19.215] [INFO] [CalibrationManager] Değişiklik kaydedildi: Fuel Cell [0,0] [50 -> 60]
[13:07:19.216] [INFO] [CalibrationManager] Değişiklik kaydedildi: Fuel Cell [0,0] [50 -> 75]
[13:07:19.226] [DEBUG] [AutoTuneValidator] Reddedildi [ECT_LOW]: Motor sıcaklığı düşük: 50°C < 72°C
[13:07:19.226] [DEBUG] [AutoTuneValidator] Reddedildi [BATT_LOW]: Batarya düşük: 10,5V < 12V
[13:07:19.227] [INFO] [TestHarness] Test tamamlandı: 14 geçti, 4 kaldı
[13:07:19.227] [WARNING] [RomIdentifier] ROM imzası hiçbir ECU profiliyle eşleşmedi.
[13:07:19.228] [INFO] [Program] Test sonuçları:
═══════════════════════════════════════════════
  HONDATUNER — OTOMATİK TEST SÜİTİ
═══════════════════════════════════════════════

── ROM Testleri ──────────────────────────────
  ✅ ROM Identifier — 32KB boş ROM tanıma
  ✅ ROM Identifier — yanlış boyut reddi
  ✅ ROM Patch — doğrulama ve uygulama
  ✅ ROM Patch — rollback geri yükleme

── Kalibrasyon Testleri ───────────────────────
  ✅ Injector Scaling — 240→440cc
  ✅ Injector Scaling — clamp to 255
  ✅ Calibration Engine — Commit applies value to ROM buffer
  ✅ Calibration Engine — Rollback restores original values in ROM buffer
  ✅ Calibration Engine — Undo and Redo states are fully synchronized
  ✅ Calibration Engine — Safety validator rejects OOR Rev Limit changes

── Faz 4: Map Engine & Interpolation Testleri ──
  ❌ MapEngine Read/Write Test Failure: Yakıt haritası hücresi byte (0-255) türünde olmalıdır.
  ❌ MapEngine Scale Conversion Test Failure: Yakıt haritası hücresi byte (0-255) türünde olmalıdır.
  ❌ MapEngine Invalid Offset Test Failure: Index was outside the bounds of the array.
  ❌ MapEngine Undo/Rollback Test Failure: Yakıt haritası hücresi byte (0-255) türünde olmalıdır.
  ✅ Interpolation — 4 neighbor bilinear cell weight sum equals exactly 1.0

── AutoTune Güvenlik Testleri ─────────────────
  ✅ AutoTune — düşük ECT reddi
  ✅ AutoTune — düşük batarya reddi
  ✅ AutoTune — düzeltme kırpma (±12%)

═══════════════════════════════════════════════
  SONUÇ: 14 başarılı, 4 başarısız
═══════════════════════════════════════════════
[13:07:19.228] [INFO] [Program] Örnek ROM test sonuçları:
── Örnek ROM Test Çerçevesi ───────────────────
  ✅ Checksum offset geçerli
  ✅ Bozuk ROM reddedildi
  ✅ Fuel map sınırları geçerli
  ✅ Ignition map sınırları geçerli
  ✅ Tüm profiller 32KB ROM boyutu

  Sonuç: 5 geçti, 0 kaldı
