[17:20:33.522] [INFO] [RomIdentifier] ECU Tanımlandı: P06 (Confidence: %45,7)
[17:20:33.525] [WARNING] [RomIdentifier] ROM imzası hiçbir ECU profiliyle eşleşmedi.
[17:20:33.526] [INFO] [RomPatchManager] Yama uygulandı: TEST_PATCH_1 @ 0x000A
[17:20:33.526] [INFO] [RomPatchManager] Yama uygulandı: TEST_PATCH_ROLLBACK @ 0x000A
[17:20:33.527] [INFO] [RomPatchManager] Yama geri alındı: TEST_PATCH_ROLLBACK
[17:20:33.528] [INFO] [InjectorManager] Fuel haritası ölçeklendi: 240cc → 440cc (oran: 0,545)
[17:20:33.528] [INFO] [InjectorManager] Fuel haritası ölçeklendi: 440cc → 240cc (oran: 1,833)
[17:20:33.576] [INFO] [CalibrationManager] Değişiklik kaydedildi: Fuel Cell [0,0] [50 -> 60]
[17:20:33.577] [INFO] [CalibrationManager] Değişiklik kaydedildi: Fuel Cell [0,0] [50 -> 60]
[17:20:33.578] [INFO] [CalibrationManager] Değişiklik kaydedildi: Fuel Cell [0,0] [50 -> 75]
[17:20:33.585] [INFO] [CalibrationManager] Değişiklik kaydedildi: FuelMapTest Hücre [4,5] [0 -> 123]
[17:20:33.594] [INFO] [CalibrationManager] Değişiklik kaydedildi: FuelMapTest Hücre [0,0] [0 -> 125]
[17:20:33.602] [INFO] [CalibrationManager] Değişiklik kaydedildi: FuelMapTest Hücre [1,1] [0 -> 150]
[17:20:33.603] [INFO] [CalibrationManager] Değişiklik kaydedildi: FuelMapTest Hücre [1,1] [0 -> 150]
[17:20:33.616] [DEBUG] [AutoTuneValidator] Reddedildi [ECT_LOW]: Motor sıcaklığı düşük: 50°C < 72°C
[17:20:33.616] [DEBUG] [AutoTuneValidator] Reddedildi [BATT_LOW]: Batarya düşük: 10,5V < 12V
[17:20:33.637] [INFO] [EcuDatabaseManager] Toplam 8 dinamik ECU profili yüklendi.
[17:20:33.653] [INFO] [ChecksumTest] [TRACE-1] romBuffer[0]=00
[17:20:33.660] [INFO] [ChecksumTest] [TRACE-2] tempFile[0]=00
[17:20:33.661] [INFO] [ChecksumTest] [TRACE-3] loadedBuffer[0]=00
[17:20:33.661] [INFO] [ChecksumTest] [TRACE-4] beforeSaveBuffer[0]=00
[17:20:33.665] [INFO] [ChecksumTest] [TRACE-5] afterSaveParserBuffer[0]=00
[17:20:33.671] [INFO] [ChecksumTest] [TRACE-6] reloadedFile[0]=00
[17:20:33.679] [INFO] [CalibrationManager] Değişiklik kaydedildi: Patch.LaunchControl.Byte0 [144 -> 205]
[17:20:33.688] [INFO] [CalibrationManager] Değişiklik kaydedildi: Patch.LaunchControl.Byte1 [144 -> 25]
[17:20:33.690] [INFO] [PatchEngine] Yama başarıyla uygulandı: LaunchControl @ 0x1FB0
[17:20:33.696] [INFO] [CalibrationManager] Değişiklik kaydedildi: Patch.LaunchControl.Byte0 [144 -> 205]
[17:20:33.706] [INFO] [CalibrationManager] Değişiklik kaydedildi: Patch.LaunchControl.Byte1 [144 -> 25]
[17:20:33.708] [INFO] [PatchEngine] Yama başarıyla uygulandı: LaunchControl @ 0x1FB0
[17:20:33.714] [INFO] [CalibrationManager] Değişiklik kaydedildi: Patch.LaunchControl.Byte0 [205 -> 144]
[17:20:33.721] [INFO] [CalibrationManager] Değişiklik kaydedildi: Patch.LaunchControl.Byte1 [25 -> 144]
[17:20:33.722] [INFO] [PatchEngine] Yama başarıyla geri alındı (Rollback): LaunchControl
[17:20:33.728] [INFO] [CalibrationManager] Değişiklik kaydedildi: Patch.LaunchControl.Byte0 [144 -> 205]
[17:20:33.737] [INFO] [CalibrationManager] Değişiklik kaydedildi: Patch.LaunchControl.Byte1 [144 -> 25]
[17:20:33.738] [INFO] [PatchEngine] Yama başarıyla uygulandı: LaunchControl @ 0x1FB0
[17:20:33.750] [INFO] [CalibrationManager] Değişiklik kaydedildi: Patch.LaunchControl.Byte0 [144 -> 205]
[17:20:33.757] [INFO] [CalibrationManager] Değişiklik kaydedildi: Patch.LaunchControl.Byte1 [144 -> 25]
[17:20:33.759] [INFO] [PatchEngine] Yama başarıyla uygulandı: LaunchControl @ 0x1FB0
[17:20:33.769] [INFO] [CalibrationManager] Değişiklik kaydedildi: Patch.LaunchControl.Byte0 [144 -> 205]
[17:20:33.775] [INFO] [CalibrationManager] Değişiklik kaydedildi: Patch.LaunchControl.Byte1 [144 -> 25]
[17:20:33.776] [INFO] [PatchEngine] Yama başarıyla uygulandı: LaunchControl @ 0x1FB0
[17:20:33.780] [INFO] [CalibrationManager] Değişiklik kaydedildi: Patch.LaunchControl.Byte0 [144 -> 205]
[17:20:33.786] [INFO] [CalibrationManager] Değişiklik kaydedildi: Patch.LaunchControl.Byte1 [144 -> 25]
[17:20:33.788] [INFO] [PatchEngine] Yama başarıyla uygulandı: LaunchControl @ 0x1FB0
[17:20:35.402] [INFO] [AutoTuneSafetyManager] Güvenlik limitleri yüklendi. Etkin kural sayısı: 4
[17:20:35.402] [INFO] [AutoTuneEventPublisher] Domain olayı yayınlandı: SessionCreated (Oturum: 07ffa5e5-78c4-4280-a3f6-6296c95a566f)
[17:20:35.403] [INFO] [AutoTuneEngine] Oturum başarıyla başlatıldı: 07ffa5e5-78c4-4280-a3f6-6296c95a566f
[17:20:35.403] [INFO] [AutoTuneEventPublisher] Domain olayı yayınlandı: SessionPaused (Oturum: 07ffa5e5-78c4-4280-a3f6-6296c95a566f)
[17:20:35.404] [INFO] [AutoTuneEventPublisher] Domain olayı yayınlandı: SessionResumed (Oturum: 07ffa5e5-78c4-4280-a3f6-6296c95a566f)
[17:20:35.404] [INFO] [AutoTuneEventPublisher] Domain olayı yayınlandı: SessionStopped (Oturum: 07ffa5e5-78c4-4280-a3f6-6296c95a566f)
[17:20:35.422] [INFO] [CalibrationRecoveryManager] Bekleyen işlem kaydedildi: TX-TEMP
[17:20:35.428] [INFO] [CalibrationRecoveryManager] Bekleyen işlem temizlendi (başarılı commit).
[17:20:35.430] [INFO] [CalibrationRecoveryManager] Bekleyen işlem kaydedildi: TX-TEMP2
[17:20:35.437] [INFO] [CalibrationRecoveryManager] Yarım kalmış işlem geri yükleniyor: TX-TEMP2
[17:20:35.438] [INFO] [CalibrationSnapshotManager] Snapshot geri yükleniyor: SNAP-TEMP2, Kurtarılacak hücre: 1
[17:20:35.438] [INFO] [CalibrationRecoveryManager] Bekleyen işlem temizlendi (başarılı commit).
[17:20:35.442] [INFO] [AutoTuneSafetyManager] Güvenlik limitleri yüklendi. Etkin kural sayısı: 4
[17:20:35.442] [INFO] [AutoTuneEventPublisher] Domain olayı yayınlandı: SessionCreated (Oturum: c7407701-e2bd-4cb1-b7cc-22c8aac19672)
[17:20:35.442] [INFO] [AutoTuneEngine] Oturum başarıyla başlatıldı: c7407701-e2bd-4cb1-b7cc-22c8aac19672
[17:20:35.444] [INFO] [AutoTuneEventPublisher] Domain olayı yayınlandı: SessionPaused (Oturum: c7407701-e2bd-4cb1-b7cc-22c8aac19672)
[17:20:35.444] [INFO] [AutoTuneEventPublisher] Domain olayı yayınlandı: SessionResumed (Oturum: c7407701-e2bd-4cb1-b7cc-22c8aac19672)
[17:20:35.444] [INFO] [AutoTuneEventPublisher] Domain olayı yayınlandı: SessionStopped (Oturum: c7407701-e2bd-4cb1-b7cc-22c8aac19672)
[17:20:35.444] [INFO] [AutoTuneSafetyManager] Güvenlik limitleri yüklendi. Etkin kural sayısı: 4
[17:20:35.445] [INFO] [AutoTuneEventPublisher] Domain olayı yayınlandı: SessionCreated (Oturum: aff08c18-de58-4c02-9255-f1013d044a9b)
[17:20:35.445] [INFO] [AutoTuneEngine] Oturum başarıyla başlatıldı: aff08c18-de58-4c02-9255-f1013d044a9b
[17:20:35.445] [INFO] [AutoTuneEventPublisher] Domain olayı yayınlandı: SessionStopped (Oturum: aff08c18-de58-4c02-9255-f1013d044a9b)
[17:20:35.446] [INFO] [AutoTuneSafetyManager] Güvenlik limitleri yüklendi. Etkin kural sayısı: 4
[17:20:35.446] [INFO] [AutoTuneEventPublisher] Domain olayı yayınlandı: SessionCreated (Oturum: 2d34e1b7-9fa5-4675-9ca0-c400d33da02b)
[17:20:35.446] [INFO] [AutoTuneEngine] Oturum başarıyla başlatıldı: 2d34e1b7-9fa5-4675-9ca0-c400d33da02b
[17:20:35.446] [INFO] [AutoTuneEventPublisher] Domain olayı yayınlandı: TelemetryWindowAccepted (Oturum: 2d34e1b7-9fa5-4675-9ca0-c400d33da02b)
[17:20:35.451] [INFO] [AutoTuneEventPublisher] Domain olayı yayınlandı: DecisionCreated (Oturum: 2d34e1b7-9fa5-4675-9ca0-c400d33da02b)
[17:20:35.453] [INFO] [CalibrationStreamPublisher] Uygulanan değişiklik yayınlandı: Fuel adres: FuelVETable[3,4]
[17:20:35.455] [INFO] [AutoTuneEventPublisher] Domain olayı yayınlandı: DecisionCreated (Oturum: 2d34e1b7-9fa5-4675-9ca0-c400d33da02b)
[17:20:35.455] [INFO] [CalibrationStreamPublisher] Uygulanan değişiklik yayınlandı: Lambda adres: AFRTargetTable[3,4]
[17:20:35.456] [INFO] [AutoTuneEventPublisher] Domain olayı yayınlandı: DecisionCreated (Oturum: 2d34e1b7-9fa5-4675-9ca0-c400d33da02b)
[17:20:35.456] [INFO] [CalibrationStreamPublisher] Uygulanan değişiklik yayınlandı: Ignition adres: IgnitionTable[3,4]
[17:20:35.457] [INFO] [AutoTuneEventPublisher] Domain olayı yayınlandı: DecisionCreated (Oturum: 2d34e1b7-9fa5-4675-9ca0-c400d33da02b)
[17:20:35.457] [INFO] [CalibrationStreamPublisher] Uygulanan değişiklik yayınlandı: VE adres: FuelVETable[3,4]
[17:20:35.457] [INFO] [AutoTuneEventPublisher] Domain olayı yayınlandı: TelemetryWindowAccepted (Oturum: 2d34e1b7-9fa5-4675-9ca0-c400d33da02b)
[17:20:35.457] [INFO] [AutoTuneEventPublisher] Domain olayı yayınlandı: DecisionCreated (Oturum: 2d34e1b7-9fa5-4675-9ca0-c400d33da02b)
[17:20:35.457] [INFO] [CalibrationStreamPublisher] Uygulanan değişiklik yayınlandı: Fuel adres: FuelVETable[3,4]
[17:20:35.458] [INFO] [AutoTuneEventPublisher] Domain olayı yayınlandı: DecisionCreated (Oturum: 2d34e1b7-9fa5-4675-9ca0-c400d33da02b)
[17:20:35.458] [INFO] [CalibrationStreamPublisher] Uygulanan değişiklik yayınlandı: Lambda adres: AFRTargetTable[3,4]
[17:20:35.458] [INFO] [AutoTuneEventPublisher] Domain olayı yayınlandı: DecisionCreated (Oturum: 2d34e1b7-9fa5-4675-9ca0-c400d33da02b)
[17:20:35.458] [INFO] [CalibrationStreamPublisher] Uygulanan değişiklik yayınlandı: Ignition adres: IgnitionTable[3,4]
[17:20:35.458] [INFO] [AutoTuneEventPublisher] Domain olayı yayınlandı: DecisionCreated (Oturum: 2d34e1b7-9fa5-4675-9ca0-c400d33da02b)
[17:20:35.459] [INFO] [CalibrationStreamPublisher] Uygulanan değişiklik yayınlandı: VE adres: FuelVETable[3,4]
[17:20:35.459] [INFO] [AutoTuneEventPublisher] Domain olayı yayınlandı: TelemetryWindowAccepted (Oturum: 2d34e1b7-9fa5-4675-9ca0-c400d33da02b)
[17:20:35.459] [INFO] [AutoTuneEventPublisher] Domain olayı yayınlandı: DecisionCreated (Oturum: 2d34e1b7-9fa5-4675-9ca0-c400d33da02b)
[17:20:35.459] [INFO] [CalibrationStreamPublisher] Uygulanan değişiklik yayınlandı: Fuel adres: FuelVETable[3,4]
[17:20:35.459] [INFO] [AutoTuneEventPublisher] Domain olayı yayınlandı: DecisionCreated (Oturum: 2d34e1b7-9fa5-4675-9ca0-c400d33da02b)
[17:20:35.459] [INFO] [CalibrationStreamPublisher] Uygulanan değişiklik yayınlandı: Lambda adres: AFRTargetTable[3,4]
[17:20:35.460] [INFO] [AutoTuneEventPublisher] Domain olayı yayınlandı: DecisionCreated (Oturum: 2d34e1b7-9fa5-4675-9ca0-c400d33da02b)
[17:20:35.460] [INFO] [CalibrationStreamPublisher] Uygulanan değişiklik yayınlandı: Ignition adres: IgnitionTable[3,4]
[17:20:35.460] [INFO] [AutoTuneEventPublisher] Domain olayı yayınlandı: DecisionCreated (Oturum: 2d34e1b7-9fa5-4675-9ca0-c400d33da02b)
[17:20:35.460] [INFO] [CalibrationStreamPublisher] Uygulanan değişiklik yayınlandı: VE adres: FuelVETable[3,4]
[17:20:35.460] [INFO] [AutoTuneEventPublisher] Domain olayı yayınlandı: TelemetryWindowAccepted (Oturum: 2d34e1b7-9fa5-4675-9ca0-c400d33da02b)
[17:20:35.460] [INFO] [AutoTuneEventPublisher] Domain olayı yayınlandı: DecisionCreated (Oturum: 2d34e1b7-9fa5-4675-9ca0-c400d33da02b)
[17:20:35.461] [INFO] [CalibrationStreamPublisher] Uygulanan değişiklik yayınlandı: Fuel adres: FuelVETable[3,4]
[17:20:35.461] [INFO] [AutoTuneEventPublisher] Domain olayı yayınlandı: DecisionCreated (Oturum: 2d34e1b7-9fa5-4675-9ca0-c400d33da02b)
[17:20:35.461] [INFO] [CalibrationStreamPublisher] Uygulanan değişiklik yayınlandı: Lambda adres: AFRTargetTable[3,4]
[17:20:35.461] [INFO] [AutoTuneEventPublisher] Domain olayı yayınlandı: DecisionCreated (Oturum: 2d34e1b7-9fa5-4675-9ca0-c400d33da02b)
[17:20:35.461] [INFO] [CalibrationStreamPublisher] Uygulanan değişiklik yayınlandı: Ignition adres: IgnitionTable[3,4]
[17:20:35.462] [INFO] [AutoTuneEventPublisher] Domain olayı yayınlandı: DecisionCreated (Oturum: 2d34e1b7-9fa5-4675-9ca0-c400d33da02b)
[17:20:35.462] [INFO] [CalibrationStreamPublisher] Uygulanan değişiklik yayınlandı: VE adres: FuelVETable[3,4]
[17:20:35.462] [INFO] [AutoTuneEventPublisher] Domain olayı yayınlandı: TelemetryWindowAccepted (Oturum: 2d34e1b7-9fa5-4675-9ca0-c400d33da02b)
[17:20:35.462] [INFO] [AutoTuneEventPublisher] Domain olayı yayınlandı: DecisionCreated (Oturum: 2d34e1b7-9fa5-4675-9ca0-c400d33da02b)
[17:20:35.462] [INFO] [CalibrationStreamPublisher] Uygulanan değişiklik yayınlandı: Fuel adres: FuelVETable[3,4]
[17:20:35.462] [INFO] [AutoTuneEventPublisher] Domain olayı yayınlandı: DecisionCreated (Oturum: 2d34e1b7-9fa5-4675-9ca0-c400d33da02b)
[17:20:35.462] [INFO] [CalibrationStreamPublisher] Uygulanan değişiklik yayınlandı: Lambda adres: AFRTargetTable[3,4]
[17:20:35.463] [INFO] [AutoTuneEventPublisher] Domain olayı yayınlandı: DecisionCreated (Oturum: 2d34e1b7-9fa5-4675-9ca0-c400d33da02b)
[17:20:35.463] [INFO] [CalibrationStreamPublisher] Uygulanan değişiklik yayınlandı: Ignition adres: IgnitionTable[3,4]
[17:20:35.463] [INFO] [AutoTuneEventPublisher] Domain olayı yayınlandı: DecisionCreated (Oturum: 2d34e1b7-9fa5-4675-9ca0-c400d33da02b)
[17:20:35.463] [INFO] [CalibrationStreamPublisher] Uygulanan değişiklik yayınlandı: VE adres: FuelVETable[3,4]
[17:20:35.463] [INFO] [AutoTuneEventPublisher] Domain olayı yayınlandı: TelemetryWindowAccepted (Oturum: 2d34e1b7-9fa5-4675-9ca0-c400d33da02b)
[17:20:35.463] [INFO] [AutoTuneEventPublisher] Domain olayı yayınlandı: DecisionCreated (Oturum: 2d34e1b7-9fa5-4675-9ca0-c400d33da02b)
[17:20:35.463] [INFO] [CalibrationStreamPublisher] Uygulanan değişiklik yayınlandı: Fuel adres: FuelVETable[3,4]
[17:20:35.464] [INFO] [AutoTuneEventPublisher] Domain olayı yayınlandı: DecisionCreated (Oturum: 2d34e1b7-9fa5-4675-9ca0-c400d33da02b)
[17:20:35.464] [INFO] [CalibrationStreamPublisher] Uygulanan değişiklik yayınlandı: Lambda adres: AFRTargetTable[3,4]
[17:20:35.464] [INFO] [AutoTuneEventPublisher] Domain olayı yayınlandı: DecisionCreated (Oturum: 2d34e1b7-9fa5-4675-9ca0-c400d33da02b)
[17:20:35.464] [INFO] [CalibrationStreamPublisher] Uygulanan değişiklik yayınlandı: Ignition adres: IgnitionTable[3,4]
[17:20:35.464] [INFO] [AutoTuneEventPublisher] Domain olayı yayınlandı: DecisionCreated (Oturum: 2d34e1b7-9fa5-4675-9ca0-c400d33da02b)
[17:20:35.464] [INFO] [CalibrationStreamPublisher] Uygulanan değişiklik yayınlandı: VE adres: FuelVETable[3,4]
[17:20:35.465] [INFO] [AutoTuneEventPublisher] Domain olayı yayınlandı: SessionStopped (Oturum: 2d34e1b7-9fa5-4675-9ca0-c400d33da02b)
[17:20:35.469] [INFO] [AdaptiveMemory] V1 hafıza verisi V2 şemasına başarıyla taşındı. Toplam kayıt: 1
[17:20:35.469] [INFO] [AutoTuneSafetyManager] Güvenlik limitleri yüklendi. Etkin kural sayısı: 4
[17:20:35.470] [INFO] [AutoTuneEventPublisher] Domain olayı yayınlandı: SessionCreated (Oturum: 7e64b407-8874-4fdb-bb3a-bf5fd076e70d)
[17:20:35.470] [INFO] [AutoTuneEngine] Oturum başarıyla başlatıldı: 7e64b407-8874-4fdb-bb3a-bf5fd076e70d
[17:20:35.470] [INFO] [AutoTuneEventPublisher] Domain olayı yayınlandı: SessionStopped (Oturum: 7e64b407-8874-4fdb-bb3a-bf5fd076e70d)
[17:20:35.471] [INFO] [AutoTuneSafetyManager] Güvenlik limitleri yüklendi. Etkin kural sayısı: 4
[17:20:35.471] [INFO] [AutoTuneEventPublisher] Domain olayı yayınlandı: SessionCreated (Oturum: cd6eba0b-a5f2-4ef7-bf99-60fa754df6cc)
[17:20:35.471] [INFO] [AutoTuneEngine] Oturum başarıyla başlatıldı: cd6eba0b-a5f2-4ef7-bf99-60fa754df6cc
[17:20:35.471] [INFO] [AutoTuneEventPublisher] Domain olayı yayınlandı: SessionStopped (Oturum: cd6eba0b-a5f2-4ef7-bf99-60fa754df6cc)
[17:20:35.473] [INFO] [RtpCalibrationEngine] Connecting to RTP emulator...
[17:20:35.473] [INFO] [RtpCalibrationEngine] RTP emulator connected successfully.
[17:20:35.474] [INFO] [RtpCalibrationEngine] Real-time synchronization active.
[17:20:35.474] [INFO] [RtpCalibrationEngine] Real-time synchronization paused.
[17:20:35.474] [INFO] [RtpCalibrationEngine] RTP Emulator disconnected.
[17:20:35.475] [INFO] [RtpCalibrationEngine] Connecting to RTP emulator...
[17:20:35.475] [INFO] [RtpCalibrationEngine] RTP emulator connected successfully.
[17:20:35.476] [INFO] [RtpCalibrationEngine] Real-time synchronization active.
[17:20:35.478] [INFO] [CalibrationManager] Değişiklik kaydedildi:  [ -> 99]
[17:20:35.694] [INFO] [RtpCalibrationEngine] Connecting to RTP emulator...
[17:20:35.694] [INFO] [RtpCalibrationEngine] RTP emulator connected successfully.
[17:20:35.696] [INFO] [CalibrationManager] Değişiklik kaydedildi:  [ -> 10]
[17:20:35.697] [INFO] [CalibrationManager] Değişiklik kaydedildi:  [ -> 11]
[17:20:35.706] [INFO] [CalibrationManager] Değişiklik kaydedildi:  [ -> 12]
[17:20:35.706] [INFO] [RtpCalibrationEngine] Real-time synchronization active.
[17:20:35.912] [INFO] [RtpCalibrationEngine] Connecting to RTP emulator...
[17:20:35.912] [INFO] [RtpCalibrationEngine] RTP emulator connected successfully.
[17:20:35.916] [INFO] [CalibrationManager] Değişiklik kaydedildi:  [ -> 1]
[17:20:35.923] [INFO] [CalibrationManager] Değişiklik kaydedildi:  [ -> 2]
[17:20:35.931] [INFO] [CalibrationManager] Değişiklik kaydedildi:  [ -> 3]
[17:20:35.931] [INFO] [RtpCalibrationEngine] Real-time synchronization active.
[17:20:36.133] [INFO] [RtpCalibrationEngine] Connecting to RTP emulator...
[17:20:36.133] [INFO] [RtpCalibrationEngine] RTP emulator connected successfully.
[17:20:36.133] [INFO] [RtpCalibrationEngine] Real-time synchronization active.
[17:20:36.135] [INFO] [CalibrationManager] Değişiklik kaydedildi:  [ -> 45]
[17:20:36.341] [INFO] [RtpCalibrationEngine] Connecting to RTP emulator...
[17:20:36.341] [INFO] [RtpCalibrationEngine] RTP emulator connected successfully.
[17:20:36.342] [INFO] [RtpCalibrationEngine] Real-time synchronization active.
[17:20:36.343] [INFO] [CalibrationManager] Değişiklik kaydedildi:  [ -> 5]
[17:20:36.345] [INFO] [CalibrationManager] Değişiklik kaydedildi:  [ -> 5]
[17:20:36.347] [INFO] [CalibrationManager] Değişiklik kaydedildi:  [ -> 5]
[17:20:36.359] [INFO] [CalibrationManager] Değişiklik kaydedildi:  [ -> 5]
[17:20:36.365] [INFO] [CalibrationManager] Değişiklik kaydedildi:  [ -> 5]
[17:20:36.366] [INFO] [CalibrationManager] Değişiklik kaydedildi:  [ -> 5]
[17:20:36.368] [INFO] [CalibrationManager] Değişiklik kaydedildi:  [ -> 5]
[17:20:36.369] [INFO] [CalibrationManager] Değişiklik kaydedildi:  [ -> 5]
[17:20:36.370] [INFO] [CalibrationManager] Değişiklik kaydedildi:  [ -> 5]
[17:20:36.372] [INFO] [CalibrationManager] Değişiklik kaydedildi:  [ -> 5]
[17:20:36.373] [INFO] [CalibrationManager] Değişiklik kaydedildi:  [ -> 5]
[17:20:36.374] [INFO] [CalibrationManager] Değişiklik kaydedildi:  [ -> 5]
[17:20:36.380] [INFO] [CalibrationManager] Değişiklik kaydedildi:  [ -> 5]
[17:20:36.381] [INFO] [CalibrationManager] Değişiklik kaydedildi:  [ -> 5]
[17:20:36.382] [INFO] [CalibrationManager] Değişiklik kaydedildi:  [ -> 5]
[17:20:36.384] [INFO] [CalibrationManager] Değişiklik kaydedildi:  [ -> 5]
[17:20:36.385] [INFO] [CalibrationManager] Değişiklik kaydedildi:  [ -> 5]
[17:20:36.386] [INFO] [CalibrationManager] Değişiklik kaydedildi:  [ -> 5]
[17:20:36.387] [INFO] [CalibrationManager] Değişiklik kaydedildi:  [ -> 5]
[17:20:36.389] [INFO] [CalibrationManager] Değişiklik kaydedildi:  [ -> 5]
[17:20:36.390] [INFO] [CalibrationManager] Değişiklik kaydedildi:  [ -> 5]
[17:20:36.391] [INFO] [CalibrationManager] Değişiklik kaydedildi:  [ -> 5]
[17:20:36.392] [INFO] [CalibrationManager] Değişiklik kaydedildi:  [ -> 5]
[17:20:36.394] [INFO] [CalibrationManager] Değişiklik kaydedildi:  [ -> 5]
[17:20:36.395] [INFO] [CalibrationManager] Değişiklik kaydedildi:  [ -> 5]
[17:20:36.396] [INFO] [CalibrationManager] Değişiklik kaydedildi:  [ -> 5]
[17:20:36.398] [INFO] [CalibrationManager] Değişiklik kaydedildi:  [ -> 5]
[17:20:36.399] [INFO] [CalibrationManager] Değişiklik kaydedildi:  [ -> 5]
[17:20:36.400] [INFO] [CalibrationManager] Değişiklik kaydedildi:  [ -> 5]
[17:20:36.402] [INFO] [CalibrationManager] Değişiklik kaydedildi:  [ -> 5]
[17:20:36.403] [INFO] [CalibrationManager] Değişiklik kaydedildi:  [ -> 5]
[17:20:36.404] [INFO] [CalibrationManager] Değişiklik kaydedildi:  [ -> 5]
[17:20:36.406] [INFO] [CalibrationManager] Değişiklik kaydedildi:  [ -> 5]
[17:20:36.407] [INFO] [CalibrationManager] Değişiklik kaydedildi:  [ -> 5]
[17:20:36.408] [INFO] [CalibrationManager] Değişiklik kaydedildi:  [ -> 5]
[17:20:36.409] [INFO] [CalibrationManager] Değişiklik kaydedildi:  [ -> 5]
[17:20:36.410] [INFO] [CalibrationManager] Değişiklik kaydedildi:  [ -> 5]
[17:20:36.412] [INFO] [CalibrationManager] Değişiklik kaydedildi:  [ -> 5]
[17:20:36.413] [INFO] [CalibrationManager] Değişiklik kaydedildi:  [ -> 5]
[17:20:36.414] [INFO] [CalibrationManager] Değişiklik kaydedildi:  [ -> 5]
[17:20:36.415] [INFO] [CalibrationManager] Değişiklik kaydedildi:  [ -> 5]
[17:20:36.416] [INFO] [CalibrationManager] Değişiklik kaydedildi:  [ -> 5]
[17:20:36.417] [INFO] [CalibrationManager] Değişiklik kaydedildi:  [ -> 5]
[17:20:36.419] [INFO] [CalibrationManager] Değişiklik kaydedildi:  [ -> 5]
[17:20:36.420] [INFO] [CalibrationManager] Değişiklik kaydedildi:  [ -> 5]
[17:20:36.421] [INFO] [CalibrationManager] Değişiklik kaydedildi:  [ -> 5]
[17:20:36.422] [INFO] [CalibrationManager] Değişiklik kaydedildi:  [ -> 5]
[17:20:36.424] [INFO] [CalibrationManager] Değişiklik kaydedildi:  [ -> 5]
[17:20:36.425] [INFO] [CalibrationManager] Değişiklik kaydedildi:  [ -> 5]
[17:20:36.427] [WARNING] [RtpCalibrationEngine] Could not save persistent sync queue: The process cannot access the file 'C:\Users\ayhan\OneDrive\Desktop\Canlı OBD2 Araç Telemetri Ekranı\HondaTuner\bin\Debug\net6.0-windows\Database\pending_rtp_queue.json' because it is being used by another process.
[17:20:36.428] [INFO] [CalibrationManager] Değişiklik kaydedildi:  [ -> 5]
[17:20:36.429] [INFO] [CalibrationManager] Değişiklik kaydedildi:  [ -> 5]
[17:20:36.430] [INFO] [CalibrationManager] Değişiklik kaydedildi:  [ -> 5]
[17:20:36.431] [INFO] [CalibrationManager] Değişiklik kaydedildi:  [ -> 5]
[17:20:36.432] [INFO] [CalibrationManager] Değişiklik kaydedildi:  [ -> 5]
[17:20:36.434] [INFO] [CalibrationManager] Değişiklik kaydedildi:  [ -> 5]
[17:20:36.435] [INFO] [CalibrationManager] Değişiklik kaydedildi:  [ -> 5]
[17:20:36.436] [INFO] [CalibrationManager] Değişiklik kaydedildi:  [ -> 5]
[17:20:36.437] [INFO] [CalibrationManager] Değişiklik kaydedildi:  [ -> 5]
[17:20:36.438] [INFO] [CalibrationManager] Değişiklik kaydedildi:  [ -> 5]
[17:20:36.440] [INFO] [CalibrationManager] Değişiklik kaydedildi:  [ -> 5]
[17:20:36.441] [INFO] [CalibrationManager] Değişiklik kaydedildi:  [ -> 5]
[17:20:36.442] [INFO] [CalibrationManager] Değişiklik kaydedildi:  [ -> 5]
[17:20:36.443] [INFO] [CalibrationManager] Değişiklik kaydedildi:  [ -> 5]
[17:20:36.445] [INFO] [CalibrationManager] Değişiklik kaydedildi:  [ -> 5]
[17:20:36.446] [INFO] [CalibrationManager] Değişiklik kaydedildi:  [ -> 5]
[17:20:36.447] [INFO] [CalibrationManager] Değişiklik kaydedildi:  [ -> 5]
[17:20:36.448] [INFO] [CalibrationManager] Değişiklik kaydedildi:  [ -> 5]
[17:20:36.450] [INFO] [CalibrationManager] Değişiklik kaydedildi:  [ -> 5]
[17:20:36.451] [INFO] [CalibrationManager] Değişiklik kaydedildi:  [ -> 5]
[17:20:36.452] [INFO] [CalibrationManager] Değişiklik kaydedildi:  [ -> 5]
[17:20:36.453] [INFO] [CalibrationManager] Değişiklik kaydedildi:  [ -> 5]
[17:20:36.454] [INFO] [CalibrationManager] Değişiklik kaydedildi:  [ -> 5]
[17:20:36.456] [INFO] [CalibrationManager] Değişiklik kaydedildi:  [ -> 5]
[17:20:36.457] [INFO] [CalibrationManager] Değişiklik kaydedildi:  [ -> 5]
[17:20:36.458] [INFO] [CalibrationManager] Değişiklik kaydedildi:  [ -> 5]
[17:20:36.459] [INFO] [CalibrationManager] Değişiklik kaydedildi:  [ -> 5]
[17:20:36.460] [INFO] [CalibrationManager] Değişiklik kaydedildi:  [ -> 5]
[17:20:36.461] [INFO] [CalibrationManager] Değişiklik kaydedildi:  [ -> 5]
[17:20:36.463] [INFO] [CalibrationManager] Değişiklik kaydedildi:  [ -> 5]
[17:20:36.471] [INFO] [CalibrationManager] Değişiklik kaydedildi:  [ -> 5]
[17:20:36.472] [INFO] [CalibrationManager] Değişiklik kaydedildi:  [ -> 5]
[17:20:36.474] [INFO] [CalibrationManager] Değişiklik kaydedildi:  [ -> 5]
[17:20:36.475] [INFO] [CalibrationManager] Değişiklik kaydedildi:  [ -> 5]
[17:20:36.476] [INFO] [CalibrationManager] Değişiklik kaydedildi:  [ -> 5]
[17:20:36.477] [INFO] [CalibrationManager] Değişiklik kaydedildi:  [ -> 5]
[17:20:36.478] [INFO] [CalibrationManager] Değişiklik kaydedildi:  [ -> 5]
[17:20:36.480] [INFO] [CalibrationManager] Değişiklik kaydedildi:  [ -> 5]
[17:20:36.481] [INFO] [CalibrationManager] Değişiklik kaydedildi:  [ -> 5]
[17:20:36.482] [INFO] [CalibrationManager] Değişiklik kaydedildi:  [ -> 5]
[17:20:36.483] [INFO] [CalibrationManager] Değişiklik kaydedildi:  [ -> 5]
[17:20:36.485] [INFO] [CalibrationManager] Değişiklik kaydedildi:  [ -> 5]
[17:20:36.486] [INFO] [CalibrationManager] Değişiklik kaydedildi:  [ -> 5]
[17:20:36.487] [INFO] [CalibrationManager] Değişiklik kaydedildi:  [ -> 5]
[17:20:36.488] [INFO] [CalibrationManager] Değişiklik kaydedildi:  [ -> 5]
[17:20:36.490] [INFO] [CalibrationManager] Değişiklik kaydedildi:  [ -> 5]
[17:20:36.491] [INFO] [CalibrationManager] Değişiklik kaydedildi:  [ -> 5]
[17:20:36.492] [INFO] [CalibrationManager] Değişiklik kaydedildi:  [ -> 5]
[17:20:36.493] [INFO] [CalibrationManager] Değişiklik kaydedildi:  [ -> 5]
[17:20:36.494] [INFO] [CalibrationManager] Değişiklik kaydedildi:  [ -> 5]
[17:20:36.496] [INFO] [CalibrationManager] Değişiklik kaydedildi:  [ -> 5]
[17:20:36.497] [INFO] [CalibrationManager] Değişiklik kaydedildi:  [ -> 5]
[17:20:36.498] [INFO] [CalibrationManager] Değişiklik kaydedildi:  [ -> 5]
[17:20:36.499] [INFO] [CalibrationManager] Değişiklik kaydedildi:  [ -> 5]
[17:20:36.502] [INFO] [CalibrationManager] Değişiklik kaydedildi:  [ -> 5]
[17:20:36.503] [INFO] [CalibrationManager] Değişiklik kaydedildi:  [ -> 5]
[17:20:36.504] [INFO] [CalibrationManager] Değişiklik kaydedildi:  [ -> 5]
[17:20:36.505] [INFO] [CalibrationManager] Değişiklik kaydedildi:  [ -> 5]
[17:20:36.507] [INFO] [CalibrationManager] Değişiklik kaydedildi:  [ -> 5]
[17:20:36.508] [INFO] [CalibrationManager] Değişiklik kaydedildi:  [ -> 5]
[17:20:36.509] [INFO] [CalibrationManager] Değişiklik kaydedildi:  [ -> 5]
[17:20:36.510] [INFO] [CalibrationManager] Değişiklik kaydedildi:  [ -> 5]
[17:20:36.512] [INFO] [CalibrationManager] Değişiklik kaydedildi:  [ -> 5]
[17:20:36.513] [INFO] [CalibrationManager] Değişiklik kaydedildi:  [ -> 5]
[17:20:36.514] [INFO] [CalibrationManager] Değişiklik kaydedildi:  [ -> 5]
[17:20:36.515] [INFO] [CalibrationManager] Değişiklik kaydedildi:  [ -> 5]
[17:20:36.517] [INFO] [CalibrationManager] Değişiklik kaydedildi:  [ -> 5]
[17:20:36.518] [INFO] [CalibrationManager] Değişiklik kaydedildi:  [ -> 5]
[17:20:36.519] [INFO] [CalibrationManager] Değişiklik kaydedildi:  [ -> 5]
[17:20:36.520] [INFO] [CalibrationManager] Değişiklik kaydedildi:  [ -> 5]
[17:20:36.522] [INFO] [CalibrationManager] Değişiklik kaydedildi:  [ -> 5]
[17:20:36.523] [INFO] [CalibrationManager] Değişiklik kaydedildi:  [ -> 5]
[17:20:36.524] [INFO] [CalibrationManager] Değişiklik kaydedildi:  [ -> 5]
[17:20:36.525] [INFO] [CalibrationManager] Değişiklik kaydedildi:  [ -> 5]
[17:20:36.526] [INFO] [CalibrationManager] Değişiklik kaydedildi:  [ -> 5]
[17:20:36.528] [INFO] [CalibrationManager] Değişiklik kaydedildi:  [ -> 5]
[17:20:36.529] [INFO] [CalibrationManager] Değişiklik kaydedildi:  [ -> 5]
[17:20:36.530] [INFO] [CalibrationManager] Değişiklik kaydedildi:  [ -> 5]
[17:20:36.532] [INFO] [CalibrationManager] Değişiklik kaydedildi:  [ -> 5]
[17:20:36.533] [INFO] [CalibrationManager] Değişiklik kaydedildi:  [ -> 5]
[17:20:36.534] [INFO] [CalibrationManager] Değişiklik kaydedildi:  [ -> 5]
[17:20:36.535] [INFO] [CalibrationManager] Değişiklik kaydedildi:  [ -> 5]
[17:20:36.537] [INFO] [CalibrationManager] Değişiklik kaydedildi:  [ -> 5]
[17:20:36.538] [INFO] [CalibrationManager] Değişiklik kaydedildi:  [ -> 5]
[17:20:36.539] [INFO] [CalibrationManager] Değişiklik kaydedildi:  [ -> 5]
[17:20:36.540] [INFO] [CalibrationManager] Değişiklik kaydedildi:  [ -> 5]
[17:20:36.541] [INFO] [CalibrationManager] Değişiklik kaydedildi:  [ -> 5]
[17:20:36.542] [INFO] [CalibrationManager] Değişiklik kaydedildi:  [ -> 5]
[17:20:36.544] [INFO] [CalibrationManager] Değişiklik kaydedildi:  [ -> 5]
[17:20:36.545] [INFO] [CalibrationManager] Değişiklik kaydedildi:  [ -> 5]
[17:20:36.546] [INFO] [CalibrationManager] Değişiklik kaydedildi:  [ -> 5]
[17:20:36.547] [INFO] [CalibrationManager] Değişiklik kaydedildi:  [ -> 5]
[17:20:36.548] [INFO] [CalibrationManager] Değişiklik kaydedildi:  [ -> 5]
[17:20:36.549] [INFO] [CalibrationManager] Değişiklik kaydedildi:  [ -> 5]
[17:20:36.551] [INFO] [CalibrationManager] Değişiklik kaydedildi:  [ -> 5]
[17:20:36.552] [INFO] [CalibrationManager] Değişiklik kaydedildi:  [ -> 5]
[17:20:36.553] [INFO] [CalibrationManager] Değişiklik kaydedildi:  [ -> 5]
[17:20:36.554] [INFO] [CalibrationManager] Değişiklik kaydedildi:  [ -> 5]
[17:20:36.556] [INFO] [CalibrationManager] Değişiklik kaydedildi:  [ -> 5]
[17:20:36.557] [INFO] [CalibrationManager] Değişiklik kaydedildi:  [ -> 5]
[17:20:36.558] [INFO] [CalibrationManager] Değişiklik kaydedildi:  [ -> 5]
[17:20:36.559] [INFO] [CalibrationManager] Değişiklik kaydedildi:  [ -> 5]
[17:20:36.560] [INFO] [CalibrationManager] Değişiklik kaydedildi:  [ -> 5]
[17:20:36.562] [INFO] [CalibrationManager] Değişiklik kaydedildi:  [ -> 5]
[17:20:36.563] [INFO] [CalibrationManager] Değişiklik kaydedildi:  [ -> 5]
[17:20:36.564] [INFO] [CalibrationManager] Değişiklik kaydedildi:  [ -> 5]
[17:20:36.565] [INFO] [CalibrationManager] Değişiklik kaydedildi:  [ -> 5]
[17:20:36.567] [INFO] [CalibrationManager] Değişiklik kaydedildi:  [ -> 5]
[17:20:36.568] [INFO] [CalibrationManager] Değişiklik kaydedildi:  [ -> 5]
[17:20:36.569] [INFO] [CalibrationManager] Değişiklik kaydedildi:  [ -> 5]
[17:20:36.570] [INFO] [CalibrationManager] Değişiklik kaydedildi:  [ -> 5]
[17:20:36.572] [INFO] [CalibrationManager] Değişiklik kaydedildi:  [ -> 5]
[17:20:36.573] [INFO] [CalibrationManager] Değişiklik kaydedildi:  [ -> 5]
[17:20:36.574] [INFO] [CalibrationManager] Değişiklik kaydedildi:  [ -> 5]
[17:20:36.575] [INFO] [CalibrationManager] Değişiklik kaydedildi:  [ -> 5]
[17:20:36.577] [INFO] [CalibrationManager] Değişiklik kaydedildi:  [ -> 5]
[17:20:36.578] [INFO] [CalibrationManager] Değişiklik kaydedildi:  [ -> 5]
[17:20:36.579] [INFO] [CalibrationManager] Değişiklik kaydedildi:  [ -> 5]
[17:20:36.580] [INFO] [CalibrationManager] Değişiklik kaydedildi:  [ -> 5]
[17:20:36.582] [INFO] [CalibrationManager] Değişiklik kaydedildi:  [ -> 5]
[17:20:36.583] [INFO] [CalibrationManager] Değişiklik kaydedildi:  [ -> 5]
[17:20:36.584] [INFO] [CalibrationManager] Değişiklik kaydedildi:  [ -> 5]
[17:20:36.586] [INFO] [CalibrationManager] Değişiklik kaydedildi:  [ -> 5]
[17:20:36.587] [INFO] [CalibrationManager] Değişiklik kaydedildi:  [ -> 5]
[17:20:36.588] [INFO] [CalibrationManager] Değişiklik kaydedildi:  [ -> 5]
[17:20:36.590] [INFO] [CalibrationManager] Değişiklik kaydedildi:  [ -> 5]
[17:20:36.591] [INFO] [CalibrationManager] Değişiklik kaydedildi:  [ -> 5]
[17:20:36.592] [INFO] [CalibrationManager] Değişiklik kaydedildi:  [ -> 5]
[17:20:36.593] [INFO] [CalibrationManager] Değişiklik kaydedildi:  [ -> 5]
[17:20:36.595] [INFO] [CalibrationManager] Değişiklik kaydedildi:  [ -> 5]
[17:20:36.603] [INFO] [CalibrationManager] Değişiklik kaydedildi:  [ -> 5]
[17:20:36.605] [INFO] [CalibrationManager] Değişiklik kaydedildi:  [ -> 5]
[17:20:36.606] [INFO] [CalibrationManager] Değişiklik kaydedildi:  [ -> 5]
[17:20:36.607] [INFO] [CalibrationManager] Değişiklik kaydedildi:  [ -> 5]
[17:20:36.609] [INFO] [CalibrationManager] Değişiklik kaydedildi:  [ -> 5]
[17:20:36.610] [INFO] [CalibrationManager] Değişiklik kaydedildi:  [ -> 5]
[17:20:36.611] [INFO] [CalibrationManager] Değişiklik kaydedildi:  [ -> 5]
[17:20:36.613] [INFO] [CalibrationManager] Değişiklik kaydedildi:  [ -> 5]
[17:20:36.614] [INFO] [CalibrationManager] Değişiklik kaydedildi:  [ -> 5]
[17:20:36.616] [INFO] [CalibrationManager] Değişiklik kaydedildi:  [ -> 5]
[17:20:36.617] [INFO] [CalibrationManager] Değişiklik kaydedildi:  [ -> 5]
[17:20:36.618] [INFO] [CalibrationManager] Değişiklik kaydedildi:  [ -> 5]
[17:20:36.620] [INFO] [CalibrationManager] Değişiklik kaydedildi:  [ -> 5]
[17:20:36.621] [INFO] [CalibrationManager] Değişiklik kaydedildi:  [ -> 5]
[17:20:36.622] [INFO] [CalibrationManager] Değişiklik kaydedildi:  [ -> 5]
[17:20:36.624] [INFO] [CalibrationManager] Değişiklik kaydedildi:  [ -> 5]
[17:20:36.625] [INFO] [CalibrationManager] Değişiklik kaydedildi:  [ -> 5]
[17:20:36.626] [INFO] [CalibrationManager] Değişiklik kaydedildi:  [ -> 5]
[17:20:36.628] [INFO] [CalibrationManager] Değişiklik kaydedildi:  [ -> 5]
[17:20:36.629] [INFO] [CalibrationManager] Değişiklik kaydedildi:  [ -> 5]
[17:20:36.630] [INFO] [CalibrationManager] Değişiklik kaydedildi:  [ -> 5]
[17:20:36.632] [INFO] [CalibrationManager] Değişiklik kaydedildi:  [ -> 5]
[17:20:36.633] [INFO] [CalibrationManager] Değişiklik kaydedildi:  [ -> 5]
[17:20:36.634] [INFO] [CalibrationManager] Değişiklik kaydedildi:  [ -> 5]
[17:20:36.636] [INFO] [CalibrationManager] Değişiklik kaydedildi:  [ -> 5]
[17:20:36.637] [INFO] [CalibrationManager] Değişiklik kaydedildi:  [ -> 5]
[17:20:36.638] [INFO] [CalibrationManager] Değişiklik kaydedildi:  [ -> 5]
[17:20:36.640] [INFO] [CalibrationManager] Değişiklik kaydedildi:  [ -> 5]
[17:20:36.641] [INFO] [CalibrationManager] Değişiklik kaydedildi:  [ -> 5]
[17:20:36.642] [INFO] [CalibrationManager] Değişiklik kaydedildi:  [ -> 5]
[17:20:36.644] [INFO] [CalibrationManager] Değişiklik kaydedildi:  [ -> 5]
[17:20:36.645] [INFO] [CalibrationManager] Değişiklik kaydedildi:  [ -> 5]
[17:20:36.647] [INFO] [CalibrationManager] Değişiklik kaydedildi:  [ -> 5]
[17:20:36.649] [INFO] [CalibrationManager] Değişiklik kaydedildi:  [ -> 5]
[17:20:36.650] [INFO] [CalibrationManager] Değişiklik kaydedildi:  [ -> 5]
[17:20:36.651] [INFO] [CalibrationManager] Değişiklik kaydedildi:  [ -> 5]
[17:20:36.653] [INFO] [CalibrationManager] Değişiklik kaydedildi:  [ -> 5]
[17:20:36.654] [INFO] [CalibrationManager] Değişiklik kaydedildi:  [ -> 5]
[17:20:36.655] [INFO] [CalibrationManager] Değişiklik kaydedildi:  [ -> 5]
[17:20:36.656] [INFO] [CalibrationManager] Değişiklik kaydedildi:  [ -> 5]
[17:20:36.658] [INFO] [CalibrationManager] Değişiklik kaydedildi:  [ -> 5]
[17:20:36.659] [INFO] [CalibrationManager] Değişiklik kaydedildi:  [ -> 5]
[17:20:36.661] [INFO] [CalibrationManager] Değişiklik kaydedildi:  [ -> 5]
[17:20:36.662] [INFO] [CalibrationManager] Değişiklik kaydedildi:  [ -> 5]
[17:20:36.663] [INFO] [CalibrationManager] Değişiklik kaydedildi:  [ -> 5]
[17:20:36.664] [INFO] [CalibrationManager] Değişiklik kaydedildi:  [ -> 5]
[17:20:36.666] [INFO] [CalibrationManager] Değişiklik kaydedildi:  [ -> 5]
[17:20:36.667] [INFO] [CalibrationManager] Değişiklik kaydedildi:  [ -> 5]
[17:20:36.668] [INFO] [CalibrationManager] Değişiklik kaydedildi:  [ -> 5]
[17:20:36.670] [INFO] [CalibrationManager] Değişiklik kaydedildi:  [ -> 5]
[17:20:36.671] [INFO] [CalibrationManager] Değişiklik kaydedildi:  [ -> 5]
[17:20:36.672] [INFO] [CalibrationManager] Değişiklik kaydedildi:  [ -> 5]
[17:20:36.673] [INFO] [CalibrationManager] Değişiklik kaydedildi:  [ -> 5]
[17:20:36.675] [INFO] [CalibrationManager] Değişiklik kaydedildi:  [ -> 5]
[17:20:36.676] [INFO] [CalibrationManager] Değişiklik kaydedildi:  [ -> 5]
[17:20:36.678] [INFO] [CalibrationManager] Değişiklik kaydedildi:  [ -> 5]
[17:20:36.679] [INFO] [CalibrationManager] Değişiklik kaydedildi:  [ -> 5]
[17:20:36.680] [INFO] [CalibrationManager] Değişiklik kaydedildi:  [ -> 5]
[17:20:36.682] [INFO] [CalibrationManager] Değişiklik kaydedildi:  [ -> 5]
[17:20:36.683] [INFO] [CalibrationManager] Değişiklik kaydedildi:  [ -> 5]
[17:20:36.684] [INFO] [CalibrationManager] Değişiklik kaydedildi:  [ -> 5]
[17:20:36.686] [INFO] [CalibrationManager] Değişiklik kaydedildi:  [ -> 5]
[17:20:36.687] [INFO] [CalibrationManager] Değişiklik kaydedildi:  [ -> 5]
[17:20:36.689] [INFO] [CalibrationManager] Değişiklik kaydedildi:  [ -> 5]
[17:20:36.691] [INFO] [CalibrationManager] Değişiklik kaydedildi:  [ -> 5]
[17:20:36.692] [INFO] [CalibrationManager] Değişiklik kaydedildi:  [ -> 5]
[17:20:36.694] [INFO] [CalibrationManager] Değişiklik kaydedildi:  [ -> 5]
[17:20:36.695] [INFO] [CalibrationManager] Değişiklik kaydedildi:  [ -> 5]
[17:20:36.696] [INFO] [CalibrationManager] Değişiklik kaydedildi:  [ -> 5]
[17:20:36.698] [INFO] [CalibrationManager] Değişiklik kaydedildi:  [ -> 5]
[17:20:36.699] [INFO] [CalibrationManager] Değişiklik kaydedildi:  [ -> 5]
[17:20:36.700] [INFO] [CalibrationManager] Değişiklik kaydedildi:  [ -> 5]
[17:20:36.701] [INFO] [CalibrationManager] Değişiklik kaydedildi:  [ -> 5]
[17:20:36.703] [INFO] [CalibrationManager] Değişiklik kaydedildi:  [ -> 5]
[17:20:36.704] [INFO] [CalibrationManager] Değişiklik kaydedildi:  [ -> 5]
[17:20:36.706] [INFO] [CalibrationManager] Değişiklik kaydedildi:  [ -> 5]
[17:20:36.707] [INFO] [CalibrationManager] Değişiklik kaydedildi:  [ -> 5]
[17:20:36.708] [INFO] [CalibrationManager] Değişiklik kaydedildi:  [ -> 5]
[17:20:36.710] [INFO] [CalibrationManager] Değişiklik kaydedildi:  [ -> 5]
[17:20:36.711] [INFO] [CalibrationManager] Değişiklik kaydedildi:  [ -> 5]
[17:20:36.712] [INFO] [CalibrationManager] Değişiklik kaydedildi:  [ -> 5]
[17:20:36.714] [INFO] [CalibrationManager] Değişiklik kaydedildi:  [ -> 5]
[17:20:36.715] [INFO] [CalibrationManager] Değişiklik kaydedildi:  [ -> 5]
[17:20:36.716] [INFO] [CalibrationManager] Değişiklik kaydedildi:  [ -> 5]
[17:20:36.718] [INFO] [CalibrationManager] Değişiklik kaydedildi:  [ -> 5]
[17:20:36.719] [INFO] [CalibrationManager] Değişiklik kaydedildi:  [ -> 5]
[17:20:36.720] [INFO] [CalibrationManager] Değişiklik kaydedildi:  [ -> 5]
[17:20:36.722] [INFO] [CalibrationManager] Değişiklik kaydedildi:  [ -> 5]
[17:20:36.723] [INFO] [CalibrationManager] Değişiklik kaydedildi:  [ -> 5]
[17:20:36.724] [INFO] [CalibrationManager] Değişiklik kaydedildi:  [ -> 5]
[17:20:36.727] [INFO] [CalibrationManager] Değişiklik kaydedildi:  [ -> 5]
[17:20:36.728] [INFO] [CalibrationManager] Değişiklik kaydedildi:  [ -> 5]
[17:20:36.729] [INFO] [CalibrationManager] Değişiklik kaydedildi:  [ -> 5]
[17:20:36.731] [INFO] [CalibrationManager] Değişiklik kaydedildi:  [ -> 5]
[17:20:36.732] [INFO] [CalibrationManager] Değişiklik kaydedildi:  [ -> 5]
[17:20:36.734] [INFO] [CalibrationManager] Değişiklik kaydedildi:  [ -> 5]
[17:20:36.735] [INFO] [CalibrationManager] Değişiklik kaydedildi:  [ -> 5]
[17:20:36.736] [INFO] [CalibrationManager] Değişiklik kaydedildi:  [ -> 5]
[17:20:36.738] [INFO] [CalibrationManager] Değişiklik kaydedildi:  [ -> 5]
[17:20:36.739] [INFO] [CalibrationManager] Değişiklik kaydedildi:  [ -> 5]
[17:20:36.740] [INFO] [CalibrationManager] Değişiklik kaydedildi:  [ -> 5]
[17:20:36.742] [INFO] [CalibrationManager] Değişiklik kaydedildi:  [ -> 5]
[17:20:36.743] [INFO] [CalibrationManager] Değişiklik kaydedildi:  [ -> 5]
[17:20:36.744] [INFO] [CalibrationManager] Değişiklik kaydedildi:  [ -> 5]
[17:20:36.746] [INFO] [CalibrationManager] Değişiklik kaydedildi:  [ -> 5]
[17:20:36.747] [INFO] [CalibrationManager] Değişiklik kaydedildi:  [ -> 5]
[17:20:36.748] [INFO] [CalibrationManager] Değişiklik kaydedildi:  [ -> 5]
[17:20:36.749] [INFO] [CalibrationManager] Değişiklik kaydedildi:  [ -> 5]
[17:20:36.751] [INFO] [CalibrationManager] Değişiklik kaydedildi:  [ -> 5]
[17:20:36.757] [INFO] [CalibrationManager] Değişiklik kaydedildi:  [ -> 5]
[17:20:36.758] [INFO] [CalibrationManager] Değişiklik kaydedildi:  [ -> 5]
[17:20:36.760] [INFO] [CalibrationManager] Değişiklik kaydedildi:  [ -> 5]
[17:20:36.761] [INFO] [CalibrationManager] Değişiklik kaydedildi:  [ -> 5]
[17:20:36.763] [INFO] [CalibrationManager] Değişiklik kaydedildi:  [ -> 5]
[17:20:36.765] [INFO] [CalibrationManager] Değişiklik kaydedildi:  [ -> 5]
[17:20:36.766] [INFO] [CalibrationManager] Değişiklik kaydedildi:  [ -> 5]
[17:20:36.768] [INFO] [CalibrationManager] Değişiklik kaydedildi:  [ -> 5]
[17:20:36.769] [INFO] [CalibrationManager] Değişiklik kaydedildi:  [ -> 5]
[17:20:36.771] [INFO] [CalibrationManager] Değişiklik kaydedildi:  [ -> 5]
[17:20:36.772] [INFO] [CalibrationManager] Değişiklik kaydedildi:  [ -> 5]
[17:20:36.774] [INFO] [CalibrationManager] Değişiklik kaydedildi:  [ -> 5]
[17:20:36.775] [INFO] [CalibrationManager] Değişiklik kaydedildi:  [ -> 5]
[17:20:36.777] [INFO] [CalibrationManager] Değişiklik kaydedildi:  [ -> 5]
[17:20:36.778] [INFO] [CalibrationManager] Değişiklik kaydedildi:  [ -> 5]
[17:20:36.779] [INFO] [CalibrationManager] Değişiklik kaydedildi:  [ -> 5]
[17:20:36.781] [INFO] [CalibrationManager] Değişiklik kaydedildi:  [ -> 5]
[17:20:36.782] [INFO] [CalibrationManager] Değişiklik kaydedildi:  [ -> 5]
[17:20:36.784] [INFO] [CalibrationManager] Değişiklik kaydedildi:  [ -> 5]
[17:20:36.785] [INFO] [CalibrationManager] Değişiklik kaydedildi:  [ -> 5]
[17:20:36.786] [INFO] [CalibrationManager] Değişiklik kaydedildi:  [ -> 5]
[17:20:36.788] [INFO] [CalibrationManager] Değişiklik kaydedildi:  [ -> 5]
[17:20:36.789] [INFO] [CalibrationManager] Değişiklik kaydedildi:  [ -> 5]
[17:20:36.791] [INFO] [CalibrationManager] Değişiklik kaydedildi:  [ -> 5]
[17:20:36.792] [INFO] [CalibrationManager] Değişiklik kaydedildi:  [ -> 5]
[17:20:36.794] [INFO] [CalibrationManager] Değişiklik kaydedildi:  [ -> 5]
[17:20:36.795] [INFO] [CalibrationManager] Değişiklik kaydedildi:  [ -> 5]
[17:20:36.797] [INFO] [CalibrationManager] Değişiklik kaydedildi:  [ -> 5]
[17:20:36.798] [INFO] [CalibrationManager] Değişiklik kaydedildi:  [ -> 5]
[17:20:36.800] [INFO] [CalibrationManager] Değişiklik kaydedildi:  [ -> 5]
[17:20:36.802] [INFO] [CalibrationManager] Değişiklik kaydedildi:  [ -> 5]
[17:20:36.803] [INFO] [CalibrationManager] Değişiklik kaydedildi:  [ -> 5]
[17:20:36.805] [INFO] [CalibrationManager] Değişiklik kaydedildi:  [ -> 5]
[17:20:36.806] [INFO] [CalibrationManager] Değişiklik kaydedildi:  [ -> 5]
[17:20:36.807] [INFO] [CalibrationManager] Değişiklik kaydedildi:  [ -> 5]
[17:20:36.809] [INFO] [CalibrationManager] Değişiklik kaydedildi:  [ -> 5]
[17:20:36.810] [INFO] [CalibrationManager] Değişiklik kaydedildi:  [ -> 5]
[17:20:36.812] [INFO] [CalibrationManager] Değişiklik kaydedildi:  [ -> 5]
[17:20:36.813] [INFO] [CalibrationManager] Değişiklik kaydedildi:  [ -> 5]
[17:20:36.814] [INFO] [CalibrationManager] Değişiklik kaydedildi:  [ -> 5]
[17:20:36.816] [INFO] [CalibrationManager] Değişiklik kaydedildi:  [ -> 5]
[17:20:36.817] [INFO] [CalibrationManager] Değişiklik kaydedildi:  [ -> 5]
[17:20:36.819] [INFO] [CalibrationManager] Değişiklik kaydedildi:  [ -> 5]
[17:20:36.820] [INFO] [CalibrationManager] Değişiklik kaydedildi:  [ -> 5]
[17:20:36.822] [INFO] [CalibrationManager] Değişiklik kaydedildi:  [ -> 5]
[17:20:36.823] [INFO] [CalibrationManager] Değişiklik kaydedildi:  [ -> 5]
[17:20:36.825] [INFO] [CalibrationManager] Değişiklik kaydedildi:  [ -> 5]
[17:20:36.826] [INFO] [CalibrationManager] Değişiklik kaydedildi:  [ -> 5]
[17:20:36.828] [INFO] [CalibrationManager] Değişiklik kaydedildi:  [ -> 5]
[17:20:36.829] [INFO] [CalibrationManager] Değişiklik kaydedildi:  [ -> 5]
[17:20:36.831] [INFO] [CalibrationManager] Değişiklik kaydedildi:  [ -> 5]
[17:20:36.833] [INFO] [CalibrationManager] Değişiklik kaydedildi:  [ -> 5]
[17:20:36.835] [INFO] [CalibrationManager] Değişiklik kaydedildi:  [ -> 5]
[17:20:36.837] [INFO] [CalibrationManager] Değişiklik kaydedildi:  [ -> 5]
[17:20:36.838] [INFO] [CalibrationManager] Değişiklik kaydedildi:  [ -> 5]
[17:20:36.839] [INFO] [CalibrationManager] Değişiklik kaydedildi:  [ -> 5]
[17:20:36.841] [INFO] [CalibrationManager] Değişiklik kaydedildi:  [ -> 5]
[17:20:36.842] [INFO] [CalibrationManager] Değişiklik kaydedildi:  [ -> 5]
[17:20:36.843] [INFO] [CalibrationManager] Değişiklik kaydedildi:  [ -> 5]
[17:20:36.845] [INFO] [CalibrationManager] Değişiklik kaydedildi:  [ -> 5]
[17:20:36.846] [INFO] [CalibrationManager] Değişiklik kaydedildi:  [ -> 5]
[17:20:36.848] [INFO] [CalibrationManager] Değişiklik kaydedildi:  [ -> 5]
[17:20:36.849] [INFO] [CalibrationManager] Değişiklik kaydedildi:  [ -> 5]
[17:20:36.850] [INFO] [CalibrationManager] Değişiklik kaydedildi:  [ -> 5]
[17:20:36.852] [INFO] [CalibrationManager] Değişiklik kaydedildi:  [ -> 5]
[17:20:36.853] [INFO] [CalibrationManager] Değişiklik kaydedildi:  [ -> 5]
[17:20:36.854] [INFO] [CalibrationManager] Değişiklik kaydedildi:  [ -> 5]
[17:20:36.856] [INFO] [CalibrationManager] Değişiklik kaydedildi:  [ -> 5]
[17:20:36.857] [INFO] [CalibrationManager] Değişiklik kaydedildi:  [ -> 5]
[17:20:36.858] [INFO] [CalibrationManager] Değişiklik kaydedildi:  [ -> 5]
[17:20:36.860] [INFO] [CalibrationManager] Değişiklik kaydedildi:  [ -> 5]
[17:20:36.861] [INFO] [CalibrationManager] Değişiklik kaydedildi:  [ -> 5]
[17:20:36.863] [INFO] [CalibrationManager] Değişiklik kaydedildi:  [ -> 5]
[17:20:36.865] [INFO] [CalibrationManager] Değişiklik kaydedildi:  [ -> 5]
[17:20:36.866] [INFO] [CalibrationManager] Değişiklik kaydedildi:  [ -> 5]
[17:20:36.867] [INFO] [CalibrationManager] Değişiklik kaydedildi:  [ -> 5]
[17:20:36.869] [INFO] [CalibrationManager] Değişiklik kaydedildi:  [ -> 5]
[17:20:36.870] [INFO] [CalibrationManager] Değişiklik kaydedildi:  [ -> 5]
[17:20:36.872] [INFO] [CalibrationManager] Değişiklik kaydedildi:  [ -> 5]
[17:20:36.873] [INFO] [CalibrationManager] Değişiklik kaydedildi:  [ -> 5]
[17:20:36.875] [INFO] [CalibrationManager] Değişiklik kaydedildi:  [ -> 5]
[17:20:36.876] [INFO] [CalibrationManager] Değişiklik kaydedildi:  [ -> 5]
[17:20:36.877] [INFO] [CalibrationManager] Değişiklik kaydedildi:  [ -> 5]
[17:20:36.879] [INFO] [CalibrationManager] Değişiklik kaydedildi:  [ -> 5]
[17:20:36.880] [INFO] [CalibrationManager] Değişiklik kaydedildi:  [ -> 5]
[17:20:36.882] [INFO] [CalibrationManager] Değişiklik kaydedildi:  [ -> 5]
[17:20:36.887] [INFO] [CalibrationManager] Değişiklik kaydedildi:  [ -> 5]
[17:20:36.889] [INFO] [CalibrationManager] Değişiklik kaydedildi:  [ -> 5]
[17:20:36.890] [INFO] [CalibrationManager] Değişiklik kaydedildi:  [ -> 5]
[17:20:36.891] [INFO] [CalibrationManager] Değişiklik kaydedildi:  [ -> 5]
[17:20:36.893] [INFO] [CalibrationManager] Değişiklik kaydedildi:  [ -> 5]
[17:20:36.894] [INFO] [CalibrationManager] Değişiklik kaydedildi:  [ -> 5]
[17:20:36.897] [INFO] [CalibrationManager] Değişiklik kaydedildi:  [ -> 5]
[17:20:36.898] [INFO] [CalibrationManager] Değişiklik kaydedildi:  [ -> 5]
[17:20:36.900] [INFO] [CalibrationManager] Değişiklik kaydedildi:  [ -> 5]
[17:20:36.901] [INFO] [CalibrationManager] Değişiklik kaydedildi:  [ -> 5]
[17:20:36.902] [INFO] [CalibrationManager] Değişiklik kaydedildi:  [ -> 5]
[17:20:36.904] [INFO] [CalibrationManager] Değişiklik kaydedildi:  [ -> 5]
[17:20:36.905] [INFO] [CalibrationManager] Değişiklik kaydedildi:  [ -> 5]
[17:20:36.907] [INFO] [CalibrationManager] Değişiklik kaydedildi:  [ -> 5]
[17:20:36.908] [INFO] [CalibrationManager] Değişiklik kaydedildi:  [ -> 5]
[17:20:36.910] [INFO] [CalibrationManager] Değişiklik kaydedildi:  [ -> 5]
[17:20:36.911] [INFO] [CalibrationManager] Değişiklik kaydedildi:  [ -> 5]
[17:20:36.913] [INFO] [CalibrationManager] Değişiklik kaydedildi:  [ -> 5]
[17:20:36.914] [INFO] [CalibrationManager] Değişiklik kaydedildi:  [ -> 5]
[17:20:36.916] [INFO] [CalibrationManager] Değişiklik kaydedildi:  [ -> 5]
[17:20:36.917] [INFO] [CalibrationManager] Değişiklik kaydedildi:  [ -> 5]
[17:20:36.918] [INFO] [CalibrationManager] Değişiklik kaydedildi:  [ -> 5]
[17:20:36.920] [INFO] [CalibrationManager] Değişiklik kaydedildi:  [ -> 5]
[17:20:36.921] [INFO] [CalibrationManager] Değişiklik kaydedildi:  [ -> 5]
[17:20:36.923] [INFO] [CalibrationManager] Değişiklik kaydedildi:  [ -> 5]
[17:20:36.925] [INFO] [CalibrationManager] Değişiklik kaydedildi:  [ -> 5]
[17:20:36.927] [INFO] [CalibrationManager] Değişiklik kaydedildi:  [ -> 5]
[17:20:36.928] [INFO] [CalibrationManager] Değişiklik kaydedildi:  [ -> 5]
[17:20:36.930] [INFO] [CalibrationManager] Değişiklik kaydedildi:  [ -> 5]
[17:20:36.931] [INFO] [CalibrationManager] Değişiklik kaydedildi:  [ -> 5]
[17:20:36.933] [INFO] [CalibrationManager] Değişiklik kaydedildi:  [ -> 5]
[17:20:36.934] [INFO] [CalibrationManager] Değişiklik kaydedildi:  [ -> 5]
[17:20:36.936] [INFO] [CalibrationManager] Değişiklik kaydedildi:  [ -> 5]
[17:20:36.937] [INFO] [CalibrationManager] Değişiklik kaydedildi:  [ -> 5]
[17:20:36.939] [INFO] [CalibrationManager] Değişiklik kaydedildi:  [ -> 5]
[17:20:36.940] [INFO] [CalibrationManager] Değişiklik kaydedildi:  [ -> 5]
[17:20:36.942] [INFO] [CalibrationManager] Değişiklik kaydedildi:  [ -> 5]
[17:20:36.943] [INFO] [CalibrationManager] Değişiklik kaydedildi:  [ -> 5]
[17:20:36.944] [INFO] [CalibrationManager] Değişiklik kaydedildi:  [ -> 5]
[17:20:36.946] [INFO] [CalibrationManager] Değişiklik kaydedildi:  [ -> 5]
[17:20:36.947] [INFO] [CalibrationManager] Değişiklik kaydedildi:  [ -> 5]
[17:20:36.949] [INFO] [CalibrationManager] Değişiklik kaydedildi:  [ -> 5]
[17:20:36.950] [INFO] [CalibrationManager] Değişiklik kaydedildi:  [ -> 5]
[17:20:36.953] [INFO] [CalibrationManager] Değişiklik kaydedildi:  [ -> 5]
[17:20:36.954] [INFO] [CalibrationManager] Değişiklik kaydedildi:  [ -> 5]
[17:20:36.955] [INFO] [CalibrationManager] Değişiklik kaydedildi:  [ -> 5]
[17:20:36.957] [INFO] [CalibrationManager] Değişiklik kaydedildi:  [ -> 5]
[17:20:36.958] [INFO] [CalibrationManager] Değişiklik kaydedildi:  [ -> 5]
[17:20:36.960] [INFO] [CalibrationManager] Değişiklik kaydedildi:  [ -> 5]
[17:20:36.962] [INFO] [CalibrationManager] Değişiklik kaydedildi:  [ -> 5]
[17:20:36.963] [INFO] [CalibrationManager] Değişiklik kaydedildi:  [ -> 5]
[17:20:36.965] [INFO] [CalibrationManager] Değişiklik kaydedildi:  [ -> 5]
[17:20:36.966] [INFO] [CalibrationManager] Değişiklik kaydedildi:  [ -> 5]
[17:20:36.968] [INFO] [CalibrationManager] Değişiklik kaydedildi:  [ -> 5]
[17:20:36.969] [INFO] [CalibrationManager] Değişiklik kaydedildi:  [ -> 5]
[17:20:36.971] [INFO] [CalibrationManager] Değişiklik kaydedildi:  [ -> 5]
[17:20:36.972] [INFO] [CalibrationManager] Değişiklik kaydedildi:  [ -> 5]
[17:20:36.974] [INFO] [CalibrationManager] Değişiklik kaydedildi:  [ -> 5]
[17:20:36.975] [INFO] [CalibrationManager] Değişiklik kaydedildi:  [ -> 5]
[17:20:36.977] [INFO] [CalibrationManager] Değişiklik kaydedildi:  [ -> 5]
[17:20:36.978] [INFO] [CalibrationManager] Değişiklik kaydedildi:  [ -> 5]
[17:20:36.981] [INFO] [CalibrationManager] Değişiklik kaydedildi:  [ -> 5]
[17:20:36.982] [INFO] [CalibrationManager] Değişiklik kaydedildi:  [ -> 5]
[17:20:36.984] [INFO] [CalibrationManager] Değişiklik kaydedildi:  [ -> 5]
[17:20:36.985] [INFO] [CalibrationManager] Değişiklik kaydedildi:  [ -> 5]
[17:20:36.987] [INFO] [CalibrationManager] Değişiklik kaydedildi:  [ -> 5]
[17:20:36.988] [INFO] [CalibrationManager] Değişiklik kaydedildi:  [ -> 5]
[17:20:36.990] [INFO] [CalibrationManager] Değişiklik kaydedildi:  [ -> 5]
[17:20:36.991] [INFO] [CalibrationManager] Değişiklik kaydedildi:  [ -> 5]
[17:20:36.993] [INFO] [CalibrationManager] Değişiklik kaydedildi:  [ -> 5]
[17:20:36.994] [INFO] [CalibrationManager] Değişiklik kaydedildi:  [ -> 5]
[17:20:36.996] [INFO] [CalibrationManager] Değişiklik kaydedildi:  [ -> 5]
[17:20:36.997] [INFO] [CalibrationManager] Değişiklik kaydedildi:  [ -> 5]
[17:20:36.999] [INFO] [CalibrationManager] Değişiklik kaydedildi:  [ -> 5]
[17:20:37.000] [INFO] [CalibrationManager] Değişiklik kaydedildi:  [ -> 5]
[17:20:37.002] [INFO] [CalibrationManager] Değişiklik kaydedildi:  [ -> 5]
[17:20:37.003] [INFO] [CalibrationManager] Değişiklik kaydedildi:  [ -> 5]
[17:20:37.005] [INFO] [CalibrationManager] Değişiklik kaydedildi:  [ -> 5]
[17:20:37.008] [INFO] [CalibrationManager] Değişiklik kaydedildi:  [ -> 5]
[17:20:37.009] [INFO] [CalibrationManager] Değişiklik kaydedildi:  [ -> 5]
[17:20:37.011] [INFO] [CalibrationManager] Değişiklik kaydedildi:  [ -> 5]
[17:20:37.012] [INFO] [CalibrationManager] Değişiklik kaydedildi:  [ -> 5]
[17:20:37.014] [INFO] [CalibrationManager] Değişiklik kaydedildi:  [ -> 5]
[17:20:37.015] [INFO] [CalibrationManager] Değişiklik kaydedildi:  [ -> 5]
[17:20:37.017] [INFO] [CalibrationManager] Değişiklik kaydedildi:  [ -> 5]
[17:20:37.018] [INFO] [CalibrationManager] Değişiklik kaydedildi:  [ -> 5]
[17:20:37.020] [INFO] [CalibrationManager] Değişiklik kaydedildi:  [ -> 5]
[17:20:37.021] [INFO] [CalibrationManager] Değişiklik kaydedildi:  [ -> 5]
[17:20:37.023] [INFO] [CalibrationManager] Değişiklik kaydedildi:  [ -> 5]
[17:20:37.033] [INFO] [CalibrationManager] Değişiklik kaydedildi:  [ -> 5]
[17:20:37.034] [INFO] [CalibrationManager] Değişiklik kaydedildi:  [ -> 5]
[17:20:37.036] [INFO] [CalibrationManager] Değişiklik kaydedildi:  [ -> 5]
[17:20:37.038] [INFO] [CalibrationManager] Değişiklik kaydedildi:  [ -> 5]
[17:20:37.039] [INFO] [CalibrationManager] Değişiklik kaydedildi:  [ -> 5]
[17:20:37.041] [INFO] [CalibrationManager] Değişiklik kaydedildi:  [ -> 5]
[17:20:37.043] [INFO] [CalibrationManager] Değişiklik kaydedildi:  [ -> 5]
[17:20:37.044] [INFO] [CalibrationManager] Değişiklik kaydedildi:  [ -> 5]
[17:20:37.046] [INFO] [CalibrationManager] Değişiklik kaydedildi:  [ -> 5]
[17:20:37.047] [INFO] [CalibrationManager] Değişiklik kaydedildi:  [ -> 5]
[17:20:37.048] [INFO] [CalibrationManager] Değişiklik kaydedildi:  [ -> 5]
[17:20:37.050] [INFO] [CalibrationManager] Değişiklik kaydedildi:  [ -> 5]
[17:20:37.052] [INFO] [CalibrationManager] Değişiklik kaydedildi:  [ -> 5]
[17:20:37.054] [INFO] [CalibrationManager] Değişiklik kaydedildi:  [ -> 5]
[17:20:37.055] [INFO] [CalibrationManager] Değişiklik kaydedildi:  [ -> 5]
[17:20:37.057] [INFO] [CalibrationManager] Değişiklik kaydedildi:  [ -> 5]
[17:20:37.058] [INFO] [CalibrationManager] Değişiklik kaydedildi:  [ -> 5]
[17:20:37.060] [INFO] [CalibrationManager] Değişiklik kaydedildi:  [ -> 5]
[17:20:37.061] [INFO] [CalibrationManager] Değişiklik kaydedildi:  [ -> 5]
[17:20:37.062] [INFO] [CalibrationManager] Değişiklik kaydedildi:  [ -> 5]
[17:20:37.064] [INFO] [CalibrationManager] Değişiklik kaydedildi:  [ -> 5]
[17:20:37.066] [INFO] [CalibrationManager] Değişiklik kaydedildi:  [ -> 5]
[17:20:37.068] [INFO] [CalibrationManager] Değişiklik kaydedildi:  [ -> 5]
[17:20:37.070] [INFO] [CalibrationManager] Değişiklik kaydedildi:  [ -> 5]
[17:20:37.071] [INFO] [CalibrationManager] Değişiklik kaydedildi:  [ -> 5]
[17:20:37.073] [INFO] [CalibrationManager] Değişiklik kaydedildi:  [ -> 5]
[17:20:37.074] [INFO] [CalibrationManager] Değişiklik kaydedildi:  [ -> 5]
[17:20:37.075] [INFO] [CalibrationManager] Değişiklik kaydedildi:  [ -> 5]
[17:20:37.077] [INFO] [CalibrationManager] Değişiklik kaydedildi:  [ -> 5]
[17:20:37.078] [INFO] [CalibrationManager] Değişiklik kaydedildi:  [ -> 5]
[17:20:37.080] [INFO] [CalibrationManager] Değişiklik kaydedildi:  [ -> 5]
[17:20:37.082] [INFO] [CalibrationManager] Değişiklik kaydedildi:  [ -> 5]
[17:20:37.083] [INFO] [CalibrationManager] Değişiklik kaydedildi:  [ -> 5]
[17:20:37.085] [INFO] [CalibrationManager] Değişiklik kaydedildi:  [ -> 5]
[17:20:37.086] [INFO] [CalibrationManager] Değişiklik kaydedildi:  [ -> 5]
[17:20:37.088] [INFO] [CalibrationManager] Değişiklik kaydedildi:  [ -> 5]
[17:20:37.090] [INFO] [CalibrationManager] Değişiklik kaydedildi:  [ -> 5]
[17:20:37.495] [INFO] [RtpCalibrationEngine] Connecting to RTP emulator...
[17:20:37.495] [INFO] [RtpCalibrationEngine] RTP emulator connected successfully.
[17:20:37.495] [INFO] [RtpCalibrationEngine] Real-time synchronization active.
[17:20:37.495] [INFO] [RtpCalibrationEngine] Connecting to RTP emulator...
[17:20:37.496] [INFO] [RtpCalibrationEngine] RTP emulator connected successfully.
[17:20:37.496] [INFO] [RtpCalibrationEngine] Real-time synchronization active.
[17:20:37.498] [INFO] [CalibrationManager] Değişiklik kaydedildi:  [ -> 55]
[17:20:37.580] [ERROR] [RtpCalibrationEngine] Batch write execution failed: Batch block verification write failed: Simulated block write exception
[17:20:37.709] [INFO] [RtpCalibrationEngine] Connecting to RTP emulator...
[17:20:37.709] [INFO] [RtpCalibrationEngine] RTP emulator connected successfully.
[17:20:37.709] [INFO] [RtpCalibrationEngine] Real-time synchronization active.
[17:20:37.711] [INFO] [CalibrationManager] Değişiklik kaydedildi:  [ -> 88]
[17:20:37.804] [ERROR] [RtpCalibrationEngine] Batch write execution failed: Batch block verification write failed: Batch block verify mismatch at relative index 0. Expected: 88, Actual: 167
[17:20:37.916] [INFO] [RtpCalibrationEngine] Connecting to RTP emulator...
[17:20:37.916] [INFO] [RtpCalibrationEngine] RTP emulator connected successfully.
[17:20:37.916] [INFO] [RtpCalibrationEngine] Real-time synchronization active.
[17:20:37.918] [INFO] [CalibrationManager] Değişiklik kaydedildi:  [ -> 22]
[17:20:38.023] [INFO] [CalibrationManager] Değişiklik kaydedildi:  [ -> 22]
[17:20:38.138] [INFO] [CalibrationManager] Değişiklik kaydedildi:  [ -> 0]
[17:20:38.140] [INFO] [CalibrationManager] Değişiklik kaydedildi:  [ -> 1]
[17:20:38.149] [INFO] [CalibrationManager] Değişiklik kaydedildi:  [ -> 2]
[17:20:38.160] [INFO] [CalibrationManager] Değişiklik kaydedildi:  [ -> 3]
[17:20:38.169] [INFO] [CalibrationManager] Değişiklik kaydedildi:  [ -> 4]
[17:20:38.189] [INFO] [CalibrationManager] Değişiklik kaydedildi:  [ -> 5]
[17:20:38.195] [INFO] [CalibrationManager] Değişiklik kaydedildi:  [ -> 6]
[17:20:38.200] [INFO] [CalibrationManager] Değişiklik kaydedildi:  [ -> 0]
[17:20:38.209] [INFO] [CalibrationManager] Değişiklik kaydedildi:  [ -> 1]
[17:20:38.216] [INFO] [CalibrationManager] Değişiklik kaydedildi:  [ -> 2]
[17:20:38.221] [INFO] [CalibrationManager] Değişiklik kaydedildi:  [ -> 3]
[17:20:38.227] [INFO] [CalibrationManager] Değişiklik kaydedildi:  [ -> 4]
[17:20:38.237] [INFO] [CalibrationManager] Değişiklik kaydedildi:  [ -> 5]
[17:20:38.238] [INFO] [CalibrationManager] Değişiklik kaydedildi:  [ -> 6]
[17:20:38.242] [INFO] [CalibrationManager] Değişiklik kaydedildi:  [ -> 0]
[17:20:38.249] [INFO] [CalibrationManager] Değişiklik kaydedildi:  [ -> 1]
[17:20:38.259] [INFO] [CalibrationManager] Değişiklik kaydedildi:  [ -> 2]
[17:20:38.268] [INFO] [CalibrationManager] Değişiklik kaydedildi:  [ -> 3]
[17:20:38.278] [INFO] [CalibrationManager] Değişiklik kaydedildi:  [ -> 4]
[17:20:38.403] [INFO] [CalibrationManager] Değişiklik kaydedildi:  [ -> 5]
[17:20:38.511] [INFO] [CalibrationManager] Değişiklik kaydedildi:  [ -> 6]
[17:20:38.513] [ERROR] [RtpCalibrationEngine] RTP Configuration validation failed: Retry count must be between 0 and 10. (Parameter 'RetryCount')
[17:20:38.515] [INFO] [RtpCalibrationEngine] Recovered 1 pending changes from persistent queue on disk.
[17:20:38.532] [INFO] [RtpCalibrationEngine] Connecting to RTP emulator...
[17:20:38.532] [INFO] [RtpCalibrationEngine] RTP emulator connected successfully.
[17:20:38.532] [INFO] [RtpCalibrationEngine] Real-time synchronization active.
[17:20:38.538] [INFO] [AutoTuneSafetyManager] Güvenlik limitleri yüklendi. Etkin kural sayısı: 4
[17:20:38.538] [INFO] [AutoTuneEventPublisher] Domain olayı yayınlandı: SessionCreated (Oturum: fe4450c8-92fa-4b02-a07e-e2dca29924e4)
[17:20:38.538] [INFO] [AutoTuneEngine] Oturum başarıyla başlatıldı: fe4450c8-92fa-4b02-a07e-e2dca29924e4
[17:20:38.694] [INFO] [AutoTuneEventPublisher] Domain olayı yayınlandı: TelemetryWindowAccepted (Oturum: fe4450c8-92fa-4b02-a07e-e2dca29924e4)
[17:20:38.695] [INFO] [AutoTuneEventPublisher] Domain olayı yayınlandı: SafetyViolation (Oturum: fe4450c8-92fa-4b02-a07e-e2dca29924e4)
[17:20:38.695] [INFO] [AutoTuneEventPublisher] Domain olayı yayınlandı: DecisionCreated (Oturum: fe4450c8-92fa-4b02-a07e-e2dca29924e4)
[17:20:38.695] [INFO] [CalibrationSnapshotManager] Snapshot oluşturuldu: 97fdcb6e-63ad-4e6b-9bb8-402a5880a96d, Hücre sayısı: 1
[17:20:38.696] [INFO] [CalibrationRecoveryManager] Bekleyen işlem kaydedildi: c3b9ea63-3b08-4900-985a-7b32f6b17cdf
[17:20:38.698] [INFO] [CalibrationManager] Değişiklik kaydedildi: AFRTargetTable Hücre [3,4] [0 -> 15]
[17:20:38.699] [INFO] [CalibrationRecoveryManager] Bekleyen işlem temizlendi (başarılı commit).
[17:20:38.699] [INFO] [CalibrationStreamPublisher] Uygulanan değişiklik yayınlandı: Lambda adres: AFRTargetTable[3,4]
[17:20:38.699] [INFO] [AutoTuneEventPublisher] Domain olayı yayınlandı: MapChangeApplied (Oturum: fe4450c8-92fa-4b02-a07e-e2dca29924e4)
[17:20:38.699] [INFO] [AutoTuneEventPublisher] Domain olayı yayınlandı: DecisionCreated (Oturum: fe4450c8-92fa-4b02-a07e-e2dca29924e4)
[17:20:38.699] [INFO] [CalibrationSnapshotManager] Snapshot oluşturuldu: dc723a0a-8104-4d3b-9280-da1b965c3cba, Hücre sayısı: 1
[17:20:38.700] [INFO] [CalibrationRecoveryManager] Bekleyen işlem kaydedildi: 64f51b62-c0c5-46f3-84a2-b2da11b95df3
[17:20:38.702] [INFO] [CalibrationManager] Değişiklik kaydedildi: IgnitionTable Hücre [3,4] [15 -> 16]
[17:20:38.702] [INFO] [CalibrationRecoveryManager] Bekleyen işlem temizlendi (başarılı commit).
[17:20:38.703] [INFO] [CalibrationStreamPublisher] Uygulanan değişiklik yayınlandı: Ignition adres: IgnitionTable[3,4]
[17:20:38.703] [INFO] [AutoTuneEventPublisher] Domain olayı yayınlandı: MapChangeApplied (Oturum: fe4450c8-92fa-4b02-a07e-e2dca29924e4)
[17:20:38.703] [INFO] [AutoTuneEventPublisher] Domain olayı yayınlandı: DecisionCreated (Oturum: fe4450c8-92fa-4b02-a07e-e2dca29924e4)
[17:20:38.703] [INFO] [CalibrationSnapshotManager] Snapshot oluşturuldu: 92658aaf-4219-412f-bb2f-a6237f813d60, Hücre sayısı: 1
[17:20:38.704] [INFO] [CalibrationRecoveryManager] Bekleyen işlem kaydedildi: 31206727-32f2-4c76-8a95-1a649601b7b9
[17:20:38.705] [INFO] [CalibrationManager] Değişiklik kaydedildi: FuelVETable Hücre [3,4] [16 -> 60]
[17:20:38.706] [INFO] [CalibrationRecoveryManager] Bekleyen işlem temizlendi (başarılı commit).
[17:20:38.706] [INFO] [CalibrationStreamPublisher] Uygulanan değişiklik yayınlandı: VE adres: FuelVETable[3,4]
[17:20:38.706] [INFO] [AutoTuneEventPublisher] Domain olayı yayınlandı: MapChangeApplied (Oturum: fe4450c8-92fa-4b02-a07e-e2dca29924e4)
[17:20:38.725] [INFO] [AutoTuneEventPublisher] Domain olayı yayınlandı: TelemetryWindowAccepted (Oturum: fe4450c8-92fa-4b02-a07e-e2dca29924e4)
[17:20:38.726] [INFO] [AutoTuneEventPublisher] Domain olayı yayınlandı: SafetyViolation (Oturum: fe4450c8-92fa-4b02-a07e-e2dca29924e4)
[17:20:38.726] [INFO] [AutoTuneEventPublisher] Domain olayı yayınlandı: DecisionCreated (Oturum: fe4450c8-92fa-4b02-a07e-e2dca29924e4)
[17:20:38.726] [INFO] [CalibrationSnapshotManager] Snapshot oluşturuldu: 980ed176-40ef-4acc-9167-3ae7efd6e194, Hücre sayısı: 1
[17:20:38.727] [INFO] [CalibrationRecoveryManager] Bekleyen işlem kaydedildi: b5459a7a-a911-46a9-8d84-594b631345f1
[17:20:38.729] [INFO] [CalibrationManager] Değişiklik kaydedildi: AFRTargetTable Hücre [3,4] [60 -> 15]
[17:20:38.730] [INFO] [CalibrationRecoveryManager] Bekleyen işlem temizlendi (başarılı commit).
[17:20:38.730] [INFO] [CalibrationStreamPublisher] Uygulanan değişiklik yayınlandı: Lambda adres: AFRTargetTable[3,4]
[17:20:38.730] [INFO] [AutoTuneEventPublisher] Domain olayı yayınlandı: MapChangeApplied (Oturum: fe4450c8-92fa-4b02-a07e-e2dca29924e4)
[17:20:38.730] [INFO] [AutoTuneEventPublisher] Domain olayı yayınlandı: DecisionCreated (Oturum: fe4450c8-92fa-4b02-a07e-e2dca29924e4)
[17:20:38.730] [INFO] [CalibrationSnapshotManager] Snapshot oluşturuldu: 13b58a67-483b-40a1-8239-85ebc50207df, Hücre sayısı: 1
[17:20:38.731] [INFO] [CalibrationRecoveryManager] Bekleyen işlem kaydedildi: a6f36cb9-ab6e-451e-9522-557577c515a7
[17:20:38.734] [INFO] [CalibrationManager] Değişiklik kaydedildi: IgnitionTable Hücre [3,4] [15 -> 16]
[17:20:38.735] [INFO] [CalibrationRecoveryManager] Bekleyen işlem temizlendi (başarılı commit).
[17:20:38.735] [INFO] [CalibrationStreamPublisher] Uygulanan değişiklik yayınlandı: Ignition adres: IgnitionTable[3,4]
[17:20:38.735] [INFO] [AutoTuneEventPublisher] Domain olayı yayınlandı: MapChangeApplied (Oturum: fe4450c8-92fa-4b02-a07e-e2dca29924e4)
[17:20:38.735] [INFO] [AutoTuneEventPublisher] Domain olayı yayınlandı: DecisionCreated (Oturum: fe4450c8-92fa-4b02-a07e-e2dca29924e4)
[17:20:38.735] [INFO] [CalibrationSnapshotManager] Snapshot oluşturuldu: b78da739-7ad0-470f-b174-eff48b2fe426, Hücre sayısı: 1
[17:20:38.736] [INFO] [CalibrationRecoveryManager] Bekleyen işlem kaydedildi: 37edbe5f-d600-4c8b-9fd0-f0e16c6b63b5
[17:20:38.738] [INFO] [CalibrationManager] Değişiklik kaydedildi: FuelVETable Hücre [3,4] [16 -> 60]
[17:20:38.739] [INFO] [CalibrationRecoveryManager] Bekleyen işlem temizlendi (başarılı commit).
[17:20:38.739] [INFO] [CalibrationStreamPublisher] Uygulanan değişiklik yayınlandı: VE adres: FuelVETable[3,4]
[17:20:38.739] [INFO] [AutoTuneEventPublisher] Domain olayı yayınlandı: MapChangeApplied (Oturum: fe4450c8-92fa-4b02-a07e-e2dca29924e4)
[17:20:38.758] [INFO] [AutoTuneEventPublisher] Domain olayı yayınlandı: TelemetryWindowAccepted (Oturum: fe4450c8-92fa-4b02-a07e-e2dca29924e4)
[17:20:38.758] [INFO] [AutoTuneEventPublisher] Domain olayı yayınlandı: SafetyViolation (Oturum: fe4450c8-92fa-4b02-a07e-e2dca29924e4)
[17:20:38.758] [INFO] [AutoTuneEventPublisher] Domain olayı yayınlandı: DecisionCreated (Oturum: fe4450c8-92fa-4b02-a07e-e2dca29924e4)
[17:20:38.758] [INFO] [CalibrationSnapshotManager] Snapshot oluşturuldu: 4103d285-4f8b-4ee1-a913-a0ed4aa74966, Hücre sayısı: 1
[17:20:38.759] [INFO] [CalibrationRecoveryManager] Bekleyen işlem kaydedildi: af4f0286-7965-4c5b-97ec-fa1b42e400af
[17:20:38.761] [INFO] [CalibrationManager] Değişiklik kaydedildi: AFRTargetTable Hücre [3,4] [60 -> 15]
[17:20:38.762] [INFO] [CalibrationRecoveryManager] Bekleyen işlem temizlendi (başarılı commit).
[17:20:38.762] [INFO] [CalibrationStreamPublisher] Uygulanan değişiklik yayınlandı: Lambda adres: AFRTargetTable[3,4]
[17:20:38.762] [INFO] [AutoTuneEventPublisher] Domain olayı yayınlandı: MapChangeApplied (Oturum: fe4450c8-92fa-4b02-a07e-e2dca29924e4)
[17:20:38.762] [INFO] [AutoTuneEventPublisher] Domain olayı yayınlandı: DecisionCreated (Oturum: fe4450c8-92fa-4b02-a07e-e2dca29924e4)
[17:20:38.762] [INFO] [CalibrationSnapshotManager] Snapshot oluşturuldu: 8f15dc1d-556f-406d-92b0-f6855c316c5c, Hücre sayısı: 1
[17:20:38.763] [INFO] [CalibrationRecoveryManager] Bekleyen işlem kaydedildi: 210577e1-e6da-4ac0-8209-b69cfa9f1c58
[17:20:38.764] [INFO] [CalibrationManager] Değişiklik kaydedildi: IgnitionTable Hücre [3,4] [15 -> 16]
[17:20:38.765] [INFO] [CalibrationRecoveryManager] Bekleyen işlem temizlendi (başarılı commit).
[17:20:38.765] [INFO] [CalibrationStreamPublisher] Uygulanan değişiklik yayınlandı: Ignition adres: IgnitionTable[3,4]
[17:20:38.765] [INFO] [AutoTuneEventPublisher] Domain olayı yayınlandı: MapChangeApplied (Oturum: fe4450c8-92fa-4b02-a07e-e2dca29924e4)
[17:20:38.766] [INFO] [AutoTuneEventPublisher] Domain olayı yayınlandı: DecisionCreated (Oturum: fe4450c8-92fa-4b02-a07e-e2dca29924e4)
[17:20:38.766] [INFO] [CalibrationSnapshotManager] Snapshot oluşturuldu: 0c569751-dd48-4271-8588-3037cd935ab9, Hücre sayısı: 1
[17:20:38.767] [INFO] [CalibrationRecoveryManager] Bekleyen işlem kaydedildi: 63c13c44-67ca-4eb4-93e3-c8b18b2cb5d2
[17:20:38.769] [INFO] [CalibrationManager] Değişiklik kaydedildi: FuelVETable Hücre [3,4] [16 -> 60]
[17:20:38.770] [INFO] [CalibrationRecoveryManager] Bekleyen işlem temizlendi (başarılı commit).
[17:20:38.770] [INFO] [CalibrationStreamPublisher] Uygulanan değişiklik yayınlandı: VE adres: FuelVETable[3,4]
[17:20:38.770] [INFO] [AutoTuneEventPublisher] Domain olayı yayınlandı: MapChangeApplied (Oturum: fe4450c8-92fa-4b02-a07e-e2dca29924e4)
[17:20:38.789] [INFO] [AutoTuneEventPublisher] Domain olayı yayınlandı: TelemetryWindowAccepted (Oturum: fe4450c8-92fa-4b02-a07e-e2dca29924e4)
[17:20:38.790] [INFO] [AutoTuneEventPublisher] Domain olayı yayınlandı: SafetyViolation (Oturum: fe4450c8-92fa-4b02-a07e-e2dca29924e4)
[17:20:38.790] [INFO] [AutoTuneEventPublisher] Domain olayı yayınlandı: DecisionCreated (Oturum: fe4450c8-92fa-4b02-a07e-e2dca29924e4)
[17:20:38.790] [INFO] [CalibrationSnapshotManager] Snapshot oluşturuldu: 55785b63-2dce-42cc-afe3-0c55a4872c4d, Hücre sayısı: 1
[17:20:38.791] [INFO] [CalibrationRecoveryManager] Bekleyen işlem kaydedildi: ce671b9b-2806-497a-b099-61f8a794bc4d
[17:20:38.793] [INFO] [CalibrationManager] Değişiklik kaydedildi: AFRTargetTable Hücre [3,4] [60 -> 15]
[17:20:38.794] [INFO] [CalibrationRecoveryManager] Bekleyen işlem temizlendi (başarılı commit).
[17:20:38.794] [INFO] [CalibrationStreamPublisher] Uygulanan değişiklik yayınlandı: Lambda adres: AFRTargetTable[3,4]
[17:20:38.794] [INFO] [AutoTuneEventPublisher] Domain olayı yayınlandı: MapChangeApplied (Oturum: fe4450c8-92fa-4b02-a07e-e2dca29924e4)
[17:20:38.794] [INFO] [AutoTuneEventPublisher] Domain olayı yayınlandı: DecisionCreated (Oturum: fe4450c8-92fa-4b02-a07e-e2dca29924e4)
[17:20:38.795] [INFO] [CalibrationSnapshotManager] Snapshot oluşturuldu: 90a7ed8d-9e9b-4963-885e-272ca4f6e760, Hücre sayısı: 1
[17:20:38.795] [INFO] [CalibrationRecoveryManager] Bekleyen işlem kaydedildi: 4d4b4a3c-9d1c-41ee-9bb2-f94b7af2bcb8
[17:20:38.797] [INFO] [CalibrationManager] Değişiklik kaydedildi: IgnitionTable Hücre [3,4] [15 -> 16]
[17:20:38.798] [INFO] [CalibrationRecoveryManager] Bekleyen işlem temizlendi (başarılı commit).
[17:20:38.798] [INFO] [CalibrationStreamPublisher] Uygulanan değişiklik yayınlandı: Ignition adres: IgnitionTable[3,4]
[17:20:38.799] [INFO] [AutoTuneEventPublisher] Domain olayı yayınlandı: MapChangeApplied (Oturum: fe4450c8-92fa-4b02-a07e-e2dca29924e4)
[17:20:38.799] [INFO] [AutoTuneEventPublisher] Domain olayı yayınlandı: DecisionCreated (Oturum: fe4450c8-92fa-4b02-a07e-e2dca29924e4)
[17:20:38.799] [INFO] [CalibrationSnapshotManager] Snapshot oluşturuldu: 45b5b0ba-1740-4995-834c-2d33d6be8a7d, Hücre sayısı: 1
[17:20:38.800] [INFO] [CalibrationRecoveryManager] Bekleyen işlem kaydedildi: 4c9dad49-89e8-45bb-a4a5-2109ac0f3173
[17:20:38.802] [INFO] [CalibrationManager] Değişiklik kaydedildi: FuelVETable Hücre [3,4] [16 -> 60]
[17:20:38.803] [INFO] [CalibrationRecoveryManager] Bekleyen işlem temizlendi (başarılı commit).
[17:20:38.803] [INFO] [CalibrationStreamPublisher] Uygulanan değişiklik yayınlandı: VE adres: FuelVETable[3,4]
[17:20:38.803] [INFO] [AutoTuneEventPublisher] Domain olayı yayınlandı: MapChangeApplied (Oturum: fe4450c8-92fa-4b02-a07e-e2dca29924e4)
[17:20:38.821] [INFO] [AutoTuneEventPublisher] Domain olayı yayınlandı: TelemetryWindowAccepted (Oturum: fe4450c8-92fa-4b02-a07e-e2dca29924e4)
[17:20:38.821] [INFO] [AutoTuneEventPublisher] Domain olayı yayınlandı: SafetyViolation (Oturum: fe4450c8-92fa-4b02-a07e-e2dca29924e4)
[17:20:38.822] [INFO] [AutoTuneEventPublisher] Domain olayı yayınlandı: DecisionCreated (Oturum: fe4450c8-92fa-4b02-a07e-e2dca29924e4)
[17:20:38.822] [INFO] [CalibrationSnapshotManager] Snapshot oluşturuldu: 6d366c9a-4049-436c-93d6-bd3017234de0, Hücre sayısı: 1
[17:20:38.823] [INFO] [CalibrationRecoveryManager] Bekleyen işlem kaydedildi: 20786aa3-9873-48b2-a44f-8c2801c23a00
[17:20:38.824] [INFO] [CalibrationManager] Değişiklik kaydedildi: AFRTargetTable Hücre [3,4] [60 -> 15]
[17:20:38.825] [INFO] [CalibrationRecoveryManager] Bekleyen işlem temizlendi (başarılı commit).
[17:20:38.825] [INFO] [CalibrationStreamPublisher] Uygulanan değişiklik yayınlandı: Lambda adres: AFRTargetTable[3,4]
[17:20:38.826] [INFO] [AutoTuneEventPublisher] Domain olayı yayınlandı: MapChangeApplied (Oturum: fe4450c8-92fa-4b02-a07e-e2dca29924e4)
[17:20:38.826] [INFO] [AutoTuneEventPublisher] Domain olayı yayınlandı: DecisionCreated (Oturum: fe4450c8-92fa-4b02-a07e-e2dca29924e4)
[17:20:38.826] [INFO] [CalibrationSnapshotManager] Snapshot oluşturuldu: 8d4e933c-84db-4b79-9d0c-ac2ac84c203a, Hücre sayısı: 1
[17:20:38.827] [INFO] [CalibrationRecoveryManager] Bekleyen işlem kaydedildi: bd947961-8da5-467e-a5af-8a468430ae01
[17:20:38.828] [INFO] [CalibrationManager] Değişiklik kaydedildi: IgnitionTable Hücre [3,4] [15 -> 16]
[17:20:38.829] [INFO] [CalibrationRecoveryManager] Bekleyen işlem temizlendi (başarılı commit).
[17:20:38.829] [INFO] [CalibrationStreamPublisher] Uygulanan değişiklik yayınlandı: Ignition adres: IgnitionTable[3,4]
[17:20:38.829] [INFO] [AutoTuneEventPublisher] Domain olayı yayınlandı: MapChangeApplied (Oturum: fe4450c8-92fa-4b02-a07e-e2dca29924e4)
[17:20:38.829] [INFO] [AutoTuneEventPublisher] Domain olayı yayınlandı: DecisionCreated (Oturum: fe4450c8-92fa-4b02-a07e-e2dca29924e4)
[17:20:38.830] [INFO] [CalibrationSnapshotManager] Snapshot oluşturuldu: 24dab466-4ca3-4f31-a98e-8353c10f0a6a, Hücre sayısı: 1
[17:20:38.830] [INFO] [CalibrationRecoveryManager] Bekleyen işlem kaydedildi: 2fb28bf9-c448-4261-8ca9-599f1a02d6ef
[17:20:38.832] [INFO] [CalibrationManager] Değişiklik kaydedildi: FuelVETable Hücre [3,4] [16 -> 60]
[17:20:38.833] [INFO] [CalibrationRecoveryManager] Bekleyen işlem temizlendi (başarılı commit).
[17:20:38.833] [INFO] [CalibrationStreamPublisher] Uygulanan değişiklik yayınlandı: VE adres: FuelVETable[3,4]
[17:20:38.833] [INFO] [AutoTuneEventPublisher] Domain olayı yayınlandı: MapChangeApplied (Oturum: fe4450c8-92fa-4b02-a07e-e2dca29924e4)
[17:20:38.854] [INFO] [AutoTuneEventPublisher] Domain olayı yayınlandı: TelemetryWindowAccepted (Oturum: fe4450c8-92fa-4b02-a07e-e2dca29924e4)
[17:20:38.854] [INFO] [AutoTuneEventPublisher] Domain olayı yayınlandı: SafetyViolation (Oturum: fe4450c8-92fa-4b02-a07e-e2dca29924e4)
[17:20:38.854] [INFO] [AutoTuneEventPublisher] Domain olayı yayınlandı: DecisionCreated (Oturum: fe4450c8-92fa-4b02-a07e-e2dca29924e4)
[17:20:38.854] [INFO] [CalibrationSnapshotManager] Snapshot oluşturuldu: cb12e3c1-81ce-4316-b30d-d4fab57102b2, Hücre sayısı: 1
[17:20:38.856] [INFO] [CalibrationRecoveryManager] Bekleyen işlem kaydedildi: 90a6ce2a-5a22-48c4-9ae0-1d5c65f41816
[17:20:38.857] [INFO] [CalibrationManager] Değişiklik kaydedildi: AFRTargetTable Hücre [3,4] [60 -> 15]
[17:20:38.858] [INFO] [CalibrationRecoveryManager] Bekleyen işlem temizlendi (başarılı commit).
[17:20:38.858] [INFO] [CalibrationStreamPublisher] Uygulanan değişiklik yayınlandı: Lambda adres: AFRTargetTable[3,4]
[17:20:38.858] [INFO] [AutoTuneEventPublisher] Domain olayı yayınlandı: MapChangeApplied (Oturum: fe4450c8-92fa-4b02-a07e-e2dca29924e4)
[17:20:38.859] [INFO] [AutoTuneEventPublisher] Domain olayı yayınlandı: DecisionCreated (Oturum: fe4450c8-92fa-4b02-a07e-e2dca29924e4)
[17:20:38.859] [INFO] [CalibrationSnapshotManager] Snapshot oluşturuldu: b4537c59-8eb7-4d4b-b402-0eb927adf904, Hücre sayısı: 1
[17:20:38.860] [INFO] [CalibrationRecoveryManager] Bekleyen işlem kaydedildi: 09fafd3f-c189-40c4-ae1e-9fd43ba63943
[17:20:38.862] [INFO] [CalibrationManager] Değişiklik kaydedildi: IgnitionTable Hücre [3,4] [15 -> 16]
[17:20:38.863] [INFO] [CalibrationRecoveryManager] Bekleyen işlem temizlendi (başarılı commit).
[17:20:38.863] [INFO] [CalibrationStreamPublisher] Uygulanan değişiklik yayınlandı: Ignition adres: IgnitionTable[3,4]
[17:20:38.863] [INFO] [AutoTuneEventPublisher] Domain olayı yayınlandı: MapChangeApplied (Oturum: fe4450c8-92fa-4b02-a07e-e2dca29924e4)
[17:20:38.863] [INFO] [AutoTuneEventPublisher] Domain olayı yayınlandı: DecisionCreated (Oturum: fe4450c8-92fa-4b02-a07e-e2dca29924e4)
[17:20:38.863] [INFO] [CalibrationSnapshotManager] Snapshot oluşturuldu: 40ab7327-955a-469a-acee-67f1332cecf7, Hücre sayısı: 1
[17:20:38.864] [INFO] [CalibrationRecoveryManager] Bekleyen işlem kaydedildi: aab75f13-fe4c-440c-b426-6c6193d520e3
[17:20:38.866] [INFO] [CalibrationManager] Değişiklik kaydedildi: FuelVETable Hücre [3,4] [16 -> 60]
[17:20:38.867] [INFO] [CalibrationRecoveryManager] Bekleyen işlem temizlendi (başarılı commit).
[17:20:38.867] [INFO] [CalibrationStreamPublisher] Uygulanan değişiklik yayınlandı: VE adres: FuelVETable[3,4]
[17:20:38.867] [INFO] [AutoTuneEventPublisher] Domain olayı yayınlandı: MapChangeApplied (Oturum: fe4450c8-92fa-4b02-a07e-e2dca29924e4)
[17:20:39.188] [INFO] [AutoTuneEventPublisher] Domain olayı yayınlandı: SessionStopped (Oturum: fe4450c8-92fa-4b02-a07e-e2dca29924e4)
[17:20:39.384] [INFO] [TestHarness] Test tamamlandÄ±: 110 geÃ§ti, 0 kaldÄ±
[17:20:39.385] [WARNING] [RomIdentifier] ROM imzası hiçbir ECU profiliyle eşleşmedi.
[17:20:39.385] [INFO] [Program] Test sonuçları:
â•â•â•â•â•â•â•â•â•â•â•â•â•â•â•â•â•â•â•â•â•â•â•â•â•â•â•â•â•â•â•â•â•â•â•â•â•â•â•â•â•â•â•â•â•â•â•
  HONDATUNER â€” OTOMATÄ°K TEST SÃœÄ°TÄ°
â•â•â•â•â•â•â•â•â•â•â•â•â•â•â•â•â•â•â•â•â•â•â•â•â•â•â•â•â•â•â•â•â•â•â•â•â•â•â•â•â•â•â•â•â•â•â•

â”€â”€ ROM Testleri â”€â”€â”€â”€â”€â”€â”€â”€â”€â”€â”€â”€â”€â”€â”€â”€â”€â”€â”€â”€â”€â”€â”€â”€â”€â”€â”€â”€â”€â”€
  ✅ ROM Identifier â€” 32KB boÅŸ ROM tanÄ±ma
  ✅ ROM Identifier â€” yanlÄ±ÅŸ boyut reddi
  ✅ ROM Patch â€” doÄŸrulama ve uygulama
  ✅ ROM Patch â€” rollback geri yÃ¼kleme

â”€â”€ Kalibrasyon Testleri â”€â”€â”€â”€â”€â”€â”€â”€â”€â”€â”€â”€â”€â”€â”€â”€â”€â”€â”€â”€â”€â”€â”€
  ✅ Injector Scaling â€” 240â†’440cc
  ✅ Injector Scaling â€” clamp to 255
  ✅ Calibration Engine â€” Commit applies value to ROM buffer
  ✅ Calibration Engine â€” Rollback restores original values in ROM buffer
  ✅ Calibration Engine â€” Undo and Redo states are fully synchronized
  ✅ Calibration Engine â€” Safety validator rejects OOR Rev Limit changes

â”€â”€ Faz 4: Map Engine & Interpolation Testleri â”€â”€
  ✅ Map Engine â€” Cell write and read accuracy
  ✅ Map Engine â€” Scale factors conversion logic
  ✅ Map Engine â€” Invalid offset out-of-range bounds check
  ✅ Map Engine â€” Transaction commits, rollbacks, and Undo/Redo integration
  ✅ Interpolation â€” 4 neighbor bilinear cell weight sum equals exactly 1.0

â”€â”€ AutoTune GÃ¼venlik Testleri â”€â”€â”€â”€â”€â”€â”€â”€â”€â”€â”€â”€â”€â”€â”€â”€â”€
  ✅ AutoTune â€” dÃ¼ÅŸÃ¼k ECT reddi
  ✅ AutoTune â€” dÃ¼ÅŸÃ¼k batarya reddi
  ✅ AutoTune â€” dÃ¼zeltme kÄ±rpma (Â±12%)

── Faz 5: Checksum Engine & Safety Layer Testleri ──
  ✅ Checksum â€” Stock ROM passes validation
  ✅ Checksum â€” Corrupt byte fails validation
  ✅ Checksum â€” Map change updates checksum successfully
  ✅ Checksum â€” VerifyBeforeSave detects bad checksum and returns false
  ✅ Checksum â€” Reloaded ROM checksum is valid
  ✅ Checksum â€” Multiple regions validation is successful

── ROM Patch Engine v2 Testleri ──
  ✅ PatchEngine — Başarılı Yama Uygulama
  ✅ PatchEngine — Yanlış ExpectedBytes Koruması
  ✅ PatchEngine — Uyumsuz ECU Koruması
  ✅ PatchEngine — ROM Boyut Limiti Koruması
  ✅ PatchEngine — Yamayı Geri Alma (Rollback)
  ✅ PatchEngine — İşlem (Transaction) Commit Entegrasyonu
  ✅ PatchEngine — İşlem Geri Alma (Transaction Rollback)
  ✅ PatchEngine — Otomatik Checksum Güncelleme
  ✅ PatchEngine — Audit Loglama Kontrolü
  ✅ PatchEngine — Profil Destekli Yamaları Bulma

── Phase 7: Telemetry & Live Datalog Bus Engine Testleri ──
  ✅ Telemetry - Event Bus Publish & Subscribe
  ✅ Telemetry - Event Bus Metrics Kontrolü
  ✅ Telemetry - Kanalsal Matematiksel Formül Çözümleme
  ✅ Telemetry - Backpressure DropOldest Politikası
  ✅ Telemetry - Backpressure DropNewest Politikası
  ✅ Telemetry - Backpressure BlockPublisher Politikası
  ✅ Telemetry - Yapılandırma Dosya İzleyicisi (Hot Reload)
  ✅ Telemetry - Erişim Kontrolü Yetkilendirme Hiyerarşisi
  ✅ Telemetry - SystemClock Monotonic Ticks
  ✅ Telemetry - HighResolutionClock Performance Ticks
  ✅ Telemetry - ReplayClock Geri Oynatıcı Zaman Akışı
  ✅ Telemetry - Dairesel Bellek (RingBuffer) Kapasite Tanımı
  ✅ Telemetry - RingBuffer Aşımında Overwrite (FIFO Overlay)
  ✅ Telemetry - Moving Average Gürültü Azaltma Filtresi
  ✅ Telemetry - Median (Ortanca) Filtreleme
  ✅ Telemetry - LowPass Üstel Sinyal Yumuşatma
  ✅ Telemetry - HighPass Dalgalanma Odaklı Sinyal Filtresi
  ✅ Telemetry - MockProvider Canlı Veri Akış Simülasyonu
  ✅ Telemetry - Sağlık İzleme (HealthMonitor) Parametreleri
  ✅ Telemetry - HealthMonitor Bağlantı Kaybı Anomali Algılama
  ✅ Telemetry - Analiz Hattı (AnalyzerPipeline) Sıralı Çalışma
  ✅ Telemetry - Engine Profil Geçiş Yönetimi (Street -> Dyno)
  ✅ Telemetry - Engine Canlı Datalogging Yaşam Döngüsü
  ✅ Telemetry - GC Basıncını Azaltan Frame Nesne Havuzu
  ✅ Telemetry - Salt-Okunur (Immutable) Snaphsot Yapısı
  ✅ Telemetry - Multi-Thread Veri Giriş Stress Testi

── Phase 8: AutoTune Closed Loop Engine Testleri ──
  ✅ AutoTune - State transitions (Start, Pause, Resume, Stop) lifecycle verification
  ✅ AutoTune - Confidence score calculation under low deviation is high
  ✅ AutoTune - Confidence score calculation under high deviation is low
  ✅ AutoTune - Stable window filter standard deviation and length checks
  ✅ AutoTune - Config validator rejects JSON with missing target attributes
  ✅ AutoTune - Config validator rejects out of bounds parameter variables
  ✅ AutoTune - ParameterType safety enum structure check
  ✅ AutoTune - Session manager multi session conflict prevention
  ✅ AutoTune - Session manager releases lock and allows new allocation
  ✅ AutoTune - Recovery manager logs interrupt trace successfully to file
  ✅ AutoTune - Recovery manager restores trace and validates details
  ✅ AutoTune - Diff engine returns detailed comparison matrix values
  ✅ AutoTune - CSV Package export contains session identity and values
  ✅ AutoTune - Replay simulator matches telemetry lists deterministically
  ✅ AutoTune - SafetyRuleProvider loads dynamic rules successfully
  ✅ AutoTune - QualityScoreCalculator rates stoichiometric history cleanly near 100
  ✅ AutoTune - Telemetry loss pause and reconnect validation cycle
  ✅ AutoTune - Domain event emitter publishes valid structured transition events
  ✅ AutoTune - Calibration RTP stream publishing streams virtual changes
  ✅ AutoTune - Replay validation checks run determinism bounds
  ✅ AutoTune - Persistence layer correctly serializes state machine records and migrates schema V1 to V2
  ✅ AutoTune - Query service retrieves session lists correctly
  ✅ AutoTune - Command service issues control triggers successfully
  ✅ AutoTune - Hardware checks and SafeMode blocks writing calibrations
  ✅ AutoTune - Cell lock manager acquires, releases and traps conflicts

── Faz 9: RTP Emulator & Real-Time Calibration Engine Testleri ──
  ✅ RTP - Engine correctly registers and resolves from DI ServiceContainer
  ✅ RTP - Connection state machine cycles correctly through all states
  ✅ RTP - Transient write failures trigger automatic retries and recover successfully
  ✅ RTP - Consecutive calibration edits coalesce into a single block write
  ✅ RTP - Multi-threaded queue guarantees strict sequential write ordering
  ✅ RTP - Execution latency benchmark tracking meets target limits
  ✅ RTP - Engine sustains high-frequency (500+) update throughput stress
  ✅ RTP - Background sync worker terminates cleanly on CancellationToken request
  ✅ RTP - Hardware disconnect automatically halts sync and raises Faulted event
  ✅ RTP - Enforces read-back verification after writing values to emulator
  ✅ RTP - Idempotent synchronization ignores duplicate writes to target cells
  ✅ RTP - Backpressure policy DropOldest purges oldest queued changes under load
  ✅ RTP - Backpressure policy RejectNewest drops new updates under queue overflow
  ✅ RTP - Backpressure policy BlockProducer controls producer rates correctly
  ✅ RTP - Validation layer rejects bad config schema values at initialization
  ✅ RTP - Restores un-synced calibration state queue records on startup
  ✅ RTP - Synchronizes concurrently applied AutoTune decisions to hardware
  ✅ TestMetadata_SerializationAndValidation
  ✅ TestReverseEngineering_ExtractionAndDecompilation
  ✅ TestAdvancedFuelCorrections
  ✅ TestAdvancedIgnition_DecodingAndCalibration
  ✅ TestVtecAndBoostControl_LogicAndAlarms
  ✅ TestEngineProtection_SafetiesAndAlarms
  ✅ TestDiagnosticsAndProtocols_A2LAndFreezeFrames
  ✅ TestDynoLogsAndVersions_EstimationAndBranches

â•â•â•â•â•â•â•â•â•â•â•â•â•â•â•â•â•â•â•â•â•â•â•â•â•â•â•â•â•â•â•â•â•â•â•â•â•â•â•â•â•â•â•â•â•â•â•
  SONUÃ‡: 110 baÅŸarÄ±lÄ±, 0 baÅŸarÄ±sÄ±z
â•â•â•â•â•â•â•â•â•â•â•â•â•â•â•â•â•â•â•â•â•â•â•â•â•â•â•â•â•â•â•â•â•â•â•â•â•â•â•â•â•â•â•â•â•â•â•
[17:20:39.386] [INFO] [Program] Örnek ROM test sonuçları:
── Örnek ROM Test Çerçevesi ───────────────────
  ✅ Checksum offset geçerli
  ✅ Bozuk ROM reddedildi
  ✅ Fuel map sınırları geçerli
  ✅ Ignition map sınırları geçerli
  ✅ Tüm profiller 32KB ROM boyutu

  Sonuç: 5 geçti, 0 kaldı
[17:20:39.475] [INFO] [EcuPinoutManager] 24 OBD1 ECU pin tanımlaması başarıyla yüklendi.
[17:23:10.614] [WARNING] [RomIdentifier] ROM imzası hiçbir ECU profiliyle eşleşmedi.
[17:23:21.741] [WARNING] [RomIdentifier] ROM imzası hiçbir ECU profiliyle eşleşmedi.
[17:23:28.083] [WARNING] [RomIdentifier] ROM imzası hiçbir ECU profiliyle eşleşmedi.
[17:23:57.468] [WARNING] [RomIdentifier] ROM imzası hiçbir ECU profiliyle eşleşmedi.
