[00:50:17.873] [INFO] [RomIdentifier] ECU Tanımlandı: P06 (Confidence: %45,7)
[00:50:17.876] [WARNING] [RomIdentifier] ROM imzası hiçbir ECU profiliyle eşleşmedi.
[00:50:17.877] [INFO] [RomPatchManager] Yama uygulandı: TEST_PATCH_1 @ 0x000A
[00:50:17.878] [INFO] [RomPatchManager] Yama uygulandı: TEST_PATCH_ROLLBACK @ 0x000A
[00:50:17.878] [INFO] [RomPatchManager] Yama geri alındı: TEST_PATCH_ROLLBACK
[00:50:17.879] [INFO] [InjectorManager] Fuel haritası ölçeklendi: 240cc → 440cc (oran: 0,545)
[00:50:17.879] [INFO] [InjectorManager] Fuel haritası ölçeklendi: 440cc → 240cc (oran: 1,833)
[00:50:17.936] [INFO] [CalibrationManager] Değişiklik kaydedildi: Fuel Cell [0,0] [50 -> 60]
[00:50:17.937] [INFO] [CalibrationManager] Değişiklik kaydedildi: Fuel Cell [0,0] [50 -> 60]
[00:50:17.938] [INFO] [CalibrationManager] Değişiklik kaydedildi: Fuel Cell [0,0] [50 -> 75]
[00:50:17.946] [INFO] [CalibrationManager] Değişiklik kaydedildi: FuelMapTest Hücre [4,5] [0 -> 123]
[00:50:17.959] [INFO] [CalibrationManager] Değişiklik kaydedildi: FuelMapTest Hücre [0,0] [0 -> 125]
[00:50:17.966] [INFO] [CalibrationManager] Değişiklik kaydedildi: FuelMapTest Hücre [1,1] [0 -> 150]
[00:50:17.976] [INFO] [CalibrationManager] Değişiklik kaydedildi: FuelMapTest Hücre [1,1] [0 -> 150]
[00:50:17.990] [DEBUG] [AutoTuneValidator] Reddedildi [ECT_LOW]: Motor sıcaklığı düşük: 50°C < 72°C
[00:50:17.991] [DEBUG] [AutoTuneValidator] Reddedildi [BATT_LOW]: Batarya düşük: 10,5V < 12V
[00:50:18.014] [INFO] [EcuDatabaseManager] Toplam 8 dinamik ECU profili yüklendi.
[00:50:18.032] [INFO] [ChecksumTest] [TRACE-1] romBuffer[0]=00
[00:50:18.041] [INFO] [ChecksumTest] [TRACE-2] tempFile[0]=00
[00:50:18.042] [INFO] [ChecksumTest] [TRACE-3] loadedBuffer[0]=00
[00:50:18.043] [INFO] [ChecksumTest] [TRACE-4] beforeSaveBuffer[0]=00
[00:50:18.047] [INFO] [ChecksumTest] [TRACE-5] afterSaveParserBuffer[0]=00
[00:50:18.055] [INFO] [ChecksumTest] [TRACE-6] reloadedFile[0]=00
[00:50:18.063] [INFO] [CalibrationManager] Değişiklik kaydedildi: Patch.LaunchControl.Byte0 [144 -> 205]
[00:50:18.072] [INFO] [CalibrationManager] Değişiklik kaydedildi: Patch.LaunchControl.Byte1 [144 -> 25]
[00:50:18.074] [INFO] [PatchEngine] Yama başarıyla uygulandı: LaunchControl @ 0x1FB0
[00:50:18.082] [INFO] [CalibrationManager] Değişiklik kaydedildi: Patch.LaunchControl.Byte0 [144 -> 205]
[00:50:18.083] [INFO] [CalibrationManager] Değişiklik kaydedildi: Patch.LaunchControl.Byte1 [144 -> 25]
[00:50:18.085] [INFO] [PatchEngine] Yama başarıyla uygulandı: LaunchControl @ 0x1FB0
[00:50:18.091] [INFO] [CalibrationManager] Değişiklik kaydedildi: Patch.LaunchControl.Byte0 [205 -> 144]
[00:50:18.100] [INFO] [CalibrationManager] Değişiklik kaydedildi: Patch.LaunchControl.Byte1 [25 -> 144]
[00:50:18.102] [INFO] [PatchEngine] Yama başarıyla geri alındı (Rollback): LaunchControl
[00:50:18.109] [INFO] [CalibrationManager] Değişiklik kaydedildi: Patch.LaunchControl.Byte0 [144 -> 205]
[00:50:18.118] [INFO] [CalibrationManager] Değişiklik kaydedildi: Patch.LaunchControl.Byte1 [144 -> 25]
[00:50:18.120] [INFO] [PatchEngine] Yama başarıyla uygulandı: LaunchControl @ 0x1FB0
[00:50:18.133] [INFO] [CalibrationManager] Değişiklik kaydedildi: Patch.LaunchControl.Byte0 [144 -> 205]
[00:50:18.145] [INFO] [CalibrationManager] Değişiklik kaydedildi: Patch.LaunchControl.Byte1 [144 -> 25]
[00:50:18.146] [INFO] [PatchEngine] Yama başarıyla uygulandı: LaunchControl @ 0x1FB0
[00:50:18.165] [INFO] [CalibrationManager] Değişiklik kaydedildi: Patch.LaunchControl.Byte0 [144 -> 205]
[00:50:18.176] [INFO] [CalibrationManager] Değişiklik kaydedildi: Patch.LaunchControl.Byte1 [144 -> 25]
[00:50:18.178] [INFO] [PatchEngine] Yama başarıyla uygulandı: LaunchControl @ 0x1FB0
[00:50:18.185] [INFO] [CalibrationManager] Değişiklik kaydedildi: Patch.LaunchControl.Byte0 [144 -> 205]
[00:50:18.191] [INFO] [CalibrationManager] Değişiklik kaydedildi: Patch.LaunchControl.Byte1 [144 -> 25]
[00:50:18.193] [INFO] [PatchEngine] Yama başarıyla uygulandı: LaunchControl @ 0x1FB0
[00:50:19.816] [INFO] [AutoTuneSafetyManager] Güvenlik limitleri yüklendi. Etkin kural sayısı: 4
[00:50:19.817] [INFO] [AutoTuneEventPublisher] Domain olayı yayınlandı: SessionCreated (Oturum: 0b3e8636-2cc7-4a3a-af62-4af01093c0bc)
[00:50:19.817] [INFO] [AutoTuneEngine] Oturum başarıyla başlatıldı: 0b3e8636-2cc7-4a3a-af62-4af01093c0bc
[00:50:19.818] [INFO] [AutoTuneEventPublisher] Domain olayı yayınlandı: SessionPaused (Oturum: 0b3e8636-2cc7-4a3a-af62-4af01093c0bc)
[00:50:19.819] [INFO] [AutoTuneEventPublisher] Domain olayı yayınlandı: SessionResumed (Oturum: 0b3e8636-2cc7-4a3a-af62-4af01093c0bc)
[00:50:19.819] [INFO] [AutoTuneEventPublisher] Domain olayı yayınlandı: SessionStopped (Oturum: 0b3e8636-2cc7-4a3a-af62-4af01093c0bc)
[00:50:19.829] [INFO] [CalibrationRecoveryManager] Bekleyen işlem kaydedildi: TX-TEMP
[00:50:19.841] [INFO] [CalibrationRecoveryManager] Bekleyen işlem temizlendi (başarılı commit).
[00:50:19.843] [INFO] [CalibrationRecoveryManager] Bekleyen işlem kaydedildi: TX-TEMP2
[00:50:19.852] [INFO] [CalibrationRecoveryManager] Yarım kalmış işlem geri yükleniyor: TX-TEMP2
[00:50:19.852] [INFO] [CalibrationSnapshotManager] Snapshot geri yükleniyor: SNAP-TEMP2, Kurtarılacak hücre: 1
[00:50:19.853] [INFO] [CalibrationRecoveryManager] Bekleyen işlem temizlendi (başarılı commit).
[00:50:19.856] [INFO] [AutoTuneSafetyManager] Güvenlik limitleri yüklendi. Etkin kural sayısı: 4
[00:50:19.856] [INFO] [AutoTuneEventPublisher] Domain olayı yayınlandı: SessionCreated (Oturum: 1d63dabd-a16b-4407-b074-3d27fb12a644)
[00:50:19.857] [INFO] [AutoTuneEngine] Oturum başarıyla başlatıldı: 1d63dabd-a16b-4407-b074-3d27fb12a644
[00:50:19.858] [INFO] [AutoTuneEventPublisher] Domain olayı yayınlandı: SessionPaused (Oturum: 1d63dabd-a16b-4407-b074-3d27fb12a644)
[00:50:19.858] [INFO] [AutoTuneEventPublisher] Domain olayı yayınlandı: SessionResumed (Oturum: 1d63dabd-a16b-4407-b074-3d27fb12a644)
[00:50:19.858] [INFO] [AutoTuneEventPublisher] Domain olayı yayınlandı: SessionStopped (Oturum: 1d63dabd-a16b-4407-b074-3d27fb12a644)
[00:50:19.859] [INFO] [AutoTuneSafetyManager] Güvenlik limitleri yüklendi. Etkin kural sayısı: 4
[00:50:19.859] [INFO] [AutoTuneEventPublisher] Domain olayı yayınlandı: SessionCreated (Oturum: f8eb2bab-26bd-4572-8a2c-7014e2317ff8)
[00:50:19.859] [INFO] [AutoTuneEngine] Oturum başarıyla başlatıldı: f8eb2bab-26bd-4572-8a2c-7014e2317ff8
[00:50:19.859] [INFO] [AutoTuneEventPublisher] Domain olayı yayınlandı: SessionStopped (Oturum: f8eb2bab-26bd-4572-8a2c-7014e2317ff8)
[00:50:19.860] [INFO] [AutoTuneSafetyManager] Güvenlik limitleri yüklendi. Etkin kural sayısı: 4
[00:50:19.860] [INFO] [AutoTuneEventPublisher] Domain olayı yayınlandı: SessionCreated (Oturum: 010b1ee3-dc37-40e1-857b-9353015c8705)
[00:50:19.860] [INFO] [AutoTuneEngine] Oturum başarıyla başlatıldı: 010b1ee3-dc37-40e1-857b-9353015c8705
[00:50:19.860] [INFO] [AutoTuneEventPublisher] Domain olayı yayınlandı: TelemetryWindowAccepted (Oturum: 010b1ee3-dc37-40e1-857b-9353015c8705)
[00:50:19.865] [INFO] [AutoTuneEventPublisher] Domain olayı yayınlandı: DecisionCreated (Oturum: 010b1ee3-dc37-40e1-857b-9353015c8705)
[00:50:19.867] [INFO] [CalibrationStreamPublisher] Uygulanan değişiklik yayınlandı: Fuel adres: FuelVETable[3,4]
[00:50:19.868] [INFO] [AutoTuneEventPublisher] Domain olayı yayınlandı: DecisionCreated (Oturum: 010b1ee3-dc37-40e1-857b-9353015c8705)
[00:50:19.868] [INFO] [CalibrationStreamPublisher] Uygulanan değişiklik yayınlandı: Lambda adres: AFRTargetTable[3,4]
[00:50:19.869] [INFO] [AutoTuneEventPublisher] Domain olayı yayınlandı: DecisionCreated (Oturum: 010b1ee3-dc37-40e1-857b-9353015c8705)
[00:50:19.869] [INFO] [CalibrationStreamPublisher] Uygulanan değişiklik yayınlandı: Ignition adres: IgnitionTable[3,4]
[00:50:19.870] [INFO] [AutoTuneEventPublisher] Domain olayı yayınlandı: DecisionCreated (Oturum: 010b1ee3-dc37-40e1-857b-9353015c8705)
[00:50:19.870] [INFO] [CalibrationStreamPublisher] Uygulanan değişiklik yayınlandı: VE adres: FuelVETable[3,4]
[00:50:19.870] [INFO] [AutoTuneEventPublisher] Domain olayı yayınlandı: TelemetryWindowAccepted (Oturum: 010b1ee3-dc37-40e1-857b-9353015c8705)
[00:50:19.871] [INFO] [AutoTuneEventPublisher] Domain olayı yayınlandı: DecisionCreated (Oturum: 010b1ee3-dc37-40e1-857b-9353015c8705)
[00:50:19.871] [INFO] [CalibrationStreamPublisher] Uygulanan değişiklik yayınlandı: Fuel adres: FuelVETable[3,4]
[00:50:19.871] [INFO] [AutoTuneEventPublisher] Domain olayı yayınlandı: DecisionCreated (Oturum: 010b1ee3-dc37-40e1-857b-9353015c8705)
[00:50:19.871] [INFO] [CalibrationStreamPublisher] Uygulanan değişiklik yayınlandı: Lambda adres: AFRTargetTable[3,4]
[00:50:19.871] [INFO] [AutoTuneEventPublisher] Domain olayı yayınlandı: DecisionCreated (Oturum: 010b1ee3-dc37-40e1-857b-9353015c8705)
[00:50:19.872] [INFO] [CalibrationStreamPublisher] Uygulanan değişiklik yayınlandı: Ignition adres: IgnitionTable[3,4]
[00:50:19.872] [INFO] [AutoTuneEventPublisher] Domain olayı yayınlandı: DecisionCreated (Oturum: 010b1ee3-dc37-40e1-857b-9353015c8705)
[00:50:19.872] [INFO] [CalibrationStreamPublisher] Uygulanan değişiklik yayınlandı: VE adres: FuelVETable[3,4]
[00:50:19.872] [INFO] [AutoTuneEventPublisher] Domain olayı yayınlandı: TelemetryWindowAccepted (Oturum: 010b1ee3-dc37-40e1-857b-9353015c8705)
[00:50:19.872] [INFO] [AutoTuneEventPublisher] Domain olayı yayınlandı: DecisionCreated (Oturum: 010b1ee3-dc37-40e1-857b-9353015c8705)
[00:50:19.872] [INFO] [CalibrationStreamPublisher] Uygulanan değişiklik yayınlandı: Fuel adres: FuelVETable[3,4]
[00:50:19.872] [INFO] [AutoTuneEventPublisher] Domain olayı yayınlandı: DecisionCreated (Oturum: 010b1ee3-dc37-40e1-857b-9353015c8705)
[00:50:19.873] [INFO] [CalibrationStreamPublisher] Uygulanan değişiklik yayınlandı: Lambda adres: AFRTargetTable[3,4]
[00:50:19.873] [INFO] [AutoTuneEventPublisher] Domain olayı yayınlandı: DecisionCreated (Oturum: 010b1ee3-dc37-40e1-857b-9353015c8705)
[00:50:19.873] [INFO] [CalibrationStreamPublisher] Uygulanan değişiklik yayınlandı: Ignition adres: IgnitionTable[3,4]
[00:50:19.873] [INFO] [AutoTuneEventPublisher] Domain olayı yayınlandı: DecisionCreated (Oturum: 010b1ee3-dc37-40e1-857b-9353015c8705)
[00:50:19.873] [INFO] [CalibrationStreamPublisher] Uygulanan değişiklik yayınlandı: VE adres: FuelVETable[3,4]
[00:50:19.874] [INFO] [AutoTuneEventPublisher] Domain olayı yayınlandı: TelemetryWindowAccepted (Oturum: 010b1ee3-dc37-40e1-857b-9353015c8705)
[00:50:19.874] [INFO] [AutoTuneEventPublisher] Domain olayı yayınlandı: DecisionCreated (Oturum: 010b1ee3-dc37-40e1-857b-9353015c8705)
[00:50:19.874] [INFO] [CalibrationStreamPublisher] Uygulanan değişiklik yayınlandı: Fuel adres: FuelVETable[3,4]
[00:50:19.874] [INFO] [AutoTuneEventPublisher] Domain olayı yayınlandı: DecisionCreated (Oturum: 010b1ee3-dc37-40e1-857b-9353015c8705)
[00:50:19.874] [INFO] [CalibrationStreamPublisher] Uygulanan değişiklik yayınlandı: Lambda adres: AFRTargetTable[3,4]
[00:50:19.874] [INFO] [AutoTuneEventPublisher] Domain olayı yayınlandı: DecisionCreated (Oturum: 010b1ee3-dc37-40e1-857b-9353015c8705)
[00:50:19.874] [INFO] [CalibrationStreamPublisher] Uygulanan değişiklik yayınlandı: Ignition adres: IgnitionTable[3,4]
[00:50:19.875] [INFO] [AutoTuneEventPublisher] Domain olayı yayınlandı: DecisionCreated (Oturum: 010b1ee3-dc37-40e1-857b-9353015c8705)
[00:50:19.875] [INFO] [CalibrationStreamPublisher] Uygulanan değişiklik yayınlandı: VE adres: FuelVETable[3,4]
[00:50:19.875] [INFO] [AutoTuneEventPublisher] Domain olayı yayınlandı: TelemetryWindowAccepted (Oturum: 010b1ee3-dc37-40e1-857b-9353015c8705)
[00:50:19.875] [INFO] [AutoTuneEventPublisher] Domain olayı yayınlandı: DecisionCreated (Oturum: 010b1ee3-dc37-40e1-857b-9353015c8705)
[00:50:19.875] [INFO] [CalibrationStreamPublisher] Uygulanan değişiklik yayınlandı: Fuel adres: FuelVETable[3,4]
[00:50:19.876] [INFO] [AutoTuneEventPublisher] Domain olayı yayınlandı: DecisionCreated (Oturum: 010b1ee3-dc37-40e1-857b-9353015c8705)
[00:50:19.876] [INFO] [CalibrationStreamPublisher] Uygulanan değişiklik yayınlandı: Lambda adres: AFRTargetTable[3,4]
[00:50:19.876] [INFO] [AutoTuneEventPublisher] Domain olayı yayınlandı: DecisionCreated (Oturum: 010b1ee3-dc37-40e1-857b-9353015c8705)
[00:50:19.876] [INFO] [CalibrationStreamPublisher] Uygulanan değişiklik yayınlandı: Ignition adres: IgnitionTable[3,4]
[00:50:19.876] [INFO] [AutoTuneEventPublisher] Domain olayı yayınlandı: DecisionCreated (Oturum: 010b1ee3-dc37-40e1-857b-9353015c8705)
[00:50:19.876] [INFO] [CalibrationStreamPublisher] Uygulanan değişiklik yayınlandı: VE adres: FuelVETable[3,4]
[00:50:19.876] [INFO] [AutoTuneEventPublisher] Domain olayı yayınlandı: TelemetryWindowAccepted (Oturum: 010b1ee3-dc37-40e1-857b-9353015c8705)
[00:50:19.877] [INFO] [AutoTuneEventPublisher] Domain olayı yayınlandı: DecisionCreated (Oturum: 010b1ee3-dc37-40e1-857b-9353015c8705)
[00:50:19.877] [INFO] [CalibrationStreamPublisher] Uygulanan değişiklik yayınlandı: Fuel adres: FuelVETable[3,4]
[00:50:19.877] [INFO] [AutoTuneEventPublisher] Domain olayı yayınlandı: DecisionCreated (Oturum: 010b1ee3-dc37-40e1-857b-9353015c8705)
[00:50:19.877] [INFO] [CalibrationStreamPublisher] Uygulanan değişiklik yayınlandı: Lambda adres: AFRTargetTable[3,4]
[00:50:19.877] [INFO] [AutoTuneEventPublisher] Domain olayı yayınlandı: DecisionCreated (Oturum: 010b1ee3-dc37-40e1-857b-9353015c8705)
[00:50:19.877] [INFO] [CalibrationStreamPublisher] Uygulanan değişiklik yayınlandı: Ignition adres: IgnitionTable[3,4]
[00:50:19.877] [INFO] [AutoTuneEventPublisher] Domain olayı yayınlandı: DecisionCreated (Oturum: 010b1ee3-dc37-40e1-857b-9353015c8705)
[00:50:19.877] [INFO] [CalibrationStreamPublisher] Uygulanan değişiklik yayınlandı: VE adres: FuelVETable[3,4]
[00:50:19.877] [INFO] [AutoTuneEventPublisher] Domain olayı yayınlandı: SessionStopped (Oturum: 010b1ee3-dc37-40e1-857b-9353015c8705)
[00:50:19.882] [INFO] [AdaptiveMemory] V1 hafıza verisi V2 şemasına başarıyla taşındı. Toplam kayıt: 1
[00:50:19.883] [INFO] [AutoTuneSafetyManager] Güvenlik limitleri yüklendi. Etkin kural sayısı: 4
[00:50:19.883] [INFO] [AutoTuneEventPublisher] Domain olayı yayınlandı: SessionCreated (Oturum: 6fdf56a6-7284-4a65-8616-a3f9e37d8049)
[00:50:19.883] [INFO] [AutoTuneEngine] Oturum başarıyla başlatıldı: 6fdf56a6-7284-4a65-8616-a3f9e37d8049
[00:50:19.883] [INFO] [AutoTuneEventPublisher] Domain olayı yayınlandı: SessionStopped (Oturum: 6fdf56a6-7284-4a65-8616-a3f9e37d8049)
[00:50:19.884] [INFO] [AutoTuneSafetyManager] Güvenlik limitleri yüklendi. Etkin kural sayısı: 4
[00:50:19.884] [INFO] [AutoTuneEventPublisher] Domain olayı yayınlandı: SessionCreated (Oturum: f137b204-b472-4b5a-b535-b2b0b3647126)
[00:50:19.884] [INFO] [AutoTuneEngine] Oturum başarıyla başlatıldı: f137b204-b472-4b5a-b535-b2b0b3647126
[00:50:19.884] [INFO] [AutoTuneEventPublisher] Domain olayı yayınlandı: SessionStopped (Oturum: f137b204-b472-4b5a-b535-b2b0b3647126)
[00:50:19.886] [INFO] [RtpCalibrationEngine] Connecting to RTP emulator...
[00:50:19.886] [INFO] [RtpCalibrationEngine] RTP emulator connected successfully.
[00:50:19.886] [INFO] [RtpCalibrationEngine] Real-time synchronization active.
[00:50:19.887] [INFO] [RtpCalibrationEngine] Real-time synchronization paused.
[00:50:19.887] [INFO] [RtpCalibrationEngine] RTP Emulator disconnected.
[00:50:19.888] [INFO] [RtpCalibrationEngine] Connecting to RTP emulator...
[00:50:19.888] [INFO] [RtpCalibrationEngine] RTP emulator connected successfully.
[00:50:19.888] [INFO] [RtpCalibrationEngine] Real-time synchronization active.
[00:50:19.890] [INFO] [CalibrationManager] Değişiklik kaydedildi:  [ -> 99]
[00:50:20.106] [INFO] [RtpCalibrationEngine] Connecting to RTP emulator...
[00:50:20.107] [INFO] [RtpCalibrationEngine] RTP emulator connected successfully.
[00:50:20.109] [INFO] [CalibrationManager] Değişiklik kaydedildi:  [ -> 10]
[00:50:20.118] [INFO] [CalibrationManager] Değişiklik kaydedildi:  [ -> 11]
[00:50:20.128] [INFO] [CalibrationManager] Değişiklik kaydedildi:  [ -> 12]
[00:50:20.128] [INFO] [RtpCalibrationEngine] Real-time synchronization active.
[00:50:20.330] [INFO] [RtpCalibrationEngine] Connecting to RTP emulator...
[00:50:20.330] [INFO] [RtpCalibrationEngine] RTP emulator connected successfully.
[00:50:20.332] [INFO] [CalibrationManager] Değişiklik kaydedildi:  [ -> 1]
[00:50:20.340] [INFO] [CalibrationManager] Değişiklik kaydedildi:  [ -> 2]
[00:50:20.341] [INFO] [CalibrationManager] Değişiklik kaydedildi:  [ -> 3]
[00:50:20.342] [INFO] [RtpCalibrationEngine] Real-time synchronization active.
[00:50:20.549] [INFO] [RtpCalibrationEngine] Connecting to RTP emulator...
[00:50:20.550] [INFO] [RtpCalibrationEngine] RTP emulator connected successfully.
[00:50:20.550] [INFO] [RtpCalibrationEngine] Real-time synchronization active.
[00:50:20.552] [INFO] [CalibrationManager] Değişiklik kaydedildi:  [ -> 45]
[00:50:20.768] [INFO] [RtpCalibrationEngine] Connecting to RTP emulator...
[00:50:20.768] [INFO] [RtpCalibrationEngine] RTP emulator connected successfully.
[00:50:20.768] [INFO] [RtpCalibrationEngine] Real-time synchronization active.
[00:50:20.770] [INFO] [CalibrationManager] Değişiklik kaydedildi:  [ -> 5]
[00:50:20.772] [INFO] [CalibrationManager] Değişiklik kaydedildi:  [ -> 5]
[00:50:20.773] [INFO] [CalibrationManager] Değişiklik kaydedildi:  [ -> 5]
[00:50:20.782] [INFO] [CalibrationManager] Değişiklik kaydedildi:  [ -> 5]
[00:50:20.791] [WARNING] [RtpCalibrationEngine] Could not save persistent sync queue: The process cannot access the file 'C:\Users\ayhan\OneDrive\Desktop\Canlı OBD2 Araç Telemetri Ekranı\HondaTuner\bin\Debug\net6.0-windows\Database\pending_rtp_queue.json' because it is being used by another process.
[00:50:20.800] [INFO] [CalibrationManager] Değişiklik kaydedildi:  [ -> 5]
[00:50:20.801] [INFO] [CalibrationManager] Değişiklik kaydedildi:  [ -> 5]
[00:50:20.802] [INFO] [CalibrationManager] Değişiklik kaydedildi:  [ -> 5]
[00:50:20.803] [INFO] [CalibrationManager] Değişiklik kaydedildi:  [ -> 5]
[00:50:20.804] [INFO] [CalibrationManager] Değişiklik kaydedildi:  [ -> 5]
[00:50:20.806] [INFO] [CalibrationManager] Değişiklik kaydedildi:  [ -> 5]
[00:50:20.807] [INFO] [CalibrationManager] Değişiklik kaydedildi:  [ -> 5]
[00:50:20.808] [INFO] [CalibrationManager] Değişiklik kaydedildi:  [ -> 5]
[00:50:20.821] [INFO] [CalibrationManager] Değişiklik kaydedildi:  [ -> 5]
[00:50:20.822] [INFO] [CalibrationManager] Değişiklik kaydedildi:  [ -> 5]
[00:50:20.823] [INFO] [CalibrationManager] Değişiklik kaydedildi:  [ -> 5]
[00:50:20.825] [INFO] [CalibrationManager] Değişiklik kaydedildi:  [ -> 5]
[00:50:20.826] [INFO] [CalibrationManager] Değişiklik kaydedildi:  [ -> 5]
[00:50:20.827] [INFO] [CalibrationManager] Değişiklik kaydedildi:  [ -> 5]
[00:50:20.828] [INFO] [CalibrationManager] Değişiklik kaydedildi:  [ -> 5]
[00:50:20.829] [INFO] [CalibrationManager] Değişiklik kaydedildi:  [ -> 5]
[00:50:20.830] [INFO] [CalibrationManager] Değişiklik kaydedildi:  [ -> 5]
[00:50:20.832] [INFO] [CalibrationManager] Değişiklik kaydedildi:  [ -> 5]
[00:50:20.833] [INFO] [CalibrationManager] Değişiklik kaydedildi:  [ -> 5]
[00:50:20.834] [INFO] [CalibrationManager] Değişiklik kaydedildi:  [ -> 5]
[00:50:20.835] [INFO] [CalibrationManager] Değişiklik kaydedildi:  [ -> 5]
[00:50:20.836] [INFO] [CalibrationManager] Değişiklik kaydedildi:  [ -> 5]
[00:50:20.837] [INFO] [CalibrationManager] Değişiklik kaydedildi:  [ -> 5]
[00:50:20.839] [INFO] [CalibrationManager] Değişiklik kaydedildi:  [ -> 5]
[00:50:20.840] [INFO] [CalibrationManager] Değişiklik kaydedildi:  [ -> 5]
[00:50:20.841] [INFO] [CalibrationManager] Değişiklik kaydedildi:  [ -> 5]
[00:50:20.842] [INFO] [CalibrationManager] Değişiklik kaydedildi:  [ -> 5]
[00:50:20.850] [WARNING] [RtpCalibrationEngine] Could not save persistent sync queue: The process cannot access the file 'C:\Users\ayhan\OneDrive\Desktop\Canlı OBD2 Araç Telemetri Ekranı\HondaTuner\bin\Debug\net6.0-windows\Database\pending_rtp_queue.json' because it is being used by another process.
[00:50:20.850] [INFO] [CalibrationManager] Değişiklik kaydedildi:  [ -> 5]
[00:50:20.851] [INFO] [CalibrationManager] Değişiklik kaydedildi:  [ -> 5]
[00:50:20.853] [INFO] [CalibrationManager] Değişiklik kaydedildi:  [ -> 5]
[00:50:20.854] [INFO] [CalibrationManager] Değişiklik kaydedildi:  [ -> 5]
[00:50:20.855] [INFO] [CalibrationManager] Değişiklik kaydedildi:  [ -> 5]
[00:50:20.856] [INFO] [CalibrationManager] Değişiklik kaydedildi:  [ -> 5]
[00:50:20.857] [INFO] [CalibrationManager] Değişiklik kaydedildi:  [ -> 5]
[00:50:20.858] [INFO] [CalibrationManager] Değişiklik kaydedildi:  [ -> 5]
[00:50:20.859] [INFO] [CalibrationManager] Değişiklik kaydedildi:  [ -> 5]
[00:50:20.860] [INFO] [CalibrationManager] Değişiklik kaydedildi:  [ -> 5]
[00:50:20.862] [INFO] [CalibrationManager] Değişiklik kaydedildi:  [ -> 5]
[00:50:20.863] [INFO] [CalibrationManager] Değişiklik kaydedildi:  [ -> 5]
[00:50:20.864] [INFO] [CalibrationManager] Değişiklik kaydedildi:  [ -> 5]
[00:50:20.865] [INFO] [CalibrationManager] Değişiklik kaydedildi:  [ -> 5]
[00:50:20.866] [INFO] [CalibrationManager] Değişiklik kaydedildi:  [ -> 5]
[00:50:20.867] [INFO] [CalibrationManager] Değişiklik kaydedildi:  [ -> 5]
[00:50:20.868] [INFO] [CalibrationManager] Değişiklik kaydedildi:  [ -> 5]
[00:50:20.877] [WARNING] [RtpCalibrationEngine] Could not save persistent sync queue: The process cannot access the file 'C:\Users\ayhan\OneDrive\Desktop\Canlı OBD2 Araç Telemetri Ekranı\HondaTuner\bin\Debug\net6.0-windows\Database\pending_rtp_queue.json' because it is being used by another process.
[00:50:20.884] [INFO] [CalibrationManager] Değişiklik kaydedildi:  [ -> 5]
[00:50:20.885] [INFO] [CalibrationManager] Değişiklik kaydedildi:  [ -> 5]
[00:50:20.886] [INFO] [CalibrationManager] Değişiklik kaydedildi:  [ -> 5]
[00:50:20.887] [INFO] [CalibrationManager] Değişiklik kaydedildi:  [ -> 5]
[00:50:20.889] [INFO] [CalibrationManager] Değişiklik kaydedildi:  [ -> 5]
[00:50:20.890] [INFO] [CalibrationManager] Değişiklik kaydedildi:  [ -> 5]
[00:50:20.891] [INFO] [CalibrationManager] Değişiklik kaydedildi:  [ -> 5]
[00:50:20.892] [INFO] [CalibrationManager] Değişiklik kaydedildi:  [ -> 5]
[00:50:20.894] [INFO] [CalibrationManager] Değişiklik kaydedildi:  [ -> 5]
[00:50:20.895] [INFO] [CalibrationManager] Değişiklik kaydedildi:  [ -> 5]
[00:50:20.896] [INFO] [CalibrationManager] Değişiklik kaydedildi:  [ -> 5]
[00:50:20.897] [INFO] [CalibrationManager] Değişiklik kaydedildi:  [ -> 5]
[00:50:20.898] [INFO] [CalibrationManager] Değişiklik kaydedildi:  [ -> 5]
[00:50:20.899] [INFO] [CalibrationManager] Değişiklik kaydedildi:  [ -> 5]
[00:50:20.900] [INFO] [CalibrationManager] Değişiklik kaydedildi:  [ -> 5]
[00:50:20.902] [INFO] [CalibrationManager] Değişiklik kaydedildi:  [ -> 5]
[00:50:20.903] [INFO] [CalibrationManager] Değişiklik kaydedildi:  [ -> 5]
[00:50:20.904] [INFO] [CalibrationManager] Değişiklik kaydedildi:  [ -> 5]
[00:50:20.905] [INFO] [CalibrationManager] Değişiklik kaydedildi:  [ -> 5]
[00:50:20.907] [INFO] [CalibrationManager] Değişiklik kaydedildi:  [ -> 5]
[00:50:20.908] [INFO] [CalibrationManager] Değişiklik kaydedildi:  [ -> 5]
[00:50:20.909] [INFO] [CalibrationManager] Değişiklik kaydedildi:  [ -> 5]
[00:50:20.910] [INFO] [CalibrationManager] Değişiklik kaydedildi:  [ -> 5]
[00:50:20.911] [INFO] [CalibrationManager] Değişiklik kaydedildi:  [ -> 5]
[00:50:20.912] [INFO] [CalibrationManager] Değişiklik kaydedildi:  [ -> 5]
[00:50:20.914] [INFO] [CalibrationManager] Değişiklik kaydedildi:  [ -> 5]
[00:50:20.915] [INFO] [CalibrationManager] Değişiklik kaydedildi:  [ -> 5]
[00:50:20.916] [INFO] [CalibrationManager] Değişiklik kaydedildi:  [ -> 5]
[00:50:20.917] [INFO] [CalibrationManager] Değişiklik kaydedildi:  [ -> 5]
[00:50:20.918] [INFO] [CalibrationManager] Değişiklik kaydedildi:  [ -> 5]
[00:50:20.919] [INFO] [CalibrationManager] Değişiklik kaydedildi:  [ -> 5]
[00:50:20.920] [INFO] [CalibrationManager] Değişiklik kaydedildi:  [ -> 5]
[00:50:20.922] [INFO] [CalibrationManager] Değişiklik kaydedildi:  [ -> 5]
[00:50:20.923] [INFO] [CalibrationManager] Değişiklik kaydedildi:  [ -> 5]
[00:50:20.924] [INFO] [CalibrationManager] Değişiklik kaydedildi:  [ -> 5]
[00:50:20.925] [INFO] [CalibrationManager] Değişiklik kaydedildi:  [ -> 5]
[00:50:20.927] [INFO] [CalibrationManager] Değişiklik kaydedildi:  [ -> 5]
[00:50:20.928] [INFO] [CalibrationManager] Değişiklik kaydedildi:  [ -> 5]
[00:50:20.929] [INFO] [CalibrationManager] Değişiklik kaydedildi:  [ -> 5]
[00:50:20.931] [INFO] [CalibrationManager] Değişiklik kaydedildi:  [ -> 5]
[00:50:20.932] [INFO] [CalibrationManager] Değişiklik kaydedildi:  [ -> 5]
[00:50:20.933] [INFO] [CalibrationManager] Değişiklik kaydedildi:  [ -> 5]
[00:50:20.934] [INFO] [CalibrationManager] Değişiklik kaydedildi:  [ -> 5]
[00:50:20.936] [INFO] [CalibrationManager] Değişiklik kaydedildi:  [ -> 5]
[00:50:20.937] [INFO] [CalibrationManager] Değişiklik kaydedildi:  [ -> 5]
[00:50:20.938] [INFO] [CalibrationManager] Değişiklik kaydedildi:  [ -> 5]
[00:50:20.939] [INFO] [CalibrationManager] Değişiklik kaydedildi:  [ -> 5]
[00:50:20.941] [INFO] [CalibrationManager] Değişiklik kaydedildi:  [ -> 5]
[00:50:20.942] [INFO] [CalibrationManager] Değişiklik kaydedildi:  [ -> 5]
[00:50:20.943] [INFO] [CalibrationManager] Değişiklik kaydedildi:  [ -> 5]
[00:50:20.945] [INFO] [CalibrationManager] Değişiklik kaydedildi:  [ -> 5]
[00:50:20.946] [INFO] [CalibrationManager] Değişiklik kaydedildi:  [ -> 5]
[00:50:20.947] [INFO] [CalibrationManager] Değişiklik kaydedildi:  [ -> 5]
[00:50:20.948] [INFO] [CalibrationManager] Değişiklik kaydedildi:  [ -> 5]
[00:50:20.950] [INFO] [CalibrationManager] Değişiklik kaydedildi:  [ -> 5]
[00:50:20.952] [INFO] [CalibrationManager] Değişiklik kaydedildi:  [ -> 5]
[00:50:20.953] [INFO] [CalibrationManager] Değişiklik kaydedildi:  [ -> 5]
[00:50:20.954] [INFO] [CalibrationManager] Değişiklik kaydedildi:  [ -> 5]
[00:50:20.956] [INFO] [CalibrationManager] Değişiklik kaydedildi:  [ -> 5]
[00:50:20.957] [INFO] [CalibrationManager] Değişiklik kaydedildi:  [ -> 5]
[00:50:20.958] [INFO] [CalibrationManager] Değişiklik kaydedildi:  [ -> 5]
[00:50:20.959] [INFO] [CalibrationManager] Değişiklik kaydedildi:  [ -> 5]
[00:50:20.960] [INFO] [CalibrationManager] Değişiklik kaydedildi:  [ -> 5]
[00:50:20.961] [INFO] [CalibrationManager] Değişiklik kaydedildi:  [ -> 5]
[00:50:20.962] [INFO] [CalibrationManager] Değişiklik kaydedildi:  [ -> 5]
[00:50:20.964] [INFO] [CalibrationManager] Değişiklik kaydedildi:  [ -> 5]
[00:50:20.965] [INFO] [CalibrationManager] Değişiklik kaydedildi:  [ -> 5]
[00:50:20.966] [INFO] [CalibrationManager] Değişiklik kaydedildi:  [ -> 5]
[00:50:20.967] [INFO] [CalibrationManager] Değişiklik kaydedildi:  [ -> 5]
[00:50:20.968] [INFO] [CalibrationManager] Değişiklik kaydedildi:  [ -> 5]
[00:50:20.969] [INFO] [CalibrationManager] Değişiklik kaydedildi:  [ -> 5]
[00:50:20.970] [INFO] [CalibrationManager] Değişiklik kaydedildi:  [ -> 5]
[00:50:20.971] [INFO] [CalibrationManager] Değişiklik kaydedildi:  [ -> 5]
[00:50:20.980] [WARNING] [RtpCalibrationEngine] Could not save persistent sync queue: The process cannot access the file 'C:\Users\ayhan\OneDrive\Desktop\Canlı OBD2 Araç Telemetri Ekranı\HondaTuner\bin\Debug\net6.0-windows\Database\pending_rtp_queue.json' because it is being used by another process.
[00:50:20.987] [INFO] [CalibrationManager] Değişiklik kaydedildi:  [ -> 5]
[00:50:20.988] [INFO] [CalibrationManager] Değişiklik kaydedildi:  [ -> 5]
[00:50:20.989] [INFO] [CalibrationManager] Değişiklik kaydedildi:  [ -> 5]
[00:50:20.991] [INFO] [CalibrationManager] Değişiklik kaydedildi:  [ -> 5]
[00:50:20.992] [INFO] [CalibrationManager] Değişiklik kaydedildi:  [ -> 5]
[00:50:20.993] [INFO] [CalibrationManager] Değişiklik kaydedildi:  [ -> 5]
[00:50:20.994] [INFO] [CalibrationManager] Değişiklik kaydedildi:  [ -> 5]
[00:50:20.996] [INFO] [CalibrationManager] Değişiklik kaydedildi:  [ -> 5]
[00:50:20.997] [INFO] [CalibrationManager] Değişiklik kaydedildi:  [ -> 5]
[00:50:20.998] [INFO] [CalibrationManager] Değişiklik kaydedildi:  [ -> 5]
[00:50:21.006] [INFO] [CalibrationManager] Değişiklik kaydedildi:  [ -> 5]
[00:50:21.007] [INFO] [CalibrationManager] Değişiklik kaydedildi:  [ -> 5]
[00:50:21.009] [INFO] [CalibrationManager] Değişiklik kaydedildi:  [ -> 5]
[00:50:21.010] [INFO] [CalibrationManager] Değişiklik kaydedildi:  [ -> 5]
[00:50:21.011] [INFO] [CalibrationManager] Değişiklik kaydedildi:  [ -> 5]
[00:50:21.013] [INFO] [CalibrationManager] Değişiklik kaydedildi:  [ -> 5]
[00:50:21.014] [INFO] [CalibrationManager] Değişiklik kaydedildi:  [ -> 5]
[00:50:21.015] [INFO] [CalibrationManager] Değişiklik kaydedildi:  [ -> 5]
[00:50:21.016] [INFO] [CalibrationManager] Değişiklik kaydedildi:  [ -> 5]
[00:50:21.017] [INFO] [CalibrationManager] Değişiklik kaydedildi:  [ -> 5]
[00:50:21.019] [INFO] [CalibrationManager] Değişiklik kaydedildi:  [ -> 5]
[00:50:21.020] [INFO] [CalibrationManager] Değişiklik kaydedildi:  [ -> 5]
[00:50:21.021] [INFO] [CalibrationManager] Değişiklik kaydedildi:  [ -> 5]
[00:50:21.023] [INFO] [CalibrationManager] Değişiklik kaydedildi:  [ -> 5]
[00:50:21.024] [INFO] [CalibrationManager] Değişiklik kaydedildi:  [ -> 5]
[00:50:21.025] [INFO] [CalibrationManager] Değişiklik kaydedildi:  [ -> 5]
[00:50:21.026] [INFO] [CalibrationManager] Değişiklik kaydedildi:  [ -> 5]
[00:50:21.028] [INFO] [CalibrationManager] Değişiklik kaydedildi:  [ -> 5]
[00:50:21.029] [INFO] [CalibrationManager] Değişiklik kaydedildi:  [ -> 5]
[00:50:21.031] [INFO] [CalibrationManager] Değişiklik kaydedildi:  [ -> 5]
[00:50:21.032] [INFO] [CalibrationManager] Değişiklik kaydedildi:  [ -> 5]
[00:50:21.033] [INFO] [CalibrationManager] Değişiklik kaydedildi:  [ -> 5]
[00:50:21.034] [INFO] [CalibrationManager] Değişiklik kaydedildi:  [ -> 5]
[00:50:21.035] [INFO] [CalibrationManager] Değişiklik kaydedildi:  [ -> 5]
[00:50:21.037] [INFO] [CalibrationManager] Değişiklik kaydedildi:  [ -> 5]
[00:50:21.038] [INFO] [CalibrationManager] Değişiklik kaydedildi:  [ -> 5]
[00:50:21.039] [INFO] [CalibrationManager] Değişiklik kaydedildi:  [ -> 5]
[00:50:21.041] [INFO] [CalibrationManager] Değişiklik kaydedildi:  [ -> 5]
[00:50:21.042] [INFO] [CalibrationManager] Değişiklik kaydedildi:  [ -> 5]
[00:50:21.043] [INFO] [CalibrationManager] Değişiklik kaydedildi:  [ -> 5]
[00:50:21.044] [INFO] [CalibrationManager] Değişiklik kaydedildi:  [ -> 5]
[00:50:21.046] [INFO] [CalibrationManager] Değişiklik kaydedildi:  [ -> 5]
[00:50:21.047] [INFO] [CalibrationManager] Değişiklik kaydedildi:  [ -> 5]
[00:50:21.048] [INFO] [CalibrationManager] Değişiklik kaydedildi:  [ -> 5]
[00:50:21.050] [INFO] [CalibrationManager] Değişiklik kaydedildi:  [ -> 5]
[00:50:21.051] [INFO] [CalibrationManager] Değişiklik kaydedildi:  [ -> 5]
[00:50:21.052] [INFO] [CalibrationManager] Değişiklik kaydedildi:  [ -> 5]
[00:50:21.053] [INFO] [CalibrationManager] Değişiklik kaydedildi:  [ -> 5]
[00:50:21.054] [INFO] [CalibrationManager] Değişiklik kaydedildi:  [ -> 5]
[00:50:21.056] [INFO] [CalibrationManager] Değişiklik kaydedildi:  [ -> 5]
[00:50:21.057] [INFO] [CalibrationManager] Değişiklik kaydedildi:  [ -> 5]
[00:50:21.058] [INFO] [CalibrationManager] Değişiklik kaydedildi:  [ -> 5]
[00:50:21.059] [INFO] [CalibrationManager] Değişiklik kaydedildi:  [ -> 5]
[00:50:21.061] [INFO] [CalibrationManager] Değişiklik kaydedildi:  [ -> 5]
[00:50:21.062] [INFO] [CalibrationManager] Değişiklik kaydedildi:  [ -> 5]
[00:50:21.063] [INFO] [CalibrationManager] Değişiklik kaydedildi:  [ -> 5]
[00:50:21.064] [INFO] [CalibrationManager] Değişiklik kaydedildi:  [ -> 5]
[00:50:21.065] [INFO] [CalibrationManager] Değişiklik kaydedildi:  [ -> 5]
[00:50:21.067] [INFO] [CalibrationManager] Değişiklik kaydedildi:  [ -> 5]
[00:50:21.069] [INFO] [CalibrationManager] Değişiklik kaydedildi:  [ -> 5]
[00:50:21.070] [INFO] [CalibrationManager] Değişiklik kaydedildi:  [ -> 5]
[00:50:21.071] [INFO] [CalibrationManager] Değişiklik kaydedildi:  [ -> 5]
[00:50:21.072] [INFO] [CalibrationManager] Değişiklik kaydedildi:  [ -> 5]
[00:50:21.074] [INFO] [CalibrationManager] Değişiklik kaydedildi:  [ -> 5]
[00:50:21.075] [INFO] [CalibrationManager] Değişiklik kaydedildi:  [ -> 5]
[00:50:21.076] [INFO] [CalibrationManager] Değişiklik kaydedildi:  [ -> 5]
[00:50:21.078] [INFO] [CalibrationManager] Değişiklik kaydedildi:  [ -> 5]
[00:50:21.079] [INFO] [CalibrationManager] Değişiklik kaydedildi:  [ -> 5]
[00:50:21.080] [INFO] [CalibrationManager] Değişiklik kaydedildi:  [ -> 5]
[00:50:21.082] [INFO] [CalibrationManager] Değişiklik kaydedildi:  [ -> 5]
[00:50:21.083] [INFO] [CalibrationManager] Değişiklik kaydedildi:  [ -> 5]
[00:50:21.084] [INFO] [CalibrationManager] Değişiklik kaydedildi:  [ -> 5]
[00:50:21.086] [INFO] [CalibrationManager] Değişiklik kaydedildi:  [ -> 5]
[00:50:21.087] [INFO] [CalibrationManager] Değişiklik kaydedildi:  [ -> 5]
[00:50:21.088] [INFO] [CalibrationManager] Değişiklik kaydedildi:  [ -> 5]
[00:50:21.089] [INFO] [CalibrationManager] Değişiklik kaydedildi:  [ -> 5]
[00:50:21.091] [INFO] [CalibrationManager] Değişiklik kaydedildi:  [ -> 5]
[00:50:21.092] [INFO] [CalibrationManager] Değişiklik kaydedildi:  [ -> 5]
[00:50:21.093] [INFO] [CalibrationManager] Değişiklik kaydedildi:  [ -> 5]
[00:50:21.095] [INFO] [CalibrationManager] Değişiklik kaydedildi:  [ -> 5]
[00:50:21.096] [INFO] [CalibrationManager] Değişiklik kaydedildi:  [ -> 5]
[00:50:21.097] [INFO] [CalibrationManager] Değişiklik kaydedildi:  [ -> 5]
[00:50:21.099] [INFO] [CalibrationManager] Değişiklik kaydedildi:  [ -> 5]
[00:50:21.100] [INFO] [CalibrationManager] Değişiklik kaydedildi:  [ -> 5]
[00:50:21.101] [INFO] [CalibrationManager] Değişiklik kaydedildi:  [ -> 5]
[00:50:21.103] [INFO] [CalibrationManager] Değişiklik kaydedildi:  [ -> 5]
[00:50:21.104] [INFO] [CalibrationManager] Değişiklik kaydedildi:  [ -> 5]
[00:50:21.105] [INFO] [CalibrationManager] Değişiklik kaydedildi:  [ -> 5]
[00:50:21.106] [INFO] [CalibrationManager] Değişiklik kaydedildi:  [ -> 5]
[00:50:21.108] [INFO] [CalibrationManager] Değişiklik kaydedildi:  [ -> 5]
[00:50:21.109] [INFO] [CalibrationManager] Değişiklik kaydedildi:  [ -> 5]
[00:50:21.111] [INFO] [CalibrationManager] Değişiklik kaydedildi:  [ -> 5]
[00:50:21.113] [INFO] [CalibrationManager] Değişiklik kaydedildi:  [ -> 5]
[00:50:21.114] [INFO] [CalibrationManager] Değişiklik kaydedildi:  [ -> 5]
[00:50:21.116] [INFO] [CalibrationManager] Değişiklik kaydedildi:  [ -> 5]
[00:50:21.117] [INFO] [CalibrationManager] Değişiklik kaydedildi:  [ -> 5]
[00:50:21.119] [INFO] [CalibrationManager] Değişiklik kaydedildi:  [ -> 5]
[00:50:21.120] [INFO] [CalibrationManager] Değişiklik kaydedildi:  [ -> 5]
[00:50:21.121] [INFO] [CalibrationManager] Değişiklik kaydedildi:  [ -> 5]
[00:50:21.123] [INFO] [CalibrationManager] Değişiklik kaydedildi:  [ -> 5]
[00:50:21.124] [INFO] [CalibrationManager] Değişiklik kaydedildi:  [ -> 5]
[00:50:21.126] [INFO] [CalibrationManager] Değişiklik kaydedildi:  [ -> 5]
[00:50:21.127] [INFO] [CalibrationManager] Değişiklik kaydedildi:  [ -> 5]
[00:50:21.128] [INFO] [CalibrationManager] Değişiklik kaydedildi:  [ -> 5]
[00:50:21.130] [INFO] [CalibrationManager] Değişiklik kaydedildi:  [ -> 5]
[00:50:21.131] [INFO] [CalibrationManager] Değişiklik kaydedildi:  [ -> 5]
[00:50:21.132] [INFO] [CalibrationManager] Değişiklik kaydedildi:  [ -> 5]
[00:50:21.134] [INFO] [CalibrationManager] Değişiklik kaydedildi:  [ -> 5]
[00:50:21.135] [INFO] [CalibrationManager] Değişiklik kaydedildi:  [ -> 5]
[00:50:21.140] [WARNING] [RtpCalibrationEngine] Could not save persistent sync queue: The process cannot access the file 'C:\Users\ayhan\OneDrive\Desktop\Canlı OBD2 Araç Telemetri Ekranı\HondaTuner\bin\Debug\net6.0-windows\Database\pending_rtp_queue.json' because it is being used by another process.
[00:50:21.141] [INFO] [CalibrationManager] Değişiklik kaydedildi:  [ -> 5]
[00:50:21.148] [WARNING] [RtpCalibrationEngine] Could not save persistent sync queue: The process cannot access the file 'C:\Users\ayhan\OneDrive\Desktop\Canlı OBD2 Araç Telemetri Ekranı\HondaTuner\bin\Debug\net6.0-windows\Database\pending_rtp_queue.json' because it is being used by another process.
[00:50:21.148] [INFO] [CalibrationManager] Değişiklik kaydedildi:  [ -> 5]
[00:50:21.149] [INFO] [CalibrationManager] Değişiklik kaydedildi:  [ -> 5]
[00:50:21.151] [INFO] [CalibrationManager] Değişiklik kaydedildi:  [ -> 5]
[00:50:21.152] [INFO] [CalibrationManager] Değişiklik kaydedildi:  [ -> 5]
[00:50:21.154] [INFO] [CalibrationManager] Değişiklik kaydedildi:  [ -> 5]
[00:50:21.155] [INFO] [CalibrationManager] Değişiklik kaydedildi:  [ -> 5]
[00:50:21.156] [INFO] [CalibrationManager] Değişiklik kaydedildi:  [ -> 5]
[00:50:21.158] [INFO] [CalibrationManager] Değişiklik kaydedildi:  [ -> 5]
[00:50:21.159] [INFO] [CalibrationManager] Değişiklik kaydedildi:  [ -> 5]
[00:50:21.160] [INFO] [CalibrationManager] Değişiklik kaydedildi:  [ -> 5]
[00:50:21.161] [INFO] [CalibrationManager] Değişiklik kaydedildi:  [ -> 5]
[00:50:21.164] [INFO] [CalibrationManager] Değişiklik kaydedildi:  [ -> 5]
[00:50:21.165] [INFO] [CalibrationManager] Değişiklik kaydedildi:  [ -> 5]
[00:50:21.166] [INFO] [CalibrationManager] Değişiklik kaydedildi:  [ -> 5]
[00:50:21.168] [INFO] [CalibrationManager] Değişiklik kaydedildi:  [ -> 5]
[00:50:21.169] [INFO] [CalibrationManager] Değişiklik kaydedildi:  [ -> 5]
[00:50:21.171] [INFO] [CalibrationManager] Değişiklik kaydedildi:  [ -> 5]
[00:50:21.172] [INFO] [CalibrationManager] Değişiklik kaydedildi:  [ -> 5]
[00:50:21.173] [INFO] [CalibrationManager] Değişiklik kaydedildi:  [ -> 5]
[00:50:21.175] [INFO] [CalibrationManager] Değişiklik kaydedildi:  [ -> 5]
[00:50:21.176] [INFO] [CalibrationManager] Değişiklik kaydedildi:  [ -> 5]
[00:50:21.178] [INFO] [CalibrationManager] Değişiklik kaydedildi:  [ -> 5]
[00:50:21.179] [INFO] [CalibrationManager] Değişiklik kaydedildi:  [ -> 5]
[00:50:21.181] [INFO] [CalibrationManager] Değişiklik kaydedildi:  [ -> 5]
[00:50:21.182] [INFO] [CalibrationManager] Değişiklik kaydedildi:  [ -> 5]
[00:50:21.183] [INFO] [CalibrationManager] Değişiklik kaydedildi:  [ -> 5]
[00:50:21.185] [INFO] [CalibrationManager] Değişiklik kaydedildi:  [ -> 5]
[00:50:21.186] [INFO] [CalibrationManager] Değişiklik kaydedildi:  [ -> 5]
[00:50:21.187] [INFO] [CalibrationManager] Değişiklik kaydedildi:  [ -> 5]
[00:50:21.189] [INFO] [CalibrationManager] Değişiklik kaydedildi:  [ -> 5]
[00:50:21.190] [INFO] [CalibrationManager] Değişiklik kaydedildi:  [ -> 5]
[00:50:21.192] [INFO] [CalibrationManager] Değişiklik kaydedildi:  [ -> 5]
[00:50:21.193] [INFO] [CalibrationManager] Değişiklik kaydedildi:  [ -> 5]
[00:50:21.195] [INFO] [CalibrationManager] Değişiklik kaydedildi:  [ -> 5]
[00:50:21.196] [INFO] [CalibrationManager] Değişiklik kaydedildi:  [ -> 5]
[00:50:21.198] [INFO] [CalibrationManager] Değişiklik kaydedildi:  [ -> 5]
[00:50:21.199] [INFO] [CalibrationManager] Değişiklik kaydedildi:  [ -> 5]
[00:50:21.200] [INFO] [CalibrationManager] Değişiklik kaydedildi:  [ -> 5]
[00:50:21.203] [INFO] [CalibrationManager] Değişiklik kaydedildi:  [ -> 5]
[00:50:21.204] [INFO] [CalibrationManager] Değişiklik kaydedildi:  [ -> 5]
[00:50:21.206] [INFO] [CalibrationManager] Değişiklik kaydedildi:  [ -> 5]
[00:50:21.208] [INFO] [CalibrationManager] Değişiklik kaydedildi:  [ -> 5]
[00:50:21.209] [INFO] [CalibrationManager] Değişiklik kaydedildi:  [ -> 5]
[00:50:21.210] [INFO] [CalibrationManager] Değişiklik kaydedildi:  [ -> 5]
[00:50:21.212] [INFO] [CalibrationManager] Değişiklik kaydedildi:  [ -> 5]
[00:50:21.213] [INFO] [CalibrationManager] Değişiklik kaydedildi:  [ -> 5]
[00:50:21.214] [INFO] [CalibrationManager] Değişiklik kaydedildi:  [ -> 5]
[00:50:21.216] [INFO] [CalibrationManager] Değişiklik kaydedildi:  [ -> 5]
[00:50:21.217] [INFO] [CalibrationManager] Değişiklik kaydedildi:  [ -> 5]
[00:50:21.219] [INFO] [CalibrationManager] Değişiklik kaydedildi:  [ -> 5]
[00:50:21.220] [INFO] [CalibrationManager] Değişiklik kaydedildi:  [ -> 5]
[00:50:21.221] [INFO] [CalibrationManager] Değişiklik kaydedildi:  [ -> 5]
[00:50:21.223] [INFO] [CalibrationManager] Değişiklik kaydedildi:  [ -> 5]
[00:50:21.224] [INFO] [CalibrationManager] Değişiklik kaydedildi:  [ -> 5]
[00:50:21.226] [INFO] [CalibrationManager] Değişiklik kaydedildi:  [ -> 5]
[00:50:21.227] [INFO] [CalibrationManager] Değişiklik kaydedildi:  [ -> 5]
[00:50:21.228] [INFO] [CalibrationManager] Değişiklik kaydedildi:  [ -> 5]
[00:50:21.230] [INFO] [CalibrationManager] Değişiklik kaydedildi:  [ -> 5]
[00:50:21.231] [INFO] [CalibrationManager] Değişiklik kaydedildi:  [ -> 5]
[00:50:21.232] [INFO] [CalibrationManager] Değişiklik kaydedildi:  [ -> 5]
[00:50:21.234] [INFO] [CalibrationManager] Değişiklik kaydedildi:  [ -> 5]
[00:50:21.235] [INFO] [CalibrationManager] Değişiklik kaydedildi:  [ -> 5]
[00:50:21.238] [INFO] [CalibrationManager] Değişiklik kaydedildi:  [ -> 5]
[00:50:21.239] [INFO] [CalibrationManager] Değişiklik kaydedildi:  [ -> 5]
[00:50:21.241] [INFO] [CalibrationManager] Değişiklik kaydedildi:  [ -> 5]
[00:50:21.242] [INFO] [CalibrationManager] Değişiklik kaydedildi:  [ -> 5]
[00:50:21.243] [INFO] [CalibrationManager] Değişiklik kaydedildi:  [ -> 5]
[00:50:21.250] [INFO] [CalibrationManager] Değişiklik kaydedildi:  [ -> 5]
[00:50:21.252] [INFO] [CalibrationManager] Değişiklik kaydedildi:  [ -> 5]
[00:50:21.254] [INFO] [CalibrationManager] Değişiklik kaydedildi:  [ -> 5]
[00:50:21.255] [INFO] [CalibrationManager] Değişiklik kaydedildi:  [ -> 5]
[00:50:21.257] [INFO] [CalibrationManager] Değişiklik kaydedildi:  [ -> 5]
[00:50:21.258] [INFO] [CalibrationManager] Değişiklik kaydedildi:  [ -> 5]
[00:50:21.259] [INFO] [CalibrationManager] Değişiklik kaydedildi:  [ -> 5]
[00:50:21.261] [INFO] [CalibrationManager] Değişiklik kaydedildi:  [ -> 5]
[00:50:21.271] [INFO] [CalibrationManager] Değişiklik kaydedildi:  [ -> 5]
[00:50:21.272] [INFO] [CalibrationManager] Değişiklik kaydedildi:  [ -> 5]
[00:50:21.274] [INFO] [CalibrationManager] Değişiklik kaydedildi:  [ -> 5]
[00:50:21.276] [INFO] [CalibrationManager] Değişiklik kaydedildi:  [ -> 5]
[00:50:21.277] [INFO] [CalibrationManager] Değişiklik kaydedildi:  [ -> 5]
[00:50:21.278] [INFO] [CalibrationManager] Değişiklik kaydedildi:  [ -> 5]
[00:50:21.280] [INFO] [CalibrationManager] Değişiklik kaydedildi:  [ -> 5]
[00:50:21.281] [INFO] [CalibrationManager] Değişiklik kaydedildi:  [ -> 5]
[00:50:21.283] [INFO] [CalibrationManager] Değişiklik kaydedildi:  [ -> 5]
[00:50:21.284] [INFO] [CalibrationManager] Değişiklik kaydedildi:  [ -> 5]
[00:50:21.286] [INFO] [CalibrationManager] Değişiklik kaydedildi:  [ -> 5]
[00:50:21.288] [INFO] [CalibrationManager] Değişiklik kaydedildi:  [ -> 5]
[00:50:21.290] [INFO] [CalibrationManager] Değişiklik kaydedildi:  [ -> 5]
[00:50:21.291] [INFO] [CalibrationManager] Değişiklik kaydedildi:  [ -> 5]
[00:50:21.293] [INFO] [CalibrationManager] Değişiklik kaydedildi:  [ -> 5]
[00:50:21.294] [INFO] [CalibrationManager] Değişiklik kaydedildi:  [ -> 5]
[00:50:21.295] [INFO] [CalibrationManager] Değişiklik kaydedildi:  [ -> 5]
[00:50:21.297] [INFO] [CalibrationManager] Değişiklik kaydedildi:  [ -> 5]
[00:50:21.299] [INFO] [CalibrationManager] Değişiklik kaydedildi:  [ -> 5]
[00:50:21.300] [INFO] [CalibrationManager] Değişiklik kaydedildi:  [ -> 5]
[00:50:21.302] [INFO] [CalibrationManager] Değişiklik kaydedildi:  [ -> 5]
[00:50:21.303] [INFO] [CalibrationManager] Değişiklik kaydedildi:  [ -> 5]
[00:50:21.304] [INFO] [CalibrationManager] Değişiklik kaydedildi:  [ -> 5]
[00:50:21.306] [INFO] [CalibrationManager] Değişiklik kaydedildi:  [ -> 5]
[00:50:21.307] [INFO] [CalibrationManager] Değişiklik kaydedildi:  [ -> 5]
[00:50:21.308] [INFO] [CalibrationManager] Değişiklik kaydedildi:  [ -> 5]
[00:50:21.310] [INFO] [CalibrationManager] Değişiklik kaydedildi:  [ -> 5]
[00:50:21.311] [INFO] [CalibrationManager] Değişiklik kaydedildi:  [ -> 5]
[00:50:21.312] [INFO] [CalibrationManager] Değişiklik kaydedildi:  [ -> 5]
[00:50:21.314] [INFO] [CalibrationManager] Değişiklik kaydedildi:  [ -> 5]
[00:50:21.316] [INFO] [CalibrationManager] Değişiklik kaydedildi:  [ -> 5]
[00:50:21.317] [INFO] [CalibrationManager] Değişiklik kaydedildi:  [ -> 5]
[00:50:21.319] [INFO] [CalibrationManager] Değişiklik kaydedildi:  [ -> 5]
[00:50:21.321] [INFO] [CalibrationManager] Değişiklik kaydedildi:  [ -> 5]
[00:50:21.322] [INFO] [CalibrationManager] Değişiklik kaydedildi:  [ -> 5]
[00:50:21.332] [INFO] [CalibrationManager] Değişiklik kaydedildi:  [ -> 5]
[00:50:21.334] [INFO] [CalibrationManager] Değişiklik kaydedildi:  [ -> 5]
[00:50:21.336] [INFO] [CalibrationManager] Değişiklik kaydedildi:  [ -> 5]
[00:50:21.337] [INFO] [CalibrationManager] Değişiklik kaydedildi:  [ -> 5]
[00:50:21.338] [INFO] [CalibrationManager] Değişiklik kaydedildi:  [ -> 5]
[00:50:21.340] [INFO] [CalibrationManager] Değişiklik kaydedildi:  [ -> 5]
[00:50:21.341] [INFO] [CalibrationManager] Değişiklik kaydedildi:  [ -> 5]
[00:50:21.343] [INFO] [CalibrationManager] Değişiklik kaydedildi:  [ -> 5]
[00:50:21.344] [INFO] [CalibrationManager] Değişiklik kaydedildi:  [ -> 5]
[00:50:21.346] [INFO] [CalibrationManager] Değişiklik kaydedildi:  [ -> 5]
[00:50:21.347] [INFO] [CalibrationManager] Değişiklik kaydedildi:  [ -> 5]
[00:50:21.349] [INFO] [CalibrationManager] Değişiklik kaydedildi:  [ -> 5]
[00:50:21.350] [INFO] [CalibrationManager] Değişiklik kaydedildi:  [ -> 5]
[00:50:21.352] [INFO] [CalibrationManager] Değişiklik kaydedildi:  [ -> 5]
[00:50:21.356] [INFO] [CalibrationManager] Değişiklik kaydedildi:  [ -> 5]
[00:50:21.358] [INFO] [CalibrationManager] Değişiklik kaydedildi:  [ -> 5]
[00:50:21.359] [INFO] [CalibrationManager] Değişiklik kaydedildi:  [ -> 5]
[00:50:21.361] [INFO] [CalibrationManager] Değişiklik kaydedildi:  [ -> 5]
[00:50:21.362] [INFO] [CalibrationManager] Değişiklik kaydedildi:  [ -> 5]
[00:50:21.365] [INFO] [CalibrationManager] Değişiklik kaydedildi:  [ -> 5]
[00:50:21.366] [INFO] [CalibrationManager] Değişiklik kaydedildi:  [ -> 5]
[00:50:21.368] [INFO] [CalibrationManager] Değişiklik kaydedildi:  [ -> 5]
[00:50:21.370] [INFO] [CalibrationManager] Değişiklik kaydedildi:  [ -> 5]
[00:50:21.371] [INFO] [CalibrationManager] Değişiklik kaydedildi:  [ -> 5]
[00:50:21.372] [INFO] [CalibrationManager] Değişiklik kaydedildi:  [ -> 5]
[00:50:21.374] [INFO] [CalibrationManager] Değişiklik kaydedildi:  [ -> 5]
[00:50:21.376] [INFO] [CalibrationManager] Değişiklik kaydedildi:  [ -> 5]
[00:50:21.377] [INFO] [CalibrationManager] Değişiklik kaydedildi:  [ -> 5]
[00:50:21.379] [INFO] [CalibrationManager] Değişiklik kaydedildi:  [ -> 5]
[00:50:21.380] [INFO] [CalibrationManager] Değişiklik kaydedildi:  [ -> 5]
[00:50:21.382] [INFO] [CalibrationManager] Değişiklik kaydedildi:  [ -> 5]
[00:50:21.383] [INFO] [CalibrationManager] Değişiklik kaydedildi:  [ -> 5]
[00:50:21.384] [INFO] [CalibrationManager] Değişiklik kaydedildi:  [ -> 5]
[00:50:21.386] [INFO] [CalibrationManager] Değişiklik kaydedildi:  [ -> 5]
[00:50:21.388] [INFO] [CalibrationManager] Değişiklik kaydedildi:  [ -> 5]
[00:50:21.389] [INFO] [CalibrationManager] Değişiklik kaydedildi:  [ -> 5]
[00:50:21.391] [INFO] [CalibrationManager] Değişiklik kaydedildi:  [ -> 5]
[00:50:21.392] [INFO] [CalibrationManager] Değişiklik kaydedildi:  [ -> 5]
[00:50:21.394] [INFO] [CalibrationManager] Değişiklik kaydedildi:  [ -> 5]
[00:50:21.396] [INFO] [CalibrationManager] Değişiklik kaydedildi:  [ -> 5]
[00:50:21.398] [INFO] [CalibrationManager] Değişiklik kaydedildi:  [ -> 5]
[00:50:21.399] [INFO] [CalibrationManager] Değişiklik kaydedildi:  [ -> 5]
[00:50:21.401] [INFO] [CalibrationManager] Değişiklik kaydedildi:  [ -> 5]
[00:50:21.402] [INFO] [CalibrationManager] Değişiklik kaydedildi:  [ -> 5]
[00:50:21.404] [INFO] [CalibrationManager] Değişiklik kaydedildi:  [ -> 5]
[00:50:21.405] [INFO] [CalibrationManager] Değişiklik kaydedildi:  [ -> 5]
[00:50:21.407] [INFO] [CalibrationManager] Değişiklik kaydedildi:  [ -> 5]
[00:50:21.410] [INFO] [CalibrationManager] Değişiklik kaydedildi:  [ -> 5]
[00:50:21.417] [WARNING] [RtpCalibrationEngine] Could not save persistent sync queue: The process cannot access the file 'C:\Users\ayhan\OneDrive\Desktop\Canlı OBD2 Araç Telemetri Ekranı\HondaTuner\bin\Debug\net6.0-windows\Database\pending_rtp_queue.json' because it is being used by another process.
[00:50:21.417] [INFO] [CalibrationManager] Değişiklik kaydedildi:  [ -> 5]
[00:50:21.419] [INFO] [CalibrationManager] Değişiklik kaydedildi:  [ -> 5]
[00:50:21.420] [INFO] [CalibrationManager] Değişiklik kaydedildi:  [ -> 5]
[00:50:21.422] [INFO] [CalibrationManager] Değişiklik kaydedildi:  [ -> 5]
[00:50:21.423] [INFO] [CalibrationManager] Değişiklik kaydedildi:  [ -> 5]
[00:50:21.425] [INFO] [CalibrationManager] Değişiklik kaydedildi:  [ -> 5]
[00:50:21.426] [INFO] [CalibrationManager] Değişiklik kaydedildi:  [ -> 5]
[00:50:21.428] [INFO] [CalibrationManager] Değişiklik kaydedildi:  [ -> 5]
[00:50:21.429] [INFO] [CalibrationManager] Değişiklik kaydedildi:  [ -> 5]
[00:50:21.431] [INFO] [CalibrationManager] Değişiklik kaydedildi:  [ -> 5]
[00:50:21.434] [INFO] [CalibrationManager] Değişiklik kaydedildi:  [ -> 5]
[00:50:21.436] [INFO] [CalibrationManager] Değişiklik kaydedildi:  [ -> 5]
[00:50:21.437] [INFO] [CalibrationManager] Değişiklik kaydedildi:  [ -> 5]
[00:50:21.439] [INFO] [CalibrationManager] Değişiklik kaydedildi:  [ -> 5]
[00:50:21.440] [INFO] [CalibrationManager] Değişiklik kaydedildi:  [ -> 5]
[00:50:21.442] [INFO] [CalibrationManager] Değişiklik kaydedildi:  [ -> 5]
[00:50:21.443] [INFO] [CalibrationManager] Değişiklik kaydedildi:  [ -> 5]
[00:50:21.445] [INFO] [CalibrationManager] Değişiklik kaydedildi:  [ -> 5]
[00:50:21.446] [INFO] [CalibrationManager] Değişiklik kaydedildi:  [ -> 5]
[00:50:21.448] [INFO] [CalibrationManager] Değişiklik kaydedildi:  [ -> 5]
[00:50:21.449] [INFO] [CalibrationManager] Değişiklik kaydedildi:  [ -> 5]
[00:50:21.451] [INFO] [CalibrationManager] Değişiklik kaydedildi:  [ -> 5]
[00:50:21.452] [INFO] [CalibrationManager] Değişiklik kaydedildi:  [ -> 5]
[00:50:21.454] [INFO] [CalibrationManager] Değişiklik kaydedildi:  [ -> 5]
[00:50:21.455] [INFO] [CalibrationManager] Değişiklik kaydedildi:  [ -> 5]
[00:50:21.457] [INFO] [CalibrationManager] Değişiklik kaydedildi:  [ -> 5]
[00:50:21.458] [INFO] [CalibrationManager] Değişiklik kaydedildi:  [ -> 5]
[00:50:21.460] [INFO] [CalibrationManager] Değişiklik kaydedildi:  [ -> 5]
[00:50:21.462] [INFO] [CalibrationManager] Değişiklik kaydedildi:  [ -> 5]
[00:50:21.464] [INFO] [CalibrationManager] Değişiklik kaydedildi:  [ -> 5]
[00:50:21.465] [INFO] [CalibrationManager] Değişiklik kaydedildi:  [ -> 5]
[00:50:21.467] [INFO] [CalibrationManager] Değişiklik kaydedildi:  [ -> 5]
[00:50:21.468] [INFO] [CalibrationManager] Değişiklik kaydedildi:  [ -> 5]
[00:50:21.470] [INFO] [CalibrationManager] Değişiklik kaydedildi:  [ -> 5]
[00:50:21.471] [INFO] [CalibrationManager] Değişiklik kaydedildi:  [ -> 5]
[00:50:21.473] [INFO] [CalibrationManager] Değişiklik kaydedildi:  [ -> 5]
[00:50:21.474] [INFO] [CalibrationManager] Değişiklik kaydedildi:  [ -> 5]
[00:50:21.476] [INFO] [CalibrationManager] Değişiklik kaydedildi:  [ -> 5]
[00:50:21.477] [INFO] [CalibrationManager] Değişiklik kaydedildi:  [ -> 5]
[00:50:21.479] [INFO] [CalibrationManager] Değişiklik kaydedildi:  [ -> 5]
[00:50:21.480] [INFO] [CalibrationManager] Değişiklik kaydedildi:  [ -> 5]
[00:50:21.482] [INFO] [CalibrationManager] Değişiklik kaydedildi:  [ -> 5]
[00:50:21.483] [INFO] [CalibrationManager] Değişiklik kaydedildi:  [ -> 5]
[00:50:21.485] [INFO] [CalibrationManager] Değişiklik kaydedildi:  [ -> 5]
[00:50:21.486] [INFO] [CalibrationManager] Değişiklik kaydedildi:  [ -> 5]
[00:50:21.488] [INFO] [CalibrationManager] Değişiklik kaydedildi:  [ -> 5]
[00:50:21.491] [INFO] [CalibrationManager] Değişiklik kaydedildi:  [ -> 5]
[00:50:21.492] [INFO] [CalibrationManager] Değişiklik kaydedildi:  [ -> 5]
[00:50:21.494] [INFO] [CalibrationManager] Değişiklik kaydedildi:  [ -> 5]
[00:50:21.495] [INFO] [CalibrationManager] Değişiklik kaydedildi:  [ -> 5]
[00:50:21.497] [INFO] [CalibrationManager] Değişiklik kaydedildi:  [ -> 5]
[00:50:21.498] [INFO] [CalibrationManager] Değişiklik kaydedildi:  [ -> 5]
[00:50:21.500] [INFO] [CalibrationManager] Değişiklik kaydedildi:  [ -> 5]
[00:50:21.501] [INFO] [CalibrationManager] Değişiklik kaydedildi:  [ -> 5]
[00:50:21.503] [INFO] [CalibrationManager] Değişiklik kaydedildi:  [ -> 5]
[00:50:21.504] [INFO] [CalibrationManager] Değişiklik kaydedildi:  [ -> 5]
[00:50:21.506] [INFO] [CalibrationManager] Değişiklik kaydedildi:  [ -> 5]
[00:50:21.507] [INFO] [CalibrationManager] Değişiklik kaydedildi:  [ -> 5]
[00:50:21.509] [INFO] [CalibrationManager] Değişiklik kaydedildi:  [ -> 5]
[00:50:21.510] [INFO] [CalibrationManager] Değişiklik kaydedildi:  [ -> 5]
[00:50:21.512] [INFO] [CalibrationManager] Değişiklik kaydedildi:  [ -> 5]
[00:50:21.513] [INFO] [CalibrationManager] Değişiklik kaydedildi:  [ -> 5]
[00:50:21.515] [INFO] [CalibrationManager] Değişiklik kaydedildi:  [ -> 5]
[00:50:21.517] [INFO] [CalibrationManager] Değişiklik kaydedildi:  [ -> 5]
[00:50:21.519] [INFO] [CalibrationManager] Değişiklik kaydedildi:  [ -> 5]
[00:50:21.521] [INFO] [CalibrationManager] Değişiklik kaydedildi:  [ -> 5]
[00:50:21.531] [INFO] [CalibrationManager] Değişiklik kaydedildi:  [ -> 5]
[00:50:21.533] [INFO] [CalibrationManager] Değişiklik kaydedildi:  [ -> 5]
[00:50:21.534] [INFO] [CalibrationManager] Değişiklik kaydedildi:  [ -> 5]
[00:50:21.536] [INFO] [CalibrationManager] Değişiklik kaydedildi:  [ -> 5]
[00:50:21.537] [INFO] [CalibrationManager] Değişiklik kaydedildi:  [ -> 5]
[00:50:21.539] [INFO] [CalibrationManager] Değişiklik kaydedildi:  [ -> 5]
[00:50:21.541] [INFO] [CalibrationManager] Değişiklik kaydedildi:  [ -> 5]
[00:50:21.543] [INFO] [CalibrationManager] Değişiklik kaydedildi:  [ -> 5]
[00:50:21.544] [INFO] [CalibrationManager] Değişiklik kaydedildi:  [ -> 5]
[00:50:21.546] [INFO] [CalibrationManager] Değişiklik kaydedildi:  [ -> 5]
[00:50:21.548] [INFO] [CalibrationManager] Değişiklik kaydedildi:  [ -> 5]
[00:50:21.550] [INFO] [CalibrationManager] Değişiklik kaydedildi:  [ -> 5]
[00:50:21.552] [INFO] [CalibrationManager] Değişiklik kaydedildi:  [ -> 5]
[00:50:21.554] [INFO] [CalibrationManager] Değişiklik kaydedildi:  [ -> 5]
[00:50:21.556] [INFO] [CalibrationManager] Değişiklik kaydedildi:  [ -> 5]
[00:50:21.557] [INFO] [CalibrationManager] Değişiklik kaydedildi:  [ -> 5]
[00:50:21.559] [INFO] [CalibrationManager] Değişiklik kaydedildi:  [ -> 5]
[00:50:21.560] [INFO] [CalibrationManager] Değişiklik kaydedildi:  [ -> 5]
[00:50:21.562] [INFO] [CalibrationManager] Değişiklik kaydedildi:  [ -> 5]
[00:50:21.563] [INFO] [CalibrationManager] Değişiklik kaydedildi:  [ -> 5]
[00:50:21.565] [INFO] [CalibrationManager] Değişiklik kaydedildi:  [ -> 5]
[00:50:21.567] [INFO] [CalibrationManager] Değişiklik kaydedildi:  [ -> 5]
[00:50:21.568] [INFO] [CalibrationManager] Değişiklik kaydedildi:  [ -> 5]
[00:50:21.570] [INFO] [CalibrationManager] Değişiklik kaydedildi:  [ -> 5]
[00:50:21.571] [INFO] [CalibrationManager] Değişiklik kaydedildi:  [ -> 5]
[00:50:21.573] [INFO] [CalibrationManager] Değişiklik kaydedildi:  [ -> 5]
[00:50:21.575] [INFO] [CalibrationManager] Değişiklik kaydedildi:  [ -> 5]
[00:50:21.576] [INFO] [CalibrationManager] Değişiklik kaydedildi:  [ -> 5]
[00:50:21.578] [INFO] [CalibrationManager] Değişiklik kaydedildi:  [ -> 5]
[00:50:21.580] [INFO] [CalibrationManager] Değişiklik kaydedildi:  [ -> 5]
[00:50:21.582] [INFO] [CalibrationManager] Değişiklik kaydedildi:  [ -> 5]
[00:50:21.583] [INFO] [CalibrationManager] Değişiklik kaydedildi:  [ -> 5]
[00:50:21.585] [INFO] [CalibrationManager] Değişiklik kaydedildi:  [ -> 5]
[00:50:21.586] [INFO] [CalibrationManager] Değişiklik kaydedildi:  [ -> 5]
[00:50:21.588] [INFO] [CalibrationManager] Değişiklik kaydedildi:  [ -> 5]
[00:50:21.589] [INFO] [CalibrationManager] Değişiklik kaydedildi:  [ -> 5]
[00:50:21.591] [INFO] [CalibrationManager] Değişiklik kaydedildi:  [ -> 5]
[00:50:21.593] [INFO] [CalibrationManager] Değişiklik kaydedildi:  [ -> 5]
[00:50:21.594] [INFO] [CalibrationManager] Değişiklik kaydedildi:  [ -> 5]
[00:50:21.596] [INFO] [CalibrationManager] Değişiklik kaydedildi:  [ -> 5]
[00:50:21.597] [INFO] [CalibrationManager] Değişiklik kaydedildi:  [ -> 5]
[00:50:21.599] [INFO] [CalibrationManager] Değişiklik kaydedildi:  [ -> 5]
[00:50:21.601] [INFO] [CalibrationManager] Değişiklik kaydedildi:  [ -> 5]
[00:50:21.602] [INFO] [CalibrationManager] Değişiklik kaydedildi:  [ -> 5]
[00:50:21.605] [INFO] [CalibrationManager] Değişiklik kaydedildi:  [ -> 5]
[00:50:22.019] [INFO] [RtpCalibrationEngine] Connecting to RTP emulator...
[00:50:22.019] [INFO] [RtpCalibrationEngine] RTP emulator connected successfully.
[00:50:22.019] [INFO] [RtpCalibrationEngine] Real-time synchronization active.
[00:50:22.020] [INFO] [RtpCalibrationEngine] Connecting to RTP emulator...
[00:50:22.020] [INFO] [RtpCalibrationEngine] RTP emulator connected successfully.
[00:50:22.020] [INFO] [RtpCalibrationEngine] Real-time synchronization active.
[00:50:22.022] [INFO] [CalibrationManager] Değişiklik kaydedildi:  [ -> 55]
[00:50:22.110] [ERROR] [RtpCalibrationEngine] Batch write execution failed: Batch block verification write failed: Simulated block write exception
[00:50:22.228] [INFO] [RtpCalibrationEngine] Connecting to RTP emulator...
[00:50:22.229] [INFO] [RtpCalibrationEngine] RTP emulator connected successfully.
[00:50:22.229] [INFO] [RtpCalibrationEngine] Real-time synchronization active.
[00:50:22.232] [INFO] [CalibrationManager] Değişiklik kaydedildi:  [ -> 88]
[00:50:22.316] [ERROR] [RtpCalibrationEngine] Batch write execution failed: Batch block verification write failed: Batch block verify mismatch at relative index 0. Expected: 88, Actual: 167
[00:50:22.434] [INFO] [RtpCalibrationEngine] Connecting to RTP emulator...
[00:50:22.435] [INFO] [RtpCalibrationEngine] RTP emulator connected successfully.
[00:50:22.435] [INFO] [RtpCalibrationEngine] Real-time synchronization active.
[00:50:22.437] [INFO] [CalibrationManager] Değişiklik kaydedildi:  [ -> 22]
[00:50:22.546] [INFO] [CalibrationManager] Değişiklik kaydedildi:  [ -> 22]
[00:50:22.663] [INFO] [CalibrationManager] Değişiklik kaydedildi:  [ -> 0]
[00:50:22.672] [INFO] [CalibrationManager] Değişiklik kaydedildi:  [ -> 1]
[00:50:22.683] [INFO] [CalibrationManager] Değişiklik kaydedildi:  [ -> 2]
[00:50:22.693] [INFO] [CalibrationManager] Değişiklik kaydedildi:  [ -> 3]
[00:50:22.702] [INFO] [CalibrationManager] Değişiklik kaydedildi:  [ -> 4]
[00:50:22.712] [INFO] [CalibrationManager] Değişiklik kaydedildi:  [ -> 5]
[00:50:22.721] [INFO] [CalibrationManager] Değişiklik kaydedildi:  [ -> 6]
[00:50:22.731] [INFO] [CalibrationManager] Değişiklik kaydedildi:  [ -> 0]
[00:50:22.740] [INFO] [CalibrationManager] Değişiklik kaydedildi:  [ -> 1]
[00:50:22.749] [INFO] [CalibrationManager] Değişiklik kaydedildi:  [ -> 2]
[00:50:22.758] [INFO] [CalibrationManager] Değişiklik kaydedildi:  [ -> 3]
[00:50:22.768] [INFO] [CalibrationManager] Değişiklik kaydedildi:  [ -> 4]
[00:50:22.778] [INFO] [CalibrationManager] Değişiklik kaydedildi:  [ -> 5]
[00:50:22.780] [INFO] [CalibrationManager] Değişiklik kaydedildi:  [ -> 6]
[00:50:22.796] [INFO] [CalibrationManager] Değişiklik kaydedildi:  [ -> 0]
[00:50:22.806] [INFO] [CalibrationManager] Değişiklik kaydedildi:  [ -> 1]
[00:50:22.816] [INFO] [CalibrationManager] Değişiklik kaydedildi:  [ -> 2]
[00:50:22.824] [INFO] [CalibrationManager] Değişiklik kaydedildi:  [ -> 3]
[00:50:22.835] [INFO] [CalibrationManager] Değişiklik kaydedildi:  [ -> 4]
[00:50:22.954] [INFO] [CalibrationManager] Değişiklik kaydedildi:  [ -> 5]
[00:50:23.064] [INFO] [CalibrationManager] Değişiklik kaydedildi:  [ -> 6]
[00:50:23.066] [ERROR] [RtpCalibrationEngine] RTP Configuration validation failed: Retry count must be between 0 and 10. (Parameter 'RetryCount')
[00:50:23.068] [INFO] [RtpCalibrationEngine] Recovered 1 pending changes from persistent queue on disk.
[00:50:23.085] [INFO] [RtpCalibrationEngine] Connecting to RTP emulator...
[00:50:23.085] [INFO] [RtpCalibrationEngine] RTP emulator connected successfully.
[00:50:23.085] [INFO] [RtpCalibrationEngine] Real-time synchronization active.
[00:50:23.096] [INFO] [AutoTuneSafetyManager] Güvenlik limitleri yüklendi. Etkin kural sayısı: 4
[00:50:23.096] [INFO] [AutoTuneEventPublisher] Domain olayı yayınlandı: SessionCreated (Oturum: 3b59f641-d1a2-421d-9dbf-0d6fce500dfd)
[00:50:23.097] [INFO] [AutoTuneEngine] Oturum başarıyla başlatıldı: 3b59f641-d1a2-421d-9dbf-0d6fce500dfd
[00:50:23.235] [INFO] [AutoTuneEventPublisher] Domain olayı yayınlandı: TelemetryWindowAccepted (Oturum: 3b59f641-d1a2-421d-9dbf-0d6fce500dfd)
[00:50:23.235] [INFO] [AutoTuneEventPublisher] Domain olayı yayınlandı: SafetyViolation (Oturum: 3b59f641-d1a2-421d-9dbf-0d6fce500dfd)
[00:50:23.236] [INFO] [AutoTuneEventPublisher] Domain olayı yayınlandı: DecisionCreated (Oturum: 3b59f641-d1a2-421d-9dbf-0d6fce500dfd)
[00:50:23.236] [INFO] [CalibrationSnapshotManager] Snapshot oluşturuldu: a1c96d0a-121a-4a65-8956-905d35b35622, Hücre sayısı: 1
[00:50:23.237] [INFO] [CalibrationRecoveryManager] Bekleyen işlem kaydedildi: 09485c74-2718-48b6-aa03-9443a8a713ab
[00:50:23.239] [INFO] [CalibrationManager] Değişiklik kaydedildi: AFRTargetTable Hücre [3,4] [0 -> 15]
[00:50:23.240] [INFO] [CalibrationRecoveryManager] Bekleyen işlem temizlendi (başarılı commit).
[00:50:23.240] [INFO] [CalibrationStreamPublisher] Uygulanan değişiklik yayınlandı: Lambda adres: AFRTargetTable[3,4]
[00:50:23.240] [INFO] [AutoTuneEventPublisher] Domain olayı yayınlandı: MapChangeApplied (Oturum: 3b59f641-d1a2-421d-9dbf-0d6fce500dfd)
[00:50:23.240] [INFO] [AutoTuneEventPublisher] Domain olayı yayınlandı: DecisionCreated (Oturum: 3b59f641-d1a2-421d-9dbf-0d6fce500dfd)
[00:50:23.241] [INFO] [CalibrationSnapshotManager] Snapshot oluşturuldu: 9f1c615d-d556-418f-8c27-5e0f5bfa5895, Hücre sayısı: 1
[00:50:23.242] [INFO] [CalibrationRecoveryManager] Bekleyen işlem kaydedildi: b5b31a67-e9d6-4668-be47-257139e5fb3a
[00:50:23.243] [INFO] [CalibrationManager] Değişiklik kaydedildi: IgnitionTable Hücre [3,4] [15 -> 16]
[00:50:23.244] [INFO] [CalibrationRecoveryManager] Bekleyen işlem temizlendi (başarılı commit).
[00:50:23.244] [INFO] [CalibrationStreamPublisher] Uygulanan değişiklik yayınlandı: Ignition adres: IgnitionTable[3,4]
[00:50:23.245] [INFO] [AutoTuneEventPublisher] Domain olayı yayınlandı: MapChangeApplied (Oturum: 3b59f641-d1a2-421d-9dbf-0d6fce500dfd)
[00:50:23.245] [INFO] [AutoTuneEventPublisher] Domain olayı yayınlandı: DecisionCreated (Oturum: 3b59f641-d1a2-421d-9dbf-0d6fce500dfd)
[00:50:23.245] [INFO] [CalibrationSnapshotManager] Snapshot oluşturuldu: 1427ed36-e94d-499a-8740-10f21ff773e7, Hücre sayısı: 1
[00:50:23.246] [INFO] [CalibrationRecoveryManager] Bekleyen işlem kaydedildi: 2fe3c83d-9870-47b7-ba69-fc1f7735dcb2
[00:50:23.248] [INFO] [CalibrationManager] Değişiklik kaydedildi: FuelVETable Hücre [3,4] [16 -> 60]
[00:50:23.249] [INFO] [CalibrationRecoveryManager] Bekleyen işlem temizlendi (başarılı commit).
[00:50:23.249] [INFO] [CalibrationStreamPublisher] Uygulanan değişiklik yayınlandı: VE adres: FuelVETable[3,4]
[00:50:23.249] [INFO] [AutoTuneEventPublisher] Domain olayı yayınlandı: MapChangeApplied (Oturum: 3b59f641-d1a2-421d-9dbf-0d6fce500dfd)
[00:50:23.274] [INFO] [AutoTuneEventPublisher] Domain olayı yayınlandı: TelemetryWindowAccepted (Oturum: 3b59f641-d1a2-421d-9dbf-0d6fce500dfd)
[00:50:23.274] [INFO] [AutoTuneEventPublisher] Domain olayı yayınlandı: SafetyViolation (Oturum: 3b59f641-d1a2-421d-9dbf-0d6fce500dfd)
[00:50:23.275] [INFO] [AutoTuneEventPublisher] Domain olayı yayınlandı: DecisionCreated (Oturum: 3b59f641-d1a2-421d-9dbf-0d6fce500dfd)
[00:50:23.275] [INFO] [CalibrationSnapshotManager] Snapshot oluşturuldu: 7887ecfc-cba2-4a97-b5ca-3c871e3c6a99, Hücre sayısı: 1
[00:50:23.276] [INFO] [CalibrationRecoveryManager] Bekleyen işlem kaydedildi: 6ba2924f-832e-4b39-9bae-7404f27b0431
[00:50:23.278] [INFO] [CalibrationManager] Değişiklik kaydedildi: AFRTargetTable Hücre [3,4] [60 -> 15]
[00:50:23.278] [INFO] [CalibrationRecoveryManager] Bekleyen işlem temizlendi (başarılı commit).
[00:50:23.278] [INFO] [CalibrationStreamPublisher] Uygulanan değişiklik yayınlandı: Lambda adres: AFRTargetTable[3,4]
[00:50:23.279] [INFO] [AutoTuneEventPublisher] Domain olayı yayınlandı: MapChangeApplied (Oturum: 3b59f641-d1a2-421d-9dbf-0d6fce500dfd)
[00:50:23.279] [INFO] [AutoTuneEventPublisher] Domain olayı yayınlandı: DecisionCreated (Oturum: 3b59f641-d1a2-421d-9dbf-0d6fce500dfd)
[00:50:23.279] [INFO] [CalibrationSnapshotManager] Snapshot oluşturuldu: 6a80f696-d2d1-416f-87e4-327555fec4a4, Hücre sayısı: 1
[00:50:23.280] [INFO] [CalibrationRecoveryManager] Bekleyen işlem kaydedildi: d9bc52c2-4771-40d7-9ea3-f3b3f4f7564e
[00:50:23.283] [INFO] [CalibrationManager] Değişiklik kaydedildi: IgnitionTable Hücre [3,4] [15 -> 16]
[00:50:23.284] [INFO] [CalibrationRecoveryManager] Bekleyen işlem temizlendi (başarılı commit).
[00:50:23.285] [INFO] [CalibrationStreamPublisher] Uygulanan değişiklik yayınlandı: Ignition adres: IgnitionTable[3,4]
[00:50:23.285] [INFO] [AutoTuneEventPublisher] Domain olayı yayınlandı: MapChangeApplied (Oturum: 3b59f641-d1a2-421d-9dbf-0d6fce500dfd)
[00:50:23.285] [INFO] [AutoTuneEventPublisher] Domain olayı yayınlandı: DecisionCreated (Oturum: 3b59f641-d1a2-421d-9dbf-0d6fce500dfd)
[00:50:23.285] [INFO] [CalibrationSnapshotManager] Snapshot oluşturuldu: f0ef5e77-c26a-445b-8ec0-9769e5decb23, Hücre sayısı: 1
[00:50:23.286] [INFO] [CalibrationRecoveryManager] Bekleyen işlem kaydedildi: 03f31278-fe07-434b-b956-fa7043043e4d
[00:50:23.288] [INFO] [CalibrationManager] Değişiklik kaydedildi: FuelVETable Hücre [3,4] [16 -> 60]
[00:50:23.289] [INFO] [CalibrationRecoveryManager] Bekleyen işlem temizlendi (başarılı commit).
[00:50:23.289] [INFO] [CalibrationStreamPublisher] Uygulanan değişiklik yayınlandı: VE adres: FuelVETable[3,4]
[00:50:23.289] [INFO] [AutoTuneEventPublisher] Domain olayı yayınlandı: MapChangeApplied (Oturum: 3b59f641-d1a2-421d-9dbf-0d6fce500dfd)
[00:50:23.306] [INFO] [AutoTuneEventPublisher] Domain olayı yayınlandı: TelemetryWindowAccepted (Oturum: 3b59f641-d1a2-421d-9dbf-0d6fce500dfd)
[00:50:23.306] [INFO] [AutoTuneEventPublisher] Domain olayı yayınlandı: SafetyViolation (Oturum: 3b59f641-d1a2-421d-9dbf-0d6fce500dfd)
[00:50:23.307] [INFO] [AutoTuneEventPublisher] Domain olayı yayınlandı: DecisionCreated (Oturum: 3b59f641-d1a2-421d-9dbf-0d6fce500dfd)
[00:50:23.307] [INFO] [CalibrationSnapshotManager] Snapshot oluşturuldu: 0bb4f16c-e2ff-4791-9351-02ad9e504957, Hücre sayısı: 1
[00:50:23.308] [INFO] [CalibrationRecoveryManager] Bekleyen işlem kaydedildi: e48f98ce-845b-489f-9b27-361f374656eb
[00:50:23.310] [INFO] [CalibrationManager] Değişiklik kaydedildi: AFRTargetTable Hücre [3,4] [60 -> 15]
[00:50:23.310] [INFO] [CalibrationRecoveryManager] Bekleyen işlem temizlendi (başarılı commit).
[00:50:23.311] [INFO] [CalibrationStreamPublisher] Uygulanan değişiklik yayınlandı: Lambda adres: AFRTargetTable[3,4]
[00:50:23.311] [INFO] [AutoTuneEventPublisher] Domain olayı yayınlandı: MapChangeApplied (Oturum: 3b59f641-d1a2-421d-9dbf-0d6fce500dfd)
[00:50:23.311] [INFO] [AutoTuneEventPublisher] Domain olayı yayınlandı: DecisionCreated (Oturum: 3b59f641-d1a2-421d-9dbf-0d6fce500dfd)
[00:50:23.311] [INFO] [CalibrationSnapshotManager] Snapshot oluşturuldu: 874f4a55-bee7-4c8f-9829-0f86f46253a1, Hücre sayısı: 1
[00:50:23.312] [INFO] [CalibrationRecoveryManager] Bekleyen işlem kaydedildi: 787f51ab-336e-4df8-a1a7-ec993e59fd3e
[00:50:23.314] [INFO] [CalibrationManager] Değişiklik kaydedildi: IgnitionTable Hücre [3,4] [15 -> 16]
[00:50:23.315] [INFO] [CalibrationRecoveryManager] Bekleyen işlem temizlendi (başarılı commit).
[00:50:23.315] [INFO] [CalibrationStreamPublisher] Uygulanan değişiklik yayınlandı: Ignition adres: IgnitionTable[3,4]
[00:50:23.315] [INFO] [AutoTuneEventPublisher] Domain olayı yayınlandı: MapChangeApplied (Oturum: 3b59f641-d1a2-421d-9dbf-0d6fce500dfd)
[00:50:23.315] [INFO] [AutoTuneEventPublisher] Domain olayı yayınlandı: DecisionCreated (Oturum: 3b59f641-d1a2-421d-9dbf-0d6fce500dfd)
[00:50:23.315] [INFO] [CalibrationSnapshotManager] Snapshot oluşturuldu: 57becd6e-ba33-4ce2-98d9-77e2db5cb929, Hücre sayısı: 1
[00:50:23.316] [INFO] [CalibrationRecoveryManager] Bekleyen işlem kaydedildi: be46b524-6eda-4811-a537-3e1a49ef9ec7
[00:50:23.318] [INFO] [CalibrationManager] Değişiklik kaydedildi: FuelVETable Hücre [3,4] [16 -> 60]
[00:50:23.319] [INFO] [CalibrationRecoveryManager] Bekleyen işlem temizlendi (başarılı commit).
[00:50:23.319] [INFO] [CalibrationStreamPublisher] Uygulanan değişiklik yayınlandı: VE adres: FuelVETable[3,4]
[00:50:23.319] [INFO] [AutoTuneEventPublisher] Domain olayı yayınlandı: MapChangeApplied (Oturum: 3b59f641-d1a2-421d-9dbf-0d6fce500dfd)
[00:50:23.337] [INFO] [AutoTuneEventPublisher] Domain olayı yayınlandı: TelemetryWindowAccepted (Oturum: 3b59f641-d1a2-421d-9dbf-0d6fce500dfd)
[00:50:23.337] [INFO] [AutoTuneEventPublisher] Domain olayı yayınlandı: SafetyViolation (Oturum: 3b59f641-d1a2-421d-9dbf-0d6fce500dfd)
[00:50:23.337] [INFO] [AutoTuneEventPublisher] Domain olayı yayınlandı: DecisionCreated (Oturum: 3b59f641-d1a2-421d-9dbf-0d6fce500dfd)
[00:50:23.338] [INFO] [CalibrationSnapshotManager] Snapshot oluşturuldu: f43fa6ab-5cd2-4a40-809d-4d0a1996e827, Hücre sayısı: 1
[00:50:23.339] [INFO] [CalibrationRecoveryManager] Bekleyen işlem kaydedildi: 26605518-ce04-44d7-afff-9a0d7b135b4e
[00:50:23.340] [INFO] [CalibrationManager] Değişiklik kaydedildi: AFRTargetTable Hücre [3,4] [60 -> 15]
[00:50:23.341] [INFO] [CalibrationRecoveryManager] Bekleyen işlem temizlendi (başarılı commit).
[00:50:23.341] [INFO] [CalibrationStreamPublisher] Uygulanan değişiklik yayınlandı: Lambda adres: AFRTargetTable[3,4]
[00:50:23.342] [INFO] [AutoTuneEventPublisher] Domain olayı yayınlandı: MapChangeApplied (Oturum: 3b59f641-d1a2-421d-9dbf-0d6fce500dfd)
[00:50:23.342] [INFO] [AutoTuneEventPublisher] Domain olayı yayınlandı: DecisionCreated (Oturum: 3b59f641-d1a2-421d-9dbf-0d6fce500dfd)
[00:50:23.342] [INFO] [CalibrationSnapshotManager] Snapshot oluşturuldu: e7fcfcf1-df64-4f90-a408-335eb6a22dd9, Hücre sayısı: 1
[00:50:23.343] [INFO] [CalibrationRecoveryManager] Bekleyen işlem kaydedildi: a7ffda43-da20-4e4e-8f6e-ef1165a78883
[00:50:23.344] [INFO] [CalibrationManager] Değişiklik kaydedildi: IgnitionTable Hücre [3,4] [15 -> 16]
[00:50:23.345] [INFO] [CalibrationRecoveryManager] Bekleyen işlem temizlendi (başarılı commit).
[00:50:23.345] [INFO] [CalibrationStreamPublisher] Uygulanan değişiklik yayınlandı: Ignition adres: IgnitionTable[3,4]
[00:50:23.346] [INFO] [AutoTuneEventPublisher] Domain olayı yayınlandı: MapChangeApplied (Oturum: 3b59f641-d1a2-421d-9dbf-0d6fce500dfd)
[00:50:23.346] [INFO] [AutoTuneEventPublisher] Domain olayı yayınlandı: DecisionCreated (Oturum: 3b59f641-d1a2-421d-9dbf-0d6fce500dfd)
[00:50:23.346] [INFO] [CalibrationSnapshotManager] Snapshot oluşturuldu: 9b359ff4-5c30-418b-9300-2cdf33118184, Hücre sayısı: 1
[00:50:23.347] [INFO] [CalibrationRecoveryManager] Bekleyen işlem kaydedildi: 50239048-80fe-4727-b785-f5d85c8b107a
[00:50:23.349] [INFO] [CalibrationManager] Değişiklik kaydedildi: FuelVETable Hücre [3,4] [16 -> 60]
[00:50:23.350] [INFO] [CalibrationRecoveryManager] Bekleyen işlem temizlendi (başarılı commit).
[00:50:23.350] [INFO] [CalibrationStreamPublisher] Uygulanan değişiklik yayınlandı: VE adres: FuelVETable[3,4]
[00:50:23.350] [INFO] [AutoTuneEventPublisher] Domain olayı yayınlandı: MapChangeApplied (Oturum: 3b59f641-d1a2-421d-9dbf-0d6fce500dfd)
[00:50:23.368] [INFO] [AutoTuneEventPublisher] Domain olayı yayınlandı: TelemetryWindowAccepted (Oturum: 3b59f641-d1a2-421d-9dbf-0d6fce500dfd)
[00:50:23.368] [INFO] [AutoTuneEventPublisher] Domain olayı yayınlandı: SafetyViolation (Oturum: 3b59f641-d1a2-421d-9dbf-0d6fce500dfd)
[00:50:23.369] [INFO] [AutoTuneEventPublisher] Domain olayı yayınlandı: DecisionCreated (Oturum: 3b59f641-d1a2-421d-9dbf-0d6fce500dfd)
[00:50:23.369] [INFO] [CalibrationSnapshotManager] Snapshot oluşturuldu: 0f5b1463-56bb-4240-871b-70c3848a2b54, Hücre sayısı: 1
[00:50:23.370] [INFO] [CalibrationRecoveryManager] Bekleyen işlem kaydedildi: af60e329-d7bb-4af8-bbc4-9bf4ef48ed43
[00:50:23.372] [INFO] [CalibrationManager] Değişiklik kaydedildi: AFRTargetTable Hücre [3,4] [60 -> 15]
[00:50:23.373] [INFO] [CalibrationRecoveryManager] Bekleyen işlem temizlendi (başarılı commit).
[00:50:23.373] [INFO] [CalibrationStreamPublisher] Uygulanan değişiklik yayınlandı: Lambda adres: AFRTargetTable[3,4]
[00:50:23.373] [INFO] [AutoTuneEventPublisher] Domain olayı yayınlandı: MapChangeApplied (Oturum: 3b59f641-d1a2-421d-9dbf-0d6fce500dfd)
[00:50:23.373] [INFO] [AutoTuneEventPublisher] Domain olayı yayınlandı: DecisionCreated (Oturum: 3b59f641-d1a2-421d-9dbf-0d6fce500dfd)
[00:50:23.373] [INFO] [CalibrationSnapshotManager] Snapshot oluşturuldu: a24744e6-8add-4e23-916e-e17139ef160d, Hücre sayısı: 1
[00:50:23.375] [INFO] [CalibrationRecoveryManager] Bekleyen işlem kaydedildi: f1011ce9-4e6e-4a4c-9f74-34912bce8951
[00:50:23.376] [INFO] [CalibrationManager] Değişiklik kaydedildi: IgnitionTable Hücre [3,4] [15 -> 16]
[00:50:23.377] [INFO] [CalibrationRecoveryManager] Bekleyen işlem temizlendi (başarılı commit).
[00:50:23.377] [INFO] [CalibrationStreamPublisher] Uygulanan değişiklik yayınlandı: Ignition adres: IgnitionTable[3,4]
[00:50:23.378] [INFO] [AutoTuneEventPublisher] Domain olayı yayınlandı: MapChangeApplied (Oturum: 3b59f641-d1a2-421d-9dbf-0d6fce500dfd)
[00:50:23.378] [INFO] [AutoTuneEventPublisher] Domain olayı yayınlandı: DecisionCreated (Oturum: 3b59f641-d1a2-421d-9dbf-0d6fce500dfd)
[00:50:23.378] [INFO] [CalibrationSnapshotManager] Snapshot oluşturuldu: c54afe61-a761-40f0-9a5a-a4172be0e615, Hücre sayısı: 1
[00:50:23.379] [INFO] [CalibrationRecoveryManager] Bekleyen işlem kaydedildi: 8482fcce-d6bc-424f-90b5-3b07a9943a63
[00:50:23.381] [INFO] [CalibrationManager] Değişiklik kaydedildi: FuelVETable Hücre [3,4] [16 -> 60]
[00:50:23.382] [INFO] [CalibrationRecoveryManager] Bekleyen işlem temizlendi (başarılı commit).
[00:50:23.382] [INFO] [CalibrationStreamPublisher] Uygulanan değişiklik yayınlandı: VE adres: FuelVETable[3,4]
[00:50:23.382] [INFO] [AutoTuneEventPublisher] Domain olayı yayınlandı: MapChangeApplied (Oturum: 3b59f641-d1a2-421d-9dbf-0d6fce500dfd)
[00:50:23.397] [INFO] [AutoTuneEventPublisher] Domain olayı yayınlandı: TelemetryWindowAccepted (Oturum: 3b59f641-d1a2-421d-9dbf-0d6fce500dfd)
[00:50:23.397] [INFO] [AutoTuneEventPublisher] Domain olayı yayınlandı: SafetyViolation (Oturum: 3b59f641-d1a2-421d-9dbf-0d6fce500dfd)
[00:50:23.397] [INFO] [AutoTuneEventPublisher] Domain olayı yayınlandı: DecisionCreated (Oturum: 3b59f641-d1a2-421d-9dbf-0d6fce500dfd)
[00:50:23.397] [INFO] [CalibrationSnapshotManager] Snapshot oluşturuldu: e01af39c-642c-43ec-9953-e2179afb8927, Hücre sayısı: 1
[00:50:23.399] [INFO] [CalibrationRecoveryManager] Bekleyen işlem kaydedildi: 3874d360-204c-495f-8724-b1844e490642
[00:50:23.401] [INFO] [CalibrationManager] Değişiklik kaydedildi: AFRTargetTable Hücre [3,4] [60 -> 15]
[00:50:23.401] [INFO] [CalibrationRecoveryManager] Bekleyen işlem temizlendi (başarılı commit).
[00:50:23.402] [INFO] [CalibrationStreamPublisher] Uygulanan değişiklik yayınlandı: Lambda adres: AFRTargetTable[3,4]
[00:50:23.402] [INFO] [AutoTuneEventPublisher] Domain olayı yayınlandı: MapChangeApplied (Oturum: 3b59f641-d1a2-421d-9dbf-0d6fce500dfd)
[00:50:23.402] [INFO] [AutoTuneEventPublisher] Domain olayı yayınlandı: DecisionCreated (Oturum: 3b59f641-d1a2-421d-9dbf-0d6fce500dfd)
[00:50:23.402] [INFO] [CalibrationSnapshotManager] Snapshot oluşturuldu: 6d1acc73-a9ba-49dd-9493-e450e84c5802, Hücre sayısı: 1
[00:50:23.403] [INFO] [CalibrationRecoveryManager] Bekleyen işlem kaydedildi: 36a6310b-fdf1-4b3f-ab5e-d429ca5ad5a2
[00:50:23.405] [INFO] [CalibrationManager] Değişiklik kaydedildi: IgnitionTable Hücre [3,4] [15 -> 16]
[00:50:23.406] [INFO] [CalibrationRecoveryManager] Bekleyen işlem temizlendi (başarılı commit).
[00:50:23.406] [INFO] [CalibrationStreamPublisher] Uygulanan değişiklik yayınlandı: Ignition adres: IgnitionTable[3,4]
[00:50:23.406] [INFO] [AutoTuneEventPublisher] Domain olayı yayınlandı: MapChangeApplied (Oturum: 3b59f641-d1a2-421d-9dbf-0d6fce500dfd)
[00:50:23.406] [INFO] [AutoTuneEventPublisher] Domain olayı yayınlandı: DecisionCreated (Oturum: 3b59f641-d1a2-421d-9dbf-0d6fce500dfd)
[00:50:23.406] [INFO] [CalibrationSnapshotManager] Snapshot oluşturuldu: b5f00fb2-beb5-42fa-9923-49139e7397eb, Hücre sayısı: 1
[00:50:23.407] [INFO] [CalibrationRecoveryManager] Bekleyen işlem kaydedildi: 9ad9ed2e-f54b-4d5a-863f-1e76c70d2115
[00:50:23.409] [INFO] [CalibrationManager] Değişiklik kaydedildi: FuelVETable Hücre [3,4] [16 -> 60]
[00:50:23.410] [INFO] [CalibrationRecoveryManager] Bekleyen işlem temizlendi (başarılı commit).
[00:50:23.410] [INFO] [CalibrationStreamPublisher] Uygulanan değişiklik yayınlandı: VE adres: FuelVETable[3,4]
[00:50:23.410] [INFO] [AutoTuneEventPublisher] Domain olayı yayınlandı: MapChangeApplied (Oturum: 3b59f641-d1a2-421d-9dbf-0d6fce500dfd)
[00:50:23.732] [INFO] [AutoTuneEventPublisher] Domain olayı yayınlandı: SessionStopped (Oturum: 3b59f641-d1a2-421d-9dbf-0d6fce500dfd)
[00:50:23.937] [INFO] [TestHarness] Test tamamlandÄ±: 110 geÃ§ti, 0 kaldÄ±
[00:50:23.937] [WARNING] [RomIdentifier] ROM imzası hiçbir ECU profiliyle eşleşmedi.
[00:50:23.937] [INFO] [Program] Test sonuçları:
â•â•â•â•â•â•â•â•â•â•â•â•â•â•â•â•â•â•â•â•â•â•â•â•â•â•â•â•â•â•â•â•â•â•â•â•â•â•â•â•â•â•â•â•â•â•â•
  HONDATUNER â€” OTOMATÄ°K TEST SÃœÄ°TÄ°
â•â•â•â•â•â•â•â•â•â•â•â•â•â•â•â•â•â•â•â•â•â•â•â•â•â•â•â•â•â•â•â•â•â•â•â•â•â•â•â•â•â•â•â•â•â•â•

â”€â”€ ROM Testleri â”€â”€â”€â”€â”€â”€â”€â”€â”€â”€â”€â”€â”€â”€â”€â”€â”€â”€â”€â”€â”€â”€â”€â”€â”€â”€â”€â”€â”€â”€
  ✅ ROM Identifier â€” 32KB boÅŸ ROM tanÄ±ma
  ✅ ROM Identifier â€” yanlÄ±ÅŸ boyut reddi
  ✅ ROM Patch â€” doÄŸrulama ve uygulama
  ✅ ROM Patch â€” rollback geri yÃ¼kleme

â”€â”€ Kalibrasyon Testleri â”€â”€â”€â”€â”€â”€â”€â”€â”€â”€â”€â”€â”€â”€â”€â”€â”€â”€â”€â”€â”€â”€â”€
  ✅ Injector Scaling â€” 240â†’440cc
  ✅ Injector Scaling â€” clamp to 255
  ✅ Calibration Engine â€” Commit applies value to ROM buffer
  ✅ Calibration Engine â€” Rollback restores original values in ROM buffer
  ✅ Calibration Engine â€” Undo and Redo states are fully synchronized
  ✅ Calibration Engine â€” Safety validator rejects OOR Rev Limit changes

â”€â”€ Faz 4: Map Engine & Interpolation Testleri â”€â”€
  ✅ Map Engine â€” Cell write and read accuracy
  ✅ Map Engine â€” Scale factors conversion logic
  ✅ Map Engine â€” Invalid offset out-of-range bounds check
  ✅ Map Engine â€” Transaction commits, rollbacks, and Undo/Redo integration
  ✅ Interpolation â€” 4 neighbor bilinear cell weight sum equals exactly 1.0

â”€â”€ AutoTune GÃ¼venlik Testleri â”€â”€â”€â”€â”€â”€â”€â”€â”€â”€â”€â”€â”€â”€â”€â”€â”€
  ✅ AutoTune â€” dÃ¼ÅŸÃ¼k ECT reddi
  ✅ AutoTune â€” dÃ¼ÅŸÃ¼k batarya reddi
  ✅ AutoTune â€” dÃ¼zeltme kÄ±rpma (Â±12%)

── Faz 5: Checksum Engine & Safety Layer Testleri ──
  ✅ Checksum â€” Stock ROM passes validation
  ✅ Checksum â€” Corrupt byte fails validation
  ✅ Checksum â€” Map change updates checksum successfully
  ✅ Checksum â€” VerifyBeforeSave detects bad checksum and returns false
  ✅ Checksum â€” Reloaded ROM checksum is valid
  ✅ Checksum â€” Multiple regions validation is successful

── ROM Patch Engine v2 Testleri ──
  ✅ PatchEngine — Başarılı Yama Uygulama
  ✅ PatchEngine — Yanlış ExpectedBytes Koruması
  ✅ PatchEngine — Uyumsuz ECU Koruması
  ✅ PatchEngine — ROM Boyut Limiti Koruması
  ✅ PatchEngine — Yamayı Geri Alma (Rollback)
  ✅ PatchEngine — İşlem (Transaction) Commit Entegrasyonu
  ✅ PatchEngine — İşlem Geri Alma (Transaction Rollback)
  ✅ PatchEngine — Otomatik Checksum Güncelleme
  ✅ PatchEngine — Audit Loglama Kontrolü
  ✅ PatchEngine — Profil Destekli Yamaları Bulma

── Phase 7: Telemetry & Live Datalog Bus Engine Testleri ──
  ✅ Telemetry - Event Bus Publish & Subscribe
  ✅ Telemetry - Event Bus Metrics Kontrolü
  ✅ Telemetry - Kanalsal Matematiksel Formül Çözümleme
  ✅ Telemetry - Backpressure DropOldest Politikası
  ✅ Telemetry - Backpressure DropNewest Politikası
  ✅ Telemetry - Backpressure BlockPublisher Politikası
  ✅ Telemetry - Yapılandırma Dosya İzleyicisi (Hot Reload)
  ✅ Telemetry - Erişim Kontrolü Yetkilendirme Hiyerarşisi
  ✅ Telemetry - SystemClock Monotonic Ticks
  ✅ Telemetry - HighResolutionClock Performance Ticks
  ✅ Telemetry - ReplayClock Geri Oynatıcı Zaman Akışı
  ✅ Telemetry - Dairesel Bellek (RingBuffer) Kapasite Tanımı
  ✅ Telemetry - RingBuffer Aşımında Overwrite (FIFO Overlay)
  ✅ Telemetry - Moving Average Gürültü Azaltma Filtresi
  ✅ Telemetry - Median (Ortanca) Filtreleme
  ✅ Telemetry - LowPass Üstel Sinyal Yumuşatma
  ✅ Telemetry - HighPass Dalgalanma Odaklı Sinyal Filtresi
  ✅ Telemetry - MockProvider Canlı Veri Akış Simülasyonu
  ✅ Telemetry - Sağlık İzleme (HealthMonitor) Parametreleri
  ✅ Telemetry - HealthMonitor Bağlantı Kaybı Anomali Algılama
  ✅ Telemetry - Analiz Hattı (AnalyzerPipeline) Sıralı Çalışma
  ✅ Telemetry - Engine Profil Geçiş Yönetimi (Street -> Dyno)
  ✅ Telemetry - Engine Canlı Datalogging Yaşam Döngüsü
  ✅ Telemetry - GC Basıncını Azaltan Frame Nesne Havuzu
  ✅ Telemetry - Salt-Okunur (Immutable) Snaphsot Yapısı
  ✅ Telemetry - Multi-Thread Veri Giriş Stress Testi

── Phase 8: AutoTune Closed Loop Engine Testleri ──
  ✅ AutoTune - State transitions (Start, Pause, Resume, Stop) lifecycle verification
  ✅ AutoTune - Confidence score calculation under low deviation is high
  ✅ AutoTune - Confidence score calculation under high deviation is low
  ✅ AutoTune - Stable window filter standard deviation and length checks
  ✅ AutoTune - Config validator rejects JSON with missing target attributes
  ✅ AutoTune - Config validator rejects out of bounds parameter variables
  ✅ AutoTune - ParameterType safety enum structure check
  ✅ AutoTune - Session manager multi session conflict prevention
  ✅ AutoTune - Session manager releases lock and allows new allocation
  ✅ AutoTune - Recovery manager logs interrupt trace successfully to file
  ✅ AutoTune - Recovery manager restores trace and validates details
  ✅ AutoTune - Diff engine returns detailed comparison matrix values
  ✅ AutoTune - CSV Package export contains session identity and values
  ✅ AutoTune - Replay simulator matches telemetry lists deterministically
  ✅ AutoTune - SafetyRuleProvider loads dynamic rules successfully
  ✅ AutoTune - QualityScoreCalculator rates stoichiometric history cleanly near 100
  ✅ AutoTune - Telemetry loss pause and reconnect validation cycle
  ✅ AutoTune - Domain event emitter publishes valid structured transition events
  ✅ AutoTune - Calibration RTP stream publishing streams virtual changes
  ✅ AutoTune - Replay validation checks run determinism bounds
  ✅ AutoTune - Persistence layer correctly serializes state machine records and migrates schema V1 to V2
  ✅ AutoTune - Query service retrieves session lists correctly
  ✅ AutoTune - Command service issues control triggers successfully
  ✅ AutoTune - Hardware checks and SafeMode blocks writing calibrations
  ✅ AutoTune - Cell lock manager acquires, releases and traps conflicts

── Faz 9: RTP Emulator & Real-Time Calibration Engine Testleri ──
  ✅ RTP - Engine correctly registers and resolves from DI ServiceContainer
  ✅ RTP - Connection state machine cycles correctly through all states
  ✅ RTP - Transient write failures trigger automatic retries and recover successfully
  ✅ RTP - Consecutive calibration edits coalesce into a single block write
  ✅ RTP - Multi-threaded queue guarantees strict sequential write ordering
  ✅ RTP - Execution latency benchmark tracking meets target limits
  ✅ RTP - Engine sustains high-frequency (500+) update throughput stress
  ✅ RTP - Background sync worker terminates cleanly on CancellationToken request
  ✅ RTP - Hardware disconnect automatically halts sync and raises Faulted event
  ✅ RTP - Enforces read-back verification after writing values to emulator
  ✅ RTP - Idempotent synchronization ignores duplicate writes to target cells
  ✅ RTP - Backpressure policy DropOldest purges oldest queued changes under load
  ✅ RTP - Backpressure policy RejectNewest drops new updates under queue overflow
  ✅ RTP - Backpressure policy BlockProducer controls producer rates correctly
  ✅ RTP - Validation layer rejects bad config schema values at initialization
  ✅ RTP - Restores un-synced calibration state queue records on startup
  ✅ RTP - Synchronizes concurrently applied AutoTune decisions to hardware
  ✅ TestMetadata_SerializationAndValidation
  ✅ TestReverseEngineering_ExtractionAndDecompilation
  ✅ TestAdvancedFuelCorrections
  ✅ TestAdvancedIgnition_DecodingAndCalibration
  ✅ TestVtecAndBoostControl_LogicAndAlarms
  ✅ TestEngineProtection_SafetiesAndAlarms
  ✅ TestDiagnosticsAndProtocols_A2LAndFreezeFrames
  ✅ TestDynoLogsAndVersions_EstimationAndBranches

â•â•â•â•â•â•â•â•â•â•â•â•â•â•â•â•â•â•â•â•â•â•â•â•â•â•â•â•â•â•â•â•â•â•â•â•â•â•â•â•â•â•â•â•â•â•â•
  SONUÃ‡: 110 baÅŸarÄ±lÄ±, 0 baÅŸarÄ±sÄ±z
â•â•â•â•â•â•â•â•â•â•â•â•â•â•â•â•â•â•â•â•â•â•â•â•â•â•â•â•â•â•â•â•â•â•â•â•â•â•â•â•â•â•â•â•â•â•â•
[00:50:23.938] [INFO] [Program] Örnek ROM test sonuçları:
── Örnek ROM Test Çerçevesi ───────────────────
  ✅ Checksum offset geçerli
  ✅ Bozuk ROM reddedildi
  ✅ Fuel map sınırları geçerli
  ✅ Ignition map sınırları geçerli
  ✅ Tüm profiller 32KB ROM boyutu

  Sonuç: 5 geçti, 0 kaldı
[00:50:24.057] [INFO] [EcuPinoutManager] 24 OBD1 ECU pin tanımlaması başarıyla yüklendi.
