[00:49:43.216] [INFO] [RomIdentifier] ECU Tanımlandı: P06 (Confidence: %45,7)
[00:49:43.219] [WARNING] [RomIdentifier] ROM imzası hiçbir ECU profiliyle eşleşmedi.
[00:49:43.220] [INFO] [RomPatchManager] Yama uygulandı: TEST_PATCH_1 @ 0x000A
[00:49:43.221] [INFO] [RomPatchManager] Yama uygulandı: TEST_PATCH_ROLLBACK @ 0x000A
[00:49:43.221] [INFO] [RomPatchManager] Yama geri alındı: TEST_PATCH_ROLLBACK
[00:49:43.222] [INFO] [InjectorManager] Fuel haritası ölçeklendi: 240cc → 440cc (oran: 0,545)
[00:49:43.222] [INFO] [InjectorManager] Fuel haritası ölçeklendi: 440cc → 240cc (oran: 1,833)
[00:49:43.275] [INFO] [CalibrationManager] Değişiklik kaydedildi: Fuel Cell [0,0] [50 -> 60]
[00:49:43.277] [INFO] [CalibrationManager] Değişiklik kaydedildi: Fuel Cell [0,0] [50 -> 60]
[00:49:43.278] [INFO] [CalibrationManager] Değişiklik kaydedildi: Fuel Cell [0,0] [50 -> 75]
[00:49:43.284] [INFO] [CalibrationManager] Değişiklik kaydedildi: FuelMapTest Hücre [4,5] [0 -> 123]
[00:49:43.291] [INFO] [CalibrationManager] Değişiklik kaydedildi: FuelMapTest Hücre [0,0] [0 -> 125]
[00:49:43.300] [INFO] [CalibrationManager] Değişiklik kaydedildi: FuelMapTest Hücre [1,1] [0 -> 150]
[00:49:43.309] [INFO] [CalibrationManager] Değişiklik kaydedildi: FuelMapTest Hücre [1,1] [0 -> 150]
[00:49:43.321] [DEBUG] [AutoTuneValidator] Reddedildi [ECT_LOW]: Motor sıcaklığı düşük: 50°C < 72°C
[00:49:43.321] [DEBUG] [AutoTuneValidator] Reddedildi [BATT_LOW]: Batarya düşük: 10,5V < 12V
[00:49:43.343] [INFO] [EcuDatabaseManager] Toplam 8 dinamik ECU profili yüklendi.
[00:49:43.357] [INFO] [ChecksumTest] [TRACE-1] romBuffer[0]=00
[00:49:43.364] [INFO] [ChecksumTest] [TRACE-2] tempFile[0]=00
[00:49:43.365] [INFO] [ChecksumTest] [TRACE-3] loadedBuffer[0]=00
[00:49:43.366] [INFO] [ChecksumTest] [TRACE-4] beforeSaveBuffer[0]=00
[00:49:43.370] [INFO] [ChecksumTest] [TRACE-5] afterSaveParserBuffer[0]=00
[00:49:43.375] [INFO] [ChecksumTest] [TRACE-6] reloadedFile[0]=00
[00:49:43.383] [INFO] [CalibrationManager] Değişiklik kaydedildi: Patch.LaunchControl.Byte0 [144 -> 205]
[00:49:43.393] [INFO] [CalibrationManager] Değişiklik kaydedildi: Patch.LaunchControl.Byte1 [144 -> 25]
[00:49:43.395] [INFO] [PatchEngine] Yama başarıyla uygulandı: LaunchControl @ 0x1FB0
[00:49:43.402] [INFO] [CalibrationManager] Değişiklik kaydedildi: Patch.LaunchControl.Byte0 [144 -> 205]
[00:49:43.410] [INFO] [CalibrationManager] Değişiklik kaydedildi: Patch.LaunchControl.Byte1 [144 -> 25]
[00:49:43.411] [INFO] [PatchEngine] Yama başarıyla uygulandı: LaunchControl @ 0x1FB0
[00:49:43.418] [INFO] [CalibrationManager] Değişiklik kaydedildi: Patch.LaunchControl.Byte0 [205 -> 144]
[00:49:43.429] [INFO] [CalibrationManager] Değişiklik kaydedildi: Patch.LaunchControl.Byte1 [25 -> 144]
[00:49:43.430] [INFO] [PatchEngine] Yama başarıyla geri alındı (Rollback): LaunchControl
[00:49:43.438] [INFO] [CalibrationManager] Değişiklik kaydedildi: Patch.LaunchControl.Byte0 [144 -> 205]
[00:49:43.448] [INFO] [CalibrationManager] Değişiklik kaydedildi: Patch.LaunchControl.Byte1 [144 -> 25]
[00:49:43.450] [INFO] [PatchEngine] Yama başarıyla uygulandı: LaunchControl @ 0x1FB0
[00:49:43.461] [INFO] [CalibrationManager] Değişiklik kaydedildi: Patch.LaunchControl.Byte0 [144 -> 205]
[00:49:43.472] [INFO] [CalibrationManager] Değişiklik kaydedildi: Patch.LaunchControl.Byte1 [144 -> 25]
[00:49:43.474] [INFO] [PatchEngine] Yama başarıyla uygulandı: LaunchControl @ 0x1FB0
[00:49:43.496] [INFO] [CalibrationManager] Değişiklik kaydedildi: Patch.LaunchControl.Byte0 [144 -> 205]
[00:49:43.505] [INFO] [CalibrationManager] Değişiklik kaydedildi: Patch.LaunchControl.Byte1 [144 -> 25]
[00:49:43.507] [INFO] [PatchEngine] Yama başarıyla uygulandı: LaunchControl @ 0x1FB0
[00:49:43.515] [INFO] [CalibrationManager] Değişiklik kaydedildi: Patch.LaunchControl.Byte0 [144 -> 205]
[00:49:43.524] [INFO] [CalibrationManager] Değişiklik kaydedildi: Patch.LaunchControl.Byte1 [144 -> 25]
[00:49:43.526] [INFO] [PatchEngine] Yama başarıyla uygulandı: LaunchControl @ 0x1FB0
[00:49:45.197] [INFO] [AutoTuneSafetyManager] Güvenlik limitleri yüklendi. Etkin kural sayısı: 4
[00:49:45.197] [INFO] [AutoTuneEventPublisher] Domain olayı yayınlandı: SessionCreated (Oturum: eb5fcf22-24ee-4c35-8e1d-fd7aefe8b91d)
[00:49:45.197] [INFO] [AutoTuneEngine] Oturum başarıyla başlatıldı: eb5fcf22-24ee-4c35-8e1d-fd7aefe8b91d
[00:49:45.198] [INFO] [AutoTuneEventPublisher] Domain olayı yayınlandı: SessionPaused (Oturum: eb5fcf22-24ee-4c35-8e1d-fd7aefe8b91d)
[00:49:45.198] [INFO] [AutoTuneEventPublisher] Domain olayı yayınlandı: SessionResumed (Oturum: eb5fcf22-24ee-4c35-8e1d-fd7aefe8b91d)
[00:49:45.198] [INFO] [AutoTuneEventPublisher] Domain olayı yayınlandı: SessionStopped (Oturum: eb5fcf22-24ee-4c35-8e1d-fd7aefe8b91d)
[00:49:45.212] [INFO] [CalibrationRecoveryManager] Bekleyen işlem kaydedildi: TX-TEMP
[00:49:45.224] [INFO] [CalibrationRecoveryManager] Bekleyen işlem temizlendi (başarılı commit).
[00:49:45.225] [INFO] [CalibrationRecoveryManager] Bekleyen işlem kaydedildi: TX-TEMP2
[00:49:45.234] [INFO] [CalibrationRecoveryManager] Yarım kalmış işlem geri yükleniyor: TX-TEMP2
[00:49:45.235] [INFO] [CalibrationSnapshotManager] Snapshot geri yükleniyor: SNAP-TEMP2, Kurtarılacak hücre: 1
[00:49:45.236] [INFO] [CalibrationRecoveryManager] Bekleyen işlem temizlendi (başarılı commit).
[00:49:45.239] [INFO] [AutoTuneSafetyManager] Güvenlik limitleri yüklendi. Etkin kural sayısı: 4
[00:49:45.240] [INFO] [AutoTuneEventPublisher] Domain olayı yayınlandı: SessionCreated (Oturum: 6e54c902-4d67-4b0d-b082-eec6a6d8785a)
[00:49:45.240] [INFO] [AutoTuneEngine] Oturum başarıyla başlatıldı: 6e54c902-4d67-4b0d-b082-eec6a6d8785a
[00:49:45.241] [INFO] [AutoTuneEventPublisher] Domain olayı yayınlandı: SessionPaused (Oturum: 6e54c902-4d67-4b0d-b082-eec6a6d8785a)
[00:49:45.241] [INFO] [AutoTuneEventPublisher] Domain olayı yayınlandı: SessionResumed (Oturum: 6e54c902-4d67-4b0d-b082-eec6a6d8785a)
[00:49:45.241] [INFO] [AutoTuneEventPublisher] Domain olayı yayınlandı: SessionStopped (Oturum: 6e54c902-4d67-4b0d-b082-eec6a6d8785a)
[00:49:45.241] [INFO] [AutoTuneSafetyManager] Güvenlik limitleri yüklendi. Etkin kural sayısı: 4
[00:49:45.242] [INFO] [AutoTuneEventPublisher] Domain olayı yayınlandı: SessionCreated (Oturum: 420e67ae-6070-4aaa-ab69-0e954ec43f21)
[00:49:45.242] [INFO] [AutoTuneEngine] Oturum başarıyla başlatıldı: 420e67ae-6070-4aaa-ab69-0e954ec43f21
[00:49:45.242] [INFO] [AutoTuneEventPublisher] Domain olayı yayınlandı: SessionStopped (Oturum: 420e67ae-6070-4aaa-ab69-0e954ec43f21)
[00:49:45.242] [INFO] [AutoTuneSafetyManager] Güvenlik limitleri yüklendi. Etkin kural sayısı: 4
[00:49:45.243] [INFO] [AutoTuneEventPublisher] Domain olayı yayınlandı: SessionCreated (Oturum: 66aca8f3-f0ae-45d6-ba48-7d12156d2090)
[00:49:45.243] [INFO] [AutoTuneEngine] Oturum başarıyla başlatıldı: 66aca8f3-f0ae-45d6-ba48-7d12156d2090
[00:49:45.243] [INFO] [AutoTuneEventPublisher] Domain olayı yayınlandı: TelemetryWindowAccepted (Oturum: 66aca8f3-f0ae-45d6-ba48-7d12156d2090)
[00:49:45.248] [INFO] [AutoTuneEventPublisher] Domain olayı yayınlandı: DecisionCreated (Oturum: 66aca8f3-f0ae-45d6-ba48-7d12156d2090)
[00:49:45.249] [INFO] [CalibrationStreamPublisher] Uygulanan değişiklik yayınlandı: Fuel adres: FuelVETable[3,4]
[00:49:45.251] [INFO] [AutoTuneEventPublisher] Domain olayı yayınlandı: DecisionCreated (Oturum: 66aca8f3-f0ae-45d6-ba48-7d12156d2090)
[00:49:45.251] [INFO] [CalibrationStreamPublisher] Uygulanan değişiklik yayınlandı: Lambda adres: AFRTargetTable[3,4]
[00:49:45.251] [INFO] [AutoTuneEventPublisher] Domain olayı yayınlandı: DecisionCreated (Oturum: 66aca8f3-f0ae-45d6-ba48-7d12156d2090)
[00:49:45.252] [INFO] [CalibrationStreamPublisher] Uygulanan değişiklik yayınlandı: Ignition adres: IgnitionTable[3,4]
[00:49:45.252] [INFO] [AutoTuneEventPublisher] Domain olayı yayınlandı: DecisionCreated (Oturum: 66aca8f3-f0ae-45d6-ba48-7d12156d2090)
[00:49:45.253] [INFO] [CalibrationStreamPublisher] Uygulanan değişiklik yayınlandı: VE adres: FuelVETable[3,4]
[00:49:45.253] [INFO] [AutoTuneEventPublisher] Domain olayı yayınlandı: TelemetryWindowAccepted (Oturum: 66aca8f3-f0ae-45d6-ba48-7d12156d2090)
[00:49:45.253] [INFO] [AutoTuneEventPublisher] Domain olayı yayınlandı: DecisionCreated (Oturum: 66aca8f3-f0ae-45d6-ba48-7d12156d2090)
[00:49:45.253] [INFO] [CalibrationStreamPublisher] Uygulanan değişiklik yayınlandı: Fuel adres: FuelVETable[3,4]
[00:49:45.253] [INFO] [AutoTuneEventPublisher] Domain olayı yayınlandı: DecisionCreated (Oturum: 66aca8f3-f0ae-45d6-ba48-7d12156d2090)
[00:49:45.253] [INFO] [CalibrationStreamPublisher] Uygulanan değişiklik yayınlandı: Lambda adres: AFRTargetTable[3,4]
[00:49:45.254] [INFO] [AutoTuneEventPublisher] Domain olayı yayınlandı: DecisionCreated (Oturum: 66aca8f3-f0ae-45d6-ba48-7d12156d2090)
[00:49:45.254] [INFO] [CalibrationStreamPublisher] Uygulanan değişiklik yayınlandı: Ignition adres: IgnitionTable[3,4]
[00:49:45.254] [INFO] [AutoTuneEventPublisher] Domain olayı yayınlandı: DecisionCreated (Oturum: 66aca8f3-f0ae-45d6-ba48-7d12156d2090)
[00:49:45.254] [INFO] [CalibrationStreamPublisher] Uygulanan değişiklik yayınlandı: VE adres: FuelVETable[3,4]
[00:49:45.254] [INFO] [AutoTuneEventPublisher] Domain olayı yayınlandı: TelemetryWindowAccepted (Oturum: 66aca8f3-f0ae-45d6-ba48-7d12156d2090)
[00:49:45.254] [INFO] [AutoTuneEventPublisher] Domain olayı yayınlandı: DecisionCreated (Oturum: 66aca8f3-f0ae-45d6-ba48-7d12156d2090)
[00:49:45.255] [INFO] [CalibrationStreamPublisher] Uygulanan değişiklik yayınlandı: Fuel adres: FuelVETable[3,4]
[00:49:45.255] [INFO] [AutoTuneEventPublisher] Domain olayı yayınlandı: DecisionCreated (Oturum: 66aca8f3-f0ae-45d6-ba48-7d12156d2090)
[00:49:45.255] [INFO] [CalibrationStreamPublisher] Uygulanan değişiklik yayınlandı: Lambda adres: AFRTargetTable[3,4]
[00:49:45.255] [INFO] [AutoTuneEventPublisher] Domain olayı yayınlandı: DecisionCreated (Oturum: 66aca8f3-f0ae-45d6-ba48-7d12156d2090)
[00:49:45.255] [INFO] [CalibrationStreamPublisher] Uygulanan değişiklik yayınlandı: Ignition adres: IgnitionTable[3,4]
[00:49:45.255] [INFO] [AutoTuneEventPublisher] Domain olayı yayınlandı: DecisionCreated (Oturum: 66aca8f3-f0ae-45d6-ba48-7d12156d2090)
[00:49:45.255] [INFO] [CalibrationStreamPublisher] Uygulanan değişiklik yayınlandı: VE adres: FuelVETable[3,4]
[00:49:45.255] [INFO] [AutoTuneEventPublisher] Domain olayı yayınlandı: TelemetryWindowAccepted (Oturum: 66aca8f3-f0ae-45d6-ba48-7d12156d2090)
[00:49:45.255] [INFO] [AutoTuneEventPublisher] Domain olayı yayınlandı: DecisionCreated (Oturum: 66aca8f3-f0ae-45d6-ba48-7d12156d2090)
[00:49:45.256] [INFO] [CalibrationStreamPublisher] Uygulanan değişiklik yayınlandı: Fuel adres: FuelVETable[3,4]
[00:49:45.256] [INFO] [AutoTuneEventPublisher] Domain olayı yayınlandı: DecisionCreated (Oturum: 66aca8f3-f0ae-45d6-ba48-7d12156d2090)
[00:49:45.256] [INFO] [CalibrationStreamPublisher] Uygulanan değişiklik yayınlandı: Lambda adres: AFRTargetTable[3,4]
[00:49:45.256] [INFO] [AutoTuneEventPublisher] Domain olayı yayınlandı: DecisionCreated (Oturum: 66aca8f3-f0ae-45d6-ba48-7d12156d2090)
[00:49:45.256] [INFO] [CalibrationStreamPublisher] Uygulanan değişiklik yayınlandı: Ignition adres: IgnitionTable[3,4]
[00:49:45.256] [INFO] [AutoTuneEventPublisher] Domain olayı yayınlandı: DecisionCreated (Oturum: 66aca8f3-f0ae-45d6-ba48-7d12156d2090)
[00:49:45.256] [INFO] [CalibrationStreamPublisher] Uygulanan değişiklik yayınlandı: VE adres: FuelVETable[3,4]
[00:49:45.256] [INFO] [AutoTuneEventPublisher] Domain olayı yayınlandı: TelemetryWindowAccepted (Oturum: 66aca8f3-f0ae-45d6-ba48-7d12156d2090)
[00:49:45.257] [INFO] [AutoTuneEventPublisher] Domain olayı yayınlandı: DecisionCreated (Oturum: 66aca8f3-f0ae-45d6-ba48-7d12156d2090)
[00:49:45.257] [INFO] [CalibrationStreamPublisher] Uygulanan değişiklik yayınlandı: Fuel adres: FuelVETable[3,4]
[00:49:45.257] [INFO] [AutoTuneEventPublisher] Domain olayı yayınlandı: DecisionCreated (Oturum: 66aca8f3-f0ae-45d6-ba48-7d12156d2090)
[00:49:45.257] [INFO] [CalibrationStreamPublisher] Uygulanan değişiklik yayınlandı: Lambda adres: AFRTargetTable[3,4]
[00:49:45.257] [INFO] [AutoTuneEventPublisher] Domain olayı yayınlandı: DecisionCreated (Oturum: 66aca8f3-f0ae-45d6-ba48-7d12156d2090)
[00:49:45.257] [INFO] [CalibrationStreamPublisher] Uygulanan değişiklik yayınlandı: Ignition adres: IgnitionTable[3,4]
[00:49:45.257] [INFO] [AutoTuneEventPublisher] Domain olayı yayınlandı: DecisionCreated (Oturum: 66aca8f3-f0ae-45d6-ba48-7d12156d2090)
[00:49:45.258] [INFO] [CalibrationStreamPublisher] Uygulanan değişiklik yayınlandı: VE adres: FuelVETable[3,4]
[00:49:45.258] [INFO] [AutoTuneEventPublisher] Domain olayı yayınlandı: TelemetryWindowAccepted (Oturum: 66aca8f3-f0ae-45d6-ba48-7d12156d2090)
[00:49:45.258] [INFO] [AutoTuneEventPublisher] Domain olayı yayınlandı: DecisionCreated (Oturum: 66aca8f3-f0ae-45d6-ba48-7d12156d2090)
[00:49:45.258] [INFO] [CalibrationStreamPublisher] Uygulanan değişiklik yayınlandı: Fuel adres: FuelVETable[3,4]
[00:49:45.258] [INFO] [AutoTuneEventPublisher] Domain olayı yayınlandı: DecisionCreated (Oturum: 66aca8f3-f0ae-45d6-ba48-7d12156d2090)
[00:49:45.258] [INFO] [CalibrationStreamPublisher] Uygulanan değişiklik yayınlandı: Lambda adres: AFRTargetTable[3,4]
[00:49:45.258] [INFO] [AutoTuneEventPublisher] Domain olayı yayınlandı: DecisionCreated (Oturum: 66aca8f3-f0ae-45d6-ba48-7d12156d2090)
[00:49:45.258] [INFO] [CalibrationStreamPublisher] Uygulanan değişiklik yayınlandı: Ignition adres: IgnitionTable[3,4]
[00:49:45.259] [INFO] [AutoTuneEventPublisher] Domain olayı yayınlandı: DecisionCreated (Oturum: 66aca8f3-f0ae-45d6-ba48-7d12156d2090)
[00:49:45.259] [INFO] [CalibrationStreamPublisher] Uygulanan değişiklik yayınlandı: VE adres: FuelVETable[3,4]
[00:49:45.259] [INFO] [AutoTuneEventPublisher] Domain olayı yayınlandı: SessionStopped (Oturum: 66aca8f3-f0ae-45d6-ba48-7d12156d2090)
[00:49:45.263] [INFO] [AdaptiveMemory] V1 hafıza verisi V2 şemasına başarıyla taşındı. Toplam kayıt: 1
[00:49:45.263] [INFO] [AutoTuneSafetyManager] Güvenlik limitleri yüklendi. Etkin kural sayısı: 4
[00:49:45.263] [INFO] [AutoTuneEventPublisher] Domain olayı yayınlandı: SessionCreated (Oturum: 4be5e27f-fcc6-464a-953e-c3398b4f390a)
[00:49:45.264] [INFO] [AutoTuneEngine] Oturum başarıyla başlatıldı: 4be5e27f-fcc6-464a-953e-c3398b4f390a
[00:49:45.264] [INFO] [AutoTuneEventPublisher] Domain olayı yayınlandı: SessionStopped (Oturum: 4be5e27f-fcc6-464a-953e-c3398b4f390a)
[00:49:45.264] [INFO] [AutoTuneSafetyManager] Güvenlik limitleri yüklendi. Etkin kural sayısı: 4
[00:49:45.264] [INFO] [AutoTuneEventPublisher] Domain olayı yayınlandı: SessionCreated (Oturum: 0e057e51-328c-4201-a039-14d6dad8574f)
[00:49:45.265] [INFO] [AutoTuneEngine] Oturum başarıyla başlatıldı: 0e057e51-328c-4201-a039-14d6dad8574f
[00:49:45.265] [INFO] [AutoTuneEventPublisher] Domain olayı yayınlandı: SessionStopped (Oturum: 0e057e51-328c-4201-a039-14d6dad8574f)
[00:49:45.266] [INFO] [RtpCalibrationEngine] Connecting to RTP emulator...
[00:49:45.267] [INFO] [RtpCalibrationEngine] RTP emulator connected successfully.
[00:49:45.267] [INFO] [RtpCalibrationEngine] Real-time synchronization active.
[00:49:45.267] [INFO] [RtpCalibrationEngine] Real-time synchronization paused.
[00:49:45.268] [INFO] [RtpCalibrationEngine] RTP Emulator disconnected.
[00:49:45.268] [INFO] [RtpCalibrationEngine] Connecting to RTP emulator...
[00:49:45.269] [INFO] [RtpCalibrationEngine] RTP emulator connected successfully.
[00:49:45.269] [INFO] [RtpCalibrationEngine] Real-time synchronization active.
[00:49:45.271] [INFO] [CalibrationManager] Değişiklik kaydedildi:  [ -> 99]
[00:49:45.477] [INFO] [RtpCalibrationEngine] Connecting to RTP emulator...
[00:49:45.477] [INFO] [RtpCalibrationEngine] RTP emulator connected successfully.
[00:49:45.479] [INFO] [CalibrationManager] Değişiklik kaydedildi:  [ -> 10]
[00:49:45.480] [INFO] [CalibrationManager] Değişiklik kaydedildi:  [ -> 11]
[00:49:45.488] [INFO] [CalibrationManager] Değişiklik kaydedildi:  [ -> 12]
[00:49:45.488] [INFO] [RtpCalibrationEngine] Real-time synchronization active.
[00:49:45.702] [INFO] [RtpCalibrationEngine] Connecting to RTP emulator...
[00:49:45.703] [INFO] [RtpCalibrationEngine] RTP emulator connected successfully.
[00:49:45.705] [INFO] [CalibrationManager] Değişiklik kaydedildi:  [ -> 1]
[00:49:45.713] [INFO] [CalibrationManager] Değişiklik kaydedildi:  [ -> 2]
[00:49:45.721] [INFO] [CalibrationManager] Değişiklik kaydedildi:  [ -> 3]
[00:49:45.722] [INFO] [RtpCalibrationEngine] Real-time synchronization active.
[00:49:45.938] [INFO] [RtpCalibrationEngine] Connecting to RTP emulator...
[00:49:45.938] [INFO] [RtpCalibrationEngine] RTP emulator connected successfully.
[00:49:45.938] [INFO] [RtpCalibrationEngine] Real-time synchronization active.
[00:49:45.940] [INFO] [CalibrationManager] Değişiklik kaydedildi:  [ -> 45]
[00:49:46.155] [INFO] [RtpCalibrationEngine] Connecting to RTP emulator...
[00:49:46.155] [INFO] [RtpCalibrationEngine] RTP emulator connected successfully.
[00:49:46.156] [INFO] [RtpCalibrationEngine] Real-time synchronization active.
[00:49:46.157] [INFO] [CalibrationManager] Değişiklik kaydedildi:  [ -> 5]
[00:49:46.169] [INFO] [CalibrationManager] Değişiklik kaydedildi:  [ -> 5]
[00:49:46.171] [INFO] [CalibrationManager] Değişiklik kaydedildi:  [ -> 5]
[00:49:46.172] [INFO] [CalibrationManager] Değişiklik kaydedildi:  [ -> 5]
[00:49:46.173] [INFO] [CalibrationManager] Değişiklik kaydedildi:  [ -> 5]
[00:49:46.174] [INFO] [CalibrationManager] Değişiklik kaydedildi:  [ -> 5]
[00:49:46.175] [INFO] [CalibrationManager] Değişiklik kaydedildi:  [ -> 5]
[00:49:46.177] [INFO] [CalibrationManager] Değişiklik kaydedildi:  [ -> 5]
[00:49:46.178] [INFO] [CalibrationManager] Değişiklik kaydedildi:  [ -> 5]
[00:49:46.179] [INFO] [CalibrationManager] Değişiklik kaydedildi:  [ -> 5]
[00:49:46.181] [INFO] [CalibrationManager] Değişiklik kaydedildi:  [ -> 5]
[00:49:46.182] [INFO] [CalibrationManager] Değişiklik kaydedildi:  [ -> 5]
[00:49:46.184] [INFO] [CalibrationManager] Değişiklik kaydedildi:  [ -> 5]
[00:49:46.194] [WARNING] [RtpCalibrationEngine] Could not save persistent sync queue: The process cannot access the file 'C:\Users\ayhan\OneDrive\Desktop\Canlı OBD2 Araç Telemetri Ekranı\HondaTuner\bin\Debug\net6.0-windows\Database\pending_rtp_queue.json' because it is being used by another process.
[00:49:46.195] [INFO] [CalibrationManager] Değişiklik kaydedildi:  [ -> 5]
[00:49:46.196] [INFO] [CalibrationManager] Değişiklik kaydedildi:  [ -> 5]
[00:49:46.198] [INFO] [CalibrationManager] Değişiklik kaydedildi:  [ -> 5]
[00:49:46.204] [INFO] [CalibrationManager] Değişiklik kaydedildi:  [ -> 5]
[00:49:46.205] [INFO] [CalibrationManager] Değişiklik kaydedildi:  [ -> 5]
[00:49:46.207] [INFO] [CalibrationManager] Değişiklik kaydedildi:  [ -> 5]
[00:49:46.208] [INFO] [CalibrationManager] Değişiklik kaydedildi:  [ -> 5]
[00:49:46.209] [INFO] [CalibrationManager] Değişiklik kaydedildi:  [ -> 5]
[00:49:46.211] [INFO] [CalibrationManager] Değişiklik kaydedildi:  [ -> 5]
[00:49:46.212] [INFO] [CalibrationManager] Değişiklik kaydedildi:  [ -> 5]
[00:49:46.213] [INFO] [CalibrationManager] Değişiklik kaydedildi:  [ -> 5]
[00:49:46.214] [INFO] [CalibrationManager] Değişiklik kaydedildi:  [ -> 5]
[00:49:46.215] [INFO] [CalibrationManager] Değişiklik kaydedildi:  [ -> 5]
[00:49:46.217] [INFO] [CalibrationManager] Değişiklik kaydedildi:  [ -> 5]
[00:49:46.218] [INFO] [CalibrationManager] Değişiklik kaydedildi:  [ -> 5]
[00:49:46.219] [INFO] [CalibrationManager] Değişiklik kaydedildi:  [ -> 5]
[00:49:46.220] [INFO] [CalibrationManager] Değişiklik kaydedildi:  [ -> 5]
[00:49:46.221] [INFO] [CalibrationManager] Değişiklik kaydedildi:  [ -> 5]
[00:49:46.223] [INFO] [CalibrationManager] Değişiklik kaydedildi:  [ -> 5]
[00:49:46.224] [INFO] [CalibrationManager] Değişiklik kaydedildi:  [ -> 5]
[00:49:46.225] [INFO] [CalibrationManager] Değişiklik kaydedildi:  [ -> 5]
[00:49:46.226] [INFO] [CalibrationManager] Değişiklik kaydedildi:  [ -> 5]
[00:49:46.227] [INFO] [CalibrationManager] Değişiklik kaydedildi:  [ -> 5]
[00:49:46.228] [INFO] [CalibrationManager] Değişiklik kaydedildi:  [ -> 5]
[00:49:46.229] [INFO] [CalibrationManager] Değişiklik kaydedildi:  [ -> 5]
[00:49:46.230] [INFO] [CalibrationManager] Değişiklik kaydedildi:  [ -> 5]
[00:49:46.231] [INFO] [CalibrationManager] Değişiklik kaydedildi:  [ -> 5]
[00:49:46.232] [INFO] [CalibrationManager] Değişiklik kaydedildi:  [ -> 5]
[00:49:46.234] [INFO] [CalibrationManager] Değişiklik kaydedildi:  [ -> 5]
[00:49:46.235] [INFO] [CalibrationManager] Değişiklik kaydedildi:  [ -> 5]
[00:49:46.236] [INFO] [CalibrationManager] Değişiklik kaydedildi:  [ -> 5]
[00:49:46.237] [INFO] [CalibrationManager] Değişiklik kaydedildi:  [ -> 5]
[00:49:46.238] [INFO] [CalibrationManager] Değişiklik kaydedildi:  [ -> 5]
[00:49:46.239] [INFO] [CalibrationManager] Değişiklik kaydedildi:  [ -> 5]
[00:49:46.241] [INFO] [CalibrationManager] Değişiklik kaydedildi:  [ -> 5]
[00:49:46.242] [INFO] [CalibrationManager] Değişiklik kaydedildi:  [ -> 5]
[00:49:46.243] [INFO] [CalibrationManager] Değişiklik kaydedildi:  [ -> 5]
[00:49:46.244] [INFO] [CalibrationManager] Değişiklik kaydedildi:  [ -> 5]
[00:49:46.245] [INFO] [CalibrationManager] Değişiklik kaydedildi:  [ -> 5]
[00:49:46.246] [INFO] [CalibrationManager] Değişiklik kaydedildi:  [ -> 5]
[00:49:46.248] [INFO] [CalibrationManager] Değişiklik kaydedildi:  [ -> 5]
[00:49:46.249] [INFO] [CalibrationManager] Değişiklik kaydedildi:  [ -> 5]
[00:49:46.250] [INFO] [CalibrationManager] Değişiklik kaydedildi:  [ -> 5]
[00:49:46.251] [INFO] [CalibrationManager] Değişiklik kaydedildi:  [ -> 5]
[00:49:46.253] [INFO] [CalibrationManager] Değişiklik kaydedildi:  [ -> 5]
[00:49:46.254] [INFO] [CalibrationManager] Değişiklik kaydedildi:  [ -> 5]
[00:49:46.255] [INFO] [CalibrationManager] Değişiklik kaydedildi:  [ -> 5]
[00:49:46.256] [INFO] [CalibrationManager] Değişiklik kaydedildi:  [ -> 5]
[00:49:46.257] [INFO] [CalibrationManager] Değişiklik kaydedildi:  [ -> 5]
[00:49:46.262] [WARNING] [RtpCalibrationEngine] Could not save persistent sync queue: The process cannot access the file 'C:\Users\ayhan\OneDrive\Desktop\Canlı OBD2 Araç Telemetri Ekranı\HondaTuner\bin\Debug\net6.0-windows\Database\pending_rtp_queue.json' because it is being used by another process.
[00:49:46.269] [INFO] [CalibrationManager] Değişiklik kaydedildi:  [ -> 5]
[00:49:46.270] [INFO] [CalibrationManager] Değişiklik kaydedildi:  [ -> 5]
[00:49:46.272] [INFO] [CalibrationManager] Değişiklik kaydedildi:  [ -> 5]
[00:49:46.273] [INFO] [CalibrationManager] Değişiklik kaydedildi:  [ -> 5]
[00:49:46.274] [INFO] [CalibrationManager] Değişiklik kaydedildi:  [ -> 5]
[00:49:46.275] [INFO] [CalibrationManager] Değişiklik kaydedildi:  [ -> 5]
[00:49:46.276] [INFO] [CalibrationManager] Değişiklik kaydedildi:  [ -> 5]
[00:49:46.278] [INFO] [CalibrationManager] Değişiklik kaydedildi:  [ -> 5]
[00:49:46.279] [INFO] [CalibrationManager] Değişiklik kaydedildi:  [ -> 5]
[00:49:46.280] [INFO] [CalibrationManager] Değişiklik kaydedildi:  [ -> 5]
[00:49:46.281] [INFO] [CalibrationManager] Değişiklik kaydedildi:  [ -> 5]
[00:49:46.282] [INFO] [CalibrationManager] Değişiklik kaydedildi:  [ -> 5]
[00:49:46.284] [INFO] [CalibrationManager] Değişiklik kaydedildi:  [ -> 5]
[00:49:46.285] [INFO] [CalibrationManager] Değişiklik kaydedildi:  [ -> 5]
[00:49:46.286] [INFO] [CalibrationManager] Değişiklik kaydedildi:  [ -> 5]
[00:49:46.287] [INFO] [CalibrationManager] Değişiklik kaydedildi:  [ -> 5]
[00:49:46.288] [INFO] [CalibrationManager] Değişiklik kaydedildi:  [ -> 5]
[00:49:46.289] [INFO] [CalibrationManager] Değişiklik kaydedildi:  [ -> 5]
[00:49:46.290] [INFO] [CalibrationManager] Değişiklik kaydedildi:  [ -> 5]
[00:49:46.292] [INFO] [CalibrationManager] Değişiklik kaydedildi:  [ -> 5]
[00:49:46.293] [INFO] [CalibrationManager] Değişiklik kaydedildi:  [ -> 5]
[00:49:46.294] [INFO] [CalibrationManager] Değişiklik kaydedildi:  [ -> 5]
[00:49:46.295] [INFO] [CalibrationManager] Değişiklik kaydedildi:  [ -> 5]
[00:49:46.296] [INFO] [CalibrationManager] Değişiklik kaydedildi:  [ -> 5]
[00:49:46.297] [INFO] [CalibrationManager] Değişiklik kaydedildi:  [ -> 5]
[00:49:46.298] [INFO] [CalibrationManager] Değişiklik kaydedildi:  [ -> 5]
[00:49:46.299] [INFO] [CalibrationManager] Değişiklik kaydedildi:  [ -> 5]
[00:49:46.300] [INFO] [CalibrationManager] Değişiklik kaydedildi:  [ -> 5]
[00:49:46.302] [INFO] [CalibrationManager] Değişiklik kaydedildi:  [ -> 5]
[00:49:46.303] [INFO] [CalibrationManager] Değişiklik kaydedildi:  [ -> 5]
[00:49:46.304] [INFO] [CalibrationManager] Değişiklik kaydedildi:  [ -> 5]
[00:49:46.305] [INFO] [CalibrationManager] Değişiklik kaydedildi:  [ -> 5]
[00:49:46.306] [INFO] [CalibrationManager] Değişiklik kaydedildi:  [ -> 5]
[00:49:46.307] [INFO] [CalibrationManager] Değişiklik kaydedildi:  [ -> 5]
[00:49:46.308] [INFO] [CalibrationManager] Değişiklik kaydedildi:  [ -> 5]
[00:49:46.310] [INFO] [CalibrationManager] Değişiklik kaydedildi:  [ -> 5]
[00:49:46.311] [INFO] [CalibrationManager] Değişiklik kaydedildi:  [ -> 5]
[00:49:46.312] [INFO] [CalibrationManager] Değişiklik kaydedildi:  [ -> 5]
[00:49:46.313] [INFO] [CalibrationManager] Değişiklik kaydedildi:  [ -> 5]
[00:49:46.315] [INFO] [CalibrationManager] Değişiklik kaydedildi:  [ -> 5]
[00:49:46.316] [INFO] [CalibrationManager] Değişiklik kaydedildi:  [ -> 5]
[00:49:46.318] [INFO] [CalibrationManager] Değişiklik kaydedildi:  [ -> 5]
[00:49:46.319] [INFO] [CalibrationManager] Değişiklik kaydedildi:  [ -> 5]
[00:49:46.320] [INFO] [CalibrationManager] Değişiklik kaydedildi:  [ -> 5]
[00:49:46.321] [INFO] [CalibrationManager] Değişiklik kaydedildi:  [ -> 5]
[00:49:46.322] [INFO] [CalibrationManager] Değişiklik kaydedildi:  [ -> 5]
[00:49:46.323] [INFO] [CalibrationManager] Değişiklik kaydedildi:  [ -> 5]
[00:49:46.324] [INFO] [CalibrationManager] Değişiklik kaydedildi:  [ -> 5]
[00:49:46.326] [INFO] [CalibrationManager] Değişiklik kaydedildi:  [ -> 5]
[00:49:46.327] [INFO] [CalibrationManager] Değişiklik kaydedildi:  [ -> 5]
[00:49:46.328] [INFO] [CalibrationManager] Değişiklik kaydedildi:  [ -> 5]
[00:49:46.329] [INFO] [CalibrationManager] Değişiklik kaydedildi:  [ -> 5]
[00:49:46.330] [INFO] [CalibrationManager] Değişiklik kaydedildi:  [ -> 5]
[00:49:46.332] [INFO] [CalibrationManager] Değişiklik kaydedildi:  [ -> 5]
[00:49:46.333] [INFO] [CalibrationManager] Değişiklik kaydedildi:  [ -> 5]
[00:49:46.334] [INFO] [CalibrationManager] Değişiklik kaydedildi:  [ -> 5]
[00:49:46.335] [INFO] [CalibrationManager] Değişiklik kaydedildi:  [ -> 5]
[00:49:46.336] [INFO] [CalibrationManager] Değişiklik kaydedildi:  [ -> 5]
[00:49:46.337] [INFO] [CalibrationManager] Değişiklik kaydedildi:  [ -> 5]
[00:49:46.339] [INFO] [CalibrationManager] Değişiklik kaydedildi:  [ -> 5]
[00:49:46.340] [INFO] [CalibrationManager] Değişiklik kaydedildi:  [ -> 5]
[00:49:46.341] [INFO] [CalibrationManager] Değişiklik kaydedildi:  [ -> 5]
[00:49:46.342] [INFO] [CalibrationManager] Değişiklik kaydedildi:  [ -> 5]
[00:49:46.344] [INFO] [CalibrationManager] Değişiklik kaydedildi:  [ -> 5]
[00:49:46.345] [INFO] [CalibrationManager] Değişiklik kaydedildi:  [ -> 5]
[00:49:46.346] [INFO] [CalibrationManager] Değişiklik kaydedildi:  [ -> 5]
[00:49:46.348] [INFO] [CalibrationManager] Değişiklik kaydedildi:  [ -> 5]
[00:49:46.349] [INFO] [CalibrationManager] Değişiklik kaydedildi:  [ -> 5]
[00:49:46.350] [INFO] [CalibrationManager] Değişiklik kaydedildi:  [ -> 5]
[00:49:46.351] [INFO] [CalibrationManager] Değişiklik kaydedildi:  [ -> 5]
[00:49:46.353] [INFO] [CalibrationManager] Değişiklik kaydedildi:  [ -> 5]
[00:49:46.354] [INFO] [CalibrationManager] Değişiklik kaydedildi:  [ -> 5]
[00:49:46.355] [INFO] [CalibrationManager] Değişiklik kaydedildi:  [ -> 5]
[00:49:46.358] [INFO] [CalibrationManager] Değişiklik kaydedildi:  [ -> 5]
[00:49:46.360] [INFO] [CalibrationManager] Değişiklik kaydedildi:  [ -> 5]
[00:49:46.361] [INFO] [CalibrationManager] Değişiklik kaydedildi:  [ -> 5]
[00:49:46.362] [INFO] [CalibrationManager] Değişiklik kaydedildi:  [ -> 5]
[00:49:46.363] [INFO] [CalibrationManager] Değişiklik kaydedildi:  [ -> 5]
[00:49:46.364] [INFO] [CalibrationManager] Değişiklik kaydedildi:  [ -> 5]
[00:49:46.366] [INFO] [CalibrationManager] Değişiklik kaydedildi:  [ -> 5]
[00:49:46.367] [INFO] [CalibrationManager] Değişiklik kaydedildi:  [ -> 5]
[00:49:46.368] [INFO] [CalibrationManager] Değişiklik kaydedildi:  [ -> 5]
[00:49:46.369] [INFO] [CalibrationManager] Değişiklik kaydedildi:  [ -> 5]
[00:49:46.370] [INFO] [CalibrationManager] Değişiklik kaydedildi:  [ -> 5]
[00:49:46.371] [INFO] [CalibrationManager] Değişiklik kaydedildi:  [ -> 5]
[00:49:46.373] [INFO] [CalibrationManager] Değişiklik kaydedildi:  [ -> 5]
[00:49:46.374] [INFO] [CalibrationManager] Değişiklik kaydedildi:  [ -> 5]
[00:49:46.375] [INFO] [CalibrationManager] Değişiklik kaydedildi:  [ -> 5]
[00:49:46.386] [INFO] [CalibrationManager] Değişiklik kaydedildi:  [ -> 5]
[00:49:46.387] [INFO] [CalibrationManager] Değişiklik kaydedildi:  [ -> 5]
[00:49:46.388] [INFO] [CalibrationManager] Değişiklik kaydedildi:  [ -> 5]
[00:49:46.389] [INFO] [CalibrationManager] Değişiklik kaydedildi:  [ -> 5]
[00:49:46.390] [INFO] [CalibrationManager] Değişiklik kaydedildi:  [ -> 5]
[00:49:46.392] [INFO] [CalibrationManager] Değişiklik kaydedildi:  [ -> 5]
[00:49:46.393] [INFO] [CalibrationManager] Değişiklik kaydedildi:  [ -> 5]
[00:49:46.394] [INFO] [CalibrationManager] Değişiklik kaydedildi:  [ -> 5]
[00:49:46.397] [WARNING] [RtpCalibrationEngine] Could not save persistent sync queue: The process cannot access the file 'C:\Users\ayhan\OneDrive\Desktop\Canlı OBD2 Araç Telemetri Ekranı\HondaTuner\bin\Debug\net6.0-windows\Database\pending_rtp_queue.json' because it is being used by another process.
[00:49:46.398] [INFO] [CalibrationManager] Değişiklik kaydedildi:  [ -> 5]
[00:49:46.399] [INFO] [CalibrationManager] Değişiklik kaydedildi:  [ -> 5]
[00:49:46.400] [INFO] [CalibrationManager] Değişiklik kaydedildi:  [ -> 5]
[00:49:46.401] [INFO] [CalibrationManager] Değişiklik kaydedildi:  [ -> 5]
[00:49:46.403] [INFO] [CalibrationManager] Değişiklik kaydedildi:  [ -> 5]
[00:49:46.404] [INFO] [CalibrationManager] Değişiklik kaydedildi:  [ -> 5]
[00:49:46.405] [INFO] [CalibrationManager] Değişiklik kaydedildi:  [ -> 5]
[00:49:46.406] [INFO] [CalibrationManager] Değişiklik kaydedildi:  [ -> 5]
[00:49:46.410] [INFO] [CalibrationManager] Değişiklik kaydedildi:  [ -> 5]
[00:49:46.411] [INFO] [CalibrationManager] Değişiklik kaydedildi:  [ -> 5]
[00:49:46.412] [INFO] [CalibrationManager] Değişiklik kaydedildi:  [ -> 5]
[00:49:46.413] [INFO] [CalibrationManager] Değişiklik kaydedildi:  [ -> 5]
[00:49:46.415] [INFO] [CalibrationManager] Değişiklik kaydedildi:  [ -> 5]
[00:49:46.416] [INFO] [CalibrationManager] Değişiklik kaydedildi:  [ -> 5]
[00:49:46.417] [INFO] [CalibrationManager] Değişiklik kaydedildi:  [ -> 5]
[00:49:46.418] [INFO] [CalibrationManager] Değişiklik kaydedildi:  [ -> 5]
[00:49:46.419] [INFO] [CalibrationManager] Değişiklik kaydedildi:  [ -> 5]
[00:49:46.421] [INFO] [CalibrationManager] Değişiklik kaydedildi:  [ -> 5]
[00:49:46.422] [INFO] [CalibrationManager] Değişiklik kaydedildi:  [ -> 5]
[00:49:46.423] [INFO] [CalibrationManager] Değişiklik kaydedildi:  [ -> 5]
[00:49:46.424] [INFO] [CalibrationManager] Değişiklik kaydedildi:  [ -> 5]
[00:49:46.426] [INFO] [CalibrationManager] Değişiklik kaydedildi:  [ -> 5]
[00:49:46.427] [INFO] [CalibrationManager] Değişiklik kaydedildi:  [ -> 5]
[00:49:46.428] [INFO] [CalibrationManager] Değişiklik kaydedildi:  [ -> 5]
[00:49:46.430] [INFO] [CalibrationManager] Değişiklik kaydedildi:  [ -> 5]
[00:49:46.431] [INFO] [CalibrationManager] Değişiklik kaydedildi:  [ -> 5]
[00:49:46.432] [INFO] [CalibrationManager] Değişiklik kaydedildi:  [ -> 5]
[00:49:46.434] [INFO] [CalibrationManager] Değişiklik kaydedildi:  [ -> 5]
[00:49:46.435] [INFO] [CalibrationManager] Değişiklik kaydedildi:  [ -> 5]
[00:49:46.436] [INFO] [CalibrationManager] Değişiklik kaydedildi:  [ -> 5]
[00:49:46.438] [INFO] [CalibrationManager] Değişiklik kaydedildi:  [ -> 5]
[00:49:46.439] [INFO] [CalibrationManager] Değişiklik kaydedildi:  [ -> 5]
[00:49:46.440] [INFO] [CalibrationManager] Değişiklik kaydedildi:  [ -> 5]
[00:49:46.441] [INFO] [CalibrationManager] Değişiklik kaydedildi:  [ -> 5]
[00:49:46.443] [INFO] [CalibrationManager] Değişiklik kaydedildi:  [ -> 5]
[00:49:46.444] [INFO] [CalibrationManager] Değişiklik kaydedildi:  [ -> 5]
[00:49:46.445] [INFO] [CalibrationManager] Değişiklik kaydedildi:  [ -> 5]
[00:49:46.447] [INFO] [CalibrationManager] Değişiklik kaydedildi:  [ -> 5]
[00:49:46.448] [INFO] [CalibrationManager] Değişiklik kaydedildi:  [ -> 5]
[00:49:46.449] [INFO] [CalibrationManager] Değişiklik kaydedildi:  [ -> 5]
[00:49:46.451] [INFO] [CalibrationManager] Değişiklik kaydedildi:  [ -> 5]
[00:49:46.452] [INFO] [CalibrationManager] Değişiklik kaydedildi:  [ -> 5]
[00:49:46.453] [INFO] [CalibrationManager] Değişiklik kaydedildi:  [ -> 5]
[00:49:46.455] [INFO] [CalibrationManager] Değişiklik kaydedildi:  [ -> 5]
[00:49:46.462] [INFO] [CalibrationManager] Değişiklik kaydedildi:  [ -> 5]
[00:49:46.463] [INFO] [CalibrationManager] Değişiklik kaydedildi:  [ -> 5]
[00:49:46.464] [INFO] [CalibrationManager] Değişiklik kaydedildi:  [ -> 5]
[00:49:46.466] [INFO] [CalibrationManager] Değişiklik kaydedildi:  [ -> 5]
[00:49:46.467] [INFO] [CalibrationManager] Değişiklik kaydedildi:  [ -> 5]
[00:49:46.468] [INFO] [CalibrationManager] Değişiklik kaydedildi:  [ -> 5]
[00:49:46.469] [INFO] [CalibrationManager] Değişiklik kaydedildi:  [ -> 5]
[00:49:46.471] [INFO] [CalibrationManager] Değişiklik kaydedildi:  [ -> 5]
[00:49:46.472] [INFO] [CalibrationManager] Değişiklik kaydedildi:  [ -> 5]
[00:49:46.473] [INFO] [CalibrationManager] Değişiklik kaydedildi:  [ -> 5]
[00:49:46.476] [INFO] [CalibrationManager] Değişiklik kaydedildi:  [ -> 5]
[00:49:46.477] [INFO] [CalibrationManager] Değişiklik kaydedildi:  [ -> 5]
[00:49:46.478] [INFO] [CalibrationManager] Değişiklik kaydedildi:  [ -> 5]
[00:49:46.479] [INFO] [CalibrationManager] Değişiklik kaydedildi:  [ -> 5]
[00:49:46.481] [INFO] [CalibrationManager] Değişiklik kaydedildi:  [ -> 5]
[00:49:46.482] [INFO] [CalibrationManager] Değişiklik kaydedildi:  [ -> 5]
[00:49:46.483] [INFO] [CalibrationManager] Değişiklik kaydedildi:  [ -> 5]
[00:49:46.485] [INFO] [CalibrationManager] Değişiklik kaydedildi:  [ -> 5]
[00:49:46.486] [INFO] [CalibrationManager] Değişiklik kaydedildi:  [ -> 5]
[00:49:46.487] [INFO] [CalibrationManager] Değişiklik kaydedildi:  [ -> 5]
[00:49:46.492] [WARNING] [RtpCalibrationEngine] Could not save persistent sync queue: The process cannot access the file 'C:\Users\ayhan\OneDrive\Desktop\Canlı OBD2 Araç Telemetri Ekranı\HondaTuner\bin\Debug\net6.0-windows\Database\pending_rtp_queue.json' because it is being used by another process.
[00:49:46.492] [INFO] [CalibrationManager] Değişiklik kaydedildi:  [ -> 5]
[00:49:46.494] [INFO] [CalibrationManager] Değişiklik kaydedildi:  [ -> 5]
[00:49:46.495] [INFO] [CalibrationManager] Değişiklik kaydedildi:  [ -> 5]
[00:49:46.496] [INFO] [CalibrationManager] Değişiklik kaydedildi:  [ -> 5]
[00:49:46.498] [INFO] [CalibrationManager] Değişiklik kaydedildi:  [ -> 5]
[00:49:46.499] [INFO] [CalibrationManager] Değişiklik kaydedildi:  [ -> 5]
[00:49:46.500] [INFO] [CalibrationManager] Değişiklik kaydedildi:  [ -> 5]
[00:49:46.501] [INFO] [CalibrationManager] Değişiklik kaydedildi:  [ -> 5]
[00:49:46.503] [INFO] [CalibrationManager] Değişiklik kaydedildi:  [ -> 5]
[00:49:46.504] [INFO] [CalibrationManager] Değişiklik kaydedildi:  [ -> 5]
[00:49:46.505] [INFO] [CalibrationManager] Değişiklik kaydedildi:  [ -> 5]
[00:49:46.507] [INFO] [CalibrationManager] Değişiklik kaydedildi:  [ -> 5]
[00:49:46.508] [INFO] [CalibrationManager] Değişiklik kaydedildi:  [ -> 5]
[00:49:46.509] [INFO] [CalibrationManager] Değişiklik kaydedildi:  [ -> 5]
[00:49:46.511] [INFO] [CalibrationManager] Değişiklik kaydedildi:  [ -> 5]
[00:49:46.512] [INFO] [CalibrationManager] Değişiklik kaydedildi:  [ -> 5]
[00:49:46.513] [INFO] [CalibrationManager] Değişiklik kaydedildi:  [ -> 5]
[00:49:46.515] [INFO] [CalibrationManager] Değişiklik kaydedildi:  [ -> 5]
[00:49:46.516] [INFO] [CalibrationManager] Değişiklik kaydedildi:  [ -> 5]
[00:49:46.517] [INFO] [CalibrationManager] Değişiklik kaydedildi:  [ -> 5]
[00:49:46.519] [INFO] [CalibrationManager] Değişiklik kaydedildi:  [ -> 5]
[00:49:46.521] [INFO] [CalibrationManager] Değişiklik kaydedildi:  [ -> 5]
[00:49:46.522] [INFO] [CalibrationManager] Değişiklik kaydedildi:  [ -> 5]
[00:49:46.523] [INFO] [CalibrationManager] Değişiklik kaydedildi:  [ -> 5]
[00:49:46.525] [INFO] [CalibrationManager] Değişiklik kaydedildi:  [ -> 5]
[00:49:46.526] [INFO] [CalibrationManager] Değişiklik kaydedildi:  [ -> 5]
[00:49:46.527] [INFO] [CalibrationManager] Değişiklik kaydedildi:  [ -> 5]
[00:49:46.528] [INFO] [CalibrationManager] Değişiklik kaydedildi:  [ -> 5]
[00:49:46.530] [INFO] [CalibrationManager] Değişiklik kaydedildi:  [ -> 5]
[00:49:46.531] [INFO] [CalibrationManager] Değişiklik kaydedildi:  [ -> 5]
[00:49:46.532] [INFO] [CalibrationManager] Değişiklik kaydedildi:  [ -> 5]
[00:49:46.534] [INFO] [CalibrationManager] Değişiklik kaydedildi:  [ -> 5]
[00:49:46.535] [INFO] [CalibrationManager] Değişiklik kaydedildi:  [ -> 5]
[00:49:46.536] [INFO] [CalibrationManager] Değişiklik kaydedildi:  [ -> 5]
[00:49:46.538] [INFO] [CalibrationManager] Değişiklik kaydedildi:  [ -> 5]
[00:49:46.539] [INFO] [CalibrationManager] Değişiklik kaydedildi:  [ -> 5]
[00:49:46.540] [INFO] [CalibrationManager] Değişiklik kaydedildi:  [ -> 5]
[00:49:46.542] [INFO] [CalibrationManager] Değişiklik kaydedildi:  [ -> 5]
[00:49:46.543] [INFO] [CalibrationManager] Değişiklik kaydedildi:  [ -> 5]
[00:49:46.544] [INFO] [CalibrationManager] Değişiklik kaydedildi:  [ -> 5]
[00:49:46.546] [INFO] [CalibrationManager] Değişiklik kaydedildi:  [ -> 5]
[00:49:46.547] [INFO] [CalibrationManager] Değişiklik kaydedildi:  [ -> 5]
[00:49:46.549] [INFO] [CalibrationManager] Değişiklik kaydedildi:  [ -> 5]
[00:49:46.550] [INFO] [CalibrationManager] Değişiklik kaydedildi:  [ -> 5]
[00:49:46.551] [INFO] [CalibrationManager] Değişiklik kaydedildi:  [ -> 5]
[00:49:46.552] [INFO] [CalibrationManager] Değişiklik kaydedildi:  [ -> 5]
[00:49:46.554] [INFO] [CalibrationManager] Değişiklik kaydedildi:  [ -> 5]
[00:49:46.556] [INFO] [CalibrationManager] Değişiklik kaydedildi:  [ -> 5]
[00:49:46.557] [INFO] [CalibrationManager] Değişiklik kaydedildi:  [ -> 5]
[00:49:46.559] [INFO] [CalibrationManager] Değişiklik kaydedildi:  [ -> 5]
[00:49:46.560] [INFO] [CalibrationManager] Değişiklik kaydedildi:  [ -> 5]
[00:49:46.561] [INFO] [CalibrationManager] Değişiklik kaydedildi:  [ -> 5]
[00:49:46.563] [INFO] [CalibrationManager] Değişiklik kaydedildi:  [ -> 5]
[00:49:46.564] [INFO] [CalibrationManager] Değişiklik kaydedildi:  [ -> 5]
[00:49:46.565] [INFO] [CalibrationManager] Değişiklik kaydedildi:  [ -> 5]
[00:49:46.572] [INFO] [CalibrationManager] Değişiklik kaydedildi:  [ -> 5]
[00:49:46.573] [INFO] [CalibrationManager] Değişiklik kaydedildi:  [ -> 5]
[00:49:46.575] [INFO] [CalibrationManager] Değişiklik kaydedildi:  [ -> 5]
[00:49:46.576] [INFO] [CalibrationManager] Değişiklik kaydedildi:  [ -> 5]
[00:49:46.578] [INFO] [CalibrationManager] Değişiklik kaydedildi:  [ -> 5]
[00:49:46.579] [INFO] [CalibrationManager] Değişiklik kaydedildi:  [ -> 5]
[00:49:46.580] [INFO] [CalibrationManager] Değişiklik kaydedildi:  [ -> 5]
[00:49:46.582] [INFO] [CalibrationManager] Değişiklik kaydedildi:  [ -> 5]
[00:49:46.583] [INFO] [CalibrationManager] Değişiklik kaydedildi:  [ -> 5]
[00:49:46.585] [INFO] [CalibrationManager] Değişiklik kaydedildi:  [ -> 5]
[00:49:46.586] [INFO] [CalibrationManager] Değişiklik kaydedildi:  [ -> 5]
[00:49:46.588] [INFO] [CalibrationManager] Değişiklik kaydedildi:  [ -> 5]
[00:49:46.589] [INFO] [CalibrationManager] Değişiklik kaydedildi:  [ -> 5]
[00:49:46.590] [INFO] [CalibrationManager] Değişiklik kaydedildi:  [ -> 5]
[00:49:46.592] [INFO] [CalibrationManager] Değişiklik kaydedildi:  [ -> 5]
[00:49:46.593] [INFO] [CalibrationManager] Değişiklik kaydedildi:  [ -> 5]
[00:49:46.595] [INFO] [CalibrationManager] Değişiklik kaydedildi:  [ -> 5]
[00:49:46.597] [INFO] [CalibrationManager] Değişiklik kaydedildi:  [ -> 5]
[00:49:46.598] [INFO] [CalibrationManager] Değişiklik kaydedildi:  [ -> 5]
[00:49:46.599] [INFO] [CalibrationManager] Değişiklik kaydedildi:  [ -> 5]
[00:49:46.601] [INFO] [CalibrationManager] Değişiklik kaydedildi:  [ -> 5]
[00:49:46.602] [INFO] [CalibrationManager] Değişiklik kaydedildi:  [ -> 5]
[00:49:46.604] [INFO] [CalibrationManager] Değişiklik kaydedildi:  [ -> 5]
[00:49:46.605] [INFO] [CalibrationManager] Değişiklik kaydedildi:  [ -> 5]
[00:49:46.606] [INFO] [CalibrationManager] Değişiklik kaydedildi:  [ -> 5]
[00:49:46.608] [INFO] [CalibrationManager] Değişiklik kaydedildi:  [ -> 5]
[00:49:46.609] [INFO] [CalibrationManager] Değişiklik kaydedildi:  [ -> 5]
[00:49:46.611] [INFO] [CalibrationManager] Değişiklik kaydedildi:  [ -> 5]
[00:49:46.612] [INFO] [CalibrationManager] Değişiklik kaydedildi:  [ -> 5]
[00:49:46.613] [INFO] [CalibrationManager] Değişiklik kaydedildi:  [ -> 5]
[00:49:46.614] [INFO] [CalibrationManager] Değişiklik kaydedildi:  [ -> 5]
[00:49:46.616] [INFO] [CalibrationManager] Değişiklik kaydedildi:  [ -> 5]
[00:49:46.617] [INFO] [CalibrationManager] Değişiklik kaydedildi:  [ -> 5]
[00:49:46.619] [INFO] [CalibrationManager] Değişiklik kaydedildi:  [ -> 5]
[00:49:46.620] [INFO] [CalibrationManager] Değişiklik kaydedildi:  [ -> 5]
[00:49:46.622] [INFO] [CalibrationManager] Değişiklik kaydedildi:  [ -> 5]
[00:49:46.623] [INFO] [CalibrationManager] Değişiklik kaydedildi:  [ -> 5]
[00:49:46.624] [INFO] [CalibrationManager] Değişiklik kaydedildi:  [ -> 5]
[00:49:46.626] [INFO] [CalibrationManager] Değişiklik kaydedildi:  [ -> 5]
[00:49:46.627] [INFO] [CalibrationManager] Değişiklik kaydedildi:  [ -> 5]
[00:49:46.629] [INFO] [CalibrationManager] Değişiklik kaydedildi:  [ -> 5]
[00:49:46.631] [INFO] [CalibrationManager] Değişiklik kaydedildi:  [ -> 5]
[00:49:46.632] [INFO] [CalibrationManager] Değişiklik kaydedildi:  [ -> 5]
[00:49:46.634] [INFO] [CalibrationManager] Değişiklik kaydedildi:  [ -> 5]
[00:49:46.635] [INFO] [CalibrationManager] Değişiklik kaydedildi:  [ -> 5]
[00:49:46.637] [INFO] [CalibrationManager] Değişiklik kaydedildi:  [ -> 5]
[00:49:46.638] [INFO] [CalibrationManager] Değişiklik kaydedildi:  [ -> 5]
[00:49:46.648] [INFO] [CalibrationManager] Değişiklik kaydedildi:  [ -> 5]
[00:49:46.650] [INFO] [CalibrationManager] Değişiklik kaydedildi:  [ -> 5]
[00:49:46.651] [INFO] [CalibrationManager] Değişiklik kaydedildi:  [ -> 5]
[00:49:46.653] [INFO] [CalibrationManager] Değişiklik kaydedildi:  [ -> 5]
[00:49:46.654] [INFO] [CalibrationManager] Değişiklik kaydedildi:  [ -> 5]
[00:49:46.655] [INFO] [CalibrationManager] Değişiklik kaydedildi:  [ -> 5]
[00:49:46.657] [INFO] [CalibrationManager] Değişiklik kaydedildi:  [ -> 5]
[00:49:46.658] [INFO] [CalibrationManager] Değişiklik kaydedildi:  [ -> 5]
[00:49:46.660] [INFO] [CalibrationManager] Değişiklik kaydedildi:  [ -> 5]
[00:49:46.661] [INFO] [CalibrationManager] Değişiklik kaydedildi:  [ -> 5]
[00:49:46.662] [INFO] [CalibrationManager] Değişiklik kaydedildi:  [ -> 5]
[00:49:46.663] [INFO] [CalibrationManager] Değişiklik kaydedildi:  [ -> 5]
[00:49:46.665] [INFO] [CalibrationManager] Değişiklik kaydedildi:  [ -> 5]
[00:49:46.666] [INFO] [CalibrationManager] Değişiklik kaydedildi:  [ -> 5]
[00:49:46.668] [INFO] [CalibrationManager] Değişiklik kaydedildi:  [ -> 5]
[00:49:46.670] [INFO] [CalibrationManager] Değişiklik kaydedildi:  [ -> 5]
[00:49:46.671] [INFO] [CalibrationManager] Değişiklik kaydedildi:  [ -> 5]
[00:49:46.673] [INFO] [CalibrationManager] Değişiklik kaydedildi:  [ -> 5]
[00:49:46.674] [INFO] [CalibrationManager] Değişiklik kaydedildi:  [ -> 5]
[00:49:46.676] [INFO] [CalibrationManager] Değişiklik kaydedildi:  [ -> 5]
[00:49:46.677] [INFO] [CalibrationManager] Değişiklik kaydedildi:  [ -> 5]
[00:49:46.678] [INFO] [CalibrationManager] Değişiklik kaydedildi:  [ -> 5]
[00:49:46.680] [INFO] [CalibrationManager] Değişiklik kaydedildi:  [ -> 5]
[00:49:46.681] [INFO] [CalibrationManager] Değişiklik kaydedildi:  [ -> 5]
[00:49:46.683] [INFO] [CalibrationManager] Değişiklik kaydedildi:  [ -> 5]
[00:49:46.684] [INFO] [CalibrationManager] Değişiklik kaydedildi:  [ -> 5]
[00:49:46.685] [INFO] [CalibrationManager] Değişiklik kaydedildi:  [ -> 5]
[00:49:46.686] [INFO] [CalibrationManager] Değişiklik kaydedildi:  [ -> 5]
[00:49:46.688] [INFO] [CalibrationManager] Değişiklik kaydedildi:  [ -> 5]
[00:49:46.689] [INFO] [CalibrationManager] Değişiklik kaydedildi:  [ -> 5]
[00:49:46.691] [INFO] [CalibrationManager] Değişiklik kaydedildi:  [ -> 5]
[00:49:46.692] [INFO] [CalibrationManager] Değişiklik kaydedildi:  [ -> 5]
[00:49:46.693] [INFO] [CalibrationManager] Değişiklik kaydedildi:  [ -> 5]
[00:49:46.695] [INFO] [CalibrationManager] Değişiklik kaydedildi:  [ -> 5]
[00:49:46.696] [INFO] [CalibrationManager] Değişiklik kaydedildi:  [ -> 5]
[00:49:46.698] [INFO] [CalibrationManager] Değişiklik kaydedildi:  [ -> 5]
[00:49:46.700] [INFO] [CalibrationManager] Değişiklik kaydedildi:  [ -> 5]
[00:49:46.701] [INFO] [CalibrationManager] Değişiklik kaydedildi:  [ -> 5]
[00:49:46.703] [INFO] [CalibrationManager] Değişiklik kaydedildi:  [ -> 5]
[00:49:46.704] [INFO] [CalibrationManager] Değişiklik kaydedildi:  [ -> 5]
[00:49:46.705] [INFO] [CalibrationManager] Değişiklik kaydedildi:  [ -> 5]
[00:49:46.707] [INFO] [CalibrationManager] Değişiklik kaydedildi:  [ -> 5]
[00:49:46.708] [INFO] [CalibrationManager] Değişiklik kaydedildi:  [ -> 5]
[00:49:46.710] [INFO] [CalibrationManager] Değişiklik kaydedildi:  [ -> 5]
[00:49:46.711] [INFO] [CalibrationManager] Değişiklik kaydedildi:  [ -> 5]
[00:49:46.712] [INFO] [CalibrationManager] Değişiklik kaydedildi:  [ -> 5]
[00:49:46.714] [INFO] [CalibrationManager] Değişiklik kaydedildi:  [ -> 5]
[00:49:46.715] [INFO] [CalibrationManager] Değişiklik kaydedildi:  [ -> 5]
[00:49:46.716] [INFO] [CalibrationManager] Değişiklik kaydedildi:  [ -> 5]
[00:49:46.718] [INFO] [CalibrationManager] Değişiklik kaydedildi:  [ -> 5]
[00:49:46.719] [INFO] [CalibrationManager] Değişiklik kaydedildi:  [ -> 5]
[00:49:46.721] [INFO] [CalibrationManager] Değişiklik kaydedildi:  [ -> 5]
[00:49:46.722] [INFO] [CalibrationManager] Değişiklik kaydedildi:  [ -> 5]
[00:49:46.724] [INFO] [CalibrationManager] Değişiklik kaydedildi:  [ -> 5]
[00:49:46.725] [INFO] [CalibrationManager] Değişiklik kaydedildi:  [ -> 5]
[00:49:46.727] [INFO] [CalibrationManager] Değişiklik kaydedildi:  [ -> 5]
[00:49:46.729] [INFO] [CalibrationManager] Değişiklik kaydedildi:  [ -> 5]
[00:49:46.730] [INFO] [CalibrationManager] Değişiklik kaydedildi:  [ -> 5]
[00:49:46.732] [INFO] [CalibrationManager] Değişiklik kaydedildi:  [ -> 5]
[00:49:46.741] [INFO] [CalibrationManager] Değişiklik kaydedildi:  [ -> 5]
[00:49:46.743] [INFO] [CalibrationManager] Değişiklik kaydedildi:  [ -> 5]
[00:49:46.744] [INFO] [CalibrationManager] Değişiklik kaydedildi:  [ -> 5]
[00:49:46.745] [INFO] [CalibrationManager] Değişiklik kaydedildi:  [ -> 5]
[00:49:46.747] [INFO] [CalibrationManager] Değişiklik kaydedildi:  [ -> 5]
[00:49:46.748] [INFO] [CalibrationManager] Değişiklik kaydedildi:  [ -> 5]
[00:49:46.750] [INFO] [CalibrationManager] Değişiklik kaydedildi:  [ -> 5]
[00:49:46.751] [INFO] [CalibrationManager] Değişiklik kaydedildi:  [ -> 5]
[00:49:46.753] [INFO] [CalibrationManager] Değişiklik kaydedildi:  [ -> 5]
[00:49:46.754] [INFO] [CalibrationManager] Değişiklik kaydedildi:  [ -> 5]
[00:49:46.755] [INFO] [CalibrationManager] Değişiklik kaydedildi:  [ -> 5]
[00:49:46.757] [INFO] [CalibrationManager] Değişiklik kaydedildi:  [ -> 5]
[00:49:46.758] [INFO] [CalibrationManager] Değişiklik kaydedildi:  [ -> 5]
[00:49:46.760] [INFO] [CalibrationManager] Değişiklik kaydedildi:  [ -> 5]
[00:49:46.767] [INFO] [CalibrationManager] Değişiklik kaydedildi:  [ -> 5]
[00:49:46.769] [INFO] [CalibrationManager] Değişiklik kaydedildi:  [ -> 5]
[00:49:46.771] [INFO] [CalibrationManager] Değişiklik kaydedildi:  [ -> 5]
[00:49:46.772] [INFO] [CalibrationManager] Değişiklik kaydedildi:  [ -> 5]
[00:49:46.774] [INFO] [CalibrationManager] Değişiklik kaydedildi:  [ -> 5]
[00:49:46.775] [INFO] [CalibrationManager] Değişiklik kaydedildi:  [ -> 5]
[00:49:46.777] [INFO] [CalibrationManager] Değişiklik kaydedildi:  [ -> 5]
[00:49:46.778] [INFO] [CalibrationManager] Değişiklik kaydedildi:  [ -> 5]
[00:49:46.780] [INFO] [CalibrationManager] Değişiklik kaydedildi:  [ -> 5]
[00:49:46.781] [INFO] [CalibrationManager] Değişiklik kaydedildi:  [ -> 5]
[00:49:46.783] [INFO] [CalibrationManager] Değişiklik kaydedildi:  [ -> 5]
[00:49:46.784] [INFO] [CalibrationManager] Değişiklik kaydedildi:  [ -> 5]
[00:49:46.785] [INFO] [CalibrationManager] Değişiklik kaydedildi:  [ -> 5]
[00:49:46.787] [INFO] [CalibrationManager] Değişiklik kaydedildi:  [ -> 5]
[00:49:46.788] [INFO] [CalibrationManager] Değişiklik kaydedildi:  [ -> 5]
[00:49:46.790] [INFO] [CalibrationManager] Değişiklik kaydedildi:  [ -> 5]
[00:49:46.791] [INFO] [CalibrationManager] Değişiklik kaydedildi:  [ -> 5]
[00:49:46.793] [INFO] [CalibrationManager] Değişiklik kaydedildi:  [ -> 5]
[00:49:46.794] [INFO] [CalibrationManager] Değişiklik kaydedildi:  [ -> 5]
[00:49:46.796] [INFO] [CalibrationManager] Değişiklik kaydedildi:  [ -> 5]
[00:49:46.798] [INFO] [CalibrationManager] Değişiklik kaydedildi:  [ -> 5]
[00:49:46.800] [INFO] [CalibrationManager] Değişiklik kaydedildi:  [ -> 5]
[00:49:46.801] [INFO] [CalibrationManager] Değişiklik kaydedildi:  [ -> 5]
[00:49:46.802] [INFO] [CalibrationManager] Değişiklik kaydedildi:  [ -> 5]
[00:49:46.804] [INFO] [CalibrationManager] Değişiklik kaydedildi:  [ -> 5]
[00:49:46.805] [INFO] [CalibrationManager] Değişiklik kaydedildi:  [ -> 5]
[00:49:46.807] [INFO] [CalibrationManager] Değişiklik kaydedildi:  [ -> 5]
[00:49:46.808] [INFO] [CalibrationManager] Değişiklik kaydedildi:  [ -> 5]
[00:49:46.809] [INFO] [CalibrationManager] Değişiklik kaydedildi:  [ -> 5]
[00:49:46.811] [INFO] [CalibrationManager] Değişiklik kaydedildi:  [ -> 5]
[00:49:46.812] [INFO] [CalibrationManager] Değişiklik kaydedildi:  [ -> 5]
[00:49:46.814] [INFO] [CalibrationManager] Değişiklik kaydedildi:  [ -> 5]
[00:49:46.815] [INFO] [CalibrationManager] Değişiklik kaydedildi:  [ -> 5]
[00:49:46.817] [INFO] [CalibrationManager] Değişiklik kaydedildi:  [ -> 5]
[00:49:46.818] [INFO] [CalibrationManager] Değişiklik kaydedildi:  [ -> 5]
[00:49:46.819] [INFO] [CalibrationManager] Değişiklik kaydedildi:  [ -> 5]
[00:49:46.821] [INFO] [CalibrationManager] Değişiklik kaydedildi:  [ -> 5]
[00:49:46.822] [INFO] [CalibrationManager] Değişiklik kaydedildi:  [ -> 5]
[00:49:46.825] [INFO] [CalibrationManager] Değişiklik kaydedildi:  [ -> 5]
[00:49:46.826] [INFO] [CalibrationManager] Değişiklik kaydedildi:  [ -> 5]
[00:49:46.828] [INFO] [CalibrationManager] Değişiklik kaydedildi:  [ -> 5]
[00:49:46.829] [INFO] [CalibrationManager] Değişiklik kaydedildi:  [ -> 5]
[00:49:46.831] [INFO] [CalibrationManager] Değişiklik kaydedildi:  [ -> 5]
[00:49:46.832] [INFO] [CalibrationManager] Değişiklik kaydedildi:  [ -> 5]
[00:49:46.834] [INFO] [CalibrationManager] Değişiklik kaydedildi:  [ -> 5]
[00:49:46.835] [INFO] [CalibrationManager] Değişiklik kaydedildi:  [ -> 5]
[00:49:46.836] [INFO] [CalibrationManager] Değişiklik kaydedildi:  [ -> 5]
[00:49:46.838] [INFO] [CalibrationManager] Değişiklik kaydedildi:  [ -> 5]
[00:49:46.839] [INFO] [CalibrationManager] Değişiklik kaydedildi:  [ -> 5]
[00:49:46.850] [INFO] [CalibrationManager] Değişiklik kaydedildi:  [ -> 5]
[00:49:46.851] [INFO] [CalibrationManager] Değişiklik kaydedildi:  [ -> 5]
[00:49:46.853] [INFO] [CalibrationManager] Değişiklik kaydedildi:  [ -> 5]
[00:49:46.854] [INFO] [CalibrationManager] Değişiklik kaydedildi:  [ -> 5]
[00:49:46.856] [INFO] [CalibrationManager] Değişiklik kaydedildi:  [ -> 5]
[00:49:46.858] [INFO] [CalibrationManager] Değişiklik kaydedildi:  [ -> 5]
[00:49:46.860] [INFO] [CalibrationManager] Değişiklik kaydedildi:  [ -> 5]
[00:49:46.862] [INFO] [CalibrationManager] Değişiklik kaydedildi:  [ -> 5]
[00:49:46.864] [INFO] [CalibrationManager] Değişiklik kaydedildi:  [ -> 5]
[00:49:46.865] [INFO] [CalibrationManager] Değişiklik kaydedildi:  [ -> 5]
[00:49:46.867] [INFO] [CalibrationManager] Değişiklik kaydedildi:  [ -> 5]
[00:49:46.868] [INFO] [CalibrationManager] Değişiklik kaydedildi:  [ -> 5]
[00:49:46.870] [INFO] [CalibrationManager] Değişiklik kaydedildi:  [ -> 5]
[00:49:46.871] [INFO] [CalibrationManager] Değişiklik kaydedildi:  [ -> 5]
[00:49:46.873] [INFO] [CalibrationManager] Değişiklik kaydedildi:  [ -> 5]
[00:49:46.874] [INFO] [CalibrationManager] Değişiklik kaydedildi:  [ -> 5]
[00:49:46.876] [INFO] [CalibrationManager] Değişiklik kaydedildi:  [ -> 5]
[00:49:46.877] [INFO] [CalibrationManager] Değişiklik kaydedildi:  [ -> 5]
[00:49:46.878] [INFO] [CalibrationManager] Değişiklik kaydedildi:  [ -> 5]
[00:49:46.880] [INFO] [CalibrationManager] Değişiklik kaydedildi:  [ -> 5]
[00:49:46.881] [INFO] [CalibrationManager] Değişiklik kaydedildi:  [ -> 5]
[00:49:46.883] [INFO] [CalibrationManager] Değişiklik kaydedildi:  [ -> 5]
[00:49:46.885] [INFO] [CalibrationManager] Değişiklik kaydedildi:  [ -> 5]
[00:49:46.886] [INFO] [CalibrationManager] Değişiklik kaydedildi:  [ -> 5]
[00:49:46.888] [INFO] [CalibrationManager] Değişiklik kaydedildi:  [ -> 5]
[00:49:46.889] [INFO] [CalibrationManager] Değişiklik kaydedildi:  [ -> 5]
[00:49:46.891] [INFO] [CalibrationManager] Değişiklik kaydedildi:  [ -> 5]
[00:49:46.892] [INFO] [CalibrationManager] Değişiklik kaydedildi:  [ -> 5]
[00:49:46.894] [INFO] [CalibrationManager] Değişiklik kaydedildi:  [ -> 5]
[00:49:46.895] [INFO] [CalibrationManager] Değişiklik kaydedildi:  [ -> 5]
[00:49:46.896] [INFO] [CalibrationManager] Değişiklik kaydedildi:  [ -> 5]
[00:49:46.898] [INFO] [CalibrationManager] Değişiklik kaydedildi:  [ -> 5]
[00:49:46.899] [INFO] [CalibrationManager] Değişiklik kaydedildi:  [ -> 5]
[00:49:46.901] [INFO] [CalibrationManager] Değişiklik kaydedildi:  [ -> 5]
[00:49:46.902] [INFO] [CalibrationManager] Değişiklik kaydedildi:  [ -> 5]
[00:49:46.904] [INFO] [CalibrationManager] Değişiklik kaydedildi:  [ -> 5]
[00:49:46.905] [INFO] [CalibrationManager] Değişiklik kaydedildi:  [ -> 5]
[00:49:46.907] [INFO] [CalibrationManager] Değişiklik kaydedildi:  [ -> 5]
[00:49:46.909] [INFO] [CalibrationManager] Değişiklik kaydedildi:  [ -> 5]
[00:49:46.910] [INFO] [CalibrationManager] Değişiklik kaydedildi:  [ -> 5]
[00:49:46.912] [INFO] [CalibrationManager] Değişiklik kaydedildi:  [ -> 5]
[00:49:46.914] [INFO] [CalibrationManager] Değişiklik kaydedildi:  [ -> 5]
[00:49:46.915] [INFO] [CalibrationManager] Değişiklik kaydedildi:  [ -> 5]
[00:49:46.916] [INFO] [CalibrationManager] Değişiklik kaydedildi:  [ -> 5]
[00:49:46.918] [INFO] [CalibrationManager] Değişiklik kaydedildi:  [ -> 5]
[00:49:46.919] [INFO] [CalibrationManager] Değişiklik kaydedildi:  [ -> 5]
[00:49:46.921] [INFO] [CalibrationManager] Değişiklik kaydedildi:  [ -> 5]
[00:49:46.922] [INFO] [CalibrationManager] Değişiklik kaydedildi:  [ -> 5]
[00:49:46.924] [INFO] [CalibrationManager] Değişiklik kaydedildi:  [ -> 5]
[00:49:46.925] [INFO] [CalibrationManager] Değişiklik kaydedildi:  [ -> 5]
[00:49:46.927] [INFO] [CalibrationManager] Değişiklik kaydedildi:  [ -> 5]
[00:49:46.928] [INFO] [CalibrationManager] Değişiklik kaydedildi:  [ -> 5]
[00:49:46.930] [INFO] [CalibrationManager] Değişiklik kaydedildi:  [ -> 5]
[00:49:46.932] [INFO] [CalibrationManager] Değişiklik kaydedildi:  [ -> 5]
[00:49:47.344] [INFO] [RtpCalibrationEngine] Connecting to RTP emulator...
[00:49:47.344] [INFO] [RtpCalibrationEngine] RTP emulator connected successfully.
[00:49:47.344] [INFO] [RtpCalibrationEngine] Real-time synchronization active.
[00:49:47.345] [INFO] [RtpCalibrationEngine] Connecting to RTP emulator...
[00:49:47.345] [INFO] [RtpCalibrationEngine] RTP emulator connected successfully.
[00:49:47.345] [INFO] [RtpCalibrationEngine] Real-time synchronization active.
[00:49:47.347] [INFO] [CalibrationManager] Değişiklik kaydedildi:  [ -> 55]
[00:49:47.420] [ERROR] [RtpCalibrationEngine] Batch write execution failed: Batch block verification write failed: Simulated block write exception
[00:49:47.565] [INFO] [RtpCalibrationEngine] Connecting to RTP emulator...
[00:49:47.565] [INFO] [RtpCalibrationEngine] RTP emulator connected successfully.
[00:49:47.565] [INFO] [RtpCalibrationEngine] Real-time synchronization active.
[00:49:47.568] [INFO] [CalibrationManager] Değişiklik kaydedildi:  [ -> 88]
[00:49:47.655] [ERROR] [RtpCalibrationEngine] Batch write execution failed: Batch block verification write failed: Batch block verify mismatch at relative index 0. Expected: 88, Actual: 167
[00:49:47.789] [INFO] [RtpCalibrationEngine] Connecting to RTP emulator...
[00:49:47.790] [INFO] [RtpCalibrationEngine] RTP emulator connected successfully.
[00:49:47.790] [INFO] [RtpCalibrationEngine] Real-time synchronization active.
[00:49:47.792] [INFO] [CalibrationManager] Değişiklik kaydedildi:  [ -> 22]
[00:49:47.905] [INFO] [CalibrationManager] Değişiklik kaydedildi:  [ -> 22]
[00:49:48.028] [INFO] [CalibrationManager] Değişiklik kaydedildi:  [ -> 0]
[00:49:48.039] [INFO] [CalibrationManager] Değişiklik kaydedildi:  [ -> 1]
[00:49:48.048] [INFO] [CalibrationManager] Değişiklik kaydedildi:  [ -> 2]
[00:49:48.057] [INFO] [CalibrationManager] Değişiklik kaydedildi:  [ -> 3]
[00:49:48.066] [INFO] [CalibrationManager] Değişiklik kaydedildi:  [ -> 4]
[00:49:48.083] [INFO] [CalibrationManager] Değişiklik kaydedildi:  [ -> 5]
[00:49:48.091] [INFO] [CalibrationManager] Değişiklik kaydedildi:  [ -> 6]
[00:49:48.102] [INFO] [CalibrationManager] Değişiklik kaydedildi:  [ -> 0]
[00:49:48.112] [INFO] [CalibrationManager] Değişiklik kaydedildi:  [ -> 1]
[00:49:48.118] [INFO] [CalibrationManager] Değişiklik kaydedildi:  [ -> 2]
[00:49:48.126] [INFO] [CalibrationManager] Değişiklik kaydedildi:  [ -> 3]
[00:49:48.135] [INFO] [CalibrationManager] Değişiklik kaydedildi:  [ -> 4]
[00:49:48.143] [INFO] [CalibrationManager] Değişiklik kaydedildi:  [ -> 5]
[00:49:48.145] [INFO] [CalibrationManager] Değişiklik kaydedildi:  [ -> 6]
[00:49:48.149] [INFO] [CalibrationManager] Değişiklik kaydedildi:  [ -> 0]
[00:49:48.158] [INFO] [CalibrationManager] Değişiklik kaydedildi:  [ -> 1]
[00:49:48.168] [INFO] [CalibrationManager] Değişiklik kaydedildi:  [ -> 2]
[00:49:48.176] [INFO] [CalibrationManager] Değişiklik kaydedildi:  [ -> 3]
[00:49:48.178] [INFO] [CalibrationManager] Değişiklik kaydedildi:  [ -> 4]
[00:49:48.302] [INFO] [CalibrationManager] Değişiklik kaydedildi:  [ -> 5]
[00:49:48.416] [INFO] [CalibrationManager] Değişiklik kaydedildi:  [ -> 6]
[00:49:48.427] [ERROR] [RtpCalibrationEngine] RTP Configuration validation failed: Retry count must be between 0 and 10. (Parameter 'RetryCount')
[00:49:48.429] [INFO] [RtpCalibrationEngine] Recovered 1 pending changes from persistent queue on disk.
[00:49:48.446] [INFO] [RtpCalibrationEngine] Connecting to RTP emulator...
[00:49:48.446] [INFO] [RtpCalibrationEngine] RTP emulator connected successfully.
[00:49:48.446] [INFO] [RtpCalibrationEngine] Real-time synchronization active.
[00:49:48.455] [INFO] [AutoTuneSafetyManager] Güvenlik limitleri yüklendi. Etkin kural sayısı: 4
[00:49:48.455] [INFO] [AutoTuneEventPublisher] Domain olayı yayınlandı: SessionCreated (Oturum: 1dccbf2a-c639-49c6-9c51-26a3aac4808c)
[00:49:48.455] [INFO] [AutoTuneEngine] Oturum başarıyla başlatıldı: 1dccbf2a-c639-49c6-9c51-26a3aac4808c
[00:49:48.585] [INFO] [AutoTuneEventPublisher] Domain olayı yayınlandı: TelemetryWindowAccepted (Oturum: 1dccbf2a-c639-49c6-9c51-26a3aac4808c)
[00:49:48.586] [INFO] [AutoTuneEventPublisher] Domain olayı yayınlandı: SafetyViolation (Oturum: 1dccbf2a-c639-49c6-9c51-26a3aac4808c)
[00:49:48.586] [INFO] [AutoTuneEventPublisher] Domain olayı yayınlandı: DecisionCreated (Oturum: 1dccbf2a-c639-49c6-9c51-26a3aac4808c)
[00:49:48.587] [INFO] [CalibrationSnapshotManager] Snapshot oluşturuldu: 0be0f94a-fa21-4046-ab22-1964add5e6be, Hücre sayısı: 1
[00:49:48.588] [INFO] [CalibrationRecoveryManager] Bekleyen işlem kaydedildi: 1e150f77-7d69-400b-992e-395801b74dac
[00:49:48.590] [INFO] [CalibrationManager] Değişiklik kaydedildi: AFRTargetTable Hücre [3,4] [0 -> 15]
[00:49:48.591] [INFO] [CalibrationRecoveryManager] Bekleyen işlem temizlendi (başarılı commit).
[00:49:48.591] [INFO] [CalibrationStreamPublisher] Uygulanan değişiklik yayınlandı: Lambda adres: AFRTargetTable[3,4]
[00:49:48.591] [INFO] [AutoTuneEventPublisher] Domain olayı yayınlandı: MapChangeApplied (Oturum: 1dccbf2a-c639-49c6-9c51-26a3aac4808c)
[00:49:48.591] [INFO] [AutoTuneEventPublisher] Domain olayı yayınlandı: DecisionCreated (Oturum: 1dccbf2a-c639-49c6-9c51-26a3aac4808c)
[00:49:48.591] [INFO] [CalibrationSnapshotManager] Snapshot oluşturuldu: cec24441-82fe-4a0a-a8d8-ee115f298780, Hücre sayısı: 1
[00:49:48.592] [INFO] [CalibrationRecoveryManager] Bekleyen işlem kaydedildi: 4ba0d350-ab46-4ba2-9bdf-d698256c2771
[00:49:48.594] [INFO] [CalibrationManager] Değişiklik kaydedildi: IgnitionTable Hücre [3,4] [15 -> 16]
[00:49:48.595] [INFO] [CalibrationRecoveryManager] Bekleyen işlem temizlendi (başarılı commit).
[00:49:48.595] [INFO] [CalibrationStreamPublisher] Uygulanan değişiklik yayınlandı: Ignition adres: IgnitionTable[3,4]
[00:49:48.595] [INFO] [AutoTuneEventPublisher] Domain olayı yayınlandı: MapChangeApplied (Oturum: 1dccbf2a-c639-49c6-9c51-26a3aac4808c)
[00:49:48.595] [INFO] [AutoTuneEventPublisher] Domain olayı yayınlandı: DecisionCreated (Oturum: 1dccbf2a-c639-49c6-9c51-26a3aac4808c)
[00:49:48.595] [INFO] [CalibrationSnapshotManager] Snapshot oluşturuldu: 8fc8a525-0126-4166-87cb-aad9e3bf49c2, Hücre sayısı: 1
[00:49:48.596] [INFO] [CalibrationRecoveryManager] Bekleyen işlem kaydedildi: c881f294-49bd-4cb7-b85c-da60dceca266
[00:49:48.598] [INFO] [CalibrationManager] Değişiklik kaydedildi: FuelVETable Hücre [3,4] [16 -> 60]
[00:49:48.599] [INFO] [CalibrationRecoveryManager] Bekleyen işlem temizlendi (başarılı commit).
[00:49:48.599] [INFO] [CalibrationStreamPublisher] Uygulanan değişiklik yayınlandı: VE adres: FuelVETable[3,4]
[00:49:48.599] [INFO] [AutoTuneEventPublisher] Domain olayı yayınlandı: MapChangeApplied (Oturum: 1dccbf2a-c639-49c6-9c51-26a3aac4808c)
[00:49:48.624] [INFO] [AutoTuneEventPublisher] Domain olayı yayınlandı: TelemetryWindowAccepted (Oturum: 1dccbf2a-c639-49c6-9c51-26a3aac4808c)
[00:49:48.625] [INFO] [AutoTuneEventPublisher] Domain olayı yayınlandı: SafetyViolation (Oturum: 1dccbf2a-c639-49c6-9c51-26a3aac4808c)
[00:49:48.625] [INFO] [AutoTuneEventPublisher] Domain olayı yayınlandı: DecisionCreated (Oturum: 1dccbf2a-c639-49c6-9c51-26a3aac4808c)
[00:49:48.625] [INFO] [CalibrationSnapshotManager] Snapshot oluşturuldu: 287b73c6-ac5f-4dfb-bf4f-2c2c10867e51, Hücre sayısı: 1
[00:49:48.626] [INFO] [CalibrationRecoveryManager] Bekleyen işlem kaydedildi: 63a9ead8-bc9c-4adf-b4d7-e78d7a7bd59f
[00:49:48.628] [INFO] [CalibrationManager] Değişiklik kaydedildi: AFRTargetTable Hücre [3,4] [60 -> 15]
[00:49:48.629] [INFO] [CalibrationRecoveryManager] Bekleyen işlem temizlendi (başarılı commit).
[00:49:48.629] [INFO] [CalibrationStreamPublisher] Uygulanan değişiklik yayınlandı: Lambda adres: AFRTargetTable[3,4]
[00:49:48.629] [INFO] [AutoTuneEventPublisher] Domain olayı yayınlandı: MapChangeApplied (Oturum: 1dccbf2a-c639-49c6-9c51-26a3aac4808c)
[00:49:48.629] [INFO] [AutoTuneEventPublisher] Domain olayı yayınlandı: DecisionCreated (Oturum: 1dccbf2a-c639-49c6-9c51-26a3aac4808c)
[00:49:48.629] [INFO] [CalibrationSnapshotManager] Snapshot oluşturuldu: dcfa6876-f77e-401a-84cf-991e3ec984f1, Hücre sayısı: 1
[00:49:48.630] [INFO] [CalibrationRecoveryManager] Bekleyen işlem kaydedildi: 886f8763-c733-442c-af11-832465c7cdc9
[00:49:48.634] [INFO] [CalibrationManager] Değişiklik kaydedildi: IgnitionTable Hücre [3,4] [15 -> 16]
[00:49:48.635] [INFO] [CalibrationRecoveryManager] Bekleyen işlem temizlendi (başarılı commit).
[00:49:48.635] [INFO] [CalibrationStreamPublisher] Uygulanan değişiklik yayınlandı: Ignition adres: IgnitionTable[3,4]
[00:49:48.635] [INFO] [AutoTuneEventPublisher] Domain olayı yayınlandı: MapChangeApplied (Oturum: 1dccbf2a-c639-49c6-9c51-26a3aac4808c)
[00:49:48.635] [INFO] [AutoTuneEventPublisher] Domain olayı yayınlandı: DecisionCreated (Oturum: 1dccbf2a-c639-49c6-9c51-26a3aac4808c)
[00:49:48.635] [INFO] [CalibrationSnapshotManager] Snapshot oluşturuldu: 65ff23ef-3170-4c79-b699-62cfb915ed15, Hücre sayısı: 1
[00:49:48.636] [INFO] [CalibrationRecoveryManager] Bekleyen işlem kaydedildi: 38b5ec88-1cbe-491c-990d-a76ed6efbcdd
[00:49:48.638] [INFO] [CalibrationManager] Değişiklik kaydedildi: FuelVETable Hücre [3,4] [16 -> 60]
[00:49:48.639] [INFO] [CalibrationRecoveryManager] Bekleyen işlem temizlendi (başarılı commit).
[00:49:48.639] [INFO] [CalibrationStreamPublisher] Uygulanan değişiklik yayınlandı: VE adres: FuelVETable[3,4]
[00:49:48.639] [INFO] [AutoTuneEventPublisher] Domain olayı yayınlandı: MapChangeApplied (Oturum: 1dccbf2a-c639-49c6-9c51-26a3aac4808c)
[00:49:48.662] [INFO] [AutoTuneEventPublisher] Domain olayı yayınlandı: TelemetryWindowAccepted (Oturum: 1dccbf2a-c639-49c6-9c51-26a3aac4808c)
[00:49:48.663] [INFO] [AutoTuneEventPublisher] Domain olayı yayınlandı: SafetyViolation (Oturum: 1dccbf2a-c639-49c6-9c51-26a3aac4808c)
[00:49:48.663] [INFO] [AutoTuneEventPublisher] Domain olayı yayınlandı: DecisionCreated (Oturum: 1dccbf2a-c639-49c6-9c51-26a3aac4808c)
[00:49:48.663] [INFO] [CalibrationSnapshotManager] Snapshot oluşturuldu: 86e79f93-f2a5-43c8-ab96-60b9b6a0539b, Hücre sayısı: 1
[00:49:48.664] [INFO] [CalibrationRecoveryManager] Bekleyen işlem kaydedildi: be45df1e-df3b-4dd3-92d8-9fc2f3766842
[00:49:48.666] [INFO] [CalibrationManager] Değişiklik kaydedildi: AFRTargetTable Hücre [3,4] [60 -> 15]
[00:49:48.667] [INFO] [CalibrationRecoveryManager] Bekleyen işlem temizlendi (başarılı commit).
[00:49:48.667] [INFO] [CalibrationStreamPublisher] Uygulanan değişiklik yayınlandı: Lambda adres: AFRTargetTable[3,4]
[00:49:48.667] [INFO] [AutoTuneEventPublisher] Domain olayı yayınlandı: MapChangeApplied (Oturum: 1dccbf2a-c639-49c6-9c51-26a3aac4808c)
[00:49:48.667] [INFO] [AutoTuneEventPublisher] Domain olayı yayınlandı: DecisionCreated (Oturum: 1dccbf2a-c639-49c6-9c51-26a3aac4808c)
[00:49:48.668] [INFO] [CalibrationSnapshotManager] Snapshot oluşturuldu: ab72555c-e6b1-4b20-9f73-15a985380354, Hücre sayısı: 1
[00:49:48.669] [INFO] [CalibrationRecoveryManager] Bekleyen işlem kaydedildi: 2727db9a-0585-47ad-bc42-42004d00c021
[00:49:48.671] [INFO] [CalibrationManager] Değişiklik kaydedildi: IgnitionTable Hücre [3,4] [15 -> 16]
[00:49:48.671] [INFO] [CalibrationRecoveryManager] Bekleyen işlem temizlendi (başarılı commit).
[00:49:48.672] [INFO] [CalibrationStreamPublisher] Uygulanan değişiklik yayınlandı: Ignition adres: IgnitionTable[3,4]
[00:49:48.672] [INFO] [AutoTuneEventPublisher] Domain olayı yayınlandı: MapChangeApplied (Oturum: 1dccbf2a-c639-49c6-9c51-26a3aac4808c)
[00:49:48.672] [INFO] [AutoTuneEventPublisher] Domain olayı yayınlandı: DecisionCreated (Oturum: 1dccbf2a-c639-49c6-9c51-26a3aac4808c)
[00:49:48.672] [INFO] [CalibrationSnapshotManager] Snapshot oluşturuldu: 40e52c4a-49dc-4aa9-a062-1e8d2f035999, Hücre sayısı: 1
[00:49:48.673] [INFO] [CalibrationRecoveryManager] Bekleyen işlem kaydedildi: cdac9a50-5ac4-4b22-a3ac-fcc68acd8aa6
[00:49:48.675] [INFO] [CalibrationManager] Değişiklik kaydedildi: FuelVETable Hücre [3,4] [16 -> 60]
[00:49:48.676] [INFO] [CalibrationRecoveryManager] Bekleyen işlem temizlendi (başarılı commit).
[00:49:48.676] [INFO] [CalibrationStreamPublisher] Uygulanan değişiklik yayınlandı: VE adres: FuelVETable[3,4]
[00:49:48.676] [INFO] [AutoTuneEventPublisher] Domain olayı yayınlandı: MapChangeApplied (Oturum: 1dccbf2a-c639-49c6-9c51-26a3aac4808c)
[00:49:48.694] [INFO] [AutoTuneEventPublisher] Domain olayı yayınlandı: TelemetryWindowAccepted (Oturum: 1dccbf2a-c639-49c6-9c51-26a3aac4808c)
[00:49:48.695] [INFO] [AutoTuneEventPublisher] Domain olayı yayınlandı: SafetyViolation (Oturum: 1dccbf2a-c639-49c6-9c51-26a3aac4808c)
[00:49:48.695] [INFO] [AutoTuneEventPublisher] Domain olayı yayınlandı: DecisionCreated (Oturum: 1dccbf2a-c639-49c6-9c51-26a3aac4808c)
[00:49:48.695] [INFO] [CalibrationSnapshotManager] Snapshot oluşturuldu: 86413efe-6c07-468a-88b4-1bc4703e3f89, Hücre sayısı: 1
[00:49:48.696] [INFO] [CalibrationRecoveryManager] Bekleyen işlem kaydedildi: 58a725c6-c37a-4769-8097-64c041f886f7
[00:49:48.698] [INFO] [CalibrationManager] Değişiklik kaydedildi: AFRTargetTable Hücre [3,4] [60 -> 15]
[00:49:48.699] [INFO] [CalibrationRecoveryManager] Bekleyen işlem temizlendi (başarılı commit).
[00:49:48.699] [INFO] [CalibrationStreamPublisher] Uygulanan değişiklik yayınlandı: Lambda adres: AFRTargetTable[3,4]
[00:49:48.699] [INFO] [AutoTuneEventPublisher] Domain olayı yayınlandı: MapChangeApplied (Oturum: 1dccbf2a-c639-49c6-9c51-26a3aac4808c)
[00:49:48.699] [INFO] [AutoTuneEventPublisher] Domain olayı yayınlandı: DecisionCreated (Oturum: 1dccbf2a-c639-49c6-9c51-26a3aac4808c)
[00:49:48.699] [INFO] [CalibrationSnapshotManager] Snapshot oluşturuldu: 48691725-7fe8-4633-a507-3f01ff5ca91e, Hücre sayısı: 1
[00:49:48.701] [INFO] [CalibrationRecoveryManager] Bekleyen işlem kaydedildi: 3fca47e2-c108-488f-a7d0-99d290169be7
[00:49:48.702] [INFO] [CalibrationManager] Değişiklik kaydedildi: IgnitionTable Hücre [3,4] [15 -> 16]
[00:49:48.703] [INFO] [CalibrationRecoveryManager] Bekleyen işlem temizlendi (başarılı commit).
[00:49:48.703] [INFO] [CalibrationStreamPublisher] Uygulanan değişiklik yayınlandı: Ignition adres: IgnitionTable[3,4]
[00:49:48.703] [INFO] [AutoTuneEventPublisher] Domain olayı yayınlandı: MapChangeApplied (Oturum: 1dccbf2a-c639-49c6-9c51-26a3aac4808c)
[00:49:48.704] [INFO] [AutoTuneEventPublisher] Domain olayı yayınlandı: DecisionCreated (Oturum: 1dccbf2a-c639-49c6-9c51-26a3aac4808c)
[00:49:48.704] [INFO] [CalibrationSnapshotManager] Snapshot oluşturuldu: f2eab74b-3075-4701-95b4-613e685fc6fc, Hücre sayısı: 1
[00:49:48.705] [INFO] [CalibrationRecoveryManager] Bekleyen işlem kaydedildi: c28bf82d-d133-4a67-8f46-751570566171
[00:49:48.707] [INFO] [CalibrationManager] Değişiklik kaydedildi: FuelVETable Hücre [3,4] [16 -> 60]
[00:49:48.708] [INFO] [CalibrationRecoveryManager] Bekleyen işlem temizlendi (başarılı commit).
[00:49:48.708] [INFO] [CalibrationStreamPublisher] Uygulanan değişiklik yayınlandı: VE adres: FuelVETable[3,4]
[00:49:48.708] [INFO] [AutoTuneEventPublisher] Domain olayı yayınlandı: MapChangeApplied (Oturum: 1dccbf2a-c639-49c6-9c51-26a3aac4808c)
[00:49:48.726] [INFO] [AutoTuneEventPublisher] Domain olayı yayınlandı: TelemetryWindowAccepted (Oturum: 1dccbf2a-c639-49c6-9c51-26a3aac4808c)
[00:49:48.727] [INFO] [AutoTuneEventPublisher] Domain olayı yayınlandı: SafetyViolation (Oturum: 1dccbf2a-c639-49c6-9c51-26a3aac4808c)
[00:49:48.727] [INFO] [AutoTuneEventPublisher] Domain olayı yayınlandı: DecisionCreated (Oturum: 1dccbf2a-c639-49c6-9c51-26a3aac4808c)
[00:49:48.727] [INFO] [CalibrationSnapshotManager] Snapshot oluşturuldu: ad1dca9e-e40b-470f-82c2-899d3c75f233, Hücre sayısı: 1
[00:49:48.728] [INFO] [CalibrationRecoveryManager] Bekleyen işlem kaydedildi: 22a82b0b-cfbd-44bb-b1d4-94d087a96d20
[00:49:48.730] [INFO] [CalibrationManager] Değişiklik kaydedildi: AFRTargetTable Hücre [3,4] [60 -> 15]
[00:49:48.731] [INFO] [CalibrationRecoveryManager] Bekleyen işlem temizlendi (başarılı commit).
[00:49:48.731] [INFO] [CalibrationStreamPublisher] Uygulanan değişiklik yayınlandı: Lambda adres: AFRTargetTable[3,4]
[00:49:48.731] [INFO] [AutoTuneEventPublisher] Domain olayı yayınlandı: MapChangeApplied (Oturum: 1dccbf2a-c639-49c6-9c51-26a3aac4808c)
[00:49:48.731] [INFO] [AutoTuneEventPublisher] Domain olayı yayınlandı: DecisionCreated (Oturum: 1dccbf2a-c639-49c6-9c51-26a3aac4808c)
[00:49:48.731] [INFO] [CalibrationSnapshotManager] Snapshot oluşturuldu: 32ba8ce7-c34a-4976-a6a4-ca877d22e31b, Hücre sayısı: 1
[00:49:48.732] [INFO] [CalibrationRecoveryManager] Bekleyen işlem kaydedildi: 68e7eb97-c3b4-4680-b09e-a1f21ceec24c
[00:49:48.734] [INFO] [CalibrationManager] Değişiklik kaydedildi: IgnitionTable Hücre [3,4] [15 -> 16]
[00:49:48.735] [INFO] [CalibrationRecoveryManager] Bekleyen işlem temizlendi (başarılı commit).
[00:49:48.735] [INFO] [CalibrationStreamPublisher] Uygulanan değişiklik yayınlandı: Ignition adres: IgnitionTable[3,4]
[00:49:48.735] [INFO] [AutoTuneEventPublisher] Domain olayı yayınlandı: MapChangeApplied (Oturum: 1dccbf2a-c639-49c6-9c51-26a3aac4808c)
[00:49:48.735] [INFO] [AutoTuneEventPublisher] Domain olayı yayınlandı: DecisionCreated (Oturum: 1dccbf2a-c639-49c6-9c51-26a3aac4808c)
[00:49:48.735] [INFO] [CalibrationSnapshotManager] Snapshot oluşturuldu: c48f338d-69cc-4895-a119-993770e8d484, Hücre sayısı: 1
[00:49:48.736] [INFO] [CalibrationRecoveryManager] Bekleyen işlem kaydedildi: 35f96ed0-ce64-46c8-9cd0-b4c95756e9b2
[00:49:48.738] [INFO] [CalibrationManager] Değişiklik kaydedildi: FuelVETable Hücre [3,4] [16 -> 60]
[00:49:48.739] [INFO] [CalibrationRecoveryManager] Bekleyen işlem temizlendi (başarılı commit).
[00:49:48.739] [INFO] [CalibrationStreamPublisher] Uygulanan değişiklik yayınlandı: VE adres: FuelVETable[3,4]
[00:49:48.739] [INFO] [AutoTuneEventPublisher] Domain olayı yayınlandı: MapChangeApplied (Oturum: 1dccbf2a-c639-49c6-9c51-26a3aac4808c)
[00:49:48.756] [INFO] [AutoTuneEventPublisher] Domain olayı yayınlandı: TelemetryWindowAccepted (Oturum: 1dccbf2a-c639-49c6-9c51-26a3aac4808c)
[00:49:48.756] [INFO] [AutoTuneEventPublisher] Domain olayı yayınlandı: SafetyViolation (Oturum: 1dccbf2a-c639-49c6-9c51-26a3aac4808c)
[00:49:48.757] [INFO] [AutoTuneEventPublisher] Domain olayı yayınlandı: DecisionCreated (Oturum: 1dccbf2a-c639-49c6-9c51-26a3aac4808c)
[00:49:48.757] [INFO] [CalibrationSnapshotManager] Snapshot oluşturuldu: fc9597ba-1634-4527-9d52-90975a0aace4, Hücre sayısı: 1
[00:49:48.758] [INFO] [CalibrationRecoveryManager] Bekleyen işlem kaydedildi: c5da4750-3e9a-4c45-ac29-fb4a7885af38
[00:49:48.760] [INFO] [CalibrationManager] Değişiklik kaydedildi: AFRTargetTable Hücre [3,4] [60 -> 15]
[00:49:48.760] [INFO] [CalibrationRecoveryManager] Bekleyen işlem temizlendi (başarılı commit).
[00:49:48.760] [INFO] [CalibrationStreamPublisher] Uygulanan değişiklik yayınlandı: Lambda adres: AFRTargetTable[3,4]
[00:49:48.761] [INFO] [AutoTuneEventPublisher] Domain olayı yayınlandı: MapChangeApplied (Oturum: 1dccbf2a-c639-49c6-9c51-26a3aac4808c)
[00:49:48.761] [INFO] [AutoTuneEventPublisher] Domain olayı yayınlandı: DecisionCreated (Oturum: 1dccbf2a-c639-49c6-9c51-26a3aac4808c)
[00:49:48.761] [INFO] [CalibrationSnapshotManager] Snapshot oluşturuldu: e8cccc45-8a85-4539-a4bf-ead14a258906, Hücre sayısı: 1
[00:49:48.762] [INFO] [CalibrationRecoveryManager] Bekleyen işlem kaydedildi: 19bae233-7025-40ab-8d74-cf37a83378bd
[00:49:48.763] [INFO] [CalibrationManager] Değişiklik kaydedildi: IgnitionTable Hücre [3,4] [15 -> 16]
[00:49:48.764] [INFO] [CalibrationRecoveryManager] Bekleyen işlem temizlendi (başarılı commit).
[00:49:48.764] [INFO] [CalibrationStreamPublisher] Uygulanan değişiklik yayınlandı: Ignition adres: IgnitionTable[3,4]
[00:49:48.765] [INFO] [AutoTuneEventPublisher] Domain olayı yayınlandı: MapChangeApplied (Oturum: 1dccbf2a-c639-49c6-9c51-26a3aac4808c)
[00:49:48.765] [INFO] [AutoTuneEventPublisher] Domain olayı yayınlandı: DecisionCreated (Oturum: 1dccbf2a-c639-49c6-9c51-26a3aac4808c)
[00:49:48.765] [INFO] [CalibrationSnapshotManager] Snapshot oluşturuldu: 1675f8c3-4051-4e59-a838-6fde371f930b, Hücre sayısı: 1
[00:49:48.766] [INFO] [CalibrationRecoveryManager] Bekleyen işlem kaydedildi: ee1fbbb1-a3c0-41ea-bc13-a78345b73ec5
[00:49:48.768] [INFO] [CalibrationManager] Değişiklik kaydedildi: FuelVETable Hücre [3,4] [16 -> 60]
[00:49:48.769] [INFO] [CalibrationRecoveryManager] Bekleyen işlem temizlendi (başarılı commit).
[00:49:48.769] [INFO] [CalibrationStreamPublisher] Uygulanan değişiklik yayınlandı: VE adres: FuelVETable[3,4]
[00:49:48.769] [INFO] [AutoTuneEventPublisher] Domain olayı yayınlandı: MapChangeApplied (Oturum: 1dccbf2a-c639-49c6-9c51-26a3aac4808c)
[00:49:49.090] [INFO] [AutoTuneEventPublisher] Domain olayı yayınlandı: SessionStopped (Oturum: 1dccbf2a-c639-49c6-9c51-26a3aac4808c)
[00:49:49.290] [INFO] [TestHarness] Test tamamlandÄ±: 110 geÃ§ti, 0 kaldÄ±
[00:49:49.291] [WARNING] [RomIdentifier] ROM imzası hiçbir ECU profiliyle eşleşmedi.
[00:49:49.291] [INFO] [Program] Test sonuçları:
â•â•â•â•â•â•â•â•â•â•â•â•â•â•â•â•â•â•â•â•â•â•â•â•â•â•â•â•â•â•â•â•â•â•â•â•â•â•â•â•â•â•â•â•â•â•â•
  HONDATUNER â€” OTOMATÄ°K TEST SÃœÄ°TÄ°
â•â•â•â•â•â•â•â•â•â•â•â•â•â•â•â•â•â•â•â•â•â•â•â•â•â•â•â•â•â•â•â•â•â•â•â•â•â•â•â•â•â•â•â•â•â•â•

â”€â”€ ROM Testleri â”€â”€â”€â”€â”€â”€â”€â”€â”€â”€â”€â”€â”€â”€â”€â”€â”€â”€â”€â”€â”€â”€â”€â”€â”€â”€â”€â”€â”€â”€
  ✅ ROM Identifier â€” 32KB boÅŸ ROM tanÄ±ma
  ✅ ROM Identifier â€” yanlÄ±ÅŸ boyut reddi
  ✅ ROM Patch â€” doÄŸrulama ve uygulama
  ✅ ROM Patch â€” rollback geri yÃ¼kleme

â”€â”€ Kalibrasyon Testleri â”€â”€â”€â”€â”€â”€â”€â”€â”€â”€â”€â”€â”€â”€â”€â”€â”€â”€â”€â”€â”€â”€â”€
  ✅ Injector Scaling â€” 240â†’440cc
  ✅ Injector Scaling â€” clamp to 255
  ✅ Calibration Engine â€” Commit applies value to ROM buffer
  ✅ Calibration Engine â€” Rollback restores original values in ROM buffer
  ✅ Calibration Engine â€” Undo and Redo states are fully synchronized
  ✅ Calibration Engine â€” Safety validator rejects OOR Rev Limit changes

â”€â”€ Faz 4: Map Engine & Interpolation Testleri â”€â”€
  ✅ Map Engine â€” Cell write and read accuracy
  ✅ Map Engine â€” Scale factors conversion logic
  ✅ Map Engine â€” Invalid offset out-of-range bounds check
  ✅ Map Engine â€” Transaction commits, rollbacks, and Undo/Redo integration
  ✅ Interpolation â€” 4 neighbor bilinear cell weight sum equals exactly 1.0

â”€â”€ AutoTune GÃ¼venlik Testleri â”€â”€â”€â”€â”€â”€â”€â”€â”€â”€â”€â”€â”€â”€â”€â”€â”€
  ✅ AutoTune â€” dÃ¼ÅŸÃ¼k ECT reddi
  ✅ AutoTune â€” dÃ¼ÅŸÃ¼k batarya reddi
  ✅ AutoTune â€” dÃ¼zeltme kÄ±rpma (Â±12%)

── Faz 5: Checksum Engine & Safety Layer Testleri ──
  ✅ Checksum â€” Stock ROM passes validation
  ✅ Checksum â€” Corrupt byte fails validation
  ✅ Checksum â€” Map change updates checksum successfully
  ✅ Checksum â€” VerifyBeforeSave detects bad checksum and returns false
  ✅ Checksum â€” Reloaded ROM checksum is valid
  ✅ Checksum â€” Multiple regions validation is successful

── ROM Patch Engine v2 Testleri ──
  ✅ PatchEngine — Başarılı Yama Uygulama
  ✅ PatchEngine — Yanlış ExpectedBytes Koruması
  ✅ PatchEngine — Uyumsuz ECU Koruması
  ✅ PatchEngine — ROM Boyut Limiti Koruması
  ✅ PatchEngine — Yamayı Geri Alma (Rollback)
  ✅ PatchEngine — İşlem (Transaction) Commit Entegrasyonu
  ✅ PatchEngine — İşlem Geri Alma (Transaction Rollback)
  ✅ PatchEngine — Otomatik Checksum Güncelleme
  ✅ PatchEngine — Audit Loglama Kontrolü
  ✅ PatchEngine — Profil Destekli Yamaları Bulma

── Phase 7: Telemetry & Live Datalog Bus Engine Testleri ──
  ✅ Telemetry - Event Bus Publish & Subscribe
  ✅ Telemetry - Event Bus Metrics Kontrolü
  ✅ Telemetry - Kanalsal Matematiksel Formül Çözümleme
  ✅ Telemetry - Backpressure DropOldest Politikası
  ✅ Telemetry - Backpressure DropNewest Politikası
  ✅ Telemetry - Backpressure BlockPublisher Politikası
  ✅ Telemetry - Yapılandırma Dosya İzleyicisi (Hot Reload)
  ✅ Telemetry - Erişim Kontrolü Yetkilendirme Hiyerarşisi
  ✅ Telemetry - SystemClock Monotonic Ticks
  ✅ Telemetry - HighResolutionClock Performance Ticks
  ✅ Telemetry - ReplayClock Geri Oynatıcı Zaman Akışı
  ✅ Telemetry - Dairesel Bellek (RingBuffer) Kapasite Tanımı
  ✅ Telemetry - RingBuffer Aşımında Overwrite (FIFO Overlay)
  ✅ Telemetry - Moving Average Gürültü Azaltma Filtresi
  ✅ Telemetry - Median (Ortanca) Filtreleme
  ✅ Telemetry - LowPass Üstel Sinyal Yumuşatma
  ✅ Telemetry - HighPass Dalgalanma Odaklı Sinyal Filtresi
  ✅ Telemetry - MockProvider Canlı Veri Akış Simülasyonu
  ✅ Telemetry - Sağlık İzleme (HealthMonitor) Parametreleri
  ✅ Telemetry - HealthMonitor Bağlantı Kaybı Anomali Algılama
  ✅ Telemetry - Analiz Hattı (AnalyzerPipeline) Sıralı Çalışma
  ✅ Telemetry - Engine Profil Geçiş Yönetimi (Street -> Dyno)
  ✅ Telemetry - Engine Canlı Datalogging Yaşam Döngüsü
  ✅ Telemetry - GC Basıncını Azaltan Frame Nesne Havuzu
  ✅ Telemetry - Salt-Okunur (Immutable) Snaphsot Yapısı
  ✅ Telemetry - Multi-Thread Veri Giriş Stress Testi

── Phase 8: AutoTune Closed Loop Engine Testleri ──
  ✅ AutoTune - State transitions (Start, Pause, Resume, Stop) lifecycle verification
  ✅ AutoTune - Confidence score calculation under low deviation is high
  ✅ AutoTune - Confidence score calculation under high deviation is low
  ✅ AutoTune - Stable window filter standard deviation and length checks
  ✅ AutoTune - Config validator rejects JSON with missing target attributes
  ✅ AutoTune - Config validator rejects out of bounds parameter variables
  ✅ AutoTune - ParameterType safety enum structure check
  ✅ AutoTune - Session manager multi session conflict prevention
  ✅ AutoTune - Session manager releases lock and allows new allocation
  ✅ AutoTune - Recovery manager logs interrupt trace successfully to file
  ✅ AutoTune - Recovery manager restores trace and validates details
  ✅ AutoTune - Diff engine returns detailed comparison matrix values
  ✅ AutoTune - CSV Package export contains session identity and values
  ✅ AutoTune - Replay simulator matches telemetry lists deterministically
  ✅ AutoTune - SafetyRuleProvider loads dynamic rules successfully
  ✅ AutoTune - QualityScoreCalculator rates stoichiometric history cleanly near 100
  ✅ AutoTune - Telemetry loss pause and reconnect validation cycle
  ✅ AutoTune - Domain event emitter publishes valid structured transition events
  ✅ AutoTune - Calibration RTP stream publishing streams virtual changes
  ✅ AutoTune - Replay validation checks run determinism bounds
  ✅ AutoTune - Persistence layer correctly serializes state machine records and migrates schema V1 to V2
  ✅ AutoTune - Query service retrieves session lists correctly
  ✅ AutoTune - Command service issues control triggers successfully
  ✅ AutoTune - Hardware checks and SafeMode blocks writing calibrations
  ✅ AutoTune - Cell lock manager acquires, releases and traps conflicts

── Faz 9: RTP Emulator & Real-Time Calibration Engine Testleri ──
  ✅ RTP - Engine correctly registers and resolves from DI ServiceContainer
  ✅ RTP - Connection state machine cycles correctly through all states
  ✅ RTP - Transient write failures trigger automatic retries and recover successfully
  ✅ RTP - Consecutive calibration edits coalesce into a single block write
  ✅ RTP - Multi-threaded queue guarantees strict sequential write ordering
  ✅ RTP - Execution latency benchmark tracking meets target limits
  ✅ RTP - Engine sustains high-frequency (500+) update throughput stress
  ✅ RTP - Background sync worker terminates cleanly on CancellationToken request
  ✅ RTP - Hardware disconnect automatically halts sync and raises Faulted event
  ✅ RTP - Enforces read-back verification after writing values to emulator
  ✅ RTP - Idempotent synchronization ignores duplicate writes to target cells
  ✅ RTP - Backpressure policy DropOldest purges oldest queued changes under load
  ✅ RTP - Backpressure policy RejectNewest drops new updates under queue overflow
  ✅ RTP - Backpressure policy BlockProducer controls producer rates correctly
  ✅ RTP - Validation layer rejects bad config schema values at initialization
  ✅ RTP - Restores un-synced calibration state queue records on startup
  ✅ RTP - Synchronizes concurrently applied AutoTune decisions to hardware
  ✅ TestMetadata_SerializationAndValidation
  ✅ TestReverseEngineering_ExtractionAndDecompilation
  ✅ TestAdvancedFuelCorrections
  ✅ TestAdvancedIgnition_DecodingAndCalibration
  ✅ TestVtecAndBoostControl_LogicAndAlarms
  ✅ TestEngineProtection_SafetiesAndAlarms
  ✅ TestDiagnosticsAndProtocols_A2LAndFreezeFrames
  ✅ TestDynoLogsAndVersions_EstimationAndBranches

â•â•â•â•â•â•â•â•â•â•â•â•â•â•â•â•â•â•â•â•â•â•â•â•â•â•â•â•â•â•â•â•â•â•â•â•â•â•â•â•â•â•â•â•â•â•â•
  SONUÃ‡: 110 baÅŸarÄ±lÄ±, 0 baÅŸarÄ±sÄ±z
â•â•â•â•â•â•â•â•â•â•â•â•â•â•â•â•â•â•â•â•â•â•â•â•â•â•â•â•â•â•â•â•â•â•â•â•â•â•â•â•â•â•â•â•â•â•â•
[00:49:49.291] [INFO] [Program] Örnek ROM test sonuçları:
── Örnek ROM Test Çerçevesi ───────────────────
  ✅ Checksum offset geçerli
  ✅ Bozuk ROM reddedildi
  ✅ Fuel map sınırları geçerli
  ✅ Ignition map sınırları geçerli
  ✅ Tüm profiller 32KB ROM boyutu

  Sonuç: 5 geçti, 0 kaldı
